Running all tests...
Found test files: ['test_database_functions', 'test_project_structure', 'test_generate_batch_update', 'test_resume_functionality', 'test_processor_db_pool', 'test_input_parser', 'test_streaming_output', 'test_performance', 'test_pause_resume', 'test_env_manager', 'test_quota_config', 'test_env_integration', 'test_example_data', 'test_rate_limiting_integration', 'test_small_batch_simulation', 'test_streaming_integration', 'test_logging_monitoring', 'test_transaction_logging', 'test_text', 'test_quota_models', 'test_quota_cli_flags', 'test_run_artists', 'test_operations_quota_integration', 'test_enhanced_backoff', 'test_quota_headers']
Loaded tests from test_database_functions
Loaded tests from test_project_structure
Loaded tests from test_generate_batch_update
Loaded tests from test_resume_functionality
Loaded tests from test_processor_db_pool
Loaded tests from test_input_parser
Loaded tests from test_streaming_output
Loaded tests from test_performance
Loaded tests from test_pause_resume
Loaded tests from test_env_manager
Loaded tests from test_quota_config
Loaded tests from test_env_integration
Loaded tests from test_example_data
Loaded tests from test_rate_limiting_integration
Loaded tests from test_small_batch_simulation
Loaded tests from test_streaming_integration
Loaded tests from test_logging_monitoring
Loaded tests from test_transaction_logging
Loaded tests from test_text
Loaded tests from test_quota_models
Loaded tests from test_quota_cli_flags
Loaded tests from test_run_artists
Loaded tests from test_operations_quota_integration
Loaded tests from test_enhanced_backoff
Loaded tests from test_quota_headers

======================================================================
RUNNING TESTS
======================================================================
test_create_database_config_custom_params (tests.database.test_database_functions.TestDatabaseConfig)
Test creating database config with custom parameters. ... ok
test_create_database_config_invalid_params (tests.database.test_database_functions.TestDatabaseConfig)
Test that invalid parameters are rejected. ... 2025-09-19 08:57:42,731 - artist_bio_gen.database.config - ERROR - Pool size must be at least 1, got 0
2025-09-19 08:57:42,732 - artist_bio_gen.database.config - ERROR - Max overflow must be non-negative, got -1
2025-09-19 08:57:42,732 - artist_bio_gen.database.config - ERROR - Connection timeout must be at least 1 second, got 0
2025-09-19 08:57:42,732 - artist_bio_gen.database.config - ERROR - Query timeout must be at least 1 second, got 0
ok
test_create_database_config_invalid_url (tests.database.test_database_functions.TestDatabaseConfig)
Test that invalid URL returns None. ... 2025-09-19 08:57:42,732 - artist_bio_gen.database.config - ERROR - Database URL missing scheme (e.g., postgresql://)
ok
test_create_database_config_valid (tests.database.test_database_functions.TestDatabaseConfig)
Test creating database config with valid parameters. ... ok
test_classify_mixed_case_errors (tests.database.test_database_functions.TestDatabaseErrorClassification)
Test that error classification is case-insensitive. ... ok
test_classify_permanent_errors (tests.database.test_database_functions.TestDatabaseErrorClassification)
Test that permanent errors are correctly classified. ... ok
test_classify_systemic_errors (tests.database.test_database_functions.TestDatabaseErrorClassification)
Test that systemic errors are correctly classified. ... ok
test_classify_transient_errors (tests.database.test_database_functions.TestDatabaseErrorClassification)
Test that transient errors are correctly classified. ... ok
test_validate_database_url_invalid_urls (tests.database.test_database_functions.TestDatabaseUrlValidation)
Test that invalid database URLs are rejected. ... 2025-09-19 08:57:42,733 - artist_bio_gen.database.config - ERROR - Database URL missing scheme (e.g., postgresql://)
2025-09-19 08:57:42,733 - artist_bio_gen.database.config - ERROR - Database URL scheme 'http' not supported. Use 'postgresql://' or 'postgres://'
2025-09-19 08:57:42,733 - artist_bio_gen.database.config - ERROR - Database URL scheme 'mysql' not supported. Use 'postgresql://' or 'postgres://'
2025-09-19 08:57:42,734 - artist_bio_gen.database.config - ERROR - Database URL missing username
2025-09-19 08:57:42,734 - artist_bio_gen.database.config - ERROR - Database URL missing hostname
2025-09-19 08:57:42,734 - artist_bio_gen.database.config - ERROR - Database URL missing database name
2025-09-19 08:57:42,734 - artist_bio_gen.database.config - ERROR - Database URL missing database name
ok
test_validate_database_url_logs_specific_errors (tests.database.test_database_functions.TestDatabaseUrlValidation)
Test that specific error messages are logged for different invalid URLs. ... 2025-09-19 08:57:42,734 - artist_bio_gen.database.config - ERROR - Database URL scheme 'http' not supported. Use 'postgresql://' or 'postgres://'
2025-09-19 08:57:42,735 - artist_bio_gen.database.config - ERROR - Database URL missing username
ok
test_validate_database_url_valid_urls (tests.database.test_database_functions.TestDatabaseUrlValidation)
Test that valid database URLs are accepted. ... ok
test_get_table_name_default (tests.database.test_database_functions.TestTableNameSelection)
Test that default (no parameters) returns 'artists' table. ... ok
test_get_table_name_production (tests.database.test_database_functions.TestTableNameSelection)
Test that production mode returns 'artists' table. ... ok
test_get_table_name_test (tests.database.test_database_functions.TestTableNameSelection)
Test that test mode returns 'test_artists' table. ... ok
test_tools_directory_exists (tests.tools.test_project_structure.TestProjectStructure)
Test that the tools directory exists. ... ok
test_tools_init_file_exists (tests.tools.test_project_structure.TestProjectStructure)
Test that the tools/__init__.py file exists. ... ok
test_tools_module_can_be_imported (tests.tools.test_project_structure.TestProjectStructure)
Test that the tools module can be imported. ... ok
test_argument_validation (tests.tools.test_generate_batch_update.TestArgumentParser)
Test command-line argument validation. ... ok
test_enhanced_argument_validation (tests.tools.test_generate_batch_update.TestArgumentParser)
Test enhanced argument validation with detailed error messages. ... ok
test_parser_setup (tests.tools.test_generate_batch_update.TestArgumentParser)
Test that argument parser is set up correctly. ... usage: run_tests.py [-h] --input INPUT [--test-mode] [--output-dir OUTPUT_DIR]
run_tests.py: error: the following arguments are required: --input
ok
test_invalid_bio_entries (tests.tools.test_generate_batch_update.TestBioValidation)
Test entries with invalid bios (has error). ... ok
test_valid_bio_entries (tests.tools.test_generate_batch_update.TestBioValidation)
Test entries with valid bios (no error). ... ok
test_duplicate_detection_preserves_line_numbers (tests.tools.test_generate_batch_update.TestDuplicateDetection)
Test that duplicate detection preserves original line numbers. ... ok
test_duplicates_with_invalid_entries (tests.tools.test_generate_batch_update.TestDuplicateDetection)
Test duplicate detection with mix of valid, invalid, and duplicate entries. ... ok
test_multiple_duplicates (tests.tools.test_generate_batch_update.TestDuplicateDetection)
Test file with multiple sets of duplicate artist_ids. ... ok
test_no_duplicates (tests.tools.test_generate_batch_update.TestDuplicateDetection)
Test file with no duplicate artist_ids. ... ok
test_simple_duplicates (tests.tools.test_generate_batch_update.TestDuplicateDetection)
Test file with simple duplicate artist_ids. ... ok
test_atomic_file_operations (tests.tools.test_generate_batch_update.TestErrorHandling)
Test that file operations are atomic (temp files cleaned up on error). ...   Cleaned up temporary file: /var/folders/8h/pr431kds2h34yqt94fmlf58r0000gn/T/tmp07r2j1oc/tmptke6oevu.csv
  Writing CSV data with 1 entries...
  Successfully wrote 1 rows to CSV file
ok
test_csv_file_complete_failure (tests.tools.test_generate_batch_update.TestErrorHandling)
Test CSV file generation when all entries are invalid. ... Warning: Skipping entry 1 due to data error: 'artist_id'
Warning: Skipping entry 2 due to data error: 'artist_id'
  Cleaned up temporary file: /var/folders/8h/pr431kds2h34yqt94fmlf58r0000gn/T/tmppbhskb0z/tmp4pdxibsv.csv
  Writing CSV data with 2 entries...
ok
test_csv_file_error_handling (tests.tools.test_generate_batch_update.TestErrorHandling)
Test CSV file generation error handling. ... Warning: Skipping entry 2 due to data error: 'response_text'
Warning: Skipping entry 3 due to data error: 'artist_id'
  Writing CSV data with 3 entries...
  Successfully wrote 1 rows to CSV file
ok
test_skipped_file_error_recovery (tests.tools.test_generate_batch_update.TestErrorHandling)
Test skipped file generation with serialization errors. ...   Writing skipped entries with 3 entries...
  Successfully wrote 3 entries to skipped file
ok
test_sql_file_error_validation (tests.tools.test_generate_batch_update.TestErrorHandling)
Test SQL file generation error validation. ...   Cleaned up temporary file: /var/folders/8h/pr431kds2h34yqt94fmlf58r0000gn/T/tmpfht7c2ou/tmp2rlv86z2.sql
  Generating SQL script for 100 records in 1 batches...
ok
test_file_generation_atomic_operations (tests.tools.test_generate_batch_update.TestFileGeneration)
Test that file operations are atomic (temp files used). ...   Writing CSV data with 1 entries...
  Successfully wrote 1 rows to CSV file
ok
test_generate_output_filenames (tests.tools.test_generate_batch_update.TestFileGeneration)
Test output filename generation. ... ok
test_generate_timestamp (tests.tools.test_generate_batch_update.TestFileGeneration)
Test timestamp generation format. ... ok
test_write_csv_file_basic (tests.tools.test_generate_batch_update.TestFileGeneration)
Test basic CSV file writing. ...   Writing CSV data with 2 entries...
  Successfully wrote 2 rows to CSV file
ok
test_write_csv_file_empty (tests.tools.test_generate_batch_update.TestFileGeneration)
Test CSV file writing with empty entries. ...   Writing CSV data with 0 entries...
  Successfully wrote 0 rows to CSV file
ok
test_write_csv_file_special_characters (tests.tools.test_generate_batch_update.TestFileGeneration)
Test CSV file writing with special characters. ...   Writing CSV data with 3 entries...
  Successfully wrote 3 rows to CSV file
ok
test_write_skipped_file_basic (tests.tools.test_generate_batch_update.TestFileGeneration)
Test basic skipped JSONL file writing. ...   Writing skipped entries with 2 entries...
  Successfully wrote 2 entries to skipped file
ok
test_write_skipped_file_empty (tests.tools.test_generate_batch_update.TestFileGeneration)
Test skipped JSONL file writing with empty entries. ...   Writing skipped entries with 0 entries...
  Successfully wrote 0 entries to skipped file
ok
test_write_skipped_file_unicode (tests.tools.test_generate_batch_update.TestFileGeneration)
Test skipped JSONL file writing with unicode characters. ...   Writing skipped entries with 1 entries...
  Successfully wrote 1 entries to skipped file
ok
test_bio_with_error (tests.tools.test_generate_batch_update.TestJSONLEntryValidation)
Test entries with bio errors. ... ok
test_empty_bio (tests.tools.test_generate_batch_update.TestJSONLEntryValidation)
Test entries with empty bio content. ... ok
test_invalid_uuid (tests.tools.test_generate_batch_update.TestJSONLEntryValidation)
Test entries with invalid UUIDs. ... ok
test_missing_required_fields (tests.tools.test_generate_batch_update.TestJSONLEntryValidation)
Test entries missing required fields. ... ok
test_valid_entries (tests.tools.test_generate_batch_update.TestJSONLEntryValidation)
Test valid JSONL entries. ... ok
test_parse_mixed_file (tests.tools.test_generate_batch_update.TestJSONLFileParsing)
Test parsing a file with both valid and invalid entries. ... ok
test_parse_nonexistent_file (tests.tools.test_generate_batch_update.TestJSONLFileParsing)
Test parsing a non-existent file. ... ok
test_parse_valid_file (tests.tools.test_generate_batch_update.TestJSONLFileParsing)
Test parsing a valid JSONL file. ... ok
test_empty_lines (tests.tools.test_generate_batch_update.TestJSONLLineParsing)
Test parsing empty lines. ... ok
test_invalid_json_lines (tests.tools.test_generate_batch_update.TestJSONLLineParsing)
Test parsing invalid JSON lines. ... ok
test_valid_json_lines (tests.tools.test_generate_batch_update.TestJSONLLineParsing)
Test parsing valid JSON lines. ... ok
test_write_sql_file_atomic_operations (tests.tools.test_generate_batch_update.TestSQLGeneration)
Test that SQL file operations are atomic. ...   Generating SQL script for 1 records in 1 batches...
  Successfully wrote 18 lines to SQL script
ok
test_write_sql_file_basic (tests.tools.test_generate_batch_update.TestSQLGeneration)
Test basic SQL file generation. ...   Generating SQL script for 2 records in 1 batches...
  Successfully wrote 18 lines to SQL script
ok
test_write_sql_file_csv_filename_extraction (tests.tools.test_generate_batch_update.TestSQLGeneration)
Test that CSV filename is correctly extracted for \copy command. ...   Generating SQL script for 1 records in 1 batches...
  Successfully wrote 18 lines to SQL script
ok
test_write_sql_file_custom_batch_size (tests.tools.test_generate_batch_update.TestSQLGeneration)
Test SQL file generation with custom batch size. ...   Generating SQL script for 150 records in 3 batches...
  Successfully wrote 28 lines to SQL script
ok
test_write_sql_file_empty_records (tests.tools.test_generate_batch_update.TestSQLGeneration)
Test SQL file generation with zero records. ...   Generating SQL script for 0 records in 0 batches...
  Successfully wrote 13 lines to SQL script
ok
test_write_sql_file_multiple_batches (tests.tools.test_generate_batch_update.TestSQLGeneration)
Test SQL file generation with multiple batches. ...   Generating SQL script for 2500 records in 3 batches...
  Successfully wrote 28 lines to SQL script
ok
test_write_sql_file_table_names (tests.tools.test_generate_batch_update.TestSQLGeneration)
Test SQL file generation with different table names. ...   Generating SQL script for 1 records in 1 batches...
  Successfully wrote 18 lines to SQL script
  Generating SQL script for 1 records in 1 batches...
  Successfully wrote 18 lines to SQL script
ok
test_statistics_structure (tests.tools.test_generate_batch_update.TestStatisticsTracking)
Test that statistics dictionary has expected structure. ... ok
test_statistics_with_file_errors (tests.tools.test_generate_batch_update.TestStatisticsTracking)
Test statistics with file access errors. ... ok
test_statistics_with_mixed_data (tests.tools.test_generate_batch_update.TestStatisticsTracking)
Test statistics tracking with mixed valid/invalid data. ... ok
test_invalid_uuid_formats (tests.tools.test_generate_batch_update.TestUUIDValidation)
Test that invalid UUIDs are rejected. ... ok
test_valid_uuid_formats (tests.tools.test_generate_batch_update.TestUUIDValidation)
Test that valid UUIDs are accepted. ... ok
test_get_processed_artist_ids_empty_file (tests.core.test_resume_functionality.TestResumeFunctionality)
Test reading processed IDs from non-existent file. ... 2025-09-19 08:57:42,756 - artist_bio_gen.core.output - INFO - Output file does not exist: /tmp/does_not_exist.jsonl
ok
test_get_processed_artist_ids_invalid_json (tests.core.test_resume_functionality.TestResumeFunctionality)
Test handling of invalid JSON lines. ... ok
test_get_processed_artist_ids_successful_entries (tests.core.test_resume_functionality.TestResumeFunctionality)
Test reading processed IDs from JSONL with successful entries. ... 2025-09-19 08:57:42,758 - artist_bio_gen.core.output - INFO - Found 2 successfully processed artists in /var/folders/8h/pr431kds2h34yqt94fmlf58r0000gn/T/tmp88k8b1t6.jsonl
ok
test_parse_input_file_all_artists_processed (tests.core.test_resume_functionality.TestResumeFunctionality)
Test input parsing when all artists are already processed. ... 2025-09-19 08:57:42,759 - artist_bio_gen.core.parser - INFO - Parsed 0 artists from /var/folders/8h/pr431kds2h34yqt94fmlf58r0000gn/T/tmpgp037yuu.csv
2025-09-19 08:57:42,759 - artist_bio_gen.core.parser - INFO - Skipped 2 already-processed artists (resume mode)
ok
test_parse_input_file_with_skip_processed (tests.core.test_resume_functionality.TestResumeFunctionality)
Test input parsing with skip processed IDs. ... 2025-09-19 08:57:42,760 - artist_bio_gen.core.parser - INFO - Parsed 3 artists from /var/folders/8h/pr431kds2h34yqt94fmlf58r0000gn/T/tmpadv9mp13.csv
2025-09-19 08:57:42,760 - artist_bio_gen.core.parser - INFO - Skipped 1 comment/blank/header lines
2025-09-19 08:57:42,760 - artist_bio_gen.core.parser - INFO - Parsed 1 artists from /var/folders/8h/pr431kds2h34yqt94fmlf58r0000gn/T/tmpadv9mp13.csv
2025-09-19 08:57:42,760 - artist_bio_gen.core.parser - INFO - Skipped 1 comment/blank/header lines
2025-09-19 08:57:42,761 - artist_bio_gen.core.parser - INFO - Skipped 2 already-processed artists (resume mode)
ok
test_connections_released_on_failure (tests.core.test_processor_db_pool.TestProcessorDbPool) ... 2025-09-19 08:57:42,762 - artist_bio_gen.core.output - INFO - Initialized JSONL output file: /var/folders/8h/pr431kds2h34yqt94fmlf58r0000gn/T/tmpnhsduz10.jsonl
2025-09-19 08:57:42,762 - artist_bio_gen.core.processor - INFO - Initialized streaming JSONL output: /var/folders/8h/pr431kds2h34yqt94fmlf58r0000gn/T/tmpnhsduz10.jsonl
2025-09-19 08:57:42,762 - artist_bio_gen.api.quota - INFO - QuotaMonitor initialized: daily_limit=None, threshold=0.8
2025-09-19 08:57:42,763 - artist_bio_gen.core.processor - INFO - Quota monitoring enabled: daily_limit=None, threshold=0.8
2025-09-19 08:57:42,763 - artist_bio_gen.core.processor - INFO - Starting concurrent processing with 2 workers
2025-09-19 08:57:42,763 - artist_bio_gen.core.processor - INFO - [██████████░░░░░░░░░░░░░░░░░░░░] [  1/  3] ( 33.3%) [W01] ❌ Artist 1 - FAILED (0.00s)
2025-09-19 08:57:42,764 - artist_bio_gen.core.processor - ERROR - [W01] Thread error processing artist 'Artist 1': Concurrent processing error [RuntimeError]: boom
2025-09-19 08:57:42,764 - artist_bio_gen.core.processor - INFO - 📊 Concurrent Progress: 1/3 artists processed (33.3%) - Rate: 1053.85 artists/sec - ETA: 0s remaining
2025-09-19 08:57:42,764 - artist_bio_gen.core.processor - INFO - [████████████████████░░░░░░░░░░] [  2/  3] ( 66.7%) [W01] ❌ Artist 3 - FAILED (0.00s)
2025-09-19 08:57:42,764 - artist_bio_gen.core.processor - ERROR - [W01] Thread error processing artist 'Artist 3': Concurrent processing error [RuntimeError]: boom
2025-09-19 08:57:42,765 - artist_bio_gen.core.processor - INFO - 📊 Concurrent Progress: 2/3 artists processed (66.7%) - Rate: 2607.59 artists/sec - ETA: 0s remaining
2025-09-19 08:57:42,765 - artist_bio_gen.core.processor - INFO - [██████████████████████████████] [  3/  3] (100.0%) [W02] ❌ Artist 2 - FAILED (0.00s)
2025-09-19 08:57:42,765 - artist_bio_gen.core.processor - ERROR - [W02] Thread error processing artist 'Artist 2': Concurrent processing error [RuntimeError]: boom
2025-09-19 08:57:42,765 - artist_bio_gen.core.processor - INFO - 📊 Concurrent Progress: 3/3 artists processed (100.0%) - Rate: 4042.05 artists/sec - ETA: 0s remaining
2025-09-19 08:57:42,766 - artist_bio_gen.core.processor - INFO - Concurrent processing completed: 0 successful, 3 failed
ok
test_connections_released_on_success (tests.core.test_processor_db_pool.TestProcessorDbPool) ... 2025-09-19 08:57:42,768 - artist_bio_gen.core.output - INFO - Initialized JSONL output file: /var/folders/8h/pr431kds2h34yqt94fmlf58r0000gn/T/tmp83zl8r5w.jsonl
2025-09-19 08:57:42,768 - artist_bio_gen.core.processor - INFO - Initialized streaming JSONL output: /var/folders/8h/pr431kds2h34yqt94fmlf58r0000gn/T/tmp83zl8r5w.jsonl
2025-09-19 08:57:42,768 - artist_bio_gen.api.quota - INFO - QuotaMonitor initialized: daily_limit=None, threshold=0.8
2025-09-19 08:57:42,769 - artist_bio_gen.core.processor - INFO - Quota monitoring enabled: daily_limit=None, threshold=0.8
2025-09-19 08:57:42,769 - artist_bio_gen.core.processor - INFO - Starting concurrent processing with 2 workers
2025-09-19 08:57:42,770 - artist_bio_gen.core.processor - INFO - [███████░░░░░░░░░░░░░░░░░░░░░░░] [  1/  4] ( 25.0%) [W02] ✅ Artist 2 - SUCCESS (0.01s)
2025-09-19 08:57:42,770 - artist_bio_gen.core.processor - INFO - 📊 Concurrent Progress: 1/4 artists processed (25.0%) - Rate: 1442.83 artists/sec - ETA: 0s remaining
2025-09-19 08:57:42,770 - artist_bio_gen.core.processor - INFO - [███████████████░░░░░░░░░░░░░░░] [  2/  4] ( 50.0%) [W01] ✅ Artist 3 - SUCCESS (0.01s)
2025-09-19 08:57:42,770 - artist_bio_gen.core.processor - INFO - 📊 Concurrent Progress: 2/4 artists processed (50.0%) - Rate: 4025.24 artists/sec - ETA: 0s remaining
2025-09-19 08:57:42,771 - artist_bio_gen.core.processor - INFO - [██████████████████████░░░░░░░░] [  3/  4] ( 75.0%) [W01] ✅ Artist 1 - SUCCESS (0.01s)
2025-09-19 08:57:42,771 - artist_bio_gen.core.processor - INFO - 📊 Concurrent Progress: 3/4 artists processed (75.0%) - Rate: 6462.72 artists/sec - ETA: 0s remaining
2025-09-19 08:57:42,771 - artist_bio_gen.core.processor - INFO - [██████████████████████████████] [  4/  4] (100.0%) [W02] ✅ Artist 4 - SUCCESS (0.01s)
2025-09-19 08:57:42,771 - artist_bio_gen.core.processor - INFO - 📊 Concurrent Progress: 4/4 artists processed (100.0%) - Rate: 8499.10 artists/sec - ETA: 0s remaining
2025-09-19 08:57:42,772 - artist_bio_gen.core.processor - INFO - Concurrent processing completed: 4 successful, 0 failed
ok
ok
ok
ok
ok
test_artist_data_creation (tests.core.test_input_parser.TestArtistData)
Test creating ArtistData with name only. ... ok
test_artist_data_immutable (tests.core.test_input_parser.TestArtistData)
Test that ArtistData is immutable. ... ok
test_artist_data_with_data (tests.core.test_input_parser.TestArtistData)
Test creating ArtistData with name and data. ... ok
test_main_function_dry_run (tests.core.test_input_parser.TestMainFunctionWithParser)
Test main function with dry run mode. ... 2025-09-19 08:57:42,778 - artist_bio_gen.cli.main - INFO - ======================================================================
2025-09-19 08:57:42,778 - artist_bio_gen.cli.main - INFO - DRY RUN MODE - SHOWING FIRST 5 ARTIST PAYLOADS
2025-09-19 08:57:42,778 - artist_bio_gen.cli.main - INFO - ======================================================================
2025-09-19 08:57:42,778 - artist_bio_gen.cli.main - INFO - ======================================================================
2025-09-19 08:57:42,779 - artist_bio_gen.cli.main - INFO - DRY RUN COMPLETED SUCCESSFULLY
2025-09-19 08:57:42,779 - artist_bio_gen.cli.main - INFO - ======================================================================
ok
test_main_function_file_not_found (tests.core.test_input_parser.TestMainFunctionWithParser)
Test main function with non-existent file. ... 2025-09-19 08:57:42,781 - artist_bio_gen.cli.main - ERROR - Failed to process input file: [Errno 2] No such file or directory: '/var/folders/8h/pr431kds2h34yqt94fmlf58r0000gn/T/tmp414m83mp/nonexistent.csv'
ok
test_parse_empty_file (tests.core.test_input_parser.TestParseInputFile)
Test parsing an empty file. ... 2025-09-19 08:57:42,782 - artist_bio_gen.core.parser - INFO - Parsed 0 artists from /var/folders/8h/pr431kds2h34yqt94fmlf58r0000gn/T/tmp79bmfmhm/test.csv
ok
test_parse_file_encoding_error (tests.core.test_input_parser.TestParseInputFile)
Test parsing a file with invalid encoding. ... 2025-09-19 08:57:42,782 - artist_bio_gen.core.parser - ERROR - Unable to decode file as UTF-8: /var/folders/8h/pr431kds2h34yqt94fmlf58r0000gn/T/tmpfgrs5hh8/test.csv, error: 'utf-8' codec can't decode byte 0xff in position 0: invalid start byte
ok
test_parse_file_logging (tests.core.test_input_parser.TestParseInputFile)
Test that parsing logs appropriate messages. ... ok
test_parse_file_not_found (tests.core.test_input_parser.TestParseInputFile)
Test parsing a non-existent file. ... 2025-09-19 08:57:42,784 - artist_bio_gen.core.parser - ERROR - Input file not found: /var/folders/8h/pr431kds2h34yqt94fmlf58r0000gn/T/tmpmpmsci1y/nonexistent.csv
ok
test_parse_file_only_comments (tests.core.test_input_parser.TestParseInputFile)
Test parsing a file with only comments and blank lines. ... 2025-09-19 08:57:42,784 - artist_bio_gen.core.parser - INFO - Parsed 0 artists from /var/folders/8h/pr431kds2h34yqt94fmlf58r0000gn/T/tmpcadum2kd/test.csv
2025-09-19 08:57:42,785 - artist_bio_gen.core.parser - INFO - Skipped 4 comment/blank/header lines
ok
test_parse_file_single_artist_no_data (tests.core.test_input_parser.TestParseInputFile)
Test parsing a file with a single artist and no data field. ... 2025-09-19 08:57:42,785 - artist_bio_gen.core.parser - INFO - Parsed 1 artists from /var/folders/8h/pr431kds2h34yqt94fmlf58r0000gn/T/tmppdjuaa5k/test.csv
ok
test_parse_file_utf8_support (tests.core.test_input_parser.TestParseInputFile)
Test parsing a file with UTF-8 characters. ... 2025-09-19 08:57:42,786 - artist_bio_gen.core.parser - INFO - Parsed 2 artists from /var/folders/8h/pr431kds2h34yqt94fmlf58r0000gn/T/tmpz16zlea9/test.csv
ok
test_parse_file_with_blank_lines (tests.core.test_input_parser.TestParseInputFile)
Test parsing a file with blank lines. ... 2025-09-19 08:57:42,787 - artist_bio_gen.core.parser - INFO - Parsed 2 artists from /var/folders/8h/pr431kds2h34yqt94fmlf58r0000gn/T/tmpzyu33fud/test.csv
2025-09-19 08:57:42,788 - artist_bio_gen.core.parser - INFO - Skipped 2 comment/blank/header lines
ok
test_parse_file_with_commas_in_data (tests.core.test_input_parser.TestParseInputFile)
Test parsing a file where artist data contains commas. ... 2025-09-19 08:57:42,788 - artist_bio_gen.core.parser - INFO - Parsed 2 artists from /var/folders/8h/pr431kds2h34yqt94fmlf58r0000gn/T/tmp18cq_cd5/test.csv
ok
test_parse_file_with_comments (tests.core.test_input_parser.TestParseInputFile)
Test parsing a file with comment lines. ... 2025-09-19 08:57:42,789 - artist_bio_gen.core.parser - INFO - Parsed 2 artists from /var/folders/8h/pr431kds2h34yqt94fmlf58r0000gn/T/tmpvp2h6bz0/test.csv
2025-09-19 08:57:42,789 - artist_bio_gen.core.parser - INFO - Skipped 2 comment/blank/header lines
ok
test_parse_file_with_empty_artist_name (tests.core.test_input_parser.TestParseInputFile)
Test parsing a file with empty artist names. ... ok
test_parse_file_with_optional_data (tests.core.test_input_parser.TestParseInputFile)
Test parsing a file where some artists have no additional data. ... 2025-09-19 08:57:42,791 - artist_bio_gen.core.parser - INFO - Parsed 3 artists from /var/folders/8h/pr431kds2h34yqt94fmlf58r0000gn/T/tmpejc7t0i3/test.csv
ok
test_parse_file_with_tabs_and_spaces (tests.core.test_input_parser.TestParseInputFile)
Test parsing a file with various whitespace characters. ... 2025-09-19 08:57:42,792 - artist_bio_gen.core.parser - INFO - Parsed 2 artists from /var/folders/8h/pr431kds2h34yqt94fmlf58r0000gn/T/tmpqmshml3f/test.csv
ok
test_parse_file_with_whitespace (tests.core.test_input_parser.TestParseInputFile)
Test parsing a file with whitespace that should be trimmed. ... 2025-09-19 08:57:42,792 - artist_bio_gen.core.parser - INFO - Parsed 2 artists from /var/folders/8h/pr431kds2h34yqt94fmlf58r0000gn/T/tmp02xo19_e/test.csv
ok
test_parse_simple_file (tests.core.test_input_parser.TestParseInputFile)
Test parsing a simple file with valid data. ... 2025-09-19 08:57:42,793 - artist_bio_gen.core.parser - INFO - Parsed 2 artists from /var/folders/8h/pr431kds2h34yqt94fmlf58r0000gn/T/tmpbahl269r/test.csv
ok
test_parse_result_creation (tests.core.test_input_parser.TestParseResult)
Test creating ParseResult. ... ok
test_parse_result_immutable (tests.core.test_input_parser.TestParseResult)
Test that ParseResult is immutable. ... ok
test_append_creates_directory (tests.core.test_streaming_output.TestStreamingOutput)
Test that append creates parent directory if it doesn't exist. ... ok
test_append_jsonl_response_multiple (tests.core.test_streaming_output.TestStreamingOutput)
Test appending multiple responses to JSONL file. ... ok
test_append_jsonl_response_single (tests.core.test_streaming_output.TestStreamingOutput)
Test appending a single response to JSONL file. ... ok
test_append_with_error_response (tests.core.test_streaming_output.TestStreamingOutput)
Test appending responses that contain errors. ... ok
test_concurrent_append_safety (tests.core.test_streaming_output.TestStreamingOutput)
Test thread safety of concurrent JSONL appends. ... ok
test_create_jsonl_record_no_version (tests.core.test_streaming_output.TestStreamingOutput)
Test creating JSONL record without version. ... ok
test_create_jsonl_record_structure (tests.core.test_streaming_output.TestStreamingOutput)
Test the structure of created JSONL records. ... ok
test_initialize_jsonl_output_new_file (tests.core.test_streaming_output.TestStreamingOutput)
Test initializing a new JSONL output file. ... 2025-09-19 08:57:42,811 - artist_bio_gen.core.output - INFO - Initialized JSONL output file: /var/folders/8h/pr431kds2h34yqt94fmlf58r0000gn/T/tmpp5hr1dik.jsonl
ok
test_initialize_jsonl_output_overwrite_existing (tests.core.test_streaming_output.TestStreamingOutput)
Test overwriting an existing JSONL file. ... 2025-09-19 08:57:42,812 - artist_bio_gen.core.output - INFO - Initialized JSONL output file: /var/folders/8h/pr431kds2h34yqt94fmlf58r0000gn/T/tmp3q_nvwil.jsonl
ok
test_initialize_jsonl_output_preserve_existing (tests.core.test_streaming_output.TestStreamingOutput)
Test preserving an existing JSONL file. ... 2025-09-19 08:57:42,812 - artist_bio_gen.core.output - INFO - JSONL output file already exists: /var/folders/8h/pr431kds2h34yqt94fmlf58r0000gn/T/tmp2goy77gc.jsonl
ok
test_streaming_integration_with_resume (tests.core.test_streaming_output.TestStreamingOutput)
Test streaming output integration with resume functionality. ... 2025-09-19 08:57:42,813 - artist_bio_gen.core.output - INFO - Found 2 successfully processed artists in /var/folders/8h/pr431kds2h34yqt94fmlf58r0000gn/T/tmpefyy4fue.jsonl
2025-09-19 08:57:42,813 - artist_bio_gen.core.output - INFO - Found 3 successfully processed artists in /var/folders/8h/pr431kds2h34yqt94fmlf58r0000gn/T/tmpefyy4fue.jsonl
ok
test_concurrent_streaming_performance (tests.core.test_performance.TestPerformance)
Test performance of concurrent streaming writes. ... 2025-09-19 08:57:42,814 - artist_bio_gen.core.output - INFO - Initialized JSONL output file: /var/folders/8h/pr431kds2h34yqt94fmlf58r0000gn/T/tmpwig3q_d9.jsonl
ok
test_resume_parsing_performance_large_input (tests.core.test_performance.TestPerformance)
Test performance of parsing large input files with resume functionality. ... 2025-09-19 08:57:42,842 - artist_bio_gen.core.parser - INFO - Parsed 1000 artists from /var/folders/8h/pr431kds2h34yqt94fmlf58r0000gn/T/tmpg_jg2rz8.csv
2025-09-19 08:57:42,842 - artist_bio_gen.core.parser - INFO - Skipped 1 comment/blank/header lines
2025-09-19 08:57:42,845 - artist_bio_gen.core.parser - INFO - Parsed 500 artists from /var/folders/8h/pr431kds2h34yqt94fmlf58r0000gn/T/tmpg_jg2rz8.csv
2025-09-19 08:57:42,845 - artist_bio_gen.core.parser - INFO - Skipped 1 comment/blank/header lines
2025-09-19 08:57:42,846 - artist_bio_gen.core.parser - INFO - Skipped 500 already-processed artists (resume mode)
ok
test_streaming_large_dataset_completion (tests.core.test_performance.TestPerformance)
Test that streaming can handle large datasets without issues. ... 2025-09-19 08:57:42,848 - artist_bio_gen.core.output - INFO - Initialized JSONL output file: /var/folders/8h/pr431kds2h34yqt94fmlf58r0000gn/T/tmpcsj_7sap.jsonl
ok
test_streaming_performance_throughput (tests.core.test_performance.TestPerformance)
Test streaming throughput performance. ... 2025-09-19 08:57:42,899 - artist_bio_gen.core.output - INFO - Initialized JSONL output file: /var/folders/8h/pr431kds2h34yqt94fmlf58r0000gn/T/tmponkp4e4s.jsonl
ok
test_pause_controller_auto_resume (tests.core.test_pause_resume.TestPauseResume) ... 2025-09-19 08:57:42,925 - artist_bio_gen.api.quota - WARNING - PAUSED: Auto - Will resume at 2025-09-19 08:57:43.025375
2025-09-19 08:57:43,040 - artist_bio_gen.api.quota - INFO - RESUMED: Auto-resume time reached
ok
test_pause_controller_pause_resume (tests.core.test_pause_resume.TestPauseResume) ... 2025-09-19 08:57:43,041 - artist_bio_gen.api.quota - WARNING - PAUSED: Testing pause - Manual resume required
2025-09-19 08:57:43,096 - artist_bio_gen.api.quota - INFO - RESUMED: Done
ok
test_pause_controller_schedule_resume (tests.core.test_pause_resume.TestPauseResume) ... 2025-09-19 08:57:43,097 - artist_bio_gen.api.quota - WARNING - PAUSED: Schedule - Manual resume required
2025-09-19 08:57:43,098 - artist_bio_gen.api.quota - INFO - Auto-resume scheduled at 2025-09-19 08:57:43.148355
2025-09-19 08:57:43,163 - artist_bio_gen.api.quota - INFO - RESUMED: Auto-resume time reached
ok
test_processor_auto_resumes_after_quota_pause (tests.core.test_pause_resume.TestPauseResume) ... 2025-09-19 08:57:43,166 - artist_bio_gen.core.output - INFO - Initialized JSONL output file: /var/folders/8h/pr431kds2h34yqt94fmlf58r0000gn/T/tmp29mjg5l5/output.jsonl
2025-09-19 08:57:43,166 - artist_bio_gen.core.processor - INFO - Initialized streaming JSONL output: /var/folders/8h/pr431kds2h34yqt94fmlf58r0000gn/T/tmp29mjg5l5/output.jsonl
2025-09-19 08:57:43,167 - artist_bio_gen.api.quota - INFO - QuotaMonitor initialized: daily_limit=10, threshold=0.8
2025-09-19 08:57:43,168 - artist_bio_gen.core.processor - INFO - Quota monitoring enabled: daily_limit=10, threshold=0.8
2025-09-19 08:57:43,168 - artist_bio_gen.core.processor - INFO - Starting concurrent processing with 1 workers
2025-09-19 08:57:43,169 - artist_bio_gen.api.quota - WARNING - PAUSED: Daily quota reached - Will resume at 2025-09-19 08:58:43.164556
2025-09-19 08:57:43,170 - artist_bio_gen.core.processor - WARNING - Processing paused due to quota: Daily quota reached - Auto-resume scheduled for 2025-09-19T08:58:43.164556
2025-09-19 08:57:43,171 - artist_bio_gen.core.processor - INFO - [███████████████░░░░░░░░░░░░░░░] [  1/  2] ( 50.0%) [W01] ✅ A - SUCCESS (0.10s)
2025-09-19 08:57:43,171 - artist_bio_gen.core.processor - INFO - 📊 Concurrent Progress: 1/2 artists processed (50.0%) - Rate: 379.06 artists/sec - ETA: 0s remaining
2025-09-19 08:57:43,172 - artist_bio_gen.core.processor - INFO - [██████████████████████████████] [  2/  2] (100.0%) [W01] ✅ B - SUCCESS (0.10s)
2025-09-19 08:57:43,172 - artist_bio_gen.core.processor - INFO - 📊 Concurrent Progress: 2/2 artists processed (100.0%) - Rate: 2012.14 artists/sec - ETA: 0s remaining
2025-09-19 08:57:43,172 - artist_bio_gen.core.processor - INFO - Concurrent processing completed: 2 successful, 0 failed
Test bio
Test bio
ok
test_processor_quota_disabled (tests.core.test_pause_resume.TestPauseResume)
Test that processor works correctly with quota monitoring disabled. ... 2025-09-19 08:57:43,174 - artist_bio_gen.core.output - INFO - Initialized JSONL output file: /var/folders/8h/pr431kds2h34yqt94fmlf58r0000gn/T/tmpc2dxs04t/test_output.jsonl
2025-09-19 08:57:43,174 - artist_bio_gen.core.processor - INFO - Initialized streaming JSONL output: /var/folders/8h/pr431kds2h34yqt94fmlf58r0000gn/T/tmpc2dxs04t/test_output.jsonl
2025-09-19 08:57:43,175 - artist_bio_gen.core.processor - INFO - Quota monitoring disabled
2025-09-19 08:57:43,175 - artist_bio_gen.core.processor - INFO - Starting concurrent processing with 1 workers
2025-09-19 08:57:43,176 - artist_bio_gen.core.processor - INFO - [██████████████████████████████] [  1/  1] (100.0%) [W01] ✅ Test Artist 1 - SUCCESS (0.50s)
2025-09-19 08:57:43,176 - artist_bio_gen.core.processor - INFO - 📊 Concurrent Progress: 1/1 artists processed (100.0%) - Rate: 1317.31 artists/sec - ETA: 0s remaining
2025-09-19 08:57:43,177 - artist_bio_gen.core.processor - INFO - Concurrent processing completed: 1 successful, 0 failed
Test bio
ok
test_processor_quota_integration (tests.core.test_pause_resume.TestPauseResume)
Test that processor properly integrates with quota monitoring and pause/resume. ... 2025-09-19 08:57:43,178 - artist_bio_gen.core.output - INFO - Initialized JSONL output file: /var/folders/8h/pr431kds2h34yqt94fmlf58r0000gn/T/tmp8ga4ql2n/test_output.jsonl
2025-09-19 08:57:43,178 - artist_bio_gen.core.processor - INFO - Initialized streaming JSONL output: /var/folders/8h/pr431kds2h34yqt94fmlf58r0000gn/T/tmp8ga4ql2n/test_output.jsonl
2025-09-19 08:57:43,179 - artist_bio_gen.api.quota - INFO - QuotaMonitor initialized: daily_limit=100, threshold=0.8
2025-09-19 08:57:43,180 - artist_bio_gen.core.processor - INFO - Quota monitoring enabled: daily_limit=100, threshold=0.8
2025-09-19 08:57:43,180 - artist_bio_gen.core.processor - INFO - Starting concurrent processing with 1 workers
2025-09-19 08:57:43,181 - artist_bio_gen.core.processor - INFO - [███████████████░░░░░░░░░░░░░░░] [  1/  2] ( 50.0%) [W01] ✅ Test Artist 1 - SUCCESS (0.50s)
2025-09-19 08:57:43,181 - artist_bio_gen.core.processor - INFO - 📊 Concurrent Progress: 1/2 artists processed (50.0%) - Rate: 1068.61 artists/sec - ETA: 0s remaining
2025-09-19 08:57:43,182 - artist_bio_gen.core.processor - INFO - [██████████████████████████████] [  2/  2] (100.0%) [W01] ✅ Test Artist 2 - SUCCESS (0.50s)
2025-09-19 08:57:43,182 - artist_bio_gen.core.processor - INFO - 📊 Concurrent Progress: 2/2 artists processed (100.0%) - Rate: 2264.74 artists/sec - ETA: 0s remaining
2025-09-19 08:57:43,182 - artist_bio_gen.core.processor - INFO - Concurrent processing completed: 2 successful, 0 failed
Test bio
Test bio
ok
test_quota_monitor_persistence_roundtrip (tests.core.test_pause_resume.TestPauseResume) ... 2025-09-19 08:57:43,184 - artist_bio_gen.api.quota - INFO - QuotaMonitor initialized: daily_limit=100, threshold=0.8
2025-09-19 08:57:43,186 - artist_bio_gen.api.quota - INFO - QuotaMonitor initialized: daily_limit=None, threshold=0.8
ok
test_invalid_daily_request_limit (tests.config.test_env_manager.TestConfigValidation)
Test that negative daily request limit raises error. ... ok
test_invalid_pause_duration (tests.config.test_env_manager.TestConfigValidation)
Test that out of range pause duration raises error. ... ok
test_invalid_quota_monitoring (tests.config.test_env_manager.TestConfigValidation)
Test that invalid boolean value raises error. ... ok
test_invalid_quota_threshold (tests.config.test_env_manager.TestConfigValidation)
Test that invalid quota threshold raises error. ... ok
test_cli_overrides_environment (tests.config.test_env_manager.TestEnvLoading)
Test that CLI overrides take precedence over environment. ... ok
test_cli_overrides_provide_required (tests.config.test_env_manager.TestEnvLoading)
Test that CLI overrides can provide required fields. ... ok
test_empty_string_handling (tests.config.test_env_manager.TestEnvLoading)
Test that empty strings are treated as None. ... ok
test_load_all_from_environment (tests.config.test_env_manager.TestEnvLoading)
Test loading all fields from OS environment. ... ok
test_load_from_environment (tests.config.test_env_manager.TestEnvLoading)
Test loading from OS environment variables. ... ok
test_load_missing_required_fields (tests.config.test_env_manager.TestEnvLoading)
Test that loading without required fields raises ConfigError. ... ok
test_quota_config_from_environment (tests.config.test_env_manager.TestEnvLoading)
Test loading quota configuration from environment. ... ok
test_whitespace_handling (tests.config.test_env_manager.TestEnvLoading)
Test that whitespace is properly stripped from values. ... ok
test_from_mapping_missing_required (tests.config.test_env_manager.TestEnvManager)
Test that missing required fields raise ConfigError. ... ok
test_from_mapping_optional_fields (tests.config.test_env_manager.TestEnvManager)
Test that optional fields can be None. ... ok
test_from_mapping_success (tests.config.test_env_manager.TestEnvManager)
Test creating Env instance from valid mapping. ... ok
test_mask (tests.config.test_env_manager.TestEnvManager)
Test masking sensitive values for safe logging. ... ok
test_mask_with_none_values (tests.config.test_env_manager.TestEnvManager)
Test masking when some values are None. ... ok
test_quota_config_from_mapping (tests.config.test_env_manager.TestEnvManager)
Test quota configuration from mapping. ... ok
test_to_dict (tests.config.test_env_manager.TestEnvManager)
Test converting Env to dictionary. ... ok
test_current_before_load_raises_error (tests.config.test_env_manager.TestSingletonBehavior)
Test that current() raises error before load() is called. ... ok
test_load_sets_singleton (tests.config.test_env_manager.TestSingletonBehavior)
Test that load() sets the singleton instance. ... ok
test_subsequent_load_updates_singleton (tests.config.test_env_manager.TestSingletonBehavior)
Test that subsequent load() calls update the singleton. ... ok
test_defaults (tests.config.test_quota_config.TestQuotaConfigDefaults) ... ok
test_cli_overrides (tests.config.test_quota_config.TestQuotaConfigOverrides) ... ok
test_env_overrides (tests.config.test_quota_config.TestQuotaConfigOverrides) ... ok
test_invalid_daily_limit (tests.config.test_quota_config.TestQuotaConfigValidation) ... ok
test_invalid_log_interval (tests.config.test_quota_config.TestQuotaConfigValidation) ... ok
test_invalid_pause_duration_high (tests.config.test_quota_config.TestQuotaConfigValidation) ... ok
test_invalid_pause_duration_low (tests.config.test_quota_config.TestQuotaConfigValidation) ... ok
test_invalid_threshold_raises (tests.config.test_quota_config.TestQuotaConfigValidation) ... ok
test_cli_overrides_environment_integration (tests.integration.test_env_integration.TestEnvironmentIntegration)
Test that CLI arguments override environment variables in full integration. ... 2025-09-19 08:57:43,200 - artist_bio_gen.core.parser - INFO - Parsed 1 artists from /var/folders/8h/pr431kds2h34yqt94fmlf58r0000gn/T/tmpxfkvoeu4/test.csv
2025-09-19 08:57:43,200 - artist_bio_gen.cli.main - INFO - ======================================================================
2025-09-19 08:57:43,201 - artist_bio_gen.cli.main - INFO - DRY RUN MODE - SHOWING FIRST 5 ARTIST PAYLOADS
2025-09-19 08:57:43,201 - artist_bio_gen.cli.main - INFO - ======================================================================
2025-09-19 08:57:43,201 - artist_bio_gen.cli.main - INFO - ======================================================================
2025-09-19 08:57:43,201 - artist_bio_gen.cli.main - INFO - DRY RUN COMPLETED SUCCESSFULLY
2025-09-19 08:57:43,202 - artist_bio_gen.cli.main - INFO - ======================================================================
1. {
  "artist_name": "CLI Test",
  "artist_data": "CLI Data"
}
ok
test_cli_provides_all_required_config (tests.integration.test_env_integration.TestEnvironmentIntegration)
Test that CLI can provide all required configuration. ... 2025-09-19 08:57:43,204 - artist_bio_gen.core.parser - INFO - Parsed 1 artists from /var/folders/8h/pr431kds2h34yqt94fmlf58r0000gn/T/tmp0wvavp6n/test.csv
2025-09-19 08:57:43,204 - artist_bio_gen.cli.main - INFO - ======================================================================
2025-09-19 08:57:43,204 - artist_bio_gen.cli.main - INFO - DRY RUN MODE - SHOWING FIRST 5 ARTIST PAYLOADS
2025-09-19 08:57:43,204 - artist_bio_gen.cli.main - INFO - ======================================================================
2025-09-19 08:57:43,205 - artist_bio_gen.cli.main - INFO - ======================================================================
2025-09-19 08:57:43,205 - artist_bio_gen.cli.main - INFO - DRY RUN COMPLETED SUCCESSFULLY
2025-09-19 08:57:43,205 - artist_bio_gen.cli.main - INFO - ======================================================================
ok
test_environment_variables_used_in_dry_run (tests.integration.test_env_integration.TestEnvironmentIntegration)
Test that environment variables are properly loaded and used in dry run. ... 2025-09-19 08:57:43,207 - artist_bio_gen.core.parser - INFO - Parsed 1 artists from /var/folders/8h/pr431kds2h34yqt94fmlf58r0000gn/T/tmpmnpr664p/test.csv
2025-09-19 08:57:43,207 - artist_bio_gen.cli.main - INFO - ======================================================================
2025-09-19 08:57:43,208 - artist_bio_gen.cli.main - INFO - DRY RUN MODE - SHOWING FIRST 5 ARTIST PAYLOADS
2025-09-19 08:57:43,208 - artist_bio_gen.cli.main - INFO - ======================================================================
2025-09-19 08:57:43,208 - artist_bio_gen.cli.main - INFO - ======================================================================
2025-09-19 08:57:43,208 - artist_bio_gen.cli.main - INFO - DRY RUN COMPLETED SUCCESSFULLY
2025-09-19 08:57:43,209 - artist_bio_gen.cli.main - INFO - ======================================================================
ok
test_help_flag_works_with_env_system (tests.integration.test_env_integration.TestEnvironmentIntegration)
Test that help flag works even with new environment system. ... usage: artist_bio_gen [-h] --input-file INPUT_FILE [--version VERSION]
                      [--output OUTPUT] [--max-workers MAX_WORKERS]
                      [--dry-run] [--verbose] [--enable-db] [--test-mode]
                      [--resume] [--openai-api-key OPENAI_API_KEY]
                      [--prompt-id PROMPT_ID] [--db-url DB_URL]
                      [--quota-monitoring {true,false}]
                      [--quota-threshold QUOTA_THRESHOLD]
                      [--daily-limit DAILY_LIMIT]
                      [--pause-duration PAUSE_DURATION]
                      [--quota-log-interval QUOTA_LOG_INTERVAL]

Generate artist bios using OpenAI Responses API

optional arguments:
  -h, --help            show this help message and exit
  --input-file INPUT_FILE
                        CSV-like text file path containing artist data
  --version VERSION     Prompt version (optional)
  --output OUTPUT       JSONL output file path (default: out.jsonl)
  --max-workers MAX_WORKERS
                        Maximum number of concurrent requests (default: 4)
  --dry-run             Parse inputs and show first 5 payloads without making
                        API calls
  --verbose             Enable verbose logging (DEBUG level)
  --enable-db           Enable database updates (requires DATABASE_URL env
                        var)
  --test-mode           Use test_artists table instead of artists table
  --resume              Resume processing by skipping artists already present
                        in output file
  --openai-api-key OPENAI_API_KEY
                        OpenAI API key for authentication
  --prompt-id PROMPT_ID
                        OpenAI prompt ID
  --db-url DB_URL       Database connection URL
  --quota-monitoring {true,false}
                        Enable or disable quota monitoring
  --quota-threshold QUOTA_THRESHOLD
                        Pause threshold as a decimal between 0.1 and 1.0
  --daily-limit DAILY_LIMIT
                        Optional daily request limit used for pausing
  --pause-duration PAUSE_DURATION
                        Hours to pause when quota is hit (1-72)
  --quota-log-interval QUOTA_LOG_INTERVAL
                        Log quota metrics every N requests to reduce noise

Examples: python run_artists.py --input-file artists.csv --prompt-id
prompt_123 python run_artists.py --input-file data.txt --max-workers 8 python
run_artists.py --input-file artists.csv --dry-run
ok
test_missing_required_config_error_integration (tests.integration.test_env_integration.TestEnvironmentIntegration)
Test that missing required configuration produces proper error in main(). ... 2025-09-19 08:57:43,212 - artist_bio_gen.cli.main - ERROR - Configuration error: Configuration validation failed:
  - OPENAI_API_KEY: Field required
  - DATABASE_URL: Field required
ok
test_whitespace_handling_integration (tests.integration.test_env_integration.TestEnvironmentIntegration)
Test that whitespace is properly handled in full integration. ... 2025-09-19 08:57:43,214 - artist_bio_gen.core.parser - INFO - Parsed 1 artists from /var/folders/8h/pr431kds2h34yqt94fmlf58r0000gn/T/tmpqtliagdm/test.csv
2025-09-19 08:57:43,214 - artist_bio_gen.cli.main - INFO - ======================================================================
2025-09-19 08:57:43,214 - artist_bio_gen.cli.main - INFO - DRY RUN MODE - SHOWING FIRST 5 ARTIST PAYLOADS
2025-09-19 08:57:43,215 - artist_bio_gen.cli.main - INFO - ======================================================================
2025-09-19 08:57:43,215 - artist_bio_gen.cli.main - INFO - ======================================================================
2025-09-19 08:57:43,215 - artist_bio_gen.cli.main - INFO - DRY RUN COMPLETED SUCCESSFULLY
2025-09-19 08:57:43,215 - artist_bio_gen.cli.main - INFO - ======================================================================
1. {
  "artist_name": "Whitespace Test",
  "artist_data": "WS Data"
}
ok
test_artist_names_present (tests.integration.test_example_data.TestExampleDataFile)
Test that the file contains recognizable artist names. ... ok
test_data_lines_format (tests.integration.test_example_data.TestExampleDataFile)
Test that data lines follow the expected format. ... ok
test_edge_case_empty_artist_data (tests.integration.test_example_data.TestExampleDataFile)
Test that the file contains an edge case with empty artist_data. ... ok
test_file_contains_blank_lines (tests.integration.test_example_data.TestExampleDataFile)
Test that the file contains blank lines. ... ok
test_file_contains_comments (tests.integration.test_example_data.TestExampleDataFile)
Test that the file contains comment lines. ... ok
test_file_contains_data_lines (tests.integration.test_example_data.TestExampleDataFile)
Test that the file contains data lines. ... ok
test_file_exists (tests.integration.test_example_data.TestExampleDataFile)
Test that the example file exists. ... ok
test_file_readable (tests.integration.test_example_data.TestExampleDataFile)
Test that the example file is readable. ... ok
test_file_size_reasonable (tests.integration.test_example_data.TestExampleDataFile)
Test that the file size is reasonable for testing. ... ok
test_utf8_encoding (tests.integration.test_example_data.TestExampleDataFile)
Test that the file can be read with UTF-8 encoding. ... ok
test_contains_core_dependencies (tests.integration.test_example_data.TestRequirementsFile)
Test that the file contains core dependencies. ... ok
test_contains_dev_dependencies (tests.integration.test_example_data.TestRequirementsFile)
Test that the file contains development dependencies. ... ok
test_file_exists (tests.integration.test_example_data.TestRequirementsFile)
Test that the requirements file exists. ... ok
test_file_readable (tests.integration.test_example_data.TestRequirementsFile)
Test that the requirements file is readable. ... ok
test_no_empty_lines_in_dependencies (tests.integration.test_example_data.TestRequirementsFile)
Test that there are no empty lines in the dependencies section. ... ok
test_version_specifiers_present (tests.integration.test_example_data.TestRequirementsFile)
Test that version specifiers are present. ... ok
test_no_streaming_in_codebase (tests.integration.test_rate_limiting_integration.TestNonStreamingResponsePath)
Verify that the codebase doesn't use streaming responses. ... ok
test_standard_response_with_headers (tests.integration.test_rate_limiting_integration.TestNonStreamingResponsePath)
Test standard non-streaming responses with quota headers. ... 2025-09-19 08:57:43,218 - artist_bio_gen.api.quota - INFO - QuotaMonitor initialized: daily_limit=5000, threshold=0.8
2025-09-19 08:57:43,218 - artist_bio_gen.api.operations - INFO - [W01] 🚀 Starting processing: Test Artist
2025-09-19 08:57:43,219 - artist_bio_gen.api.operations - INFO - [W01] ✅ Completed processing: Test Artist (0.00s) [DB: null]
ok
test_output_file_preserved_on_pause (tests.integration.test_rate_limiting_integration.TestProgressPreservation)
Test that output file is preserved when pause occurs. ... 2025-09-19 08:57:43,220 - artist_bio_gen.core.output - INFO - Initialized JSONL output file: /var/folders/8h/pr431kds2h34yqt94fmlf58r0000gn/T/tmpengbvkpe/test_output.jsonl
2025-09-19 08:57:43,220 - artist_bio_gen.core.processor - INFO - Initialized streaming JSONL output: /var/folders/8h/pr431kds2h34yqt94fmlf58r0000gn/T/tmpengbvkpe/test_output.jsonl
2025-09-19 08:57:43,221 - artist_bio_gen.api.quota - INFO - QuotaMonitor initialized: daily_limit=None, threshold=0.8
2025-09-19 08:57:43,221 - artist_bio_gen.core.processor - INFO - Quota monitoring enabled: daily_limit=None, threshold=0.8
2025-09-19 08:57:43,221 - artist_bio_gen.core.processor - INFO - Starting concurrent processing with 1 workers
2025-09-19 08:57:43,222 - artist_bio_gen.core.processor - INFO - [██████░░░░░░░░░░░░░░░░░░░░░░░░] [  1/  5] ( 20.0%) [W01] ✅ Artist 0 - SUCCESS (0.01s)
2025-09-19 08:57:43,222 - artist_bio_gen.core.processor - INFO - 📊 Concurrent Progress: 1/5 artists processed (20.0%) - Rate: 1569.14 artists/sec - ETA: 0s remaining
2025-09-19 08:57:43,222 - artist_bio_gen.core.processor - INFO - [████████████░░░░░░░░░░░░░░░░░░] [  2/  5] ( 40.0%) [W01] ✅ Artist 1 - SUCCESS (0.01s)
2025-09-19 08:57:43,223 - artist_bio_gen.core.processor - INFO - 📊 Concurrent Progress: 2/5 artists processed (40.0%) - Rate: 3419.73 artists/sec - ETA: 0s remaining
2025-09-19 08:57:43,223 - artist_bio_gen.core.processor - INFO - [██████████████████░░░░░░░░░░░░] [  3/  5] ( 60.0%) [W01] ✅ Artist 2 - SUCCESS (0.01s)
2025-09-19 08:57:43,223 - artist_bio_gen.core.processor - INFO - 📊 Concurrent Progress: 3/5 artists processed (60.0%) - Rate: 4725.09 artists/sec - ETA: 0s remaining
2025-09-19 08:57:43,224 - artist_bio_gen.core.processor - INFO - [████████████████████████░░░░░░] [  4/  5] ( 80.0%) [W01] ✅ Artist 3 - SUCCESS (0.01s)
2025-09-19 08:57:43,224 - artist_bio_gen.core.processor - INFO - 📊 Concurrent Progress: 4/5 artists processed (80.0%) - Rate: 7533.55 artists/sec - ETA: 0s remaining
2025-09-19 08:57:43,224 - artist_bio_gen.core.processor - INFO - [██████████████████████████████] [  5/  5] (100.0%) [W01] ✅ Artist 4 - SUCCESS (0.01s)
2025-09-19 08:57:43,224 - artist_bio_gen.core.processor - INFO - 📊 Concurrent Progress: 5/5 artists processed (100.0%) - Rate: 9650.95 artists/sec - ETA: 0s remaining
2025-09-19 08:57:43,225 - artist_bio_gen.core.processor - INFO - Concurrent processing completed: 5 successful, 0 failed
Bio 1
Bio 2
Bio 3
Bio 4
Bio 5
ok
test_quota_state_persistence (tests.integration.test_rate_limiting_integration.TestProgressPreservation)
Test that quota state is persisted correctly. ... 2025-09-19 08:57:43,226 - artist_bio_gen.api.quota - INFO - QuotaMonitor initialized: daily_limit=100, threshold=0.8
2025-09-19 08:57:43,229 - artist_bio_gen.api.quota - INFO - QuotaMonitor initialized: daily_limit=None, threshold=0.8
ok
test_resume_continues_from_last_position (tests.integration.test_rate_limiting_integration.TestProgressPreservation)
Test that processing resumes from the last position. ... 2025-09-19 08:57:43,230 - artist_bio_gen.core.output - INFO - Initialized JSONL output file: /var/folders/8h/pr431kds2h34yqt94fmlf58r0000gn/T/tmp1ge3zvbc/test_output.jsonl
2025-09-19 08:57:43,230 - artist_bio_gen.core.processor - INFO - Initialized streaming JSONL output: /var/folders/8h/pr431kds2h34yqt94fmlf58r0000gn/T/tmp1ge3zvbc/test_output.jsonl
2025-09-19 08:57:43,230 - artist_bio_gen.api.quota - INFO - QuotaMonitor initialized: daily_limit=None, threshold=0.8
2025-09-19 08:57:43,230 - artist_bio_gen.core.processor - INFO - Quota monitoring enabled: daily_limit=None, threshold=0.8
2025-09-19 08:57:43,231 - artist_bio_gen.core.processor - INFO - Starting concurrent processing with 1 workers
2025-09-19 08:57:43,231 - artist_bio_gen.core.processor - INFO - [██████░░░░░░░░░░░░░░░░░░░░░░░░] [  1/  5] ( 20.0%) [W01] ✅ Artist 0 - SUCCESS (0.01s)
2025-09-19 08:57:43,232 - artist_bio_gen.core.processor - INFO - 📊 Concurrent Progress: 1/5 artists processed (20.0%) - Rate: 1404.19 artists/sec - ETA: 0s remaining
2025-09-19 08:57:43,232 - artist_bio_gen.core.processor - INFO - [████████████░░░░░░░░░░░░░░░░░░] [  2/  5] ( 40.0%) [W01] ✅ Artist 1 - SUCCESS (0.01s)
2025-09-19 08:57:43,232 - artist_bio_gen.core.processor - INFO - 📊 Concurrent Progress: 2/5 artists processed (40.0%) - Rate: 4134.36 artists/sec - ETA: 0s remaining
2025-09-19 08:57:43,232 - artist_bio_gen.core.processor - INFO - [██████████████████░░░░░░░░░░░░] [  3/  5] ( 60.0%) [W01] ✅ Artist 2 - SUCCESS (0.01s)
2025-09-19 08:57:43,232 - artist_bio_gen.core.processor - INFO - 📊 Concurrent Progress: 3/5 artists processed (60.0%) - Rate: 6550.19 artists/sec - ETA: 0s remaining
2025-09-19 08:57:43,233 - artist_bio_gen.core.processor - INFO - [████████████████████████░░░░░░] [  4/  5] ( 80.0%) [W01] ✅ Artist 3 - SUCCESS (0.01s)
2025-09-19 08:57:43,233 - artist_bio_gen.core.processor - INFO - 📊 Concurrent Progress: 4/5 artists processed (80.0%) - Rate: 8848.74 artists/sec - ETA: 0s remaining
2025-09-19 08:57:43,233 - artist_bio_gen.core.processor - INFO - [██████████████████████████████] [  5/  5] (100.0%) [W01] ✅ Artist 4 - SUCCESS (0.01s)
2025-09-19 08:57:43,233 - artist_bio_gen.core.processor - INFO - 📊 Concurrent Progress: 5/5 artists processed (100.0%) - Rate: 10991.36 artists/sec - ETA: 0s remaining
2025-09-19 08:57:43,234 - artist_bio_gen.core.processor - INFO - Concurrent processing completed: 5 successful, 0 failed
2025-09-19 08:57:43,234 - artist_bio_gen.core.output - INFO - JSONL output file already exists: /var/folders/8h/pr431kds2h34yqt94fmlf58r0000gn/T/tmp1ge3zvbc/test_output.jsonl
2025-09-19 08:57:43,234 - artist_bio_gen.core.processor - INFO - Initialized streaming JSONL output for resume: /var/folders/8h/pr431kds2h34yqt94fmlf58r0000gn/T/tmp1ge3zvbc/test_output.jsonl
2025-09-19 08:57:43,235 - artist_bio_gen.api.quota - INFO - QuotaMonitor initialized: daily_limit=None, threshold=0.8
2025-09-19 08:57:43,235 - artist_bio_gen.core.processor - INFO - Quota monitoring enabled: daily_limit=None, threshold=0.8
2025-09-19 08:57:43,235 - artist_bio_gen.core.processor - INFO - Starting concurrent processing with 1 workers
2025-09-19 08:57:43,236 - artist_bio_gen.core.processor - INFO - [██████░░░░░░░░░░░░░░░░░░░░░░░░] [  1/  5] ( 20.0%) [W01] ✅ Artist 5 - SUCCESS (0.01s)
2025-09-19 08:57:43,236 - artist_bio_gen.core.processor - INFO - 📊 Concurrent Progress: 1/5 artists processed (20.0%) - Rate: 1941.81 artists/sec - ETA: 0s remaining
2025-09-19 08:57:43,236 - artist_bio_gen.core.processor - INFO - [████████████░░░░░░░░░░░░░░░░░░] [  2/  5] ( 40.0%) [W01] ✅ Artist 6 - SUCCESS (0.01s)
2025-09-19 08:57:43,236 - artist_bio_gen.core.processor - INFO - 📊 Concurrent Progress: 2/5 artists processed (40.0%) - Rate: 4132.32 artists/sec - ETA: 0s remaining
2025-09-19 08:57:43,236 - artist_bio_gen.core.processor - INFO - [██████████████████░░░░░░░░░░░░] [  3/  5] ( 60.0%) [W01] ✅ Artist 7 - SUCCESS (0.01s)
2025-09-19 08:57:43,237 - artist_bio_gen.core.processor - INFO - 📊 Concurrent Progress: 3/5 artists processed (60.0%) - Rate: 6061.13 artists/sec - ETA: 0s remaining
2025-09-19 08:57:43,237 - artist_bio_gen.core.processor - INFO - [████████████████████████░░░░░░] [  4/  5] ( 80.0%) [W01] ✅ Artist 8 - SUCCESS (0.01s)
2025-09-19 08:57:43,237 - artist_bio_gen.core.processor - INFO - 📊 Concurrent Progress: 4/5 artists processed (80.0%) - Rate: 8351.03 artists/sec - ETA: 0s remaining
2025-09-19 08:57:43,237 - artist_bio_gen.core.processor - INFO - [██████████████████████████████] [  5/  5] (100.0%) [W01] ✅ Artist 9 - SUCCESS (0.01s)
2025-09-19 08:57:43,238 - artist_bio_gen.core.processor - INFO - 📊 Concurrent Progress: 5/5 artists processed (100.0%) - Rate: 10985.61 artists/sec - ETA: 0s remaining
2025-09-19 08:57:43,238 - artist_bio_gen.core.processor - INFO - Concurrent processing completed: 5 successful, 0 failed
Bio 0
Bio 1
Bio 2
Bio 3
Bio 4
Bio 5
Bio 6
Bio 7
Bio 8
Bio 9
ok
test_configuration_parameter_validation (tests.integration.test_rate_limiting_integration.TestQuotaThresholdTriggering)
Test that configuration parameters are properly validated. ... 2025-09-19 08:57:43,239 - artist_bio_gen.core.output - INFO - Initialized JSONL output file: /var/folders/8h/pr431kds2h34yqt94fmlf58r0000gn/T/tmpq_lvi0l6/test_output.jsonl
2025-09-19 08:57:43,239 - artist_bio_gen.core.processor - INFO - Initialized streaming JSONL output: /var/folders/8h/pr431kds2h34yqt94fmlf58r0000gn/T/tmpq_lvi0l6/test_output.jsonl
2025-09-19 08:57:43,240 - artist_bio_gen.api.quota - INFO - QuotaMonitor initialized: daily_limit=None, threshold=0.1
2025-09-19 08:57:43,240 - artist_bio_gen.core.processor - INFO - Quota monitoring enabled: daily_limit=None, threshold=0.1
2025-09-19 08:57:43,240 - artist_bio_gen.core.processor - INFO - Starting concurrent processing with 1 workers
2025-09-19 08:57:43,241 - artist_bio_gen.core.processor - INFO - [██████████████████████████████] [  1/  1] (100.0%) [W01] ✅ Test - SUCCESS (0.10s)
2025-09-19 08:57:43,241 - artist_bio_gen.core.processor - INFO - 📊 Concurrent Progress: 1/1 artists processed (100.0%) - Rate: 1455.85 artists/sec - ETA: 0s remaining
2025-09-19 08:57:43,242 - artist_bio_gen.core.processor - INFO - Concurrent processing completed: 1 successful, 0 failed
2025-09-19 08:57:43,242 - artist_bio_gen.core.output - INFO - Initialized JSONL output file: /var/folders/8h/pr431kds2h34yqt94fmlf58r0000gn/T/tmpq_lvi0l6/test_output.jsonl
2025-09-19 08:57:43,242 - artist_bio_gen.core.processor - INFO - Initialized streaming JSONL output: /var/folders/8h/pr431kds2h34yqt94fmlf58r0000gn/T/tmpq_lvi0l6/test_output.jsonl
2025-09-19 08:57:43,243 - artist_bio_gen.api.quota - INFO - QuotaMonitor initialized: daily_limit=None, threshold=0.5
2025-09-19 08:57:43,243 - artist_bio_gen.core.processor - INFO - Quota monitoring enabled: daily_limit=None, threshold=0.5
2025-09-19 08:57:43,243 - artist_bio_gen.core.processor - INFO - Starting concurrent processing with 1 workers
2025-09-19 08:57:43,243 - artist_bio_gen.core.processor - INFO - [██████████████████████████████] [  1/  1] (100.0%) [W01] ✅ Test - SUCCESS (0.10s)
2025-09-19 08:57:43,244 - artist_bio_gen.core.processor - INFO - 📊 Concurrent Progress: 1/1 artists processed (100.0%) - Rate: 2245.34 artists/sec - ETA: 0s remaining
2025-09-19 08:57:43,244 - artist_bio_gen.core.processor - INFO - Concurrent processing completed: 1 successful, 0 failed
2025-09-19 08:57:43,244 - artist_bio_gen.core.output - INFO - Initialized JSONL output file: /var/folders/8h/pr431kds2h34yqt94fmlf58r0000gn/T/tmpq_lvi0l6/test_output.jsonl
2025-09-19 08:57:43,244 - artist_bio_gen.core.processor - INFO - Initialized streaming JSONL output: /var/folders/8h/pr431kds2h34yqt94fmlf58r0000gn/T/tmpq_lvi0l6/test_output.jsonl
2025-09-19 08:57:43,245 - artist_bio_gen.api.quota - INFO - QuotaMonitor initialized: daily_limit=None, threshold=0.9
2025-09-19 08:57:43,245 - artist_bio_gen.core.processor - INFO - Quota monitoring enabled: daily_limit=None, threshold=0.9
2025-09-19 08:57:43,245 - artist_bio_gen.core.processor - INFO - Starting concurrent processing with 1 workers
2025-09-19 08:57:43,246 - artist_bio_gen.core.processor - INFO - [██████████████████████████████] [  1/  1] (100.0%) [W01] ✅ Test - SUCCESS (0.10s)
2025-09-19 08:57:43,246 - artist_bio_gen.core.processor - INFO - 📊 Concurrent Progress: 1/1 artists processed (100.0%) - Rate: 2551.28 artists/sec - ETA: 0s remaining
2025-09-19 08:57:43,246 - artist_bio_gen.core.processor - INFO - Concurrent processing completed: 1 successful, 0 failed
2025-09-19 08:57:43,246 - artist_bio_gen.core.output - INFO - Initialized JSONL output file: /var/folders/8h/pr431kds2h34yqt94fmlf58r0000gn/T/tmpq_lvi0l6/test_output.jsonl
2025-09-19 08:57:43,247 - artist_bio_gen.core.processor - INFO - Initialized streaming JSONL output: /var/folders/8h/pr431kds2h34yqt94fmlf58r0000gn/T/tmpq_lvi0l6/test_output.jsonl
2025-09-19 08:57:43,247 - artist_bio_gen.api.quota - INFO - QuotaMonitor initialized: daily_limit=None, threshold=1.0
2025-09-19 08:57:43,247 - artist_bio_gen.core.processor - INFO - Quota monitoring enabled: daily_limit=None, threshold=1.0
2025-09-19 08:57:43,247 - artist_bio_gen.core.processor - INFO - Starting concurrent processing with 1 workers
2025-09-19 08:57:43,248 - artist_bio_gen.core.processor - INFO - [██████████████████████████████] [  1/  1] (100.0%) [W01] ✅ Test - SUCCESS (0.10s)
2025-09-19 08:57:43,248 - artist_bio_gen.core.processor - INFO - 📊 Concurrent Progress: 1/1 artists processed (100.0%) - Rate: 2562.19 artists/sec - ETA: 0s remaining
2025-09-19 08:57:43,248 - artist_bio_gen.core.processor - INFO - Concurrent processing completed: 1 successful, 0 failed
2025-09-19 08:57:43,249 - artist_bio_gen.core.output - INFO - Initialized JSONL output file: /var/folders/8h/pr431kds2h34yqt94fmlf58r0000gn/T/tmpq_lvi0l6/test_output.jsonl
2025-09-19 08:57:43,249 - artist_bio_gen.core.processor - INFO - Initialized streaming JSONL output: /var/folders/8h/pr431kds2h34yqt94fmlf58r0000gn/T/tmpq_lvi0l6/test_output.jsonl
2025-09-19 08:57:43,249 - artist_bio_gen.api.quota - INFO - QuotaMonitor initialized: daily_limit=None, threshold=0.8
2025-09-19 08:57:43,249 - artist_bio_gen.core.processor - INFO - Quota monitoring enabled: daily_limit=None, threshold=0.8
2025-09-19 08:57:43,250 - artist_bio_gen.core.processor - INFO - Starting concurrent processing with 1 workers
2025-09-19 08:57:43,250 - artist_bio_gen.core.processor - INFO - [██████████████████████████████] [  1/  1] (100.0%) [W01] ✅ Test - SUCCESS (0.10s)
2025-09-19 08:57:43,250 - artist_bio_gen.core.processor - INFO - 📊 Concurrent Progress: 1/1 artists processed (100.0%) - Rate: 2118.34 artists/sec - ETA: 0s remaining
2025-09-19 08:57:43,251 - artist_bio_gen.core.processor - INFO - Concurrent processing completed: 1 successful, 0 failed
2025-09-19 08:57:43,251 - artist_bio_gen.core.output - INFO - Initialized JSONL output file: /var/folders/8h/pr431kds2h34yqt94fmlf58r0000gn/T/tmpq_lvi0l6/test_output.jsonl
2025-09-19 08:57:43,251 - artist_bio_gen.core.processor - INFO - Initialized streaming JSONL output: /var/folders/8h/pr431kds2h34yqt94fmlf58r0000gn/T/tmpq_lvi0l6/test_output.jsonl
2025-09-19 08:57:43,251 - artist_bio_gen.api.quota - INFO - QuotaMonitor initialized: daily_limit=100, threshold=0.8
2025-09-19 08:57:43,252 - artist_bio_gen.core.processor - INFO - Quota monitoring enabled: daily_limit=100, threshold=0.8
2025-09-19 08:57:43,252 - artist_bio_gen.core.processor - INFO - Starting concurrent processing with 1 workers
2025-09-19 08:57:43,252 - artist_bio_gen.core.processor - INFO - [██████████████████████████████] [  1/  1] (100.0%) [W01] ✅ Test - SUCCESS (0.10s)
2025-09-19 08:57:43,252 - artist_bio_gen.core.processor - INFO - 📊 Concurrent Progress: 1/1 artists processed (100.0%) - Rate: 2267.19 artists/sec - ETA: 0s remaining
2025-09-19 08:57:43,253 - artist_bio_gen.core.processor - INFO - Concurrent processing completed: 1 successful, 0 failed
2025-09-19 08:57:43,253 - artist_bio_gen.core.output - INFO - Initialized JSONL output file: /var/folders/8h/pr431kds2h34yqt94fmlf58r0000gn/T/tmpq_lvi0l6/test_output.jsonl
2025-09-19 08:57:43,253 - artist_bio_gen.core.processor - INFO - Initialized streaming JSONL output: /var/folders/8h/pr431kds2h34yqt94fmlf58r0000gn/T/tmpq_lvi0l6/test_output.jsonl
2025-09-19 08:57:43,254 - artist_bio_gen.api.quota - INFO - QuotaMonitor initialized: daily_limit=1000, threshold=0.8
2025-09-19 08:57:43,254 - artist_bio_gen.core.processor - INFO - Quota monitoring enabled: daily_limit=1000, threshold=0.8
2025-09-19 08:57:43,254 - artist_bio_gen.core.processor - INFO - Starting concurrent processing with 1 workers
2025-09-19 08:57:43,254 - artist_bio_gen.core.processor - INFO - [██████████████████████████████] [  1/  1] (100.0%) [W01] ✅ Test - SUCCESS (0.10s)
2025-09-19 08:57:43,255 - artist_bio_gen.core.processor - INFO - 📊 Concurrent Progress: 1/1 artists processed (100.0%) - Rate: 2716.52 artists/sec - ETA: 0s remaining
2025-09-19 08:57:43,255 - artist_bio_gen.core.processor - INFO - Concurrent processing completed: 1 successful, 0 failed
2025-09-19 08:57:43,255 - artist_bio_gen.core.output - INFO - Initialized JSONL output file: /var/folders/8h/pr431kds2h34yqt94fmlf58r0000gn/T/tmpq_lvi0l6/test_output.jsonl
2025-09-19 08:57:43,255 - artist_bio_gen.core.processor - INFO - Initialized streaming JSONL output: /var/folders/8h/pr431kds2h34yqt94fmlf58r0000gn/T/tmpq_lvi0l6/test_output.jsonl
2025-09-19 08:57:43,256 - artist_bio_gen.api.quota - INFO - QuotaMonitor initialized: daily_limit=10000, threshold=0.8
2025-09-19 08:57:43,256 - artist_bio_gen.core.processor - INFO - Quota monitoring enabled: daily_limit=10000, threshold=0.8
2025-09-19 08:57:43,256 - artist_bio_gen.core.processor - INFO - Starting concurrent processing with 1 workers
2025-09-19 08:57:43,257 - artist_bio_gen.core.processor - INFO - [██████████████████████████████] [  1/  1] (100.0%) [W01] ✅ Test - SUCCESS (0.10s)
2025-09-19 08:57:43,257 - artist_bio_gen.core.processor - INFO - 📊 Concurrent Progress: 1/1 artists processed (100.0%) - Rate: 2241.74 artists/sec - ETA: 0s remaining
2025-09-19 08:57:43,257 - artist_bio_gen.core.processor - INFO - Concurrent processing completed: 1 successful, 0 failed
Test bio
Test bio
Test bio
Test bio
Test bio
Test bio
Test bio
Test bio
ok
test_pause_at_daily_threshold (tests.integration.test_rate_limiting_integration.TestQuotaThresholdTriggering)
Test that processing pauses when daily quota threshold is reached. ... 2025-09-19 08:57:43,258 - artist_bio_gen.core.output - INFO - Initialized JSONL output file: /var/folders/8h/pr431kds2h34yqt94fmlf58r0000gn/T/tmpm_rhbfs0/test_output.jsonl
2025-09-19 08:57:43,258 - artist_bio_gen.core.processor - INFO - Initialized streaming JSONL output: /var/folders/8h/pr431kds2h34yqt94fmlf58r0000gn/T/tmpm_rhbfs0/test_output.jsonl
2025-09-19 08:57:43,259 - artist_bio_gen.api.quota - INFO - QuotaMonitor initialized: daily_limit=10, threshold=0.5
2025-09-19 08:57:43,259 - artist_bio_gen.core.processor - INFO - Quota monitoring enabled: daily_limit=10, threshold=0.5
2025-09-19 08:57:43,259 - artist_bio_gen.core.processor - INFO - Starting concurrent processing with 1 workers
2025-09-19 08:57:43,260 - artist_bio_gen.core.processor - INFO - [█████░░░░░░░░░░░░░░░░░░░░░░░░░] [  1/  6] ( 16.7%) [W01] ✅ Artist 0 - SUCCESS (0.10s)
2025-09-19 08:57:43,261 - artist_bio_gen.core.processor - INFO - 📊 Concurrent Progress: 1/6 artists processed (16.7%) - Rate: 865.88 artists/sec - ETA: 0s remaining
2025-09-19 08:57:43,261 - artist_bio_gen.core.processor - INFO - [██████████░░░░░░░░░░░░░░░░░░░░] [  2/  6] ( 33.3%) [W01] ✅ Artist 1 - SUCCESS (0.10s)
2025-09-19 08:57:43,261 - artist_bio_gen.core.processor - INFO - 📊 Concurrent Progress: 2/6 artists processed (33.3%) - Rate: 4158.95 artists/sec - ETA: 0s remaining
2025-09-19 08:57:43,261 - artist_bio_gen.core.processor - INFO - [███████████████░░░░░░░░░░░░░░░] [  3/  6] ( 50.0%) [W01] ✅ Artist 2 - SUCCESS (0.10s)
2025-09-19 08:57:43,262 - artist_bio_gen.core.processor - INFO - 📊 Concurrent Progress: 3/6 artists processed (50.0%) - Rate: 6300.91 artists/sec - ETA: 0s remaining
2025-09-19 08:57:43,262 - artist_bio_gen.core.processor - INFO - [████████████████████░░░░░░░░░░] [  4/  6] ( 66.7%) [W01] ✅ Artist 3 - SUCCESS (0.10s)
2025-09-19 08:57:43,262 - artist_bio_gen.core.processor - INFO - 📊 Concurrent Progress: 4/6 artists processed (66.7%) - Rate: 8770.11 artists/sec - ETA: 0s remaining
2025-09-19 08:57:43,262 - artist_bio_gen.core.processor - INFO - [█████████████████████████░░░░░] [  5/  6] ( 83.3%) [W01] ✅ Artist 4 - SUCCESS (0.10s)
2025-09-19 08:57:43,263 - artist_bio_gen.core.processor - INFO - 📊 Concurrent Progress: 5/6 artists processed (83.3%) - Rate: 10732.61 artists/sec - ETA: 0s remaining
2025-09-19 08:57:43,263 - artist_bio_gen.core.processor - INFO - [██████████████████████████████] [  6/  6] (100.0%) [W01] ❌ Artist 5 - FAILED (0.00s)
2025-09-19 08:57:43,263 - artist_bio_gen.core.processor - ERROR - [W01] Thread error processing artist 'Artist 5': Concurrent processing error [Exception]: Should not be called after pause
2025-09-19 08:57:43,263 - artist_bio_gen.core.processor - INFO - 📊 Concurrent Progress: 6/6 artists processed (100.0%) - Rate: 8861.21 artists/sec - ETA: 0s remaining
2025-09-19 08:57:43,263 - artist_bio_gen.core.processor - INFO - Concurrent processing completed: 5 successful, 1 failed
Test bio
Test bio
Test bio
Test bio
Test bio
ok
test_auto_resume_functionality (tests.integration.test_rate_limiting_integration.TestResumeTimingMechanisms)
Test that auto-resume works correctly. ... 2025-09-19 08:57:43,264 - artist_bio_gen.api.quota - WARNING - PAUSED: Test pause - Will resume at 2025-09-19 08:57:43.364387
2025-09-19 08:57:43,376 - artist_bio_gen.api.quota - INFO - RESUMED: Auto-resume time reached
ok
test_fixed_duration_fallback (tests.integration.test_rate_limiting_integration.TestResumeTimingMechanisms)
Test fallback to fixed duration when headers don't provide reset time. ... 2025-09-19 08:57:43,377 - artist_bio_gen.api.quota - INFO - QuotaMonitor initialized: daily_limit=100, threshold=0.8
ok
test_resume_from_header_time (tests.integration.test_rate_limiting_integration.TestResumeTimingMechanisms)
Test that resume time is calculated from response headers. ... 2025-09-19 08:57:43,378 - artist_bio_gen.api.quota - INFO - QuotaMonitor initialized: daily_limit=100, threshold=0.8
2025-09-19 08:57:43,379 - artist_bio_gen.api.quota - WARNING - PAUSED: Rate limit 100.0% used - Will resume at 2025-09-19 09:02:43.379373
ok
test_network_error_retry (tests.integration.test_rate_limiting_integration.TestSDKExceptionHandling)
Test retry behavior for network errors. ... ok
test_quota_exception_handling (tests.integration.test_rate_limiting_integration.TestSDKExceptionHandling)
Test handling of quota exhaustion exceptions. ... ok
test_rate_limit_exception_retry (tests.integration.test_rate_limiting_integration.TestSDKExceptionHandling)
Test retry behavior for rate limit exceptions. ... ok
test_server_error_retry (tests.integration.test_rate_limiting_integration.TestSDKExceptionHandling)
Test retry behavior for server errors. ... ok
test_inflight_tasks_complete_during_pause (tests.integration.test_rate_limiting_integration.TestThreadPoolExecutorBehavior)
Test that in-flight tasks complete even when paused. ... 2025-09-19 08:57:43,392 - artist_bio_gen.api.quota - WARNING - PAUSED: Test pause - Manual resume required
ok
test_pause_stops_new_submissions (tests.integration.test_rate_limiting_integration.TestThreadPoolExecutorBehavior)
Test that pause prevents new task submissions. ... 2025-09-19 08:57:43,497 - artist_bio_gen.api.quota - WARNING - PAUSED: Test pause - Manual resume required
ok
test_resume_allows_new_submissions (tests.integration.test_rate_limiting_integration.TestThreadPoolExecutorBehavior)
Test that resume allows new task submissions. ... 2025-09-19 08:57:43,593 - artist_bio_gen.api.quota - WARNING - PAUSED: Initial pause - Manual resume required
2025-09-19 08:57:43,593 - artist_bio_gen.api.quota - INFO - RESUMED: Test resume
ok
test_concurrent_streaming_consistency (tests.integration.test_streaming_integration.TestStreamingIntegration)
Test that concurrent streaming maintains consistency. ... 2025-09-19 08:57:43,598 - artist_bio_gen.core.parser - INFO - Parsed 200 artists from /var/folders/8h/pr431kds2h34yqt94fmlf58r0000gn/T/tmpzhckauid.csv
2025-09-19 08:57:43,599 - artist_bio_gen.core.parser - INFO - Skipped 2 comment/blank/header lines
2025-09-19 08:57:43,600 - artist_bio_gen.core.output - INFO - Initialized JSONL output file: /var/folders/8h/pr431kds2h34yqt94fmlf58r0000gn/T/tmp5lj8b2lg.jsonl
2025-09-19 08:57:43,601 - artist_bio_gen.core.processor - INFO - Initialized streaming JSONL output: /var/folders/8h/pr431kds2h34yqt94fmlf58r0000gn/T/tmp5lj8b2lg.jsonl
2025-09-19 08:57:43,602 - artist_bio_gen.api.quota - INFO - QuotaMonitor initialized: daily_limit=None, threshold=0.8
2025-09-19 08:57:43,603 - artist_bio_gen.core.processor - INFO - Quota monitoring enabled: daily_limit=None, threshold=0.8
2025-09-19 08:57:43,603 - artist_bio_gen.core.processor - INFO - Starting concurrent processing with 8 workers
2025-09-19 08:57:43,608 - artist_bio_gen.core.processor - INFO - [░░░░░░░░░░░░░░░░░░░░░░░░░░░░░░] [  1/200] (  0.5%) [W01] ✅ Integration Artist 0 - SUCCESS (0.10s)
2025-09-19 08:57:43,609 - artist_bio_gen.core.processor - INFO - [░░░░░░░░░░░░░░░░░░░░░░░░░░░░░░] [  2/200] (  1.0%) [W02] ✅ Integration Artist 1 - SUCCESS (0.10s)
2025-09-19 08:57:43,610 - artist_bio_gen.core.processor - INFO - [░░░░░░░░░░░░░░░░░░░░░░░░░░░░░░] [  3/200] (  1.5%) [W03] ✅ Integration Artist 2 - SUCCESS (0.10s)
2025-09-19 08:57:43,611 - artist_bio_gen.core.processor - INFO - [░░░░░░░░░░░░░░░░░░░░░░░░░░░░░░] [  4/200] (  2.0%) [W04] ✅ Integration Artist 3 - SUCCESS (0.10s)
2025-09-19 08:57:43,611 - artist_bio_gen.core.processor - INFO - [░░░░░░░░░░░░░░░░░░░░░░░░░░░░░░] [  5/200] (  2.5%) [W05] ✅ Integration Artist 4 - SUCCESS (0.10s)
2025-09-19 08:57:43,612 - artist_bio_gen.core.processor - INFO - [░░░░░░░░░░░░░░░░░░░░░░░░░░░░░░] [  6/200] (  3.0%) [W06] ✅ Integration Artist 5 - SUCCESS (0.10s)
2025-09-19 08:57:43,613 - artist_bio_gen.core.processor - INFO - [█░░░░░░░░░░░░░░░░░░░░░░░░░░░░░] [  7/200] (  3.5%) [W07] ✅ Integration Artist 6 - SUCCESS (0.10s)
2025-09-19 08:57:43,613 - artist_bio_gen.core.processor - INFO - [█░░░░░░░░░░░░░░░░░░░░░░░░░░░░░] [  8/200] (  4.0%) [W08] ✅ Integration Artist 7 - SUCCESS (0.10s)
2025-09-19 08:57:43,614 - artist_bio_gen.core.processor - INFO - [█░░░░░░░░░░░░░░░░░░░░░░░░░░░░░] [  9/200] (  4.5%) [W01] ✅ Integration Artist 8 - SUCCESS (0.10s)
2025-09-19 08:57:43,614 - artist_bio_gen.core.processor - INFO - [█░░░░░░░░░░░░░░░░░░░░░░░░░░░░░] [ 10/200] (  5.0%) [W03] ✅ Integration Artist 10 - SUCCESS (0.10s)
2025-09-19 08:57:43,614 - artist_bio_gen.core.processor - INFO - [█░░░░░░░░░░░░░░░░░░░░░░░░░░░░░] [ 11/200] (  5.5%) [W02] ✅ Integration Artist 9 - SUCCESS (0.10s)
2025-09-19 08:57:43,615 - artist_bio_gen.core.processor - INFO - [█░░░░░░░░░░░░░░░░░░░░░░░░░░░░░] [ 12/200] (  6.0%) [W05] ✅ Integration Artist 12 - SUCCESS (0.10s)
2025-09-19 08:57:43,615 - artist_bio_gen.core.processor - INFO - [█░░░░░░░░░░░░░░░░░░░░░░░░░░░░░] [ 13/200] (  6.5%) [W08] ✅ Integration Artist 15 - SUCCESS (0.10s)
2025-09-19 08:57:43,615 - artist_bio_gen.core.processor - INFO - [██░░░░░░░░░░░░░░░░░░░░░░░░░░░░] [ 14/200] (  7.0%) [W04] ✅ Integration Artist 11 - SUCCESS (0.10s)
2025-09-19 08:57:43,616 - artist_bio_gen.core.processor - INFO - [██░░░░░░░░░░░░░░░░░░░░░░░░░░░░] [ 15/200] (  7.5%) [W06] ✅ Integration Artist 13 - SUCCESS (0.10s)
2025-09-19 08:57:43,616 - artist_bio_gen.core.processor - INFO - [██░░░░░░░░░░░░░░░░░░░░░░░░░░░░] [ 16/200] (  8.0%) [W07] ✅ Integration Artist 14 - SUCCESS (0.10s)
2025-09-19 08:57:43,616 - artist_bio_gen.core.processor - INFO - [██░░░░░░░░░░░░░░░░░░░░░░░░░░░░] [ 17/200] (  8.5%) [W03] ✅ Integration Artist 18 - SUCCESS (0.10s)
2025-09-19 08:57:43,617 - artist_bio_gen.core.processor - INFO - [██░░░░░░░░░░░░░░░░░░░░░░░░░░░░] [ 18/200] (  9.0%) [W01] ✅ Integration Artist 16 - SUCCESS (0.10s)
2025-09-19 08:57:43,617 - artist_bio_gen.core.processor - INFO - [██░░░░░░░░░░░░░░░░░░░░░░░░░░░░] [ 19/200] (  9.5%) [W05] ✅ Integration Artist 20 - SUCCESS (0.10s)
2025-09-19 08:57:43,617 - artist_bio_gen.core.processor - INFO - [███░░░░░░░░░░░░░░░░░░░░░░░░░░░] [ 20/200] ( 10.0%) [W02] ✅ Integration Artist 17 - SUCCESS (0.10s)
2025-09-19 08:57:43,618 - artist_bio_gen.core.processor - INFO - 📊 Concurrent Progress: 20/200 artists processed (10.0%) - Rate: 1419.73 artists/sec - ETA: 0s remaining
2025-09-19 08:57:43,618 - artist_bio_gen.core.processor - INFO - [███░░░░░░░░░░░░░░░░░░░░░░░░░░░] [ 21/200] ( 10.5%) [W04] ✅ Integration Artist 19 - SUCCESS (0.10s)
2025-09-19 08:57:43,619 - artist_bio_gen.core.processor - INFO - [███░░░░░░░░░░░░░░░░░░░░░░░░░░░] [ 22/200] ( 11.0%) [W06] ✅ Integration Artist 21 - SUCCESS (0.10s)
2025-09-19 08:57:43,619 - artist_bio_gen.core.processor - INFO - [███░░░░░░░░░░░░░░░░░░░░░░░░░░░] [ 23/200] ( 11.5%) [W07] ✅ Integration Artist 22 - SUCCESS (0.10s)
2025-09-19 08:57:43,619 - artist_bio_gen.core.processor - INFO - [███░░░░░░░░░░░░░░░░░░░░░░░░░░░] [ 24/200] ( 12.0%) [W08] ✅ Integration Artist 23 - SUCCESS (0.10s)
2025-09-19 08:57:43,620 - artist_bio_gen.core.processor - INFO - [███░░░░░░░░░░░░░░░░░░░░░░░░░░░] [ 25/200] ( 12.5%) [W01] ✅ Integration Artist 24 - SUCCESS (0.10s)
2025-09-19 08:57:43,620 - artist_bio_gen.core.processor - INFO - [███░░░░░░░░░░░░░░░░░░░░░░░░░░░] [ 26/200] ( 13.0%) [W05] ✅ Integration Artist 28 - SUCCESS (0.10s)
2025-09-19 08:57:43,620 - artist_bio_gen.core.processor - INFO - [████░░░░░░░░░░░░░░░░░░░░░░░░░░] [ 27/200] ( 13.5%) [W03] ✅ Integration Artist 26 - SUCCESS (0.10s)
2025-09-19 08:57:43,621 - artist_bio_gen.core.processor - INFO - [████░░░░░░░░░░░░░░░░░░░░░░░░░░] [ 28/200] ( 14.0%) [W06] ✅ Integration Artist 29 - SUCCESS (0.10s)
2025-09-19 08:57:43,621 - artist_bio_gen.core.processor - INFO - [████░░░░░░░░░░░░░░░░░░░░░░░░░░] [ 29/200] ( 14.5%) [W08] ✅ Integration Artist 31 - SUCCESS (0.10s)
2025-09-19 08:57:43,621 - artist_bio_gen.core.processor - INFO - [████░░░░░░░░░░░░░░░░░░░░░░░░░░] [ 30/200] ( 15.0%) [W02] ✅ Integration Artist 25 - SUCCESS (0.10s)
2025-09-19 08:57:43,622 - artist_bio_gen.core.processor - INFO - [████░░░░░░░░░░░░░░░░░░░░░░░░░░] [ 31/200] ( 15.5%) [W07] ✅ Integration Artist 30 - SUCCESS (0.10s)
2025-09-19 08:57:43,622 - artist_bio_gen.core.processor - INFO - [████░░░░░░░░░░░░░░░░░░░░░░░░░░] [ 32/200] ( 16.0%) [W04] ✅ Integration Artist 27 - SUCCESS (0.10s)
2025-09-19 08:57:43,622 - artist_bio_gen.core.processor - INFO - [████░░░░░░░░░░░░░░░░░░░░░░░░░░] [ 33/200] ( 16.5%) [W01] ✅ Integration Artist 32 - SUCCESS (0.10s)
2025-09-19 08:57:43,623 - artist_bio_gen.core.processor - INFO - [█████░░░░░░░░░░░░░░░░░░░░░░░░░] [ 34/200] ( 17.0%) [W03] ✅ Integration Artist 34 - SUCCESS (0.10s)
2025-09-19 08:57:43,623 - artist_bio_gen.core.processor - INFO - [█████░░░░░░░░░░░░░░░░░░░░░░░░░] [ 35/200] ( 17.5%) [W05] ✅ Integration Artist 36 - SUCCESS (0.10s)
2025-09-19 08:57:43,623 - artist_bio_gen.core.processor - INFO - [█████░░░░░░░░░░░░░░░░░░░░░░░░░] [ 36/200] ( 18.0%) [W07] ✅ Integration Artist 38 - SUCCESS (0.10s)
2025-09-19 08:57:43,623 - artist_bio_gen.core.processor - INFO - [█████░░░░░░░░░░░░░░░░░░░░░░░░░] [ 37/200] ( 18.5%) [W02] ✅ Integration Artist 33 - SUCCESS (0.10s)
2025-09-19 08:57:43,624 - artist_bio_gen.core.processor - INFO - [█████░░░░░░░░░░░░░░░░░░░░░░░░░] [ 38/200] ( 19.0%) [W04] ✅ Integration Artist 35 - SUCCESS (0.10s)
2025-09-19 08:57:43,624 - artist_bio_gen.core.processor - INFO - [█████░░░░░░░░░░░░░░░░░░░░░░░░░] [ 39/200] ( 19.5%) [W08] ✅ Integration Artist 39 - SUCCESS (0.10s)
2025-09-19 08:57:43,624 - artist_bio_gen.core.processor - INFO - [██████░░░░░░░░░░░░░░░░░░░░░░░░] [ 40/200] ( 20.0%) [W06] ✅ Integration Artist 37 - SUCCESS (0.10s)
2025-09-19 08:57:43,625 - artist_bio_gen.core.processor - INFO - 📊 Concurrent Progress: 40/200 artists processed (20.0%) - Rate: 5831.90 artists/sec - ETA: 0s remaining
2025-09-19 08:57:43,625 - artist_bio_gen.core.processor - INFO - [██████░░░░░░░░░░░░░░░░░░░░░░░░] [ 41/200] ( 20.5%) [W01] ✅ Integration Artist 40 - SUCCESS (0.10s)
2025-09-19 08:57:43,625 - artist_bio_gen.core.processor - INFO - [██████░░░░░░░░░░░░░░░░░░░░░░░░] [ 42/200] ( 21.0%) [W03] ✅ Integration Artist 42 - SUCCESS (0.10s)
2025-09-19 08:57:43,626 - artist_bio_gen.core.processor - INFO - [██████░░░░░░░░░░░░░░░░░░░░░░░░] [ 43/200] ( 21.5%) [W05] ✅ Integration Artist 44 - SUCCESS (0.10s)
2025-09-19 08:57:43,626 - artist_bio_gen.core.processor - INFO - [██████░░░░░░░░░░░░░░░░░░░░░░░░] [ 44/200] ( 22.0%) [W08] ✅ Integration Artist 47 - SUCCESS (0.10s)
2025-09-19 08:57:43,626 - artist_bio_gen.core.processor - INFO - [██████░░░░░░░░░░░░░░░░░░░░░░░░] [ 45/200] ( 22.5%) [W02] ✅ Integration Artist 41 - SUCCESS (0.10s)
2025-09-19 08:57:43,627 - artist_bio_gen.core.processor - INFO - [██████░░░░░░░░░░░░░░░░░░░░░░░░] [ 46/200] ( 23.0%) [W07] ✅ Integration Artist 46 - SUCCESS (0.10s)
2025-09-19 08:57:43,627 - artist_bio_gen.core.processor - INFO - [███████░░░░░░░░░░░░░░░░░░░░░░░] [ 47/200] ( 23.5%) [W06] ✅ Integration Artist 45 - SUCCESS (0.10s)
2025-09-19 08:57:43,627 - artist_bio_gen.core.processor - INFO - [███████░░░░░░░░░░░░░░░░░░░░░░░] [ 48/200] ( 24.0%) [W04] ✅ Integration Artist 43 - SUCCESS (0.10s)
2025-09-19 08:57:43,628 - artist_bio_gen.core.processor - INFO - [███████░░░░░░░░░░░░░░░░░░░░░░░] [ 49/200] ( 24.5%) [W01] ✅ Integration Artist 48 - SUCCESS (0.10s)
2025-09-19 08:57:43,628 - artist_bio_gen.core.processor - INFO - [███████░░░░░░░░░░░░░░░░░░░░░░░] [ 50/200] ( 25.0%) [W03] ✅ Integration Artist 50 - SUCCESS (0.10s)
2025-09-19 08:57:43,628 - artist_bio_gen.core.processor - INFO - [███████░░░░░░░░░░░░░░░░░░░░░░░] [ 51/200] ( 25.5%) [W05] ✅ Integration Artist 52 - SUCCESS (0.10s)
2025-09-19 08:57:43,629 - artist_bio_gen.core.processor - INFO - [███████░░░░░░░░░░░░░░░░░░░░░░░] [ 52/200] ( 26.0%) [W07] ✅ Integration Artist 54 - SUCCESS (0.10s)
2025-09-19 08:57:43,629 - artist_bio_gen.core.processor - INFO - [███████░░░░░░░░░░░░░░░░░░░░░░░] [ 53/200] ( 26.5%) [W04] ✅ Integration Artist 51 - SUCCESS (0.10s)
2025-09-19 08:57:43,630 - artist_bio_gen.core.processor - INFO - [████████░░░░░░░░░░░░░░░░░░░░░░] [ 54/200] ( 27.0%) [W02] ✅ Integration Artist 49 - SUCCESS (0.10s)
2025-09-19 08:57:43,630 - artist_bio_gen.core.processor - INFO - [████████░░░░░░░░░░░░░░░░░░░░░░] [ 55/200] ( 27.5%) [W06] ✅ Integration Artist 53 - SUCCESS (0.10s)
2025-09-19 08:57:43,630 - artist_bio_gen.core.processor - INFO - [████████░░░░░░░░░░░░░░░░░░░░░░] [ 56/200] ( 28.0%) [W08] ✅ Integration Artist 55 - SUCCESS (0.10s)
2025-09-19 08:57:43,631 - artist_bio_gen.core.processor - INFO - [████████░░░░░░░░░░░░░░░░░░░░░░] [ 57/200] ( 28.5%) [W01] ✅ Integration Artist 56 - SUCCESS (0.10s)
2025-09-19 08:57:43,631 - artist_bio_gen.core.processor - INFO - [████████░░░░░░░░░░░░░░░░░░░░░░] [ 58/200] ( 29.0%) [W07] ✅ Integration Artist 62 - SUCCESS (0.10s)
2025-09-19 08:57:43,632 - artist_bio_gen.core.processor - INFO - [████████░░░░░░░░░░░░░░░░░░░░░░] [ 59/200] ( 29.5%) [W05] ✅ Integration Artist 60 - SUCCESS (0.10s)
2025-09-19 08:57:43,632 - artist_bio_gen.core.processor - INFO - [█████████░░░░░░░░░░░░░░░░░░░░░] [ 60/200] ( 30.0%) [W03] ✅ Integration Artist 58 - SUCCESS (0.10s)
2025-09-19 08:57:43,633 - artist_bio_gen.core.processor - INFO - 📊 Concurrent Progress: 60/200 artists processed (30.0%) - Rate: 7390.84 artists/sec - ETA: 0s remaining
2025-09-19 08:57:43,633 - artist_bio_gen.core.processor - INFO - [█████████░░░░░░░░░░░░░░░░░░░░░] [ 61/200] ( 30.5%) [W02] ✅ Integration Artist 57 - SUCCESS (0.10s)
2025-09-19 08:57:43,633 - artist_bio_gen.core.processor - INFO - [█████████░░░░░░░░░░░░░░░░░░░░░] [ 62/200] ( 31.0%) [W04] ✅ Integration Artist 59 - SUCCESS (0.10s)
2025-09-19 08:57:43,634 - artist_bio_gen.core.processor - INFO - [█████████░░░░░░░░░░░░░░░░░░░░░] [ 63/200] ( 31.5%) [W06] ✅ Integration Artist 61 - SUCCESS (0.10s)
2025-09-19 08:57:43,634 - artist_bio_gen.core.processor - INFO - [█████████░░░░░░░░░░░░░░░░░░░░░] [ 64/200] ( 32.0%) [W08] ✅ Integration Artist 63 - SUCCESS (0.10s)
2025-09-19 08:57:43,635 - artist_bio_gen.core.processor - INFO - [█████████░░░░░░░░░░░░░░░░░░░░░] [ 65/200] ( 32.5%) [W01] ✅ Integration Artist 64 - SUCCESS (0.10s)
2025-09-19 08:57:43,635 - artist_bio_gen.core.processor - INFO - [█████████░░░░░░░░░░░░░░░░░░░░░] [ 66/200] ( 33.0%) [W03] ✅ Integration Artist 66 - SUCCESS (0.10s)
2025-09-19 08:57:43,636 - artist_bio_gen.core.processor - INFO - [██████████░░░░░░░░░░░░░░░░░░░░] [ 67/200] ( 33.5%) [W05] ✅ Integration Artist 68 - SUCCESS (0.10s)
2025-09-19 08:57:43,636 - artist_bio_gen.core.processor - INFO - [██████████░░░░░░░░░░░░░░░░░░░░] [ 68/200] ( 34.0%) [W07] ✅ Integration Artist 70 - SUCCESS (0.10s)
2025-09-19 08:57:43,637 - artist_bio_gen.core.processor - INFO - [██████████░░░░░░░░░░░░░░░░░░░░] [ 69/200] ( 34.5%) [W02] ✅ Integration Artist 65 - SUCCESS (0.10s)
2025-09-19 08:57:43,637 - artist_bio_gen.core.processor - INFO - [██████████░░░░░░░░░░░░░░░░░░░░] [ 70/200] ( 35.0%) [W04] ✅ Integration Artist 67 - SUCCESS (0.10s)
2025-09-19 08:57:43,638 - artist_bio_gen.core.processor - INFO - [██████████░░░░░░░░░░░░░░░░░░░░] [ 71/200] ( 35.5%) [W06] ✅ Integration Artist 69 - SUCCESS (0.10s)
2025-09-19 08:57:43,638 - artist_bio_gen.core.processor - INFO - [██████████░░░░░░░░░░░░░░░░░░░░] [ 72/200] ( 36.0%) [W08] ✅ Integration Artist 71 - SUCCESS (0.10s)
2025-09-19 08:57:43,639 - artist_bio_gen.core.processor - INFO - [██████████░░░░░░░░░░░░░░░░░░░░] [ 73/200] ( 36.5%) [W01] ✅ Integration Artist 72 - SUCCESS (0.10s)
2025-09-19 08:57:43,639 - artist_bio_gen.core.processor - INFO - [███████████░░░░░░░░░░░░░░░░░░░] [ 74/200] ( 37.0%) [W03] ✅ Integration Artist 74 - SUCCESS (0.10s)
2025-09-19 08:57:43,640 - artist_bio_gen.core.processor - INFO - [███████████░░░░░░░░░░░░░░░░░░░] [ 75/200] ( 37.5%) [W05] ✅ Integration Artist 76 - SUCCESS (0.10s)
2025-09-19 08:57:43,640 - artist_bio_gen.core.processor - INFO - [███████████░░░░░░░░░░░░░░░░░░░] [ 76/200] ( 38.0%) [W02] ✅ Integration Artist 73 - SUCCESS (0.10s)
2025-09-19 08:57:43,640 - artist_bio_gen.core.processor - INFO - [███████████░░░░░░░░░░░░░░░░░░░] [ 77/200] ( 38.5%) [W04] ✅ Integration Artist 75 - SUCCESS (0.10s)
2025-09-19 08:57:43,641 - artist_bio_gen.core.processor - INFO - [███████████░░░░░░░░░░░░░░░░░░░] [ 78/200] ( 39.0%) [W06] ✅ Integration Artist 77 - SUCCESS (0.10s)
2025-09-19 08:57:43,641 - artist_bio_gen.core.processor - INFO - [███████████░░░░░░░░░░░░░░░░░░░] [ 79/200] ( 39.5%) [W07] ✅ Integration Artist 78 - SUCCESS (0.10s)
2025-09-19 08:57:43,642 - artist_bio_gen.core.processor - INFO - [████████████░░░░░░░░░░░░░░░░░░] [ 80/200] ( 40.0%) [W08] ✅ Integration Artist 79 - SUCCESS (0.10s)
2025-09-19 08:57:43,642 - artist_bio_gen.core.processor - INFO - 📊 Concurrent Progress: 80/200 artists processed (40.0%) - Rate: 8694.89 artists/sec - ETA: 0s remaining
2025-09-19 08:57:43,642 - artist_bio_gen.core.processor - INFO - [████████████░░░░░░░░░░░░░░░░░░] [ 81/200] ( 40.5%) [W01] ✅ Integration Artist 80 - SUCCESS (0.10s)
2025-09-19 08:57:43,643 - artist_bio_gen.core.processor - INFO - [████████████░░░░░░░░░░░░░░░░░░] [ 82/200] ( 41.0%) [W03] ✅ Integration Artist 82 - SUCCESS (0.10s)
2025-09-19 08:57:43,643 - artist_bio_gen.core.processor - INFO - [████████████░░░░░░░░░░░░░░░░░░] [ 83/200] ( 41.5%) [W05] ✅ Integration Artist 84 - SUCCESS (0.10s)
2025-09-19 08:57:43,644 - artist_bio_gen.core.processor - INFO - [████████████░░░░░░░░░░░░░░░░░░] [ 84/200] ( 42.0%) [W07] ✅ Integration Artist 86 - SUCCESS (0.10s)
2025-09-19 08:57:43,644 - artist_bio_gen.core.processor - INFO - [████████████░░░░░░░░░░░░░░░░░░] [ 85/200] ( 42.5%) [W02] ✅ Integration Artist 81 - SUCCESS (0.10s)
2025-09-19 08:57:43,644 - artist_bio_gen.core.processor - INFO - [████████████░░░░░░░░░░░░░░░░░░] [ 86/200] ( 43.0%) [W06] ✅ Integration Artist 85 - SUCCESS (0.10s)
2025-09-19 08:57:43,645 - artist_bio_gen.core.processor - INFO - [█████████████░░░░░░░░░░░░░░░░░] [ 87/200] ( 43.5%) [W04] ✅ Integration Artist 83 - SUCCESS (0.10s)
2025-09-19 08:57:43,645 - artist_bio_gen.core.processor - INFO - [█████████████░░░░░░░░░░░░░░░░░] [ 88/200] ( 44.0%) [W08] ✅ Integration Artist 87 - SUCCESS (0.10s)
2025-09-19 08:57:43,645 - artist_bio_gen.core.processor - INFO - [█████████████░░░░░░░░░░░░░░░░░] [ 89/200] ( 44.5%) [W01] ✅ Integration Artist 88 - SUCCESS (0.10s)
2025-09-19 08:57:43,646 - artist_bio_gen.core.processor - INFO - [█████████████░░░░░░░░░░░░░░░░░] [ 90/200] ( 45.0%) [W03] ✅ Integration Artist 90 - SUCCESS (0.10s)
2025-09-19 08:57:43,646 - artist_bio_gen.core.processor - INFO - [█████████████░░░░░░░░░░░░░░░░░] [ 91/200] ( 45.5%) [W05] ✅ Integration Artist 92 - SUCCESS (0.10s)
2025-09-19 08:57:43,646 - artist_bio_gen.core.processor - INFO - [█████████████░░░░░░░░░░░░░░░░░] [ 92/200] ( 46.0%) [W07] ✅ Integration Artist 94 - SUCCESS (0.10s)
2025-09-19 08:57:43,647 - artist_bio_gen.core.processor - INFO - [█████████████░░░░░░░░░░░░░░░░░] [ 93/200] ( 46.5%) [W02] ✅ Integration Artist 89 - SUCCESS (0.10s)
2025-09-19 08:57:43,647 - artist_bio_gen.core.processor - INFO - [██████████████░░░░░░░░░░░░░░░░] [ 94/200] ( 47.0%) [W06] ✅ Integration Artist 93 - SUCCESS (0.10s)
2025-09-19 08:57:43,647 - artist_bio_gen.core.processor - INFO - [██████████████░░░░░░░░░░░░░░░░] [ 95/200] ( 47.5%) [W08] ✅ Integration Artist 95 - SUCCESS (0.10s)
2025-09-19 08:57:43,648 - artist_bio_gen.core.processor - INFO - [██████████████░░░░░░░░░░░░░░░░] [ 96/200] ( 48.0%) [W04] ✅ Integration Artist 91 - SUCCESS (0.10s)
2025-09-19 08:57:43,648 - artist_bio_gen.core.processor - INFO - [██████████████░░░░░░░░░░░░░░░░] [ 97/200] ( 48.5%) [W01] ✅ Integration Artist 96 - SUCCESS (0.10s)
2025-09-19 08:57:43,648 - artist_bio_gen.core.processor - INFO - [██████████████░░░░░░░░░░░░░░░░] [ 98/200] ( 49.0%) [W03] ✅ Integration Artist 98 - SUCCESS (0.10s)
2025-09-19 08:57:43,649 - artist_bio_gen.core.processor - INFO - [██████████████░░░░░░░░░░░░░░░░] [ 99/200] ( 49.5%) [W05] ✅ Integration Artist 100 - SUCCESS (0.10s)
2025-09-19 08:57:43,649 - artist_bio_gen.core.processor - INFO - [███████████████░░░░░░░░░░░░░░░] [100/200] ( 50.0%) [W02] ✅ Integration Artist 97 - SUCCESS (0.10s)
2025-09-19 08:57:43,649 - artist_bio_gen.core.processor - INFO - 📊 Concurrent Progress: 100/200 artists processed (50.0%) - Rate: 14035.28 artists/sec - ETA: 0s remaining
2025-09-19 08:57:43,649 - artist_bio_gen.core.processor - INFO - [███████████████░░░░░░░░░░░░░░░] [101/200] ( 50.5%) [W04] ✅ Integration Artist 99 - SUCCESS (0.10s)
2025-09-19 08:57:43,650 - artist_bio_gen.core.processor - INFO - [███████████████░░░░░░░░░░░░░░░] [102/200] ( 51.0%) [W06] ✅ Integration Artist 101 - SUCCESS (0.10s)
2025-09-19 08:57:43,650 - artist_bio_gen.core.processor - INFO - [███████████████░░░░░░░░░░░░░░░] [103/200] ( 51.5%) [W08] ✅ Integration Artist 103 - SUCCESS (0.10s)
2025-09-19 08:57:43,650 - artist_bio_gen.core.processor - INFO - [███████████████░░░░░░░░░░░░░░░] [104/200] ( 52.0%) [W07] ✅ Integration Artist 102 - SUCCESS (0.10s)
2025-09-19 08:57:43,651 - artist_bio_gen.core.processor - INFO - [███████████████░░░░░░░░░░░░░░░] [105/200] ( 52.5%) [W01] ✅ Integration Artist 104 - SUCCESS (0.10s)
2025-09-19 08:57:43,651 - artist_bio_gen.core.processor - INFO - [███████████████░░░░░░░░░░░░░░░] [106/200] ( 53.0%) [W03] ✅ Integration Artist 106 - SUCCESS (0.10s)
2025-09-19 08:57:43,651 - artist_bio_gen.core.processor - INFO - [████████████████░░░░░░░░░░░░░░] [107/200] ( 53.5%) [W05] ✅ Integration Artist 108 - SUCCESS (0.10s)
2025-09-19 08:57:43,651 - artist_bio_gen.core.processor - INFO - [████████████████░░░░░░░░░░░░░░] [108/200] ( 54.0%) [W07] ✅ Integration Artist 110 - SUCCESS (0.10s)
2025-09-19 08:57:43,652 - artist_bio_gen.core.processor - INFO - [████████████████░░░░░░░░░░░░░░] [109/200] ( 54.5%) [W02] ✅ Integration Artist 105 - SUCCESS (0.10s)
2025-09-19 08:57:43,652 - artist_bio_gen.core.processor - INFO - [████████████████░░░░░░░░░░░░░░] [110/200] ( 55.0%) [W04] ✅ Integration Artist 107 - SUCCESS (0.10s)
2025-09-19 08:57:43,652 - artist_bio_gen.core.processor - INFO - [████████████████░░░░░░░░░░░░░░] [111/200] ( 55.5%) [W06] ✅ Integration Artist 109 - SUCCESS (0.10s)
2025-09-19 08:57:43,653 - artist_bio_gen.core.processor - INFO - [████████████████░░░░░░░░░░░░░░] [112/200] ( 56.0%) [W08] ✅ Integration Artist 111 - SUCCESS (0.10s)
2025-09-19 08:57:43,653 - artist_bio_gen.core.processor - INFO - [████████████████░░░░░░░░░░░░░░] [113/200] ( 56.5%) [W01] ✅ Integration Artist 112 - SUCCESS (0.10s)
2025-09-19 08:57:43,653 - artist_bio_gen.core.processor - INFO - [█████████████████░░░░░░░░░░░░░] [114/200] ( 57.0%) [W05] ✅ Integration Artist 116 - SUCCESS (0.10s)
2025-09-19 08:57:43,654 - artist_bio_gen.core.processor - INFO - [█████████████████░░░░░░░░░░░░░] [115/200] ( 57.5%) [W07] ✅ Integration Artist 118 - SUCCESS (0.10s)
2025-09-19 08:57:43,654 - artist_bio_gen.core.processor - INFO - [█████████████████░░░░░░░░░░░░░] [116/200] ( 58.0%) [W03] ✅ Integration Artist 114 - SUCCESS (0.10s)
2025-09-19 08:57:43,655 - artist_bio_gen.core.processor - INFO - [█████████████████░░░░░░░░░░░░░] [117/200] ( 58.5%) [W02] ✅ Integration Artist 113 - SUCCESS (0.10s)
2025-09-19 08:57:43,655 - artist_bio_gen.core.processor - INFO - [█████████████████░░░░░░░░░░░░░] [118/200] ( 59.0%) [W04] ✅ Integration Artist 115 - SUCCESS (0.10s)
2025-09-19 08:57:43,655 - artist_bio_gen.core.processor - INFO - [█████████████████░░░░░░░░░░░░░] [119/200] ( 59.5%) [W08] ✅ Integration Artist 119 - SUCCESS (0.10s)
2025-09-19 08:57:43,655 - artist_bio_gen.core.processor - INFO - [██████████████████░░░░░░░░░░░░] [120/200] ( 60.0%) [W06] ✅ Integration Artist 117 - SUCCESS (0.10s)
2025-09-19 08:57:43,656 - artist_bio_gen.core.processor - INFO - 📊 Concurrent Progress: 120/200 artists processed (60.0%) - Rate: 18348.46 artists/sec - ETA: 0s remaining
2025-09-19 08:57:43,656 - artist_bio_gen.core.processor - INFO - [██████████████████░░░░░░░░░░░░] [121/200] ( 60.5%) [W01] ✅ Integration Artist 120 - SUCCESS (0.10s)
2025-09-19 08:57:43,656 - artist_bio_gen.core.processor - INFO - [██████████████████░░░░░░░░░░░░] [122/200] ( 61.0%) [W08] ✅ Integration Artist 127 - SUCCESS (0.10s)
2025-09-19 08:57:43,656 - artist_bio_gen.core.processor - INFO - [██████████████████░░░░░░░░░░░░] [123/200] ( 61.5%) [W05] ✅ Integration Artist 124 - SUCCESS (0.10s)
2025-09-19 08:57:43,657 - artist_bio_gen.core.processor - INFO - [██████████████████░░░░░░░░░░░░] [124/200] ( 62.0%) [W04] ✅ Integration Artist 123 - SUCCESS (0.10s)
2025-09-19 08:57:43,657 - artist_bio_gen.core.processor - INFO - [██████████████████░░░░░░░░░░░░] [125/200] ( 62.5%) [W02] ✅ Integration Artist 121 - SUCCESS (0.10s)
2025-09-19 08:57:43,657 - artist_bio_gen.core.processor - INFO - [██████████████████░░░░░░░░░░░░] [126/200] ( 63.0%) [W06] ✅ Integration Artist 125 - SUCCESS (0.10s)
2025-09-19 08:57:43,658 - artist_bio_gen.core.processor - INFO - [███████████████████░░░░░░░░░░░] [127/200] ( 63.5%) [W07] ✅ Integration Artist 126 - SUCCESS (0.10s)
2025-09-19 08:57:43,658 - artist_bio_gen.core.processor - INFO - [███████████████████░░░░░░░░░░░] [128/200] ( 64.0%) [W03] ✅ Integration Artist 122 - SUCCESS (0.10s)
2025-09-19 08:57:43,658 - artist_bio_gen.core.processor - INFO - [███████████████████░░░░░░░░░░░] [129/200] ( 64.5%) [W04] ✅ Integration Artist 131 - SUCCESS (0.10s)
2025-09-19 08:57:43,658 - artist_bio_gen.core.processor - INFO - [███████████████████░░░░░░░░░░░] [130/200] ( 65.0%) [W02] ✅ Integration Artist 129 - SUCCESS (0.10s)
2025-09-19 08:57:43,659 - artist_bio_gen.core.processor - INFO - [███████████████████░░░░░░░░░░░] [131/200] ( 65.5%) [W06] ✅ Integration Artist 133 - SUCCESS (0.10s)
2025-09-19 08:57:43,659 - artist_bio_gen.core.processor - INFO - [███████████████████░░░░░░░░░░░] [132/200] ( 66.0%) [W08] ✅ Integration Artist 135 - SUCCESS (0.10s)
2025-09-19 08:57:43,659 - artist_bio_gen.core.processor - INFO - [███████████████████░░░░░░░░░░░] [133/200] ( 66.5%) [W01] ✅ Integration Artist 128 - SUCCESS (0.10s)
2025-09-19 08:57:43,660 - artist_bio_gen.core.processor - INFO - [████████████████████░░░░░░░░░░] [134/200] ( 67.0%) [W03] ✅ Integration Artist 130 - SUCCESS (0.10s)
2025-09-19 08:57:43,660 - artist_bio_gen.core.processor - INFO - [████████████████████░░░░░░░░░░] [135/200] ( 67.5%) [W07] ✅ Integration Artist 134 - SUCCESS (0.10s)
2025-09-19 08:57:43,660 - artist_bio_gen.core.processor - INFO - [████████████████████░░░░░░░░░░] [136/200] ( 68.0%) [W05] ✅ Integration Artist 132 - SUCCESS (0.10s)
2025-09-19 08:57:43,660 - artist_bio_gen.core.processor - INFO - [████████████████████░░░░░░░░░░] [137/200] ( 68.5%) [W01] ✅ Integration Artist 136 - SUCCESS (0.10s)
2025-09-19 08:57:43,661 - artist_bio_gen.core.processor - INFO - [████████████████████░░░░░░░░░░] [138/200] ( 69.0%) [W02] ✅ Integration Artist 137 - SUCCESS (0.10s)
2025-09-19 08:57:43,661 - artist_bio_gen.core.processor - INFO - [████████████████████░░░░░░░░░░] [139/200] ( 69.5%) [W04] ✅ Integration Artist 139 - SUCCESS (0.10s)
2025-09-19 08:57:43,661 - artist_bio_gen.core.processor - INFO - [█████████████████████░░░░░░░░░] [140/200] ( 70.0%) [W08] ✅ Integration Artist 143 - SUCCESS (0.10s)
2025-09-19 08:57:43,661 - artist_bio_gen.core.processor - INFO - 📊 Concurrent Progress: 140/200 artists processed (70.0%) - Rate: 23709.07 artists/sec - ETA: 0s remaining
2025-09-19 08:57:43,662 - artist_bio_gen.core.processor - INFO - [█████████████████████░░░░░░░░░] [141/200] ( 70.5%) [W03] ✅ Integration Artist 138 - SUCCESS (0.10s)
2025-09-19 08:57:43,662 - artist_bio_gen.core.processor - INFO - [█████████████████████░░░░░░░░░] [142/200] ( 71.0%) [W05] ✅ Integration Artist 140 - SUCCESS (0.10s)
2025-09-19 08:57:43,662 - artist_bio_gen.core.processor - INFO - [█████████████████████░░░░░░░░░] [143/200] ( 71.5%) [W06] ✅ Integration Artist 141 - SUCCESS (0.10s)
2025-09-19 08:57:43,663 - artist_bio_gen.core.processor - INFO - [█████████████████████░░░░░░░░░] [144/200] ( 72.0%) [W07] ✅ Integration Artist 142 - SUCCESS (0.10s)
2025-09-19 08:57:43,663 - artist_bio_gen.core.processor - INFO - [█████████████████████░░░░░░░░░] [145/200] ( 72.5%) [W02] ✅ Integration Artist 145 - SUCCESS (0.10s)
2025-09-19 08:57:43,663 - artist_bio_gen.core.processor - INFO - [█████████████████████░░░░░░░░░] [146/200] ( 73.0%) [W06] ✅ Integration Artist 149 - SUCCESS (0.10s)
2025-09-19 08:57:43,664 - artist_bio_gen.core.processor - INFO - [██████████████████████░░░░░░░░] [147/200] ( 73.5%) [W08] ✅ Integration Artist 151 - SUCCESS (0.10s)
2025-09-19 08:57:43,664 - artist_bio_gen.core.processor - INFO - [██████████████████████░░░░░░░░] [148/200] ( 74.0%) [W04] ✅ Integration Artist 147 - SUCCESS (0.10s)
2025-09-19 08:57:43,664 - artist_bio_gen.core.processor - INFO - [██████████████████████░░░░░░░░] [149/200] ( 74.5%) [W03] ✅ Integration Artist 146 - SUCCESS (0.10s)
2025-09-19 08:57:43,664 - artist_bio_gen.core.processor - INFO - [██████████████████████░░░░░░░░] [150/200] ( 75.0%) [W05] ✅ Integration Artist 148 - SUCCESS (0.10s)
2025-09-19 08:57:43,665 - artist_bio_gen.core.processor - INFO - [██████████████████████░░░░░░░░] [151/200] ( 75.5%) [W07] ✅ Integration Artist 150 - SUCCESS (0.10s)
2025-09-19 08:57:43,665 - artist_bio_gen.core.processor - INFO - [██████████████████████░░░░░░░░] [152/200] ( 76.0%) [W01] ✅ Integration Artist 144 - SUCCESS (0.10s)
2025-09-19 08:57:43,665 - artist_bio_gen.core.processor - INFO - [██████████████████████░░░░░░░░] [153/200] ( 76.5%) [W01] ✅ Integration Artist 152 - SUCCESS (0.10s)
2025-09-19 08:57:43,665 - artist_bio_gen.core.processor - INFO - [███████████████████████░░░░░░░] [154/200] ( 77.0%) [W04] ✅ Integration Artist 155 - SUCCESS (0.10s)
2025-09-19 08:57:43,666 - artist_bio_gen.core.processor - INFO - [███████████████████████░░░░░░░] [155/200] ( 77.5%) [W06] ✅ Integration Artist 157 - SUCCESS (0.10s)
2025-09-19 08:57:43,666 - artist_bio_gen.core.processor - INFO - [███████████████████████░░░░░░░] [156/200] ( 78.0%) [W08] ✅ Integration Artist 159 - SUCCESS (0.10s)
2025-09-19 08:57:43,666 - artist_bio_gen.core.processor - INFO - [███████████████████████░░░░░░░] [157/200] ( 78.5%) [W02] ✅ Integration Artist 153 - SUCCESS (0.10s)
2025-09-19 08:57:43,666 - artist_bio_gen.core.processor - INFO - [███████████████████████░░░░░░░] [158/200] ( 79.0%) [W05] ✅ Integration Artist 156 - SUCCESS (0.10s)
2025-09-19 08:57:43,667 - artist_bio_gen.core.processor - INFO - [███████████████████████░░░░░░░] [159/200] ( 79.5%) [W03] ✅ Integration Artist 154 - SUCCESS (0.10s)
2025-09-19 08:57:43,667 - artist_bio_gen.core.processor - INFO - [████████████████████████░░░░░░] [160/200] ( 80.0%) [W07] ✅ Integration Artist 158 - SUCCESS (0.10s)
2025-09-19 08:57:43,667 - artist_bio_gen.core.processor - INFO - 📊 Concurrent Progress: 160/200 artists processed (80.0%) - Rate: 27595.24 artists/sec - ETA: 0s remaining
2025-09-19 08:57:43,668 - artist_bio_gen.core.processor - INFO - [████████████████████████░░░░░░] [161/200] ( 80.5%) [W01] ✅ Integration Artist 160 - SUCCESS (0.10s)
2025-09-19 08:57:43,668 - artist_bio_gen.core.processor - INFO - [████████████████████████░░░░░░] [162/200] ( 81.0%) [W02] ✅ Integration Artist 161 - SUCCESS (0.10s)
2025-09-19 08:57:43,668 - artist_bio_gen.core.processor - INFO - [████████████████████████░░░░░░] [163/200] ( 81.5%) [W05] ✅ Integration Artist 164 - SUCCESS (0.10s)
2025-09-19 08:57:43,668 - artist_bio_gen.core.processor - INFO - [████████████████████████░░░░░░] [164/200] ( 82.0%) [W08] ✅ Integration Artist 167 - SUCCESS (0.10s)
2025-09-19 08:57:43,669 - artist_bio_gen.core.processor - INFO - [████████████████████████░░░░░░] [165/200] ( 82.5%) [W03] ✅ Integration Artist 162 - SUCCESS (0.10s)
2025-09-19 08:57:43,669 - artist_bio_gen.core.processor - INFO - [████████████████████████░░░░░░] [166/200] ( 83.0%) [W04] ✅ Integration Artist 163 - SUCCESS (0.10s)
2025-09-19 08:57:43,669 - artist_bio_gen.core.processor - INFO - [█████████████████████████░░░░░] [167/200] ( 83.5%) [W06] ✅ Integration Artist 165 - SUCCESS (0.10s)
2025-09-19 08:57:43,670 - artist_bio_gen.core.processor - INFO - [█████████████████████████░░░░░] [168/200] ( 84.0%) [W07] ✅ Integration Artist 166 - SUCCESS (0.10s)
2025-09-19 08:57:43,670 - artist_bio_gen.core.processor - INFO - [█████████████████████████░░░░░] [169/200] ( 84.5%) [W01] ✅ Integration Artist 168 - SUCCESS (0.10s)
2025-09-19 08:57:43,670 - artist_bio_gen.core.processor - INFO - [█████████████████████████░░░░░] [170/200] ( 85.0%) [W03] ✅ Integration Artist 170 - SUCCESS (0.10s)
2025-09-19 08:57:43,670 - artist_bio_gen.core.processor - INFO - [█████████████████████████░░░░░] [171/200] ( 85.5%) [W05] ✅ Integration Artist 172 - SUCCESS (0.10s)
2025-09-19 08:57:43,671 - artist_bio_gen.core.processor - INFO - [█████████████████████████░░░░░] [172/200] ( 86.0%) [W07] ✅ Integration Artist 174 - SUCCESS (0.10s)
2025-09-19 08:57:43,671 - artist_bio_gen.core.processor - INFO - [█████████████████████████░░░░░] [173/200] ( 86.5%) [W02] ✅ Integration Artist 169 - SUCCESS (0.10s)
2025-09-19 08:57:43,671 - artist_bio_gen.core.processor - INFO - [██████████████████████████░░░░] [174/200] ( 87.0%) [W04] ✅ Integration Artist 171 - SUCCESS (0.10s)
2025-09-19 08:57:43,671 - artist_bio_gen.core.processor - INFO - [██████████████████████████░░░░] [175/200] ( 87.5%) [W06] ✅ Integration Artist 173 - SUCCESS (0.10s)
2025-09-19 08:57:43,672 - artist_bio_gen.core.processor - INFO - [██████████████████████████░░░░] [176/200] ( 88.0%) [W08] ✅ Integration Artist 175 - SUCCESS (0.10s)
2025-09-19 08:57:43,672 - artist_bio_gen.core.processor - INFO - [██████████████████████████░░░░] [177/200] ( 88.5%) [W01] ✅ Integration Artist 176 - SUCCESS (0.10s)
2025-09-19 08:57:43,672 - artist_bio_gen.core.processor - INFO - [██████████████████████████░░░░] [178/200] ( 89.0%) [W03] ✅ Integration Artist 178 - SUCCESS (0.10s)
2025-09-19 08:57:43,672 - artist_bio_gen.core.processor - INFO - [██████████████████████████░░░░] [179/200] ( 89.5%) [W05] ✅ Integration Artist 180 - SUCCESS (0.10s)
2025-09-19 08:57:43,673 - artist_bio_gen.core.processor - INFO - [███████████████████████████░░░] [180/200] ( 90.0%) [W07] ✅ Integration Artist 182 - SUCCESS (0.10s)
2025-09-19 08:57:43,673 - artist_bio_gen.core.processor - INFO - 📊 Concurrent Progress: 180/200 artists processed (90.0%) - Rate: 32280.43 artists/sec - ETA: 0s remaining
2025-09-19 08:57:43,673 - artist_bio_gen.core.processor - INFO - [███████████████████████████░░░] [181/200] ( 90.5%) [W02] ✅ Integration Artist 177 - SUCCESS (0.10s)
2025-09-19 08:57:43,673 - artist_bio_gen.core.processor - INFO - [███████████████████████████░░░] [182/200] ( 91.0%) [W04] ✅ Integration Artist 179 - SUCCESS (0.10s)
2025-09-19 08:57:43,674 - artist_bio_gen.core.processor - INFO - [███████████████████████████░░░] [183/200] ( 91.5%) [W06] ✅ Integration Artist 181 - SUCCESS (0.10s)
2025-09-19 08:57:43,674 - artist_bio_gen.core.processor - INFO - [███████████████████████████░░░] [184/200] ( 92.0%) [W08] ✅ Integration Artist 183 - SUCCESS (0.10s)
2025-09-19 08:57:43,674 - artist_bio_gen.core.processor - INFO - [███████████████████████████░░░] [185/200] ( 92.5%) [W04] ✅ Integration Artist 187 - SUCCESS (0.10s)
Mock bio response for Integration Artist 0
Mock bio response for Integration Artist 1
Mock bio response for Integration Artist 2
Mock bio response for Integration Artist 3
Mock bio response for Integration Artist 4
Mock bio response for Integration Artist 5
Mock bio response for Integration Artist 6
Mock bio response for Integration Artist 7
Mock bio response for Integration Artist 8
Mock bio response for Integration Artist 10
Mock bio response for Integration Artist 9
Mock bio response for Integration Artist 12
Mock bio response for Integration Artist 15
Mock bio response for Integration Artist 11
Mock bio response for Integration Artist 13
Mock bio response for Integration Artist 14
Mock bio response for Integration Artist 18
Mock bio response for Integration Artist 16
Mock bio response for Integration Artist 20
Mock bio response for Integration Artist 17
Mock bio response for Integration Artist 19
Mock bio response for Integration Artist 21
Mock bio response for Integration Artist 22
Mock bio response for Integration Artist 23
Mock bio response for Integration Artist 24
Mock bio response for Integration Artist 28
Mock bio response for Integration Artist 26
Mock bio response for Integration Artist 29
Mock bio response for Integration Artist 31
Mock bio response for Integration Artist 25
Mock bio response for Integration Artist 30
Mock bio response for Integration Artist 27
Mock bio response for Integration Artist 32
Mock bio response for Integration Artist 34
Mock bio response for Integration Artist 36
Mock bio response for Integration Artist 38
Mock bio response for Integration Artist 33
Mock bio response for Integration Artist 35
Mock bio response for Integration Artist 39
Mock bio response for Integration Artist 37
Mock bio response for Integration Artist 40
Mock bio response for Integration Artist 42
Mock bio response for Integration Artist 44
Mock bio response for Integration Artist 47
Mock bio response for Integration Artist 41
Mock bio response for Integration Artist 46
Mock bio response for Integration Artist 45
Mock bio response for Integration Artist 43
Mock bio response for Integration Artist 48
Mock bio response for Integration Artist 50
Mock bio response for Integration Artist 52
Mock bio response for Integration Artist 54
Mock bio response for Integration Artist 51
Mock bio response for Integration Artist 49
Mock bio response for Integration Artist 53
Mock bio response for Integration Artist 55
Mock bio response for Integration Artist 56
Mock bio response for Integration Artist 62
Mock bio response for Integration Artist 60
Mock bio response for Integration Artist 58
Mock bio response for Integration Artist 57
Mock bio response for Integration Artist 59
Mock bio response for Integration Artist 61
Mock bio response for Integration Artist 63
Mock bio response for Integration Artist 64
Mock bio response for Integration Artist 66
Mock bio response for Integration Artist 68
Mock bio response for Integration Artist 70
Mock bio response for Integration Artist 65
Mock bio response for Integration Artist 67
Mock bio response for Integration Artist 69
Mock bio response for Integration Artist 71
Mock bio response for Integration Artist 72
Mock bio response for Integration Artist 74
Mock bio response for Integration Artist 76
Mock bio response for Integration Artist 73
Mock bio response for Integration Artist 75
Mock bio response for Integration Artist 77
Mock bio response for Integration Artist 78
Mock bio response for Integration Artist 79
Mock bio response for Integration Artist 80
Mock bio response for Integration Artist 82
Mock bio response for Integration Artist 84
Mock bio response for Integration Artist 86
Mock bio response for Integration Artist 81
Mock bio response for Integration Artist 85
Mock bio response for Integration Artist 83
Mock bio response for Integration Artist 87
Mock bio response for Integration Artist 88
Mock bio response for Integration Artist 90
Mock bio response for Integration Artist 92
Mock bio response for Integration Artist 94
Mock bio response for Integration Artist 89
Mock bio response for Integration Artist 93
Mock bio response for Integration Artist 95
Mock bio response for Integration Artist 91
Mock bio response for Integration Artist 96
Mock bio response for Integration Artist 98
Mock bio response for Integration Artist 100
Mock bio response for Integration Artist 97
Mock bio response for Integration Artist 99
Mock bio response for Integration Artist 101
Mock bio response for Integration Artist 103
Mock bio response for Integration Artist 102
Mock bio response for Integration Artist 104
Mock bio response for Integration Artist 106
Mock bio response for Integration Artist 108
Mock bio response for Integration Artist 110
Mock bio response for Integration Artist 105
Mock bio response for Integration Artist 107
Mock bio response for Integration Artist 109
Mock bio response for Integration Artist 111
Mock bio response for Integration Artist 112
Mock bio response for Integration Artist 116
Mock bio response for Integration Artist 118
Mock bio response for Integration Artist 114
Mock bio response for Integration Artist 113
Mock bio response for Integration Artist 115
Mock bio response for Integration Artist 119
Mock bio response for Integration Artist 117
Mock bio response for Integration Artist 120
Mock bio response for Integration Artist 127
Mock bio response for Integration Artist 124
Mock bio response for Integration Artist 123
Mock bio response for Integration Artist 121
Mock bio response for Integration Artist 125
Mock bio response for Integration Artist 126
Mock bio response for Integration Artist 122
Mock bio response for Integration Artist 131
Mock bio response for Integration Artist 129
Mock bio response for Integration Artist 133
Mock bio response for Integration Artist 135
Mock bio response for Integration Artist 128
Mock bio response for Integration Artist 130
Mock bio response for Integration Artist 134
Mock bio response for Integration Artist 132
Mock bio response for Integration Artist 136
Mock bio response for Integration Artist 137
Mock bio response for Integration Artist 139
Mock bio response for Integration Artist 143
Mock bio response for Integration Artist 138
Mock bio response for Integration Artist 140
Mock bio response for Integration Artist 141
Mock bio response for Integration Artist 142
Mock bio response for Integration Artist 145
Mock bio response for Integration Artist 149
Mock bio response for Integration Artist 151
Mock bio response for Integration Artist 147
Mock bio response for Integration Artist 146
Mock bio response for Integration Artist 148
Mock bio response for Integration Artist 150
Mock bio response for Integration Artist 144
Mock bio response for Integration Artist 152
Mock bio response for Integration Artist 155
Mock bio response for Integration Artist 157
Mock bio response for Integration Artist 159
Mock bio response for Integration Artist 153
Mock bio response for Integration Artist 156
Mock bio response for Integration Artist 154
Mock bio response for Integration Artist 158
Mock bio response for Integration Artist 160
Mock bio response for Integration Artist 161
Mock bio response for Integration Artist 164
Mock bio response for Integration Artist 167
Mock bio response for Integration Artist 162
Mock bio response for Integration Artist 163
Mock bio response for Integration Artist 165
Mock bio response for Integration Artist 166
Mock bio response for Integration Artist 168
Mock bio response for Integration Artist 170
Mock bio response for Integration Artist 172
Mock bio response for Integration Artist 174
Mock bio response for Integration Artist 169
Mock bio response for Integration Artist 171
Mock bio response for Integration Artist 173
Mock bio response for Integration Artist 175
Mock bio response for Integration Artist 176
Mock bio response for Integration Artist 178
Mock bio response for Integration Artist 180
Mock bio response for Integration Artist 182
Mock bio response for Integration Artist 177
Mock bio response for Integration Artist 179
Mock bio response for Integration Artist 181
Mock bio response for Integration Artist 183
2025-09-19 08:57:43,674 - artist_bio_gen.core.processor - INFO - [███████████████████████████░░░] [186/200] ( 93.0%) [W06] ✅ Integration Artist 189 - SUCCESS (0.10s)
2025-09-19 08:57:43,675 - artist_bio_gen.core.processor - INFO - [████████████████████████████░░] [187/200] ( 93.5%) [W02] ✅ Integration Artist 185 - SUCCESS (0.10s)
2025-09-19 08:57:43,675 - artist_bio_gen.core.processor - INFO - [████████████████████████████░░] [188/200] ( 94.0%) [W01] ✅ Integration Artist 184 - SUCCESS (0.10s)
2025-09-19 08:57:43,675 - artist_bio_gen.core.processor - INFO - [████████████████████████████░░] [189/200] ( 94.5%) [W05] ✅ Integration Artist 188 - SUCCESS (0.10s)
2025-09-19 08:57:43,675 - artist_bio_gen.core.processor - INFO - [████████████████████████████░░] [190/200] ( 95.0%) [W07] ✅ Integration Artist 190 - SUCCESS (0.10s)
2025-09-19 08:57:43,676 - artist_bio_gen.core.processor - INFO - [████████████████████████████░░] [191/200] ( 95.5%) [W03] ✅ Integration Artist 186 - SUCCESS (0.10s)
2025-09-19 08:57:43,676 - artist_bio_gen.core.processor - INFO - [████████████████████████████░░] [192/200] ( 96.0%) [W08] ✅ Integration Artist 191 - SUCCESS (0.10s)
2025-09-19 08:57:43,676 - artist_bio_gen.core.processor - INFO - [████████████████████████████░░] [193/200] ( 96.5%) [W01] ✅ Integration Artist 192 - SUCCESS (0.10s)
2025-09-19 08:57:43,677 - artist_bio_gen.core.processor - INFO - [█████████████████████████████░] [194/200] ( 97.0%) [W04] ✅ Integration Artist 195 - SUCCESS (0.10s)
2025-09-19 08:57:43,677 - artist_bio_gen.core.processor - INFO - [█████████████████████████████░] [195/200] ( 97.5%) [W03] ✅ Integration Artist 194 - SUCCESS (0.10s)
2025-09-19 08:57:43,677 - artist_bio_gen.core.processor - INFO - [█████████████████████████████░] [196/200] ( 98.0%) [W06] ✅ Integration Artist 197 - SUCCESS (0.10s)
2025-09-19 08:57:43,677 - artist_bio_gen.core.processor - INFO - [█████████████████████████████░] [197/200] ( 98.5%) [W02] ✅ Integration Artist 193 - SUCCESS (0.10s)
2025-09-19 08:57:43,678 - artist_bio_gen.core.processor - INFO - [█████████████████████████████░] [198/200] ( 99.0%) [W05] ✅ Integration Artist 196 - SUCCESS (0.10s)
2025-09-19 08:57:43,678 - artist_bio_gen.core.processor - INFO - [█████████████████████████████░] [199/200] ( 99.5%) [W08] ✅ Integration Artist 199 - SUCCESS (0.10s)
2025-09-19 08:57:43,678 - artist_bio_gen.core.processor - INFO - [██████████████████████████████] [200/200] (100.0%) [W07] ✅ Integration Artist 198 - SUCCESS (0.10s)
2025-09-19 08:57:43,678 - artist_bio_gen.core.processor - INFO - 📊 Concurrent Progress: 200/200 artists processed (100.0%) - Rate: 37410.73 artists/sec - ETA: 0s remaining
2025-09-19 08:57:43,679 - artist_bio_gen.core.processor - INFO - Concurrent processing completed: 200 successful, 0 failed
Mock bio response for Integration Artist 187
Mock bio response for Integration Artist 189
Mock bio response for Integration Artist 185
Mock bio response for Integration Artist 184
Mock bio response for Integration Artist 188
Mock bio response for Integration Artist 190
Mock bio response for Integration Artist 186
Mock bio response for Integration Artist 191
Mock bio response for Integration Artist 192
Mock bio response for Integration Artist 195
Mock bio response for Integration Artist 194
Mock bio response for Integration Artist 197
Mock bio response for Integration Artist 193
Mock bio response for Integration Artist 196
Mock bio response for Integration Artist 199
Mock bio response for Integration Artist 198
ok
test_large_dataset_streaming_integration (tests.integration.test_streaming_integration.TestStreamingIntegration)
Test streaming integration with large dataset (1000+ artists). ... 2025-09-19 08:57:43,684 - artist_bio_gen.core.parser - INFO - Parsed 1000 artists from /var/folders/8h/pr431kds2h34yqt94fmlf58r0000gn/T/tmpbtz9zc23.csv
2025-09-19 08:57:43,684 - artist_bio_gen.core.parser - INFO - Skipped 2 comment/blank/header lines
2025-09-19 08:57:43,685 - artist_bio_gen.core.output - INFO - Initialized JSONL output file: /var/folders/8h/pr431kds2h34yqt94fmlf58r0000gn/T/tmp_ovxc3w4.jsonl
2025-09-19 08:57:43,685 - artist_bio_gen.core.processor - INFO - Initialized streaming JSONL output: /var/folders/8h/pr431kds2h34yqt94fmlf58r0000gn/T/tmp_ovxc3w4.jsonl
2025-09-19 08:57:43,686 - artist_bio_gen.api.quota - INFO - QuotaMonitor initialized: daily_limit=None, threshold=0.8
2025-09-19 08:57:43,686 - artist_bio_gen.core.processor - INFO - Quota monitoring enabled: daily_limit=None, threshold=0.8
2025-09-19 08:57:43,686 - artist_bio_gen.core.processor - INFO - Starting concurrent processing with 4 workers
2025-09-19 08:57:43,704 - artist_bio_gen.core.processor - INFO - [░░░░░░░░░░░░░░░░░░░░░░░░░░░░░░] [  1/1000] (  0.1%) [W03] ✅ Integration Artist 346 - SUCCESS (0.10s)
2025-09-19 08:57:43,705 - artist_bio_gen.core.processor - INFO - [░░░░░░░░░░░░░░░░░░░░░░░░░░░░░░] [  2/1000] (  0.2%) [W02] ✅ Integration Artist 497 - SUCCESS (0.10s)
2025-09-19 08:57:43,705 - artist_bio_gen.core.processor - INFO - [░░░░░░░░░░░░░░░░░░░░░░░░░░░░░░] [  3/1000] (  0.3%) [W02] ✅ Integration Artist 345 - SUCCESS (0.10s)
2025-09-19 08:57:43,705 - artist_bio_gen.core.processor - INFO - [░░░░░░░░░░░░░░░░░░░░░░░░░░░░░░] [  4/1000] (  0.4%) [W01] ✅ Integration Artist 496 - SUCCESS (0.10s)
2025-09-19 08:57:43,705 - artist_bio_gen.core.processor - INFO - [░░░░░░░░░░░░░░░░░░░░░░░░░░░░░░] [  5/1000] (  0.5%) [W01] ✅ Integration Artist 328 - SUCCESS (0.10s)
2025-09-19 08:57:43,706 - artist_bio_gen.core.processor - INFO - [░░░░░░░░░░░░░░░░░░░░░░░░░░░░░░] [  6/1000] (  0.6%) [W01] ✅ Integration Artist 344 - SUCCESS (0.10s)
2025-09-19 08:57:43,706 - artist_bio_gen.core.processor - INFO - [░░░░░░░░░░░░░░░░░░░░░░░░░░░░░░] [  7/1000] (  0.7%) [W04] ✅ Integration Artist 495 - SUCCESS (0.10s)
2025-09-19 08:57:43,706 - artist_bio_gen.core.processor - INFO - [░░░░░░░░░░░░░░░░░░░░░░░░░░░░░░] [  8/1000] (  0.8%) [W04] ✅ Integration Artist 327 - SUCCESS (0.10s)
2025-09-19 08:57:43,706 - artist_bio_gen.core.processor - INFO - [░░░░░░░░░░░░░░░░░░░░░░░░░░░░░░] [  9/1000] (  0.9%) [W04] ✅ Integration Artist 343 - SUCCESS (0.10s)
2025-09-19 08:57:43,707 - artist_bio_gen.core.processor - INFO - [░░░░░░░░░░░░░░░░░░░░░░░░░░░░░░] [ 10/1000] (  1.0%) [W03] ✅ Integration Artist 494 - SUCCESS (0.10s)
2025-09-19 08:57:43,707 - artist_bio_gen.core.processor - INFO - [░░░░░░░░░░░░░░░░░░░░░░░░░░░░░░] [ 11/1000] (  1.1%) [W03] ✅ Integration Artist 326 - SUCCESS (0.10s)
2025-09-19 08:57:43,707 - artist_bio_gen.core.processor - INFO - [░░░░░░░░░░░░░░░░░░░░░░░░░░░░░░] [ 12/1000] (  1.2%) [W03] ✅ Integration Artist 342 - SUCCESS (0.10s)
2025-09-19 08:57:43,707 - artist_bio_gen.core.processor - INFO - [░░░░░░░░░░░░░░░░░░░░░░░░░░░░░░] [ 13/1000] (  1.3%) [W02] ✅ Integration Artist 493 - SUCCESS (0.10s)
2025-09-19 08:57:43,708 - artist_bio_gen.core.processor - INFO - [░░░░░░░░░░░░░░░░░░░░░░░░░░░░░░] [ 14/1000] (  1.4%) [W02] ✅ Integration Artist 325 - SUCCESS (0.10s)
2025-09-19 08:57:43,708 - artist_bio_gen.core.processor - INFO - [░░░░░░░░░░░░░░░░░░░░░░░░░░░░░░] [ 15/1000] (  1.5%) [W02] ✅ Integration Artist 341 - SUCCESS (0.10s)
2025-09-19 08:57:43,708 - artist_bio_gen.core.processor - INFO - [░░░░░░░░░░░░░░░░░░░░░░░░░░░░░░] [ 16/1000] (  1.6%) [W01] ✅ Integration Artist 492 - SUCCESS (0.10s)
2025-09-19 08:57:43,708 - artist_bio_gen.core.processor - INFO - [░░░░░░░░░░░░░░░░░░░░░░░░░░░░░░] [ 17/1000] (  1.7%) [W01] ✅ Integration Artist 324 - SUCCESS (0.10s)
2025-09-19 08:57:43,709 - artist_bio_gen.core.processor - INFO - [░░░░░░░░░░░░░░░░░░░░░░░░░░░░░░] [ 18/1000] (  1.8%) [W01] ✅ Integration Artist 340 - SUCCESS (0.10s)
2025-09-19 08:57:43,709 - artist_bio_gen.core.processor - INFO - [░░░░░░░░░░░░░░░░░░░░░░░░░░░░░░] [ 19/1000] (  1.9%) [W04] ✅ Integration Artist 491 - SUCCESS (0.10s)
2025-09-19 08:57:43,709 - artist_bio_gen.core.processor - INFO - [░░░░░░░░░░░░░░░░░░░░░░░░░░░░░░] [ 20/1000] (  2.0%) [W04] ✅ Integration Artist 323 - SUCCESS (0.10s)
2025-09-19 08:57:43,710 - artist_bio_gen.core.processor - INFO - [░░░░░░░░░░░░░░░░░░░░░░░░░░░░░░] [ 21/1000] (  2.1%) [W04] ✅ Integration Artist 339 - SUCCESS (0.10s)
2025-09-19 08:57:43,710 - artist_bio_gen.core.processor - INFO - [░░░░░░░░░░░░░░░░░░░░░░░░░░░░░░] [ 22/1000] (  2.2%) [W03] ✅ Integration Artist 490 - SUCCESS (0.10s)
2025-09-19 08:57:43,710 - artist_bio_gen.core.processor - INFO - [░░░░░░░░░░░░░░░░░░░░░░░░░░░░░░] [ 23/1000] (  2.3%) [W03] ✅ Integration Artist 322 - SUCCESS (0.10s)
2025-09-19 08:57:43,710 - artist_bio_gen.core.processor - INFO - [░░░░░░░░░░░░░░░░░░░░░░░░░░░░░░] [ 24/1000] (  2.4%) [W03] ✅ Integration Artist 338 - SUCCESS (0.10s)
2025-09-19 08:57:43,711 - artist_bio_gen.core.processor - INFO - [░░░░░░░░░░░░░░░░░░░░░░░░░░░░░░] [ 25/1000] (  2.5%) [W02] ✅ Integration Artist 489 - SUCCESS (0.10s)
2025-09-19 08:57:43,711 - artist_bio_gen.core.processor - INFO - [░░░░░░░░░░░░░░░░░░░░░░░░░░░░░░] [ 26/1000] (  2.6%) [W02] ✅ Integration Artist 321 - SUCCESS (0.10s)
2025-09-19 08:57:43,711 - artist_bio_gen.core.processor - INFO - [░░░░░░░░░░░░░░░░░░░░░░░░░░░░░░] [ 27/1000] (  2.7%) [W02] ✅ Integration Artist 337 - SUCCESS (0.10s)
2025-09-19 08:57:43,712 - artist_bio_gen.core.processor - INFO - [░░░░░░░░░░░░░░░░░░░░░░░░░░░░░░] [ 28/1000] (  2.8%) [W01] ✅ Integration Artist 488 - SUCCESS (0.10s)
2025-09-19 08:57:43,712 - artist_bio_gen.core.processor - INFO - [░░░░░░░░░░░░░░░░░░░░░░░░░░░░░░] [ 29/1000] (  2.9%) [W01] ✅ Integration Artist 320 - SUCCESS (0.10s)
2025-09-19 08:57:43,712 - artist_bio_gen.core.processor - INFO - [░░░░░░░░░░░░░░░░░░░░░░░░░░░░░░] [ 30/1000] (  3.0%) [W01] ✅ Integration Artist 336 - SUCCESS (0.10s)
2025-09-19 08:57:43,712 - artist_bio_gen.core.processor - INFO - [░░░░░░░░░░░░░░░░░░░░░░░░░░░░░░] [ 31/1000] (  3.1%) [W04] ✅ Integration Artist 487 - SUCCESS (0.10s)
2025-09-19 08:57:43,713 - artist_bio_gen.core.processor - INFO - [░░░░░░░░░░░░░░░░░░░░░░░░░░░░░░] [ 32/1000] (  3.2%) [W04] ✅ Integration Artist 319 - SUCCESS (0.10s)
2025-09-19 08:57:43,713 - artist_bio_gen.core.processor - INFO - [░░░░░░░░░░░░░░░░░░░░░░░░░░░░░░] [ 33/1000] (  3.3%) [W04] ✅ Integration Artist 335 - SUCCESS (0.10s)
2025-09-19 08:57:43,713 - artist_bio_gen.core.processor - INFO - [█░░░░░░░░░░░░░░░░░░░░░░░░░░░░░] [ 34/1000] (  3.4%) [W03] ✅ Integration Artist 486 - SUCCESS (0.10s)
2025-09-19 08:57:43,713 - artist_bio_gen.core.processor - INFO - [█░░░░░░░░░░░░░░░░░░░░░░░░░░░░░] [ 35/1000] (  3.5%) [W03] ✅ Integration Artist 318 - SUCCESS (0.10s)
2025-09-19 08:57:43,714 - artist_bio_gen.core.processor - INFO - [█░░░░░░░░░░░░░░░░░░░░░░░░░░░░░] [ 36/1000] (  3.6%) [W03] ✅ Integration Artist 334 - SUCCESS (0.10s)
2025-09-19 08:57:43,714 - artist_bio_gen.core.processor - INFO - [█░░░░░░░░░░░░░░░░░░░░░░░░░░░░░] [ 37/1000] (  3.7%) [W02] ✅ Integration Artist 485 - SUCCESS (0.10s)
2025-09-19 08:57:43,714 - artist_bio_gen.core.processor - INFO - [█░░░░░░░░░░░░░░░░░░░░░░░░░░░░░] [ 38/1000] (  3.8%) [W02] ✅ Integration Artist 317 - SUCCESS (0.10s)
2025-09-19 08:57:43,714 - artist_bio_gen.core.processor - INFO - [█░░░░░░░░░░░░░░░░░░░░░░░░░░░░░] [ 39/1000] (  3.9%) [W02] ✅ Integration Artist 333 - SUCCESS (0.10s)
2025-09-19 08:57:43,715 - artist_bio_gen.core.processor - INFO - [█░░░░░░░░░░░░░░░░░░░░░░░░░░░░░] [ 40/1000] (  4.0%) [W01] ✅ Integration Artist 484 - SUCCESS (0.10s)
2025-09-19 08:57:43,715 - artist_bio_gen.core.processor - INFO - [█░░░░░░░░░░░░░░░░░░░░░░░░░░░░░] [ 41/1000] (  4.1%) [W01] ✅ Integration Artist 316 - SUCCESS (0.10s)
2025-09-19 08:57:43,715 - artist_bio_gen.core.processor - INFO - [█░░░░░░░░░░░░░░░░░░░░░░░░░░░░░] [ 42/1000] (  4.2%) [W01] ✅ Integration Artist 332 - SUCCESS (0.10s)
2025-09-19 08:57:43,715 - artist_bio_gen.core.processor - INFO - [█░░░░░░░░░░░░░░░░░░░░░░░░░░░░░] [ 43/1000] (  4.3%) [W04] ✅ Integration Artist 483 - SUCCESS (0.10s)
2025-09-19 08:57:43,716 - artist_bio_gen.core.processor - INFO - [█░░░░░░░░░░░░░░░░░░░░░░░░░░░░░] [ 44/1000] (  4.4%) [W04] ✅ Integration Artist 315 - SUCCESS (0.10s)
2025-09-19 08:57:43,716 - artist_bio_gen.core.processor - INFO - [█░░░░░░░░░░░░░░░░░░░░░░░░░░░░░] [ 45/1000] (  4.5%) [W04] ✅ Integration Artist 331 - SUCCESS (0.10s)
2025-09-19 08:57:43,716 - artist_bio_gen.core.processor - INFO - [█░░░░░░░░░░░░░░░░░░░░░░░░░░░░░] [ 46/1000] (  4.6%) [W03] ✅ Integration Artist 482 - SUCCESS (0.10s)
2025-09-19 08:57:43,716 - artist_bio_gen.core.processor - INFO - [█░░░░░░░░░░░░░░░░░░░░░░░░░░░░░] [ 47/1000] (  4.7%) [W03] ✅ Integration Artist 314 - SUCCESS (0.10s)
2025-09-19 08:57:43,717 - artist_bio_gen.core.processor - INFO - [█░░░░░░░░░░░░░░░░░░░░░░░░░░░░░] [ 48/1000] (  4.8%) [W03] ✅ Integration Artist 330 - SUCCESS (0.10s)
2025-09-19 08:57:43,717 - artist_bio_gen.core.processor - INFO - [█░░░░░░░░░░░░░░░░░░░░░░░░░░░░░] [ 49/1000] (  4.9%) [W02] ✅ Integration Artist 481 - SUCCESS (0.10s)
2025-09-19 08:57:43,717 - artist_bio_gen.core.processor - INFO - [█░░░░░░░░░░░░░░░░░░░░░░░░░░░░░] [ 50/1000] (  5.0%) [W02] ✅ Integration Artist 313 - SUCCESS (0.10s)
2025-09-19 08:57:43,718 - artist_bio_gen.core.processor - INFO - [█░░░░░░░░░░░░░░░░░░░░░░░░░░░░░] [ 51/1000] (  5.1%) [W01] ✅ Integration Artist 632 - SUCCESS (0.10s)
2025-09-19 08:57:43,718 - artist_bio_gen.core.processor - INFO - [█░░░░░░░░░░░░░░░░░░░░░░░░░░░░░] [ 52/1000] (  5.2%) [W01] ✅ Integration Artist 228 - SUCCESS (0.10s)
2025-09-19 08:57:43,718 - artist_bio_gen.core.processor - INFO - [█░░░░░░░░░░░░░░░░░░░░░░░░░░░░░] [ 53/1000] (  5.3%) [W04] ✅ Integration Artist 119 - SUCCESS (0.10s)
2025-09-19 08:57:43,718 - artist_bio_gen.core.processor - INFO - [█░░░░░░░░░░░░░░░░░░░░░░░░░░░░░] [ 54/1000] (  5.4%) [W04] ✅ Integration Artist 39 - SUCCESS (0.10s)
2025-09-19 08:57:43,719 - artist_bio_gen.core.processor - INFO - [█░░░░░░░░░░░░░░░░░░░░░░░░░░░░░] [ 55/1000] (  5.5%) [W04] ✅ Integration Artist 379 - SUCCESS (0.10s)
2025-09-19 08:57:43,719 - artist_bio_gen.core.processor - INFO - [█░░░░░░░░░░░░░░░░░░░░░░░░░░░░░] [ 56/1000] (  5.6%) [W03] ✅ Integration Artist 362 - SUCCESS (0.10s)
2025-09-19 08:57:43,719 - artist_bio_gen.core.processor - INFO - [█░░░░░░░░░░░░░░░░░░░░░░░░░░░░░] [ 57/1000] (  5.7%) [W03] ✅ Integration Artist 50 - SUCCESS (0.10s)
2025-09-19 08:57:43,719 - artist_bio_gen.core.processor - INFO - [█░░░░░░░░░░░░░░░░░░░░░░░░░░░░░] [ 58/1000] (  5.8%) [W04] ✅ Integration Artist 227 - SUCCESS (0.10s)
2025-09-19 08:57:43,720 - artist_bio_gen.core.processor - INFO - [█░░░░░░░░░░░░░░░░░░░░░░░░░░░░░] [ 59/1000] (  5.9%) [W02] ✅ Integration Artist 165 - SUCCESS (0.10s)
2025-09-19 08:57:43,720 - artist_bio_gen.core.processor - INFO - [█░░░░░░░░░░░░░░░░░░░░░░░░░░░░░] [ 60/1000] (  6.0%) [W04] ✅ Integration Artist 91 - SUCCESS (0.10s)
2025-09-19 08:57:43,721 - artist_bio_gen.core.processor - INFO - [█░░░░░░░░░░░░░░░░░░░░░░░░░░░░░] [ 61/1000] (  6.1%) [W03] ✅ Integration Artist 378 - SUCCESS (0.10s)
2025-09-19 08:57:43,721 - artist_bio_gen.core.processor - INFO - [█░░░░░░░░░░░░░░░░░░░░░░░░░░░░░] [ 62/1000] (  6.2%) [W02] ✅ Integration Artist 361 - SUCCESS (0.10s)
2025-09-19 08:57:43,721 - artist_bio_gen.core.processor - INFO - [█░░░░░░░░░░░░░░░░░░░░░░░░░░░░░] [ 63/1000] (  6.3%) [W02] ✅ Integration Artist 121 - SUCCESS (0.10s)
2025-09-19 08:57:43,722 - artist_bio_gen.core.processor - INFO - [█░░░░░░░░░░░░░░░░░░░░░░░░░░░░░] [ 64/1000] (  6.4%) [W01] ✅ Integration Artist 120 - SUCCESS (0.10s)
2025-09-19 08:57:43,722 - artist_bio_gen.core.processor - INFO - [█░░░░░░░░░░░░░░░░░░░░░░░░░░░░░] [ 65/1000] (  6.5%) [W03] ✅ Integration Artist 226 - SUCCESS (0.10s)
2025-09-19 08:57:43,723 - artist_bio_gen.core.processor - INFO - [█░░░░░░░░░░░░░░░░░░░░░░░░░░░░░] [ 66/1000] (  6.6%) [W02] ✅ Integration Artist 377 - SUCCESS (0.10s)
2025-09-19 08:57:43,723 - artist_bio_gen.core.processor - INFO - [██░░░░░░░░░░░░░░░░░░░░░░░░░░░░] [ 67/1000] (  6.7%) [W01] ✅ Integration Artist 360 - SUCCESS (0.10s)
2025-09-19 08:57:43,723 - artist_bio_gen.core.processor - INFO - [██░░░░░░░░░░░░░░░░░░░░░░░░░░░░] [ 68/1000] (  6.8%) [W04] ✅ Integration Artist 43 - SUCCESS (0.10s)
2025-09-19 08:57:43,723 - artist_bio_gen.core.processor - INFO - [██░░░░░░░░░░░░░░░░░░░░░░░░░░░░] [ 69/1000] (  6.9%) [W04] ✅ Integration Artist 95 - SUCCESS (0.10s)
2025-09-19 08:57:43,724 - artist_bio_gen.core.processor - INFO - [██░░░░░░░░░░░░░░░░░░░░░░░░░░░░] [ 70/1000] (  7.0%) [W02] ✅ Integration Artist 225 - SUCCESS (0.10s)
2025-09-19 08:57:43,724 - artist_bio_gen.core.processor - INFO - [██░░░░░░░░░░░░░░░░░░░░░░░░░░░░] [ 71/1000] (  7.1%) [W01] ✅ Integration Artist 376 - SUCCESS (0.10s)
2025-09-19 08:57:43,724 - artist_bio_gen.core.processor - INFO - [██░░░░░░░░░░░░░░░░░░░░░░░░░░░░] [ 72/1000] (  7.2%) [W04] ✅ Integration Artist 359 - SUCCESS (0.10s)
2025-09-19 08:57:43,724 - artist_bio_gen.core.processor - INFO - [██░░░░░░░░░░░░░░░░░░░░░░░░░░░░] [ 73/1000] (  7.3%) [W04] ✅ Integration Artist 123 - SUCCESS (0.10s)
2025-09-19 08:57:43,725 - artist_bio_gen.core.processor - INFO - [██░░░░░░░░░░░░░░░░░░░░░░░░░░░░] [ 74/1000] (  7.4%) [W03] ✅ Integration Artist 122 - SUCCESS (0.10s)
2025-09-19 08:57:43,725 - artist_bio_gen.core.processor - INFO - [██░░░░░░░░░░░░░░░░░░░░░░░░░░░░] [ 75/1000] (  7.5%) [W03] ✅ Integration Artist 42 - SUCCESS (0.10s)
2025-09-19 08:57:43,726 - artist_bio_gen.core.processor - INFO - [██░░░░░░░░░░░░░░░░░░░░░░░░░░░░] [ 76/1000] (  7.6%) [W01] ✅ Integration Artist 224 - SUCCESS (0.10s)
2025-09-19 08:57:43,726 - artist_bio_gen.core.processor - INFO - [██░░░░░░░░░░░░░░░░░░░░░░░░░░░░] [ 77/1000] (  7.7%) [W04] ✅ Integration Artist 375 - SUCCESS (0.10s)
2025-09-19 08:57:43,726 - artist_bio_gen.core.processor - INFO - [██░░░░░░░░░░░░░░░░░░░░░░░░░░░░] [ 78/1000] (  7.8%) [W03] ✅ Integration Artist 358 - SUCCESS (0.10s)
2025-09-19 08:57:43,727 - artist_bio_gen.core.processor - INFO - [██░░░░░░░░░░░░░░░░░░░░░░░░░░░░] [ 79/1000] (  7.9%) [W03] ✅ Integration Artist 94 - SUCCESS (0.10s)
2025-09-19 08:57:43,727 - artist_bio_gen.core.processor - INFO - [██░░░░░░░░░░░░░░░░░░░░░░░░░░░░] [ 80/1000] (  8.0%) [W02] ✅ Integration Artist 45 - SUCCESS (0.10s)
2025-09-19 08:57:43,727 - artist_bio_gen.core.processor - INFO - [██░░░░░░░░░░░░░░░░░░░░░░░░░░░░] [ 81/1000] (  8.1%) [W04] ✅ Integration Artist 223 - SUCCESS (0.10s)
2025-09-19 08:57:43,727 - artist_bio_gen.core.processor - INFO - [██░░░░░░░░░░░░░░░░░░░░░░░░░░░░] [ 82/1000] (  8.2%) [W03] ✅ Integration Artist 374 - SUCCESS (0.10s)
2025-09-19 08:57:43,728 - artist_bio_gen.core.processor - INFO - [██░░░░░░░░░░░░░░░░░░░░░░░░░░░░] [ 83/1000] (  8.3%) [W01] ✅ Integration Artist 40 - SUCCESS (0.10s)
2025-09-19 08:57:43,728 - artist_bio_gen.core.processor - INFO - [██░░░░░░░░░░░░░░░░░░░░░░░░░░░░] [ 84/1000] (  8.4%) [W02] ✅ Integration Artist 357 - SUCCESS (0.10s)
2025-09-19 08:57:43,728 - artist_bio_gen.core.processor - INFO - [██░░░░░░░░░░░░░░░░░░░░░░░░░░░░] [ 85/1000] (  8.5%) [W02] ✅ Integration Artist 125 - SUCCESS (0.10s)
2025-09-19 08:57:43,728 - artist_bio_gen.core.processor - INFO - [██░░░░░░░░░░░░░░░░░░░░░░░░░░░░] [ 86/1000] (  8.6%) [W01] ✅ Integration Artist 124 - SUCCESS (0.10s)
2025-09-19 08:57:43,729 - artist_bio_gen.core.processor - INFO - [██░░░░░░░░░░░░░░░░░░░░░░░░░░░░] [ 87/1000] (  8.7%) [W03] ✅ Integration Artist 222 - SUCCESS (0.10s)
2025-09-19 08:57:43,729 - artist_bio_gen.core.processor - INFO - [██░░░░░░░░░░░░░░░░░░░░░░░░░░░░] [ 88/1000] (  8.8%) [W01] ✅ Integration Artist 24 - SUCCESS (0.10s)
2025-09-19 08:57:43,729 - artist_bio_gen.core.processor - INFO - [██░░░░░░░░░░░░░░░░░░░░░░░░░░░░] [ 89/1000] (  8.9%) [W02] ✅ Integration Artist 373 - SUCCESS (0.10s)
2025-09-19 08:57:43,730 - artist_bio_gen.core.processor - INFO - [██░░░░░░░░░░░░░░░░░░░░░░░░░░░░] [ 90/1000] (  9.0%) [W01] ✅ Integration Artist 356 - SUCCESS (0.10s)
2025-09-19 08:57:43,730 - artist_bio_gen.core.processor - INFO - [██░░░░░░░░░░░░░░░░░░░░░░░░░░░░] [ 91/1000] (  9.1%) [W02] ✅ Integration Artist 37 - SUCCESS (0.10s)
2025-09-19 08:57:43,730 - artist_bio_gen.core.processor - INFO - [██░░░░░░░░░░░░░░░░░░░░░░░░░░░░] [ 92/1000] (  9.2%) [W02] ✅ Integration Artist 221 - SUCCESS (0.10s)
2025-09-19 08:57:43,731 - artist_bio_gen.core.processor - INFO - [██░░░░░░░░░░░░░░░░░░░░░░░░░░░░] [ 93/1000] (  9.3%) [W01] ✅ Integration Artist 372 - SUCCESS (0.10s)
2025-09-19 08:57:43,731 - artist_bio_gen.core.processor - INFO - [██░░░░░░░░░░░░░░░░░░░░░░░░░░░░] [ 94/1000] (  9.4%) [W04] ✅ Integration Artist 355 - SUCCESS (0.10s)
2025-09-19 08:57:43,731 - artist_bio_gen.core.processor - INFO - [██░░░░░░░░░░░░░░░░░░░░░░░░░░░░] [ 95/1000] (  9.5%) [W04] ✅ Integration Artist 127 - SUCCESS (0.10s)
2025-09-19 08:57:43,731 - artist_bio_gen.core.processor - INFO - [██░░░░░░░░░░░░░░░░░░░░░░░░░░░░] [ 96/1000] (  9.6%) [W02] ✅ Integration Artist 49 - SUCCESS (0.10s)
2025-09-19 08:57:43,732 - artist_bio_gen.core.processor - INFO - [██░░░░░░░░░░░░░░░░░░░░░░░░░░░░] [ 97/1000] (  9.7%) [W03] ✅ Integration Artist 126 - SUCCESS (0.10s)
2025-09-19 08:57:43,732 - artist_bio_gen.core.processor - INFO - [██░░░░░░░░░░░░░░░░░░░░░░░░░░░░] [ 98/1000] (  9.8%) [W01] ✅ Integration Artist 220 - SUCCESS (0.10s)
2025-09-19 08:57:43,732 - artist_bio_gen.core.processor - INFO - [██░░░░░░░░░░░░░░░░░░░░░░░░░░░░] [ 99/1000] (  9.9%) [W04] ✅ Integration Artist 371 - SUCCESS (0.10s)
2025-09-19 08:57:43,732 - artist_bio_gen.core.processor - INFO - [███░░░░░░░░░░░░░░░░░░░░░░░░░░░] [100/1000] ( 10.0%) [W02] ✅ Integration Artist 93 - SUCCESS (0.10s)
2025-09-19 08:57:43,732 - artist_bio_gen.core.processor - INFO - 📊 Concurrent Progress: 100/1000 artists processed (10.0%) - Rate: 2163.71 artists/sec - ETA: 0s remaining
2025-09-19 08:57:43,733 - artist_bio_gen.core.processor - INFO - [███░░░░░░░░░░░░░░░░░░░░░░░░░░░] [101/1000] ( 10.1%) [W03] ✅ Integration Artist 354 - SUCCESS (0.10s)
2025-09-19 08:57:43,733 - artist_bio_gen.core.processor - INFO - [███░░░░░░░░░░░░░░░░░░░░░░░░░░░] [102/1000] ( 10.2%) [W04] ✅ Integration Artist 219 - SUCCESS (0.10s)
2025-09-19 08:57:43,733 - artist_bio_gen.core.processor - INFO - [███░░░░░░░░░░░░░░░░░░░░░░░░░░░] [103/1000] ( 10.3%) [W03] ✅ Integration Artist 370 - SUCCESS (0.10s)
2025-09-19 08:57:43,733 - artist_bio_gen.core.processor - INFO - [███░░░░░░░░░░░░░░░░░░░░░░░░░░░] [104/1000] ( 10.4%) [W02] ✅ Integration Artist 353 - SUCCESS (0.10s)
2025-09-19 08:57:43,734 - artist_bio_gen.core.processor - INFO - [███░░░░░░░░░░░░░░░░░░░░░░░░░░░] [105/1000] ( 10.5%) [W02] ✅ Integration Artist 129 - SUCCESS (0.10s)
2025-09-19 08:57:43,734 - artist_bio_gen.core.processor - INFO - [███░░░░░░░░░░░░░░░░░░░░░░░░░░░] [106/1000] ( 10.6%) [W01] ✅ Integration Artist 128 - SUCCESS (0.10s)
2025-09-19 08:57:43,734 - artist_bio_gen.core.processor - INFO - [███░░░░░░░░░░░░░░░░░░░░░░░░░░░] [107/1000] ( 10.7%) [W03] ✅ Integration Artist 218 - SUCCESS (0.10s)
2025-09-19 08:57:43,734 - artist_bio_gen.core.processor - INFO - [███░░░░░░░░░░░░░░░░░░░░░░░░░░░] [108/1000] ( 10.8%) [W03] ✅ Integration Artist 38 - SUCCESS (0.10s)
2025-09-19 08:57:43,735 - artist_bio_gen.core.processor - INFO - [███░░░░░░░░░░░░░░░░░░░░░░░░░░░] [109/1000] ( 10.9%) [W02] ✅ Integration Artist 369 - SUCCESS (0.10s)
2025-09-19 08:57:43,735 - artist_bio_gen.core.processor - INFO - [███░░░░░░░░░░░░░░░░░░░░░░░░░░░] [110/1000] ( 11.0%) [W01] ✅ Integration Artist 352 - SUCCESS (0.10s)
2025-09-19 08:57:43,735 - artist_bio_gen.core.processor - INFO - [███░░░░░░░░░░░░░░░░░░░░░░░░░░░] [111/1000] ( 11.1%) [W02] ✅ Integration Artist 217 - SUCCESS (0.10s)
2025-09-19 08:57:43,735 - artist_bio_gen.core.processor - INFO - [███░░░░░░░░░░░░░░░░░░░░░░░░░░░] [112/1000] ( 11.2%) [W01] ✅ Integration Artist 368 - SUCCESS (0.10s)
2025-09-19 08:57:43,736 - artist_bio_gen.core.processor - INFO - [███░░░░░░░░░░░░░░░░░░░░░░░░░░░] [113/1000] ( 11.3%) [W04] ✅ Integration Artist 351 - SUCCESS (0.10s)
2025-09-19 08:57:43,736 - artist_bio_gen.core.processor - INFO - [███░░░░░░░░░░░░░░░░░░░░░░░░░░░] [114/1000] ( 11.4%) [W04] ✅ Integration Artist 131 - SUCCESS (0.10s)
2025-09-19 08:57:43,736 - artist_bio_gen.core.processor - INFO - [███░░░░░░░░░░░░░░░░░░░░░░░░░░░] [115/1000] ( 11.5%) [W03] ✅ Integration Artist 90 - SUCCESS (0.10s)
2025-09-19 08:57:43,736 - artist_bio_gen.core.processor - INFO - [███░░░░░░░░░░░░░░░░░░░░░░░░░░░] [116/1000] ( 11.6%) [W01] ✅ Integration Artist 44 - SUCCESS (0.10s)
2025-09-19 08:57:43,737 - artist_bio_gen.core.processor - INFO - [███░░░░░░░░░░░░░░░░░░░░░░░░░░░] [117/1000] ( 11.7%) [W03] ✅ Integration Artist 130 - SUCCESS (0.10s)
2025-09-19 08:57:43,737 - artist_bio_gen.core.processor - INFO - [███░░░░░░░░░░░░░░░░░░░░░░░░░░░] [118/1000] ( 11.8%) [W01] ✅ Integration Artist 92 - SUCCESS (0.10s)
2025-09-19 08:57:43,737 - artist_bio_gen.core.processor - INFO - [███░░░░░░░░░░░░░░░░░░░░░░░░░░░] [119/1000] ( 11.9%) [W02] ✅ Integration Artist 41 - SUCCESS (0.10s)
2025-09-19 08:57:43,737 - artist_bio_gen.core.processor - INFO - [███░░░░░░░░░░░░░░░░░░░░░░░░░░░] [120/1000] ( 12.0%) [W01] ✅ Integration Artist 216 - SUCCESS (0.10s)
2025-09-19 08:57:43,738 - artist_bio_gen.core.processor - INFO - [███░░░░░░░░░░░░░░░░░░░░░░░░░░░] [121/1000] ( 12.1%) [W04] ✅ Integration Artist 367 - SUCCESS (0.10s)
2025-09-19 08:57:43,738 - artist_bio_gen.core.processor - INFO - [███░░░░░░░░░░░░░░░░░░░░░░░░░░░] [122/1000] ( 12.2%) [W03] ✅ Integration Artist 350 - SUCCESS (0.10s)
2025-09-19 08:57:43,738 - artist_bio_gen.core.processor - INFO - [███░░░░░░░░░░░░░░░░░░░░░░░░░░░] [123/1000] ( 12.3%) [W03] ✅ Integration Artist 162 - SUCCESS (0.10s)
2025-09-19 08:57:43,738 - artist_bio_gen.core.processor - INFO - [███░░░░░░░░░░░░░░░░░░░░░░░░░░░] [124/1000] ( 12.4%) [W01] ✅ Integration Artist 164 - SUCCESS (0.10s)
2025-09-19 08:57:43,739 - artist_bio_gen.core.processor - INFO - [███░░░░░░░░░░░░░░░░░░░░░░░░░░░] [125/1000] ( 12.5%) [W03] ✅ Integration Artist 46 - SUCCESS (0.10s)
2025-09-19 08:57:43,739 - artist_bio_gen.core.processor - INFO - [███░░░░░░░░░░░░░░░░░░░░░░░░░░░] [126/1000] ( 12.6%) [W04] ✅ Integration Artist 215 - SUCCESS (0.10s)
2025-09-19 08:57:43,739 - artist_bio_gen.core.processor - INFO - [███░░░░░░░░░░░░░░░░░░░░░░░░░░░] [127/1000] ( 12.7%) [W03] ✅ Integration Artist 366 - SUCCESS (0.10s)
2025-09-19 08:57:43,740 - artist_bio_gen.core.processor - INFO - [███░░░░░░░░░░░░░░░░░░░░░░░░░░░] [128/1000] ( 12.8%) [W02] ✅ Integration Artist 349 - SUCCESS (0.10s)
2025-09-19 08:57:43,740 - artist_bio_gen.core.processor - INFO - [███░░░░░░░░░░░░░░░░░░░░░░░░░░░] [129/1000] ( 12.9%) [W02] ✅ Integration Artist 133 - SUCCESS (0.10s)
2025-09-19 08:57:43,740 - artist_bio_gen.core.processor - INFO - [███░░░░░░░░░░░░░░░░░░░░░░░░░░░] [130/1000] ( 13.0%) [W04] ✅ Integration Artist 47 - SUCCESS (0.10s)
2025-09-19 08:57:43,741 - artist_bio_gen.core.processor - INFO - [███░░░░░░░░░░░░░░░░░░░░░░░░░░░] [131/1000] ( 13.1%) [W02] ✅ Integration Artist 161 - SUCCESS (0.10s)
2025-09-19 08:57:43,741 - artist_bio_gen.core.processor - INFO - [███░░░░░░░░░░░░░░░░░░░░░░░░░░░] [132/1000] ( 13.2%) [W01] ✅ Integration Artist 132 - SUCCESS (0.10s)
2025-09-19 08:57:43,741 - artist_bio_gen.core.processor - INFO - [███░░░░░░░░░░░░░░░░░░░░░░░░░░░] [133/1000] ( 13.3%) [W04] ✅ Integration Artist 163 - SUCCESS (0.10s)
2025-09-19 08:57:43,742 - artist_bio_gen.core.processor - INFO - [████░░░░░░░░░░░░░░░░░░░░░░░░░░] [134/1000] ( 13.4%) [W03] ✅ Integration Artist 214 - SUCCESS (0.10s)
2025-09-19 08:57:43,742 - artist_bio_gen.core.processor - INFO - [████░░░░░░░░░░░░░░░░░░░░░░░░░░] [135/1000] ( 13.5%) [W02] ✅ Integration Artist 365 - SUCCESS (0.10s)
2025-09-19 08:57:43,742 - artist_bio_gen.core.processor - INFO - [████░░░░░░░░░░░░░░░░░░░░░░░░░░] [136/1000] ( 13.6%) [W01] ✅ Integration Artist 348 - SUCCESS (0.10s)
2025-09-19 08:57:43,742 - artist_bio_gen.core.processor - INFO - [████░░░░░░░░░░░░░░░░░░░░░░░░░░] [137/1000] ( 13.7%) [W01] ✅ Integration Artist 364 - SUCCESS (0.10s)
2025-09-19 08:57:43,743 - artist_bio_gen.core.processor - INFO - [████░░░░░░░░░░░░░░░░░░░░░░░░░░] [138/1000] ( 13.8%) [W04] ✅ Integration Artist 347 - SUCCESS (0.10s)
2025-09-19 08:57:43,743 - artist_bio_gen.core.processor - INFO - [████░░░░░░░░░░░░░░░░░░░░░░░░░░] [139/1000] ( 13.9%) [W04] ✅ Integration Artist 135 - SUCCESS (0.10s)
2025-09-19 08:57:43,743 - artist_bio_gen.core.processor - INFO - [████░░░░░░░░░░░░░░░░░░░░░░░░░░] [140/1000] ( 14.0%) [W01] ✅ Integration Artist 48 - SUCCESS (0.10s)
2025-09-19 08:57:43,743 - artist_bio_gen.core.processor - INFO - [████░░░░░░░░░░░░░░░░░░░░░░░░░░] [141/1000] ( 14.1%) [W03] ✅ Integration Artist 134 - SUCCESS (0.10s)
2025-09-19 08:57:43,744 - artist_bio_gen.core.processor - INFO - [████░░░░░░░░░░░░░░░░░░░░░░░░░░] [142/1000] ( 14.2%) [W04] ✅ Integration Artist 363 - SUCCESS (0.10s)
2025-09-19 08:57:43,744 - artist_bio_gen.core.processor - INFO - [████░░░░░░░░░░░░░░░░░░░░░░░░░░] [143/1000] ( 14.3%) [W01] ✅ Integration Artist 564 - SUCCESS (0.10s)
2025-09-19 08:57:43,744 - artist_bio_gen.core.processor - INFO - [████░░░░░░░░░░░░░░░░░░░░░░░░░░] [144/1000] ( 14.4%) [W01] ✅ Integration Artist 396 - SUCCESS (0.10s)
2025-09-19 08:57:43,745 - artist_bio_gen.core.processor - INFO - [████░░░░░░░░░░░░░░░░░░░░░░░░░░] [145/1000] ( 14.5%) [W04] ✅ Integration Artist 547 - SUCCESS (0.10s)
2025-09-19 08:57:43,745 - artist_bio_gen.core.processor - INFO - [████░░░░░░░░░░░░░░░░░░░░░░░░░░] [146/1000] ( 14.6%) [W03] ✅ Integration Artist 530 - SUCCESS (0.10s)
2025-09-19 08:57:43,745 - artist_bio_gen.core.processor - INFO - [████░░░░░░░░░░░░░░░░░░░░░░░░░░] [147/1000] ( 14.7%) [W03] ✅ Integration Artist 182 - SUCCESS (0.10s)
2025-09-19 08:57:43,745 - artist_bio_gen.core.processor - INFO - [████░░░░░░░░░░░░░░░░░░░░░░░░░░] [148/1000] ( 14.8%) [W04] ✅ Integration Artist 563 - SUCCESS (0.10s)
2025-09-19 08:57:43,746 - artist_bio_gen.core.processor - INFO - [████░░░░░░░░░░░░░░░░░░░░░░░░░░] [149/1000] ( 14.9%) [W04] ✅ Integration Artist 395 - SUCCESS (0.10s)
2025-09-19 08:57:43,746 - artist_bio_gen.core.processor - INFO - [████░░░░░░░░░░░░░░░░░░░░░░░░░░] [150/1000] ( 15.0%) [W03] ✅ Integration Artist 186 - SUCCESS (0.10s)
2025-09-19 08:57:43,746 - artist_bio_gen.core.processor - INFO - [████░░░░░░░░░░░░░░░░░░░░░░░░░░] [151/1000] ( 15.1%) [W03] ✅ Integration Artist 546 - SUCCESS (0.10s)
2025-09-19 08:57:43,746 - artist_bio_gen.core.processor - INFO - [████░░░░░░░░░░░░░░░░░░░░░░░░░░] [152/1000] ( 15.2%) [W02] ✅ Integration Artist 529 - SUCCESS (0.10s)
2025-09-19 08:57:43,747 - artist_bio_gen.core.processor - INFO - [████░░░░░░░░░░░░░░░░░░░░░░░░░░] [153/1000] ( 15.3%) [W04] ✅ Integration Artist 11 - SUCCESS (0.10s)
2025-09-19 08:57:43,747 - artist_bio_gen.core.processor - INFO - [████░░░░░░░░░░░░░░░░░░░░░░░░░░] [154/1000] ( 15.4%) [W03] ✅ Integration Artist 22 - SUCCESS (0.10s)
2025-09-19 08:57:43,747 - artist_bio_gen.core.processor - INFO - [████░░░░░░░░░░░░░░░░░░░░░░░░░░] [155/1000] ( 15.5%) [W03] ✅ Integration Artist 562 - SUCCESS (0.10s)
2025-09-19 08:57:43,747 - artist_bio_gen.core.processor - INFO - [████░░░░░░░░░░░░░░░░░░░░░░░░░░] [156/1000] ( 15.6%) [W03] ✅ Integration Artist 394 - SUCCESS (0.10s)
2025-09-19 08:57:43,748 - artist_bio_gen.core.processor - INFO - [████░░░░░░░░░░░░░░░░░░░░░░░░░░] [157/1000] ( 15.7%) [W02] ✅ Integration Artist 545 - SUCCESS (0.10s)
2025-09-19 08:57:43,748 - artist_bio_gen.core.processor - INFO - [████░░░░░░░░░░░░░░░░░░░░░░░░░░] [158/1000] ( 15.8%) [W01] ✅ Integration Artist 528 - SUCCESS (0.10s)
2025-09-19 08:57:43,748 - artist_bio_gen.core.processor - INFO - [████░░░░░░░░░░░░░░░░░░░░░░░░░░] [159/1000] ( 15.9%) [W02] ✅ Integration Artist 21 - SUCCESS (0.10s)
2025-09-19 08:57:43,748 - artist_bio_gen.core.processor - INFO - [████░░░░░░░░░░░░░░░░░░░░░░░░░░] [160/1000] ( 16.0%) [W02] ✅ Integration Artist 561 - SUCCESS (0.10s)
2025-09-19 08:57:43,749 - artist_bio_gen.core.processor - INFO - [████░░░░░░░░░░░░░░░░░░░░░░░░░░] [161/1000] ( 16.1%) [W01] ✅ Integration Artist 184 - SUCCESS (0.10s)
2025-09-19 08:57:43,749 - artist_bio_gen.core.processor - INFO - [████░░░░░░░░░░░░░░░░░░░░░░░░░░] [162/1000] ( 16.2%) [W02] ✅ Integration Artist 393 - SUCCESS (0.10s)
2025-09-19 08:57:43,749 - artist_bio_gen.core.processor - INFO - [████░░░░░░░░░░░░░░░░░░░░░░░░░░] [163/1000] ( 16.3%) [W02] ✅ Integration Artist 185 - SUCCESS (0.10s)
2025-09-19 08:57:43,749 - artist_bio_gen.core.processor - INFO - [████░░░░░░░░░░░░░░░░░░░░░░░░░░] [164/1000] ( 16.4%) [W04] ✅ Integration Artist 23 - SUCCESS (0.10s)
2025-09-19 08:57:43,750 - artist_bio_gen.core.processor - INFO - [████░░░░░░░░░░░░░░░░░░░░░░░░░░] [165/1000] ( 16.5%) [W01] ✅ Integration Artist 544 - SUCCESS (0.10s)
2025-09-19 08:57:43,750 - artist_bio_gen.core.processor - INFO - [████░░░░░░░░░░░░░░░░░░░░░░░░░░] [166/1000] ( 16.6%) [W04] ✅ Integration Artist 527 - SUCCESS (0.10s)
2025-09-19 08:57:43,750 - artist_bio_gen.core.processor - INFO - [█████░░░░░░░░░░░░░░░░░░░░░░░░░] [167/1000] ( 16.7%) [W01] ✅ Integration Artist 100 - SUCCESS (0.10s)
2025-09-19 08:57:43,750 - artist_bio_gen.core.processor - INFO - [█████░░░░░░░░░░░░░░░░░░░░░░░░░] [168/1000] ( 16.8%) [W01] ✅ Integration Artist 560 - SUCCESS (0.10s)
2025-09-19 08:57:43,751 - artist_bio_gen.core.processor - INFO - [█████░░░░░░░░░░░░░░░░░░░░░░░░░] [169/1000] ( 16.9%) [W01] ✅ Integration Artist 392 - SUCCESS (0.10s)
2025-09-19 08:57:43,751 - artist_bio_gen.core.processor - INFO - [█████░░░░░░░░░░░░░░░░░░░░░░░░░] [170/1000] ( 17.0%) [W04] ✅ Integration Artist 183 - SUCCESS (0.10s)
2025-09-19 08:57:43,751 - artist_bio_gen.core.processor - INFO - [█████░░░░░░░░░░░░░░░░░░░░░░░░░] [171/1000] ( 17.1%) [W01] ✅ Integration Artist 20 - SUCCESS (0.10s)
2025-09-19 08:57:43,752 - artist_bio_gen.core.processor - INFO - [█████░░░░░░░░░░░░░░░░░░░░░░░░░] [172/1000] ( 17.2%) [W04] ✅ Integration Artist 543 - SUCCESS (0.10s)
2025-09-19 08:57:43,752 - artist_bio_gen.core.processor - INFO - [█████░░░░░░░░░░░░░░░░░░░░░░░░░] [173/1000] ( 17.3%) [W03] ✅ Integration Artist 526 - SUCCESS (0.10s)
2025-09-19 08:57:43,752 - artist_bio_gen.core.processor - INFO - [█████░░░░░░░░░░░░░░░░░░░░░░░░░] [174/1000] ( 17.4%) [W02] ✅ Integration Artist 189 - SUCCESS (0.10s)
2025-09-19 08:57:43,753 - artist_bio_gen.core.processor - INFO - [█████░░░░░░░░░░░░░░░░░░░░░░░░░] [175/1000] ( 17.5%) [W04] ✅ Integration Artist 559 - SUCCESS (0.10s)
2025-09-19 08:57:43,753 - artist_bio_gen.core.processor - INFO - [█████░░░░░░░░░░░░░░░░░░░░░░░░░] [176/1000] ( 17.6%) [W04] ✅ Integration Artist 391 - SUCCESS (0.10s)
2025-09-19 08:57:43,753 - artist_bio_gen.core.processor - INFO - [█████░░░░░░░░░░░░░░░░░░░░░░░░░] [177/1000] ( 17.7%) [W03] ✅ Integration Artist 542 - SUCCESS (0.10s)
2025-09-19 08:57:43,753 - artist_bio_gen.core.processor - INFO - [█████░░░░░░░░░░░░░░░░░░░░░░░░░] [178/1000] ( 17.8%) [W02] ✅ Integration Artist 525 - SUCCESS (0.10s)
2025-09-19 08:57:43,754 - artist_bio_gen.core.processor - INFO - [█████░░░░░░░░░░░░░░░░░░░░░░░░░] [179/1000] ( 17.9%) [W03] ✅ Integration Artist 558 - SUCCESS (0.10s)
2025-09-19 08:57:43,754 - artist_bio_gen.core.processor - INFO - [█████░░░░░░░░░░░░░░░░░░░░░░░░░] [180/1000] ( 18.0%) [W03] ✅ Integration Artist 390 - SUCCESS (0.10s)
2025-09-19 08:57:43,754 - artist_bio_gen.core.processor - INFO - [█████░░░░░░░░░░░░░░░░░░░░░░░░░] [181/1000] ( 18.1%) [W02] ✅ Integration Artist 541 - SUCCESS (0.10s)
2025-09-19 08:57:43,754 - artist_bio_gen.core.processor - INFO - [█████░░░░░░░░░░░░░░░░░░░░░░░░░] [182/1000] ( 18.2%) [W01] ✅ Integration Artist 524 - SUCCESS (0.10s)
2025-09-19 08:57:43,755 - artist_bio_gen.core.processor - INFO - [█████░░░░░░░░░░░░░░░░░░░░░░░░░] [183/1000] ( 18.3%) [W03] ✅ Integration Artist 102 - SUCCESS (0.10s)
Mock bio response for Integration Artist 346
Mock bio response for Integration Artist 497
Mock bio response for Integration Artist 345
Mock bio response for Integration Artist 496
Mock bio response for Integration Artist 328
Mock bio response for Integration Artist 344
Mock bio response for Integration Artist 495
Mock bio response for Integration Artist 327
Mock bio response for Integration Artist 343
Mock bio response for Integration Artist 494
Mock bio response for Integration Artist 326
Mock bio response for Integration Artist 342
Mock bio response for Integration Artist 493
Mock bio response for Integration Artist 325
Mock bio response for Integration Artist 341
Mock bio response for Integration Artist 492
Mock bio response for Integration Artist 324
Mock bio response for Integration Artist 340
Mock bio response for Integration Artist 491
Mock bio response for Integration Artist 323
Mock bio response for Integration Artist 339
Mock bio response for Integration Artist 490
Mock bio response for Integration Artist 322
Mock bio response for Integration Artist 338
Mock bio response for Integration Artist 489
Mock bio response for Integration Artist 321
Mock bio response for Integration Artist 337
Mock bio response for Integration Artist 488
Mock bio response for Integration Artist 320
Mock bio response for Integration Artist 336
Mock bio response for Integration Artist 487
Mock bio response for Integration Artist 319
Mock bio response for Integration Artist 335
Mock bio response for Integration Artist 486
Mock bio response for Integration Artist 318
Mock bio response for Integration Artist 334
Mock bio response for Integration Artist 485
Mock bio response for Integration Artist 317
Mock bio response for Integration Artist 333
Mock bio response for Integration Artist 484
Mock bio response for Integration Artist 316
Mock bio response for Integration Artist 332
Mock bio response for Integration Artist 483
Mock bio response for Integration Artist 315
Mock bio response for Integration Artist 331
Mock bio response for Integration Artist 482
Mock bio response for Integration Artist 314
Mock bio response for Integration Artist 330
Mock bio response for Integration Artist 481
Mock bio response for Integration Artist 313
Mock bio response for Integration Artist 632
Mock bio response for Integration Artist 228
Mock bio response for Integration Artist 119
Mock bio response for Integration Artist 39
Mock bio response for Integration Artist 379
Mock bio response for Integration Artist 362
Mock bio response for Integration Artist 50
Mock bio response for Integration Artist 227
Mock bio response for Integration Artist 165
Mock bio response for Integration Artist 91
Mock bio response for Integration Artist 378
Mock bio response for Integration Artist 361
Mock bio response for Integration Artist 121
Mock bio response for Integration Artist 120
Mock bio response for Integration Artist 226
Mock bio response for Integration Artist 377
Mock bio response for Integration Artist 360
Mock bio response for Integration Artist 43
Mock bio response for Integration Artist 95
Mock bio response for Integration Artist 225
Mock bio response for Integration Artist 376
Mock bio response for Integration Artist 359
Mock bio response for Integration Artist 123
Mock bio response for Integration Artist 122
Mock bio response for Integration Artist 42
Mock bio response for Integration Artist 224
Mock bio response for Integration Artist 375
Mock bio response for Integration Artist 358
Mock bio response for Integration Artist 94
Mock bio response for Integration Artist 45
Mock bio response for Integration Artist 223
Mock bio response for Integration Artist 374
Mock bio response for Integration Artist 40
Mock bio response for Integration Artist 357
Mock bio response for Integration Artist 125
Mock bio response for Integration Artist 124
Mock bio response for Integration Artist 222
Mock bio response for Integration Artist 24
Mock bio response for Integration Artist 373
Mock bio response for Integration Artist 356
Mock bio response for Integration Artist 37
Mock bio response for Integration Artist 221
Mock bio response for Integration Artist 372
Mock bio response for Integration Artist 355
Mock bio response for Integration Artist 127
Mock bio response for Integration Artist 49
Mock bio response for Integration Artist 126
Mock bio response for Integration Artist 220
Mock bio response for Integration Artist 371
Mock bio response for Integration Artist 93
Mock bio response for Integration Artist 354
Mock bio response for Integration Artist 219
Mock bio response for Integration Artist 370
Mock bio response for Integration Artist 353
Mock bio response for Integration Artist 129
Mock bio response for Integration Artist 128
Mock bio response for Integration Artist 218
Mock bio response for Integration Artist 38
Mock bio response for Integration Artist 369
Mock bio response for Integration Artist 352
Mock bio response for Integration Artist 217
Mock bio response for Integration Artist 368
Mock bio response for Integration Artist 351
Mock bio response for Integration Artist 131
Mock bio response for Integration Artist 90
Mock bio response for Integration Artist 44
Mock bio response for Integration Artist 130
Mock bio response for Integration Artist 92
Mock bio response for Integration Artist 41
Mock bio response for Integration Artist 216
Mock bio response for Integration Artist 367
Mock bio response for Integration Artist 350
Mock bio response for Integration Artist 162
Mock bio response for Integration Artist 164
Mock bio response for Integration Artist 46
Mock bio response for Integration Artist 215
Mock bio response for Integration Artist 366
Mock bio response for Integration Artist 349
Mock bio response for Integration Artist 133
Mock bio response for Integration Artist 47
Mock bio response for Integration Artist 161
Mock bio response for Integration Artist 132
Mock bio response for Integration Artist 163
Mock bio response for Integration Artist 214
Mock bio response for Integration Artist 365
Mock bio response for Integration Artist 348
Mock bio response for Integration Artist 364
Mock bio response for Integration Artist 347
Mock bio response for Integration Artist 135
Mock bio response for Integration Artist 48
Mock bio response for Integration Artist 134
Mock bio response for Integration Artist 363
Mock bio response for Integration Artist 564
Mock bio response for Integration Artist 396
Mock bio response for Integration Artist 547
Mock bio response for Integration Artist 530
Mock bio response for Integration Artist 182
Mock bio response for Integration Artist 563
Mock bio response for Integration Artist 395
Mock bio response for Integration Artist 186
Mock bio response for Integration Artist 546
Mock bio response for Integration Artist 529
Mock bio response for Integration Artist 11
Mock bio response for Integration Artist 22
Mock bio response for Integration Artist 562
Mock bio response for Integration Artist 394
Mock bio response for Integration Artist 545
Mock bio response for Integration Artist 528
Mock bio response for Integration Artist 21
Mock bio response for Integration Artist 561
Mock bio response for Integration Artist 184
Mock bio response for Integration Artist 393
Mock bio response for Integration Artist 185
Mock bio response for Integration Artist 23
Mock bio response for Integration Artist 544
Mock bio response for Integration Artist 527
Mock bio response for Integration Artist 100
Mock bio response for Integration Artist 560
Mock bio response for Integration Artist 392
Mock bio response for Integration Artist 183
Mock bio response for Integration Artist 20
Mock bio response for Integration Artist 543
Mock bio response for Integration Artist 526
Mock bio response for Integration Artist 189
Mock bio response for Integration Artist 559
Mock bio response for Integration Artist 391
Mock bio response for Integration Artist 542
Mock bio response for Integration Artist 525
Mock bio response for Integration Artist 558
Mock bio response for Integration Artist 390
Mock bio response for Integration Artist 541
Mock bio response for Integration Artist 524
2025-09-19 08:57:43,755 - artist_bio_gen.core.processor - INFO - [█████░░░░░░░░░░░░░░░░░░░░░░░░░] [184/1000] ( 18.4%) [W04] ✅ Integration Artist 99 - SUCCESS (0.10s)
2025-09-19 08:57:43,755 - artist_bio_gen.core.processor - INFO - [█████░░░░░░░░░░░░░░░░░░░░░░░░░] [185/1000] ( 18.5%) [W02] ✅ Integration Artist 13 - SUCCESS (0.10s)
2025-09-19 08:57:43,756 - artist_bio_gen.core.processor - INFO - [█████░░░░░░░░░░░░░░░░░░░░░░░░░] [186/1000] ( 18.6%) [W02] ✅ Integration Artist 557 - SUCCESS (0.10s)
2025-09-19 08:57:43,756 - artist_bio_gen.core.processor - INFO - [█████░░░░░░░░░░░░░░░░░░░░░░░░░] [187/1000] ( 18.7%) [W02] ✅ Integration Artist 389 - SUCCESS (0.10s)
2025-09-19 08:57:43,756 - artist_bio_gen.core.processor - INFO - [█████░░░░░░░░░░░░░░░░░░░░░░░░░] [188/1000] ( 18.8%) [W01] ✅ Integration Artist 540 - SUCCESS (0.10s)
2025-09-19 08:57:43,756 - artist_bio_gen.core.processor - INFO - [█████░░░░░░░░░░░░░░░░░░░░░░░░░] [189/1000] ( 18.9%) [W04] ✅ Integration Artist 523 - SUCCESS (0.10s)
2025-09-19 08:57:43,757 - artist_bio_gen.core.processor - INFO - [█████░░░░░░░░░░░░░░░░░░░░░░░░░] [190/1000] ( 19.0%) [W01] ✅ Integration Artist 556 - SUCCESS (0.10s)
2025-09-19 08:57:43,757 - artist_bio_gen.core.processor - INFO - [█████░░░░░░░░░░░░░░░░░░░░░░░░░] [191/1000] ( 19.1%) [W01] ✅ Integration Artist 388 - SUCCESS (0.10s)
2025-09-19 08:57:43,757 - artist_bio_gen.core.processor - INFO - [█████░░░░░░░░░░░░░░░░░░░░░░░░░] [192/1000] ( 19.2%) [W04] ✅ Integration Artist 539 - SUCCESS (0.10s)
2025-09-19 08:57:43,757 - artist_bio_gen.core.processor - INFO - [█████░░░░░░░░░░░░░░░░░░░░░░░░░] [193/1000] ( 19.3%) [W03] ✅ Integration Artist 522 - SUCCESS (0.10s)
2025-09-19 08:57:43,758 - artist_bio_gen.core.processor - INFO - [█████░░░░░░░░░░░░░░░░░░░░░░░░░] [194/1000] ( 19.4%) [W03] ✅ Integration Artist 190 - SUCCESS (0.10s)
2025-09-19 08:57:43,758 - artist_bio_gen.core.processor - INFO - [█████░░░░░░░░░░░░░░░░░░░░░░░░░] [195/1000] ( 19.5%) [W03] ✅ Integration Artist 18 - SUCCESS (0.10s)
2025-09-19 08:57:43,758 - artist_bio_gen.core.processor - INFO - [█████░░░░░░░░░░░░░░░░░░░░░░░░░] [196/1000] ( 19.6%) [W04] ✅ Integration Artist 187 - SUCCESS (0.10s)
2025-09-19 08:57:43,758 - artist_bio_gen.core.processor - INFO - [█████░░░░░░░░░░░░░░░░░░░░░░░░░] [197/1000] ( 19.7%) [W04] ✅ Integration Artist 555 - SUCCESS (0.10s)
2025-09-19 08:57:43,759 - artist_bio_gen.core.processor - INFO - [█████░░░░░░░░░░░░░░░░░░░░░░░░░] [198/1000] ( 19.8%) [W04] ✅ Integration Artist 387 - SUCCESS (0.10s)
2025-09-19 08:57:43,759 - artist_bio_gen.core.processor - INFO - [█████░░░░░░░░░░░░░░░░░░░░░░░░░] [199/1000] ( 19.9%) [W04] ✅ Integration Artist 191 - SUCCESS (0.10s)
2025-09-19 08:57:43,759 - artist_bio_gen.core.processor - INFO - [██████░░░░░░░░░░░░░░░░░░░░░░░░] [200/1000] ( 20.0%) [W03] ✅ Integration Artist 538 - SUCCESS (0.10s)
2025-09-19 08:57:43,759 - artist_bio_gen.core.processor - INFO - 📊 Concurrent Progress: 200/1000 artists processed (20.0%) - Rate: 7449.32 artists/sec - ETA: 0s remaining
2025-09-19 08:57:43,760 - artist_bio_gen.core.processor - INFO - [██████░░░░░░░░░░░░░░░░░░░░░░░░] [201/1000] ( 20.1%) [W01] ✅ Integration Artist 12 - SUCCESS (0.10s)
2025-09-19 08:57:43,760 - artist_bio_gen.core.processor - INFO - [██████░░░░░░░░░░░░░░░░░░░░░░░░] [202/1000] ( 20.2%) [W02] ✅ Integration Artist 521 - SUCCESS (0.10s)
2025-09-19 08:57:43,760 - artist_bio_gen.core.processor - INFO - [██████░░░░░░░░░░░░░░░░░░░░░░░░] [203/1000] ( 20.3%) [W03] ✅ Integration Artist 14 - SUCCESS (0.10s)
2025-09-19 08:57:43,760 - artist_bio_gen.core.processor - INFO - [██████░░░░░░░░░░░░░░░░░░░░░░░░] [204/1000] ( 20.4%) [W03] ✅ Integration Artist 554 - SUCCESS (0.10s)
2025-09-19 08:57:43,761 - artist_bio_gen.core.processor - INFO - [██████░░░░░░░░░░░░░░░░░░░░░░░░] [205/1000] ( 20.5%) [W03] ✅ Integration Artist 386 - SUCCESS (0.10s)
2025-09-19 08:57:43,761 - artist_bio_gen.core.processor - INFO - [██████░░░░░░░░░░░░░░░░░░░░░░░░] [206/1000] ( 20.6%) [W02] ✅ Integration Artist 17 - SUCCESS (0.10s)
2025-09-19 08:57:43,761 - artist_bio_gen.core.processor - INFO - [██████░░░░░░░░░░░░░░░░░░░░░░░░] [207/1000] ( 20.7%) [W02] ✅ Integration Artist 537 - SUCCESS (0.10s)
2025-09-19 08:57:43,762 - artist_bio_gen.core.processor - INFO - [██████░░░░░░░░░░░░░░░░░░░░░░░░] [208/1000] ( 20.8%) [W01] ✅ Integration Artist 520 - SUCCESS (0.10s)
2025-09-19 08:57:43,762 - artist_bio_gen.core.processor - INFO - [██████░░░░░░░░░░░░░░░░░░░░░░░░] [209/1000] ( 20.9%) [W01] ✅ Integration Artist 192 - SUCCESS (0.10s)
2025-09-19 08:57:43,762 - artist_bio_gen.core.processor - INFO - [██████░░░░░░░░░░░░░░░░░░░░░░░░] [210/1000] ( 21.0%) [W02] ✅ Integration Artist 553 - SUCCESS (0.10s)
2025-09-19 08:57:43,762 - artist_bio_gen.core.processor - INFO - [██████░░░░░░░░░░░░░░░░░░░░░░░░] [211/1000] ( 21.1%) [W02] ✅ Integration Artist 385 - SUCCESS (0.10s)
2025-09-19 08:57:43,763 - artist_bio_gen.core.processor - INFO - [██████░░░░░░░░░░░░░░░░░░░░░░░░] [212/1000] ( 21.2%) [W02] ✅ Integration Artist 193 - SUCCESS (0.10s)
2025-09-19 08:57:43,763 - artist_bio_gen.core.processor - INFO - [██████░░░░░░░░░░░░░░░░░░░░░░░░] [213/1000] ( 21.3%) [W01] ✅ Integration Artist 536 - SUCCESS (0.10s)
2025-09-19 08:57:43,763 - artist_bio_gen.core.processor - INFO - [██████░░░░░░░░░░░░░░░░░░░░░░░░] [214/1000] ( 21.4%) [W04] ✅ Integration Artist 519 - SUCCESS (0.10s)
2025-09-19 08:57:43,763 - artist_bio_gen.core.processor - INFO - [██████░░░░░░░░░░░░░░░░░░░░░░░░] [215/1000] ( 21.5%) [W01] ✅ Integration Artist 16 - SUCCESS (0.10s)
2025-09-19 08:57:43,764 - artist_bio_gen.core.processor - INFO - [██████░░░░░░░░░░░░░░░░░░░░░░░░] [216/1000] ( 21.6%) [W02] ✅ Integration Artist 101 - SUCCESS (0.10s)
2025-09-19 08:57:43,764 - artist_bio_gen.core.processor - INFO - [██████░░░░░░░░░░░░░░░░░░░░░░░░] [217/1000] ( 21.7%) [W01] ✅ Integration Artist 552 - SUCCESS (0.10s)
2025-09-19 08:57:43,764 - artist_bio_gen.core.processor - INFO - [██████░░░░░░░░░░░░░░░░░░░░░░░░] [218/1000] ( 21.8%) [W01] ✅ Integration Artist 384 - SUCCESS (0.10s)
2025-09-19 08:57:43,764 - artist_bio_gen.core.processor - INFO - [██████░░░░░░░░░░░░░░░░░░░░░░░░] [219/1000] ( 21.9%) [W04] ✅ Integration Artist 535 - SUCCESS (0.10s)
2025-09-19 08:57:43,765 - artist_bio_gen.core.processor - INFO - [██████░░░░░░░░░░░░░░░░░░░░░░░░] [220/1000] ( 22.0%) [W03] ✅ Integration Artist 518 - SUCCESS (0.10s)
2025-09-19 08:57:43,765 - artist_bio_gen.core.processor - INFO - [██████░░░░░░░░░░░░░░░░░░░░░░░░] [221/1000] ( 22.1%) [W03] ✅ Integration Artist 194 - SUCCESS (0.10s)
2025-09-19 08:57:43,765 - artist_bio_gen.core.processor - INFO - [██████░░░░░░░░░░░░░░░░░░░░░░░░] [222/1000] ( 22.2%) [W04] ✅ Integration Artist 551 - SUCCESS (0.10s)
2025-09-19 08:57:43,766 - artist_bio_gen.core.processor - INFO - [██████░░░░░░░░░░░░░░░░░░░░░░░░] [223/1000] ( 22.3%) [W04] ✅ Integration Artist 383 - SUCCESS (0.10s)
2025-09-19 08:57:43,766 - artist_bio_gen.core.processor - INFO - [██████░░░░░░░░░░░░░░░░░░░░░░░░] [224/1000] ( 22.4%) [W04] ✅ Integration Artist 195 - SUCCESS (0.10s)
2025-09-19 08:57:43,766 - artist_bio_gen.core.processor - INFO - [██████░░░░░░░░░░░░░░░░░░░░░░░░] [225/1000] ( 22.5%) [W03] ✅ Integration Artist 534 - SUCCESS (0.10s)
2025-09-19 08:57:43,766 - artist_bio_gen.core.processor - INFO - [██████░░░░░░░░░░░░░░░░░░░░░░░░] [226/1000] ( 22.6%) [W02] ✅ Integration Artist 517 - SUCCESS (0.10s)
2025-09-19 08:57:43,767 - artist_bio_gen.core.processor - INFO - [██████░░░░░░░░░░░░░░░░░░░░░░░░] [227/1000] ( 22.7%) [W04] ✅ Integration Artist 15 - SUCCESS (0.10s)
2025-09-19 08:57:43,767 - artist_bio_gen.core.processor - INFO - [██████░░░░░░░░░░░░░░░░░░░░░░░░] [228/1000] ( 22.8%) [W04] ✅ Integration Artist 19 - SUCCESS (0.10s)
2025-09-19 08:57:43,767 - artist_bio_gen.core.processor - INFO - [██████░░░░░░░░░░░░░░░░░░░░░░░░] [229/1000] ( 22.9%) [W03] ✅ Integration Artist 550 - SUCCESS (0.10s)
2025-09-19 08:57:43,767 - artist_bio_gen.core.processor - INFO - [██████░░░░░░░░░░░░░░░░░░░░░░░░] [230/1000] ( 23.0%) [W03] ✅ Integration Artist 382 - SUCCESS (0.10s)
2025-09-19 08:57:43,768 - artist_bio_gen.core.processor - INFO - [██████░░░░░░░░░░░░░░░░░░░░░░░░] [231/1000] ( 23.1%) [W02] ✅ Integration Artist 533 - SUCCESS (0.10s)
2025-09-19 08:57:43,768 - artist_bio_gen.core.processor - INFO - [██████░░░░░░░░░░░░░░░░░░░░░░░░] [232/1000] ( 23.2%) [W01] ✅ Integration Artist 516 - SUCCESS (0.10s)
2025-09-19 08:57:43,768 - artist_bio_gen.core.processor - INFO - [██████░░░░░░░░░░░░░░░░░░░░░░░░] [233/1000] ( 23.3%) [W01] ✅ Integration Artist 196 - SUCCESS (0.10s)
2025-09-19 08:57:43,768 - artist_bio_gen.core.processor - INFO - [███████░░░░░░░░░░░░░░░░░░░░░░░] [234/1000] ( 23.4%) [W02] ✅ Integration Artist 549 - SUCCESS (0.10s)
2025-09-19 08:57:43,769 - artist_bio_gen.core.processor - INFO - [███████░░░░░░░░░░░░░░░░░░░░░░░] [235/1000] ( 23.5%) [W02] ✅ Integration Artist 381 - SUCCESS (0.10s)
2025-09-19 08:57:43,769 - artist_bio_gen.core.processor - INFO - [███████░░░░░░░░░░░░░░░░░░░░░░░] [236/1000] ( 23.6%) [W01] ✅ Integration Artist 532 - SUCCESS (0.10s)
2025-09-19 08:57:43,769 - artist_bio_gen.core.processor - INFO - [███████░░░░░░░░░░░░░░░░░░░░░░░] [237/1000] ( 23.7%) [W04] ✅ Integration Artist 515 - SUCCESS (0.10s)
2025-09-19 08:57:43,769 - artist_bio_gen.core.processor - INFO - [███████░░░░░░░░░░░░░░░░░░░░░░░] [238/1000] ( 23.8%) [W01] ✅ Integration Artist 188 - SUCCESS (0.10s)
2025-09-19 08:57:43,770 - artist_bio_gen.core.processor - INFO - [███████░░░░░░░░░░░░░░░░░░░░░░░] [239/1000] ( 23.9%) [W02] ✅ Integration Artist 197 - SUCCESS (0.10s)
2025-09-19 08:57:43,770 - artist_bio_gen.core.processor - INFO - [███████░░░░░░░░░░░░░░░░░░░░░░░] [240/1000] ( 24.0%) [W04] ✅ Integration Artist 103 - SUCCESS (0.10s)
2025-09-19 08:57:43,770 - artist_bio_gen.core.processor - INFO - [███████░░░░░░░░░░░░░░░░░░░░░░░] [241/1000] ( 24.1%) [W01] ✅ Integration Artist 548 - SUCCESS (0.10s)
2025-09-19 08:57:43,770 - artist_bio_gen.core.processor - INFO - [███████░░░░░░░░░░░░░░░░░░░░░░░] [242/1000] ( 24.2%) [W01] ✅ Integration Artist 380 - SUCCESS (0.10s)
2025-09-19 08:57:43,771 - artist_bio_gen.core.processor - INFO - [███████░░░░░░░░░░░░░░░░░░░░░░░] [243/1000] ( 24.3%) [W04] ✅ Integration Artist 531 - SUCCESS (0.10s)
2025-09-19 08:57:43,771 - artist_bio_gen.core.processor - INFO - [███████░░░░░░░░░░░░░░░░░░░░░░░] [244/1000] ( 24.4%) [W03] ✅ Integration Artist 262 - SUCCESS (0.10s)
2025-09-19 08:57:43,771 - artist_bio_gen.core.processor - INFO - [███████░░░░░░░░░░░░░░░░░░░░░░░] [245/1000] ( 24.5%) [W02] ✅ Integration Artist 413 - SUCCESS (0.10s)
2025-09-19 08:57:43,772 - artist_bio_gen.core.processor - INFO - [███████░░░░░░░░░░░░░░░░░░░░░░░] [246/1000] ( 24.6%) [W02] ✅ Integration Artist 245 - SUCCESS (0.10s)
2025-09-19 08:57:43,772 - artist_bio_gen.core.processor - INFO - [███████░░░░░░░░░░░░░░░░░░░░░░░] [247/1000] ( 24.7%) [W02] ✅ Integration Artist 261 - SUCCESS (0.10s)
2025-09-19 08:57:43,772 - artist_bio_gen.core.processor - INFO - [███████░░░░░░░░░░░░░░░░░░░░░░░] [248/1000] ( 24.8%) [W01] ✅ Integration Artist 412 - SUCCESS (0.10s)
2025-09-19 08:57:43,772 - artist_bio_gen.core.processor - INFO - [███████░░░░░░░░░░░░░░░░░░░░░░░] [249/1000] ( 24.9%) [W01] ✅ Integration Artist 244 - SUCCESS (0.10s)
2025-09-19 08:57:43,773 - artist_bio_gen.core.processor - INFO - [███████░░░░░░░░░░░░░░░░░░░░░░░] [250/1000] ( 25.0%) [W01] ✅ Integration Artist 136 - SUCCESS (0.10s)
2025-09-19 08:57:43,773 - artist_bio_gen.core.processor - INFO - [███████░░░░░░░░░░░░░░░░░░░░░░░] [251/1000] ( 25.1%) [W01] ✅ Integration Artist 260 - SUCCESS (0.10s)
2025-09-19 08:57:43,773 - artist_bio_gen.core.processor - INFO - [███████░░░░░░░░░░░░░░░░░░░░░░░] [252/1000] ( 25.2%) [W02] ✅ Integration Artist 137 - SUCCESS (0.10s)
2025-09-19 08:57:43,773 - artist_bio_gen.core.processor - INFO - [███████░░░░░░░░░░░░░░░░░░░░░░░] [253/1000] ( 25.3%) [W04] ✅ Integration Artist 411 - SUCCESS (0.10s)
2025-09-19 08:57:43,774 - artist_bio_gen.core.processor - INFO - [███████░░░░░░░░░░░░░░░░░░░░░░░] [254/1000] ( 25.4%) [W04] ✅ Integration Artist 243 - SUCCESS (0.10s)
2025-09-19 08:57:43,774 - artist_bio_gen.core.processor - INFO - [███████░░░░░░░░░░░░░░░░░░░░░░░] [255/1000] ( 25.5%) [W04] ✅ Integration Artist 259 - SUCCESS (0.10s)
2025-09-19 08:57:43,774 - artist_bio_gen.core.processor - INFO - [███████░░░░░░░░░░░░░░░░░░░░░░░] [256/1000] ( 25.6%) [W03] ✅ Integration Artist 410 - SUCCESS (0.10s)
2025-09-19 08:57:43,774 - artist_bio_gen.core.processor - INFO - [███████░░░░░░░░░░░░░░░░░░░░░░░] [257/1000] ( 25.7%) [W03] ✅ Integration Artist 242 - SUCCESS (0.10s)
2025-09-19 08:57:43,775 - artist_bio_gen.core.processor - INFO - [███████░░░░░░░░░░░░░░░░░░░░░░░] [258/1000] ( 25.8%) [W03] ✅ Integration Artist 138 - SUCCESS (0.10s)
2025-09-19 08:57:43,775 - artist_bio_gen.core.processor - INFO - [███████░░░░░░░░░░░░░░░░░░░░░░░] [259/1000] ( 25.9%) [W01] ✅ Integration Artist 4 - SUCCESS (0.10s)
2025-09-19 08:57:43,775 - artist_bio_gen.core.processor - INFO - [███████░░░░░░░░░░░░░░░░░░░░░░░] [260/1000] ( 26.0%) [W03] ✅ Integration Artist 258 - SUCCESS (0.10s)
2025-09-19 08:57:43,776 - artist_bio_gen.core.processor - INFO - [███████░░░░░░░░░░░░░░░░░░░░░░░] [261/1000] ( 26.1%) [W04] ✅ Integration Artist 139 - SUCCESS (0.10s)
2025-09-19 08:57:43,776 - artist_bio_gen.core.processor - INFO - [███████░░░░░░░░░░░░░░░░░░░░░░░] [262/1000] ( 26.2%) [W02] ✅ Integration Artist 409 - SUCCESS (0.10s)
2025-09-19 08:57:43,776 - artist_bio_gen.core.processor - INFO - [███████░░░░░░░░░░░░░░░░░░░░░░░] [263/1000] ( 26.3%) [W02] ✅ Integration Artist 241 - SUCCESS (0.10s)
2025-09-19 08:57:43,776 - artist_bio_gen.core.processor - INFO - [███████░░░░░░░░░░░░░░░░░░░░░░░] [264/1000] ( 26.4%) [W02] ✅ Integration Artist 257 - SUCCESS (0.10s)
2025-09-19 08:57:43,777 - artist_bio_gen.core.processor - INFO - [███████░░░░░░░░░░░░░░░░░░░░░░░] [265/1000] ( 26.5%) [W01] ✅ Integration Artist 408 - SUCCESS (0.10s)
2025-09-19 08:57:43,777 - artist_bio_gen.core.processor - INFO - [███████░░░░░░░░░░░░░░░░░░░░░░░] [266/1000] ( 26.6%) [W01] ✅ Integration Artist 240 - SUCCESS (0.10s)
2025-09-19 08:57:43,777 - artist_bio_gen.core.processor - INFO - [████████░░░░░░░░░░░░░░░░░░░░░░] [267/1000] ( 26.7%) [W01] ✅ Integration Artist 140 - SUCCESS (0.10s)
2025-09-19 08:57:43,777 - artist_bio_gen.core.processor - INFO - [████████░░░░░░░░░░░░░░░░░░░░░░] [268/1000] ( 26.8%) [W04] ✅ Integration Artist 3 - SUCCESS (0.10s)
2025-09-19 08:57:43,778 - artist_bio_gen.core.processor - INFO - [████████░░░░░░░░░░░░░░░░░░░░░░] [269/1000] ( 26.9%) [W02] ✅ Integration Artist 141 - SUCCESS (0.10s)
2025-09-19 08:57:43,778 - artist_bio_gen.core.processor - INFO - [████████░░░░░░░░░░░░░░░░░░░░░░] [270/1000] ( 27.0%) [W01] ✅ Integration Artist 256 - SUCCESS (0.10s)
2025-09-19 08:57:43,778 - artist_bio_gen.core.processor - INFO - [████████░░░░░░░░░░░░░░░░░░░░░░] [271/1000] ( 27.1%) [W04] ✅ Integration Artist 407 - SUCCESS (0.10s)
2025-09-19 08:57:43,779 - artist_bio_gen.core.processor - INFO - [████████░░░░░░░░░░░░░░░░░░░░░░] [272/1000] ( 27.2%) [W04] ✅ Integration Artist 239 - SUCCESS (0.10s)
2025-09-19 08:57:43,779 - artist_bio_gen.core.processor - INFO - [████████░░░░░░░░░░░░░░░░░░░░░░] [273/1000] ( 27.3%) [W02] ✅ Integration Artist 1 - SUCCESS (0.10s)
2025-09-19 08:57:43,779 - artist_bio_gen.core.processor - INFO - [████████░░░░░░░░░░░░░░░░░░░░░░] [274/1000] ( 27.4%) [W04] ✅ Integration Artist 143 - SUCCESS (0.10s)
2025-09-19 08:57:43,779 - artist_bio_gen.core.processor - INFO - [████████░░░░░░░░░░░░░░░░░░░░░░] [275/1000] ( 27.5%) [W04] ✅ Integration Artist 255 - SUCCESS (0.10s)
2025-09-19 08:57:43,780 - artist_bio_gen.core.processor - INFO - [████████░░░░░░░░░░░░░░░░░░░░░░] [276/1000] ( 27.6%) [W03] ✅ Integration Artist 406 - SUCCESS (0.10s)
2025-09-19 08:57:43,780 - artist_bio_gen.core.processor - INFO - [████████░░░░░░░░░░░░░░░░░░░░░░] [277/1000] ( 27.7%) [W03] ✅ Integration Artist 238 - SUCCESS (0.10s)
2025-09-19 08:57:43,780 - artist_bio_gen.core.processor - INFO - [████████░░░░░░░░░░░░░░░░░░░░░░] [278/1000] ( 27.8%) [W01] ✅ Integration Artist 144 - SUCCESS (0.10s)
2025-09-19 08:57:43,780 - artist_bio_gen.core.processor - INFO - [████████░░░░░░░░░░░░░░░░░░░░░░] [279/1000] ( 27.9%) [W03] ✅ Integration Artist 254 - SUCCESS (0.10s)
2025-09-19 08:57:43,781 - artist_bio_gen.core.processor - INFO - [████████░░░░░░░░░░░░░░░░░░░░░░] [280/1000] ( 28.0%) [W02] ✅ Integration Artist 405 - SUCCESS (0.10s)
2025-09-19 08:57:43,781 - artist_bio_gen.core.processor - INFO - [████████░░░░░░░░░░░░░░░░░░░░░░] [281/1000] ( 28.1%) [W02] ✅ Integration Artist 237 - SUCCESS (0.10s)
2025-09-19 08:57:43,781 - artist_bio_gen.core.processor - INFO - [████████░░░░░░░░░░░░░░░░░░░░░░] [282/1000] ( 28.2%) [W02] ✅ Integration Artist 145 - SUCCESS (0.10s)
2025-09-19 08:57:43,781 - artist_bio_gen.core.processor - INFO - [████████░░░░░░░░░░░░░░░░░░░░░░] [283/1000] ( 28.3%) [W03] ✅ Integration Artist 2 - SUCCESS (0.10s)
2025-09-19 08:57:43,782 - artist_bio_gen.core.processor - INFO - [████████░░░░░░░░░░░░░░░░░░░░░░] [284/1000] ( 28.4%) [W02] ✅ Integration Artist 253 - SUCCESS (0.10s)
2025-09-19 08:57:43,782 - artist_bio_gen.core.processor - INFO - [████████░░░░░░░░░░░░░░░░░░░░░░] [285/1000] ( 28.5%) [W01] ✅ Integration Artist 404 - SUCCESS (0.10s)
2025-09-19 08:57:43,782 - artist_bio_gen.core.processor - INFO - [████████░░░░░░░░░░░░░░░░░░░░░░] [286/1000] ( 28.6%) [W01] ✅ Integration Artist 236 - SUCCESS (0.10s)
2025-09-19 08:57:43,782 - artist_bio_gen.core.processor - INFO - [████████░░░░░░░░░░░░░░░░░░░░░░] [287/1000] ( 28.7%) [W03] ✅ Integration Artist 146 - SUCCESS (0.10s)
2025-09-19 08:57:43,783 - artist_bio_gen.core.processor - INFO - [████████░░░░░░░░░░░░░░░░░░░░░░] [288/1000] ( 28.8%) [W01] ✅ Integration Artist 252 - SUCCESS (0.10s)
2025-09-19 08:57:43,783 - artist_bio_gen.core.processor - INFO - [████████░░░░░░░░░░░░░░░░░░░░░░] [289/1000] ( 28.9%) [W04] ✅ Integration Artist 403 - SUCCESS (0.10s)
2025-09-19 08:57:43,783 - artist_bio_gen.core.processor - INFO - [████████░░░░░░░░░░░░░░░░░░░░░░] [290/1000] ( 29.0%) [W04] ✅ Integration Artist 235 - SUCCESS (0.10s)
2025-09-19 08:57:43,783 - artist_bio_gen.core.processor - INFO - [████████░░░░░░░░░░░░░░░░░░░░░░] [291/1000] ( 29.1%) [W04] ✅ Integration Artist 147 - SUCCESS (0.10s)
2025-09-19 08:57:43,784 - artist_bio_gen.core.processor - INFO - [████████░░░░░░░░░░░░░░░░░░░░░░] [292/1000] ( 29.2%) [W04] ✅ Integration Artist 251 - SUCCESS (0.10s)
2025-09-19 08:57:43,784 - artist_bio_gen.core.processor - INFO - [████████░░░░░░░░░░░░░░░░░░░░░░] [293/1000] ( 29.3%) [W03] ✅ Integration Artist 402 - SUCCESS (0.10s)
2025-09-19 08:57:43,784 - artist_bio_gen.core.processor - INFO - [████████░░░░░░░░░░░░░░░░░░░░░░] [294/1000] ( 29.4%) [W03] ✅ Integration Artist 234 - SUCCESS (0.10s)
2025-09-19 08:57:43,785 - artist_bio_gen.core.processor - INFO - [████████░░░░░░░░░░░░░░░░░░░░░░] [295/1000] ( 29.5%) [W01] ✅ Integration Artist 148 - SUCCESS (0.10s)
2025-09-19 08:57:43,785 - artist_bio_gen.core.processor - INFO - [████████░░░░░░░░░░░░░░░░░░░░░░] [296/1000] ( 29.6%) [W03] ✅ Integration Artist 250 - SUCCESS (0.10s)
2025-09-19 08:57:43,785 - artist_bio_gen.core.processor - INFO - [████████░░░░░░░░░░░░░░░░░░░░░░] [297/1000] ( 29.7%) [W02] ✅ Integration Artist 401 - SUCCESS (0.10s)
2025-09-19 08:57:43,785 - artist_bio_gen.core.processor - INFO - [████████░░░░░░░░░░░░░░░░░░░░░░] [298/1000] ( 29.8%) [W02] ✅ Integration Artist 233 - SUCCESS (0.10s)
2025-09-19 08:57:43,786 - artist_bio_gen.core.processor - INFO - [████████░░░░░░░░░░░░░░░░░░░░░░] [299/1000] ( 29.9%) [W02] ✅ Integration Artist 149 - SUCCESS (0.10s)
2025-09-19 08:57:43,786 - artist_bio_gen.core.processor - INFO - [█████████░░░░░░░░░░░░░░░░░░░░░] [300/1000] ( 30.0%) [W02] ✅ Integration Artist 249 - SUCCESS (0.10s)
2025-09-19 08:57:43,786 - artist_bio_gen.core.processor - INFO - 📊 Concurrent Progress: 300/1000 artists processed (30.0%) - Rate: 11239.36 artists/sec - ETA: 0s remaining
2025-09-19 08:57:43,786 - artist_bio_gen.core.processor - INFO - [█████████░░░░░░░░░░░░░░░░░░░░░] [301/1000] ( 30.1%) [W01] ✅ Integration Artist 0 - SUCCESS (0.10s)
2025-09-19 08:57:43,787 - artist_bio_gen.core.processor - INFO - [█████████░░░░░░░░░░░░░░░░░░░░░] [302/1000] ( 30.2%) [W01] ✅ Integration Artist 400 - SUCCESS (0.10s)
2025-09-19 08:57:43,787 - artist_bio_gen.core.processor - INFO - [█████████░░░░░░░░░░░░░░░░░░░░░] [303/1000] ( 30.3%) [W01] ✅ Integration Artist 232 - SUCCESS (0.10s)
2025-09-19 08:57:43,787 - artist_bio_gen.core.processor - INFO - [█████████░░░░░░░░░░░░░░░░░░░░░] [304/1000] ( 30.4%) [W03] ✅ Integration Artist 150 - SUCCESS (0.10s)
2025-09-19 08:57:43,787 - artist_bio_gen.core.processor - INFO - [█████████░░░░░░░░░░░░░░░░░░░░░] [305/1000] ( 30.5%) [W01] ✅ Integration Artist 248 - SUCCESS (0.10s)
2025-09-19 08:57:43,787 - artist_bio_gen.core.processor - INFO - [█████████░░░░░░░░░░░░░░░░░░░░░] [306/1000] ( 30.6%) [W04] ✅ Integration Artist 399 - SUCCESS (0.10s)
2025-09-19 08:57:43,788 - artist_bio_gen.core.processor - INFO - [█████████░░░░░░░░░░░░░░░░░░░░░] [307/1000] ( 30.7%) [W04] ✅ Integration Artist 231 - SUCCESS (0.10s)
2025-09-19 08:57:43,788 - artist_bio_gen.core.processor - INFO - [█████████░░░░░░░░░░░░░░░░░░░░░] [308/1000] ( 30.8%) [W04] ✅ Integration Artist 151 - SUCCESS (0.10s)
2025-09-19 08:57:43,788 - artist_bio_gen.core.processor - INFO - [█████████░░░░░░░░░░░░░░░░░░░░░] [309/1000] ( 30.9%) [W04] ✅ Integration Artist 247 - SUCCESS (0.10s)
2025-09-19 08:57:43,788 - artist_bio_gen.core.processor - INFO - [█████████░░░░░░░░░░░░░░░░░░░░░] [310/1000] ( 31.0%) [W03] ✅ Integration Artist 398 - SUCCESS (0.10s)
2025-09-19 08:57:43,789 - artist_bio_gen.core.processor - INFO - [█████████░░░░░░░░░░░░░░░░░░░░░] [311/1000] ( 31.1%) [W03] ✅ Integration Artist 230 - SUCCESS (0.10s)
2025-09-19 08:57:43,789 - artist_bio_gen.core.processor - INFO - [█████████░░░░░░░░░░░░░░░░░░░░░] [312/1000] ( 31.2%) [W03] ✅ Integration Artist 142 - SUCCESS (0.10s)
2025-09-19 08:57:43,789 - artist_bio_gen.core.processor - INFO - [█████████░░░░░░░░░░░░░░░░░░░░░] [313/1000] ( 31.3%) [W03] ✅ Integration Artist 246 - SUCCESS (0.10s)
2025-09-19 08:57:43,789 - artist_bio_gen.core.processor - INFO - [█████████░░░░░░░░░░░░░░░░░░░░░] [314/1000] ( 31.4%) [W02] ✅ Integration Artist 397 - SUCCESS (0.10s)
2025-09-19 08:57:43,790 - artist_bio_gen.core.processor - INFO - [█████████░░░░░░░░░░░░░░░░░░░░░] [315/1000] ( 31.5%) [W02] ✅ Integration Artist 229 - SUCCESS (0.10s)
2025-09-19 08:57:43,790 - artist_bio_gen.core.processor - INFO - [█████████░░░░░░░░░░░░░░░░░░░░░] [316/1000] ( 31.6%) [W03] ✅ Integration Artist 598 - SUCCESS (0.10s)
2025-09-19 08:57:43,790 - artist_bio_gen.core.processor - INFO - [█████████░░░░░░░░░░░░░░░░░░░░░] [317/1000] ( 31.7%) [W03] ✅ Integration Artist 118 - SUCCESS (0.10s)
2025-09-19 08:57:43,790 - artist_bio_gen.core.processor - INFO - [█████████░░░░░░░░░░░░░░░░░░░░░] [318/1000] ( 31.8%) [W02] ✅ Integration Artist 581 - SUCCESS (0.10s)
2025-09-19 08:57:43,791 - artist_bio_gen.core.processor - INFO - [█████████░░░░░░░░░░░░░░░░░░░░░] [319/1000] ( 31.9%) [W03] ✅ Integration Artist 78 - SUCCESS (0.10s)
2025-09-19 08:57:43,791 - artist_bio_gen.core.processor - INFO - [█████████░░░░░░░░░░░░░░░░░░░░░] [320/1000] ( 32.0%) [W02] ✅ Integration Artist 597 - SUCCESS (0.10s)
2025-09-19 08:57:43,791 - artist_bio_gen.core.processor - INFO - [█████████░░░░░░░░░░░░░░░░░░░░░] [321/1000] ( 32.1%) [W01] ✅ Integration Artist 580 - SUCCESS (0.10s)
2025-09-19 08:57:43,791 - artist_bio_gen.core.processor - INFO - [█████████░░░░░░░░░░░░░░░░░░░░░] [322/1000] ( 32.2%) [W02] ✅ Integration Artist 117 - SUCCESS (0.10s)
2025-09-19 08:57:43,792 - artist_bio_gen.core.processor - INFO - [█████████░░░░░░░░░░░░░░░░░░░░░] [323/1000] ( 32.3%) [W02] ✅ Integration Artist 77 - SUCCESS (0.10s)
2025-09-19 08:57:43,792 - artist_bio_gen.core.processor - INFO - [█████████░░░░░░░░░░░░░░░░░░░░░] [324/1000] ( 32.4%) [W01] ✅ Integration Artist 108 - SUCCESS (0.10s)
2025-09-19 08:57:43,792 - artist_bio_gen.core.processor - INFO - [█████████░░░░░░░░░░░░░░░░░░░░░] [325/1000] ( 32.5%) [W01] ✅ Integration Artist 596 - SUCCESS (0.10s)
2025-09-19 08:57:43,792 - artist_bio_gen.core.processor - INFO - [█████████░░░░░░░░░░░░░░░░░░░░░] [326/1000] ( 32.6%) [W04] ✅ Integration Artist 579 - SUCCESS (0.10s)
2025-09-19 08:57:43,793 - artist_bio_gen.core.processor - INFO - [█████████░░░░░░░░░░░░░░░░░░░░░] [327/1000] ( 32.7%) [W03] ✅ Integration Artist 26 - SUCCESS (0.10s)
2025-09-19 08:57:43,793 - artist_bio_gen.core.processor - INFO - [█████████░░░░░░░░░░░░░░░░░░░░░] [328/1000] ( 32.8%) [W01] ✅ Integration Artist 116 - SUCCESS (0.10s)
2025-09-19 08:57:43,793 - artist_bio_gen.core.processor - INFO - [█████████░░░░░░░░░░░░░░░░░░░░░] [329/1000] ( 32.9%) [W02] ✅ Integration Artist 25 - SUCCESS (0.10s)
2025-09-19 08:57:43,793 - artist_bio_gen.core.processor - INFO - [█████████░░░░░░░░░░░░░░░░░░░░░] [330/1000] ( 33.0%) [W04] ✅ Integration Artist 595 - SUCCESS (0.10s)
2025-09-19 08:57:43,794 - artist_bio_gen.core.processor - INFO - [█████████░░░░░░░░░░░░░░░░░░░░░] [331/1000] ( 33.1%) [W03] ✅ Integration Artist 578 - SUCCESS (0.10s)
2025-09-19 08:57:43,794 - artist_bio_gen.core.processor - INFO - [█████████░░░░░░░░░░░░░░░░░░░░░] [332/1000] ( 33.2%) [W04] ✅ Integration Artist 107 - SUCCESS (0.10s)
2025-09-19 08:57:43,794 - artist_bio_gen.core.processor - INFO - [█████████░░░░░░░░░░░░░░░░░░░░░] [333/1000] ( 33.3%) [W03] ✅ Integration Artist 594 - SUCCESS (0.10s)
2025-09-19 08:57:43,795 - artist_bio_gen.core.processor - INFO - [██████████░░░░░░░░░░░░░░░░░░░░] [334/1000] ( 33.4%) [W02] ✅ Integration Artist 577 - SUCCESS (0.10s)
2025-09-19 08:57:43,795 - artist_bio_gen.core.processor - INFO - [██████████░░░░░░░░░░░░░░░░░░░░] [335/1000] ( 33.5%) [W01] ✅ Integration Artist 76 - SUCCESS (0.10s)
2025-09-19 08:57:43,795 - artist_bio_gen.core.processor - INFO - [██████████░░░░░░░░░░░░░░░░░░░░] [336/1000] ( 33.6%) [W04] ✅ Integration Artist 75 - SUCCESS (0.10s)
2025-09-19 08:57:43,795 - artist_bio_gen.core.processor - INFO - [██████████░░░░░░░░░░░░░░░░░░░░] [337/1000] ( 33.7%) [W04] ✅ Integration Artist 27 - SUCCESS (0.10s)
2025-09-19 08:57:43,796 - artist_bio_gen.core.processor - INFO - [██████████░░░░░░░░░░░░░░░░░░░░] [338/1000] ( 33.8%) [W02] ✅ Integration Artist 593 - SUCCESS (0.10s)
2025-09-19 08:57:43,796 - artist_bio_gen.core.processor - INFO - [██████████░░░░░░░░░░░░░░░░░░░░] [339/1000] ( 33.9%) [W01] ✅ Integration Artist 576 - SUCCESS (0.10s)
2025-09-19 08:57:43,796 - artist_bio_gen.core.processor - INFO - [██████████░░░░░░░░░░░░░░░░░░░░] [340/1000] ( 34.0%) [W02] ✅ Integration Artist 105 - SUCCESS (0.10s)
2025-09-19 08:57:43,796 - artist_bio_gen.core.processor - INFO - [██████████░░░░░░░░░░░░░░░░░░░░] [341/1000] ( 34.1%) [W02] ✅ Integration Artist 109 - SUCCESS (0.10s)
2025-09-19 08:57:43,797 - artist_bio_gen.core.processor - INFO - [██████████░░░░░░░░░░░░░░░░░░░░] [342/1000] ( 34.2%) [W01] ✅ Integration Artist 592 - SUCCESS (0.10s)
2025-09-19 08:57:43,797 - artist_bio_gen.core.processor - INFO - [██████████░░░░░░░░░░░░░░░░░░░░] [343/1000] ( 34.3%) [W04] ✅ Integration Artist 575 - SUCCESS (0.10s)
2025-09-19 08:57:43,797 - artist_bio_gen.core.processor - INFO - [██████████░░░░░░░░░░░░░░░░░░░░] [344/1000] ( 34.4%) [W03] ✅ Integration Artist 106 - SUCCESS (0.10s)
2025-09-19 08:57:43,797 - artist_bio_gen.core.processor - INFO - [██████████░░░░░░░░░░░░░░░░░░░░] [345/1000] ( 34.5%) [W03] ✅ Integration Artist 74 - SUCCESS (0.10s)
2025-09-19 08:57:43,798 - artist_bio_gen.core.processor - INFO - [██████████░░░░░░░░░░░░░░░░░░░░] [346/1000] ( 34.6%) [W02] ✅ Integration Artist 73 - SUCCESS (0.10s)
2025-09-19 08:57:43,798 - artist_bio_gen.core.processor - INFO - [██████████░░░░░░░░░░░░░░░░░░░░] [347/1000] ( 34.7%) [W04] ✅ Integration Artist 591 - SUCCESS (0.10s)
2025-09-19 08:57:43,798 - artist_bio_gen.core.processor - INFO - [██████████░░░░░░░░░░░░░░░░░░░░] [348/1000] ( 34.8%) [W03] ✅ Integration Artist 574 - SUCCESS (0.10s)
2025-09-19 08:57:43,798 - artist_bio_gen.core.processor - INFO - [██████████░░░░░░░░░░░░░░░░░░░░] [349/1000] ( 34.9%) [W03] ✅ Integration Artist 590 - SUCCESS (0.10s)
2025-09-19 08:57:43,799 - artist_bio_gen.core.processor - INFO - [██████████░░░░░░░░░░░░░░░░░░░░] [350/1000] ( 35.0%) [W02] ✅ Integration Artist 573 - SUCCESS (0.10s)
2025-09-19 08:57:43,799 - artist_bio_gen.core.processor - INFO - [██████████░░░░░░░░░░░░░░░░░░░░] [351/1000] ( 35.1%) [W01] ✅ Integration Artist 72 - SUCCESS (0.10s)
2025-09-19 08:57:43,799 - artist_bio_gen.core.processor - INFO - [██████████░░░░░░░░░░░░░░░░░░░░] [352/1000] ( 35.2%) [W04] ✅ Integration Artist 31 - SUCCESS (0.10s)
2025-09-19 08:57:43,799 - artist_bio_gen.core.processor - INFO - [██████████░░░░░░░░░░░░░░░░░░░░] [353/1000] ( 35.3%) [W04] ✅ Integration Artist 71 - SUCCESS (0.10s)
2025-09-19 08:57:43,800 - artist_bio_gen.core.processor - INFO - [██████████░░░░░░░░░░░░░░░░░░░░] [354/1000] ( 35.4%) [W02] ✅ Integration Artist 29 - SUCCESS (0.10s)
2025-09-19 08:57:43,800 - artist_bio_gen.core.processor - INFO - [██████████░░░░░░░░░░░░░░░░░░░░] [355/1000] ( 35.5%) [W02] ✅ Integration Artist 589 - SUCCESS (0.10s)
2025-09-19 08:57:43,800 - artist_bio_gen.core.processor - INFO - [██████████░░░░░░░░░░░░░░░░░░░░] [356/1000] ( 35.6%) [W03] ✅ Integration Artist 110 - SUCCESS (0.10s)
2025-09-19 08:57:43,800 - artist_bio_gen.core.processor - INFO - [██████████░░░░░░░░░░░░░░░░░░░░] [357/1000] ( 35.7%) [W01] ✅ Integration Artist 572 - SUCCESS (0.10s)
2025-09-19 08:57:43,801 - artist_bio_gen.core.processor - INFO - [██████████░░░░░░░░░░░░░░░░░░░░] [358/1000] ( 35.8%) [W01] ✅ Integration Artist 588 - SUCCESS (0.10s)
2025-09-19 08:57:43,801 - artist_bio_gen.core.processor - INFO - [██████████░░░░░░░░░░░░░░░░░░░░] [359/1000] ( 35.9%) [W01] ✅ Integration Artist 104 - SUCCESS (0.10s)
2025-09-19 08:57:43,801 - artist_bio_gen.core.processor - INFO - [██████████░░░░░░░░░░░░░░░░░░░░] [360/1000] ( 36.0%) [W04] ✅ Integration Artist 571 - SUCCESS (0.10s)
2025-09-19 08:57:43,801 - artist_bio_gen.core.processor - INFO - [██████████░░░░░░░░░░░░░░░░░░░░] [361/1000] ( 36.1%) [W03] ✅ Integration Artist 70 - SUCCESS (0.10s)
2025-09-19 08:57:43,802 - artist_bio_gen.core.processor - INFO - [██████████░░░░░░░░░░░░░░░░░░░░] [362/1000] ( 36.2%) [W02] ✅ Integration Artist 69 - SUCCESS (0.10s)
2025-09-19 08:57:43,802 - artist_bio_gen.core.processor - INFO - [██████████░░░░░░░░░░░░░░░░░░░░] [363/1000] ( 36.3%) [W04] ✅ Integration Artist 587 - SUCCESS (0.10s)
2025-09-19 08:57:43,802 - artist_bio_gen.core.processor - INFO - [██████████░░░░░░░░░░░░░░░░░░░░] [364/1000] ( 36.4%) [W03] ✅ Integration Artist 570 - SUCCESS (0.10s)
2025-09-19 08:57:43,802 - artist_bio_gen.core.processor - INFO - [██████████░░░░░░░░░░░░░░░░░░░░] [365/1000] ( 36.5%) [W03] ✅ Integration Artist 586 - SUCCESS (0.10s)
Mock bio response for Integration Artist 102
Mock bio response for Integration Artist 99
Mock bio response for Integration Artist 13
Mock bio response for Integration Artist 557
Mock bio response for Integration Artist 389
Mock bio response for Integration Artist 540
Mock bio response for Integration Artist 523
Mock bio response for Integration Artist 556
Mock bio response for Integration Artist 388
Mock bio response for Integration Artist 539
Mock bio response for Integration Artist 522
Mock bio response for Integration Artist 190
Mock bio response for Integration Artist 18
Mock bio response for Integration Artist 187
Mock bio response for Integration Artist 555
Mock bio response for Integration Artist 387
Mock bio response for Integration Artist 191
Mock bio response for Integration Artist 538
Mock bio response for Integration Artist 12
Mock bio response for Integration Artist 521
Mock bio response for Integration Artist 14
Mock bio response for Integration Artist 554
Mock bio response for Integration Artist 386
Mock bio response for Integration Artist 17
Mock bio response for Integration Artist 537
Mock bio response for Integration Artist 520
Mock bio response for Integration Artist 192
Mock bio response for Integration Artist 553
Mock bio response for Integration Artist 385
Mock bio response for Integration Artist 193
Mock bio response for Integration Artist 536
Mock bio response for Integration Artist 519
Mock bio response for Integration Artist 16
Mock bio response for Integration Artist 101
Mock bio response for Integration Artist 552
Mock bio response for Integration Artist 384
Mock bio response for Integration Artist 535
Mock bio response for Integration Artist 518
Mock bio response for Integration Artist 194
Mock bio response for Integration Artist 551
Mock bio response for Integration Artist 383
Mock bio response for Integration Artist 195
Mock bio response for Integration Artist 534
Mock bio response for Integration Artist 517
Mock bio response for Integration Artist 15
Mock bio response for Integration Artist 19
Mock bio response for Integration Artist 550
Mock bio response for Integration Artist 382
Mock bio response for Integration Artist 533
Mock bio response for Integration Artist 516
Mock bio response for Integration Artist 196
Mock bio response for Integration Artist 549
Mock bio response for Integration Artist 381
Mock bio response for Integration Artist 532
Mock bio response for Integration Artist 515
Mock bio response for Integration Artist 188
Mock bio response for Integration Artist 197
Mock bio response for Integration Artist 103
Mock bio response for Integration Artist 548
Mock bio response for Integration Artist 380
Mock bio response for Integration Artist 531
Mock bio response for Integration Artist 262
Mock bio response for Integration Artist 413
Mock bio response for Integration Artist 245
Mock bio response for Integration Artist 261
Mock bio response for Integration Artist 412
Mock bio response for Integration Artist 244
Mock bio response for Integration Artist 136
Mock bio response for Integration Artist 260
Mock bio response for Integration Artist 137
Mock bio response for Integration Artist 411
Mock bio response for Integration Artist 243
Mock bio response for Integration Artist 259
Mock bio response for Integration Artist 410
Mock bio response for Integration Artist 242
Mock bio response for Integration Artist 138
Mock bio response for Integration Artist 4
Mock bio response for Integration Artist 258
Mock bio response for Integration Artist 139
Mock bio response for Integration Artist 409
Mock bio response for Integration Artist 241
Mock bio response for Integration Artist 257
Mock bio response for Integration Artist 408
Mock bio response for Integration Artist 240
Mock bio response for Integration Artist 140
Mock bio response for Integration Artist 3
Mock bio response for Integration Artist 141
Mock bio response for Integration Artist 256
Mock bio response for Integration Artist 407
Mock bio response for Integration Artist 239
Mock bio response for Integration Artist 1
Mock bio response for Integration Artist 143
Mock bio response for Integration Artist 255
Mock bio response for Integration Artist 406
Mock bio response for Integration Artist 238
Mock bio response for Integration Artist 144
Mock bio response for Integration Artist 254
Mock bio response for Integration Artist 405
Mock bio response for Integration Artist 237
Mock bio response for Integration Artist 145
Mock bio response for Integration Artist 2
Mock bio response for Integration Artist 253
Mock bio response for Integration Artist 404
Mock bio response for Integration Artist 236
Mock bio response for Integration Artist 146
Mock bio response for Integration Artist 252
Mock bio response for Integration Artist 403
Mock bio response for Integration Artist 235
Mock bio response for Integration Artist 147
Mock bio response for Integration Artist 251
Mock bio response for Integration Artist 402
Mock bio response for Integration Artist 234
Mock bio response for Integration Artist 148
Mock bio response for Integration Artist 250
Mock bio response for Integration Artist 401
Mock bio response for Integration Artist 233
Mock bio response for Integration Artist 149
Mock bio response for Integration Artist 249
Mock bio response for Integration Artist 0
Mock bio response for Integration Artist 400
Mock bio response for Integration Artist 232
Mock bio response for Integration Artist 150
Mock bio response for Integration Artist 248
Mock bio response for Integration Artist 399
Mock bio response for Integration Artist 231
Mock bio response for Integration Artist 151
Mock bio response for Integration Artist 247
Mock bio response for Integration Artist 398
Mock bio response for Integration Artist 230
Mock bio response for Integration Artist 142
Mock bio response for Integration Artist 246
Mock bio response for Integration Artist 397
Mock bio response for Integration Artist 229
Mock bio response for Integration Artist 598
Mock bio response for Integration Artist 118
Mock bio response for Integration Artist 581
Mock bio response for Integration Artist 78
Mock bio response for Integration Artist 597
Mock bio response for Integration Artist 580
Mock bio response for Integration Artist 117
Mock bio response for Integration Artist 77
Mock bio response for Integration Artist 108
Mock bio response for Integration Artist 596
Mock bio response for Integration Artist 579
Mock bio response for Integration Artist 26
Mock bio response for Integration Artist 116
Mock bio response for Integration Artist 25
Mock bio response for Integration Artist 595
Mock bio response for Integration Artist 578
Mock bio response for Integration Artist 107
Mock bio response for Integration Artist 594
Mock bio response for Integration Artist 577
Mock bio response for Integration Artist 76
Mock bio response for Integration Artist 75
Mock bio response for Integration Artist 27
Mock bio response for Integration Artist 593
Mock bio response for Integration Artist 576
Mock bio response for Integration Artist 105
Mock bio response for Integration Artist 109
Mock bio response for Integration Artist 592
Mock bio response for Integration Artist 575
Mock bio response for Integration Artist 106
Mock bio response for Integration Artist 74
Mock bio response for Integration Artist 73
Mock bio response for Integration Artist 591
Mock bio response for Integration Artist 574
Mock bio response for Integration Artist 590
Mock bio response for Integration Artist 573
Mock bio response for Integration Artist 72
Mock bio response for Integration Artist 31
Mock bio response for Integration Artist 71
Mock bio response for Integration Artist 29
Mock bio response for Integration Artist 589
Mock bio response for Integration Artist 110
Mock bio response for Integration Artist 572
Mock bio response for Integration Artist 588
Mock bio response for Integration Artist 104
Mock bio response for Integration Artist 571
Mock bio response for Integration Artist 70
Mock bio response for Integration Artist 69
Mock bio response for Integration Artist 587
Mock bio response for Integration Artist 570
2025-09-19 08:57:43,803 - artist_bio_gen.core.processor - INFO - [██████████░░░░░░░░░░░░░░░░░░░░] [366/1000] ( 36.6%) [W02] ✅ Integration Artist 569 - SUCCESS (0.10s)
2025-09-19 08:57:43,803 - artist_bio_gen.core.processor - INFO - [███████████░░░░░░░░░░░░░░░░░░░] [367/1000] ( 36.7%) [W01] ✅ Integration Artist 68 - SUCCESS (0.10s)
2025-09-19 08:57:43,803 - artist_bio_gen.core.processor - INFO - [███████████░░░░░░░░░░░░░░░░░░░] [368/1000] ( 36.8%) [W04] ✅ Integration Artist 67 - SUCCESS (0.10s)
2025-09-19 08:57:43,803 - artist_bio_gen.core.processor - INFO - [███████████░░░░░░░░░░░░░░░░░░░] [369/1000] ( 36.9%) [W04] ✅ Integration Artist 111 - SUCCESS (0.10s)
2025-09-19 08:57:43,804 - artist_bio_gen.core.processor - INFO - [███████████░░░░░░░░░░░░░░░░░░░] [370/1000] ( 37.0%) [W03] ✅ Integration Artist 30 - SUCCESS (0.10s)
2025-09-19 08:57:43,804 - artist_bio_gen.core.processor - INFO - [███████████░░░░░░░░░░░░░░░░░░░] [371/1000] ( 37.1%) [W02] ✅ Integration Artist 585 - SUCCESS (0.10s)
2025-09-19 08:57:43,805 - artist_bio_gen.core.processor - INFO - [███████████░░░░░░░░░░░░░░░░░░░] [372/1000] ( 37.2%) [W01] ✅ Integration Artist 568 - SUCCESS (0.10s)
2025-09-19 08:57:43,805 - artist_bio_gen.core.processor - INFO - [███████████░░░░░░░░░░░░░░░░░░░] [373/1000] ( 37.3%) [W04] ✅ Integration Artist 115 - SUCCESS (0.10s)
2025-09-19 08:57:43,805 - artist_bio_gen.core.processor - INFO - [███████████░░░░░░░░░░░░░░░░░░░] [374/1000] ( 37.4%) [W03] ✅ Integration Artist 98 - SUCCESS (0.10s)
2025-09-19 08:57:43,805 - artist_bio_gen.core.processor - INFO - [███████████░░░░░░░░░░░░░░░░░░░] [375/1000] ( 37.5%) [W02] ✅ Integration Artist 113 - SUCCESS (0.10s)
2025-09-19 08:57:43,806 - artist_bio_gen.core.processor - INFO - [███████████░░░░░░░░░░░░░░░░░░░] [376/1000] ( 37.6%) [W01] ✅ Integration Artist 584 - SUCCESS (0.10s)
2025-09-19 08:57:43,806 - artist_bio_gen.core.processor - INFO - [███████████░░░░░░░░░░░░░░░░░░░] [377/1000] ( 37.7%) [W04] ✅ Integration Artist 567 - SUCCESS (0.10s)
2025-09-19 08:57:43,806 - artist_bio_gen.core.processor - INFO - [███████████░░░░░░░░░░░░░░░░░░░] [378/1000] ( 37.8%) [W03] ✅ Integration Artist 66 - SUCCESS (0.10s)
2025-09-19 08:57:43,807 - artist_bio_gen.core.processor - INFO - [███████████░░░░░░░░░░░░░░░░░░░] [379/1000] ( 37.9%) [W02] ✅ Integration Artist 65 - SUCCESS (0.10s)
2025-09-19 08:57:43,807 - artist_bio_gen.core.processor - INFO - [███████████░░░░░░░░░░░░░░░░░░░] [380/1000] ( 38.0%) [W01] ✅ Integration Artist 28 - SUCCESS (0.10s)
2025-09-19 08:57:43,807 - artist_bio_gen.core.processor - INFO - [███████████░░░░░░░░░░░░░░░░░░░] [381/1000] ( 38.1%) [W01] ✅ Integration Artist 112 - SUCCESS (0.10s)
2025-09-19 08:57:43,807 - artist_bio_gen.core.processor - INFO - [███████████░░░░░░░░░░░░░░░░░░░] [382/1000] ( 38.2%) [W04] ✅ Integration Artist 583 - SUCCESS (0.10s)
2025-09-19 08:57:43,808 - artist_bio_gen.core.processor - INFO - [███████████░░░░░░░░░░░░░░░░░░░] [383/1000] ( 38.3%) [W03] ✅ Integration Artist 566 - SUCCESS (0.10s)
2025-09-19 08:57:43,808 - artist_bio_gen.core.processor - INFO - [███████████░░░░░░░░░░░░░░░░░░░] [384/1000] ( 38.4%) [W01] ✅ Integration Artist 96 - SUCCESS (0.10s)
2025-09-19 08:57:43,808 - artist_bio_gen.core.processor - INFO - [███████████░░░░░░░░░░░░░░░░░░░] [385/1000] ( 38.5%) [W03] ✅ Integration Artist 582 - SUCCESS (0.10s)
2025-09-19 08:57:43,808 - artist_bio_gen.core.processor - INFO - [███████████░░░░░░░░░░░░░░░░░░░] [386/1000] ( 38.6%) [W03] ✅ Integration Artist 114 - SUCCESS (0.10s)
2025-09-19 08:57:43,809 - artist_bio_gen.core.processor - INFO - [███████████░░░░░░░░░░░░░░░░░░░] [387/1000] ( 38.7%) [W02] ✅ Integration Artist 565 - SUCCESS (0.10s)
2025-09-19 08:57:43,809 - artist_bio_gen.core.processor - INFO - [███████████░░░░░░░░░░░░░░░░░░░] [388/1000] ( 38.8%) [W02] ✅ Integration Artist 97 - SUCCESS (0.10s)
2025-09-19 08:57:43,809 - artist_bio_gen.core.processor - INFO - [███████████░░░░░░░░░░░░░░░░░░░] [389/1000] ( 38.9%) [W01] ✅ Integration Artist 64 - SUCCESS (0.10s)
2025-09-19 08:57:43,809 - artist_bio_gen.core.processor - INFO - [███████████░░░░░░░░░░░░░░░░░░░] [390/1000] ( 39.0%) [W04] ✅ Integration Artist 63 - SUCCESS (0.10s)
2025-09-19 08:57:43,810 - artist_bio_gen.core.processor - INFO - [███████████░░░░░░░░░░░░░░░░░░░] [391/1000] ( 39.1%) [W03] ✅ Integration Artist 430 - SUCCESS (0.10s)
2025-09-19 08:57:43,810 - artist_bio_gen.core.processor - INFO - [███████████░░░░░░░░░░░░░░░░░░░] [392/1000] ( 39.2%) [W01] ✅ Integration Artist 88 - SUCCESS (0.10s)
2025-09-19 08:57:43,810 - artist_bio_gen.core.processor - INFO - [███████████░░░░░░░░░░░░░░░░░░░] [393/1000] ( 39.3%) [W04] ✅ Integration Artist 631 - SUCCESS (0.10s)
2025-09-19 08:57:43,810 - artist_bio_gen.core.processor - INFO - [███████████░░░░░░░░░░░░░░░░░░░] [394/1000] ( 39.4%) [W04] ✅ Integration Artist 463 - SUCCESS (0.10s)
2025-09-19 08:57:43,811 - artist_bio_gen.core.processor - INFO - [███████████░░░░░░░░░░░░░░░░░░░] [395/1000] ( 39.5%) [W04] ✅ Integration Artist 295 - SUCCESS (0.10s)
2025-09-19 08:57:43,811 - artist_bio_gen.core.processor - INFO - [███████████░░░░░░░░░░░░░░░░░░░] [396/1000] ( 39.6%) [W03] ✅ Integration Artist 446 - SUCCESS (0.10s)
2025-09-19 08:57:43,811 - artist_bio_gen.core.processor - INFO - [███████████░░░░░░░░░░░░░░░░░░░] [397/1000] ( 39.7%) [W03] ✅ Integration Artist 278 - SUCCESS (0.10s)
2025-09-19 08:57:43,811 - artist_bio_gen.core.processor - INFO - [███████████░░░░░░░░░░░░░░░░░░░] [398/1000] ( 39.8%) [W01] ✅ Integration Artist 160 - SUCCESS (0.10s)
2025-09-19 08:57:43,812 - artist_bio_gen.core.processor - INFO - [███████████░░░░░░░░░░░░░░░░░░░] [399/1000] ( 39.9%) [W02] ✅ Integration Artist 429 - SUCCESS (0.10s)
2025-09-19 08:57:43,812 - artist_bio_gen.core.processor - INFO - [████████████░░░░░░░░░░░░░░░░░░] [400/1000] ( 40.0%) [W03] ✅ Integration Artist 630 - SUCCESS (0.10s)
2025-09-19 08:57:43,812 - artist_bio_gen.core.processor - INFO - 📊 Concurrent Progress: 400/1000 artists processed (40.0%) - Rate: 15350.40 artists/sec - ETA: 0s remaining
2025-09-19 08:57:43,812 - artist_bio_gen.core.processor - INFO - [████████████░░░░░░░░░░░░░░░░░░] [401/1000] ( 40.1%) [W03] ✅ Integration Artist 462 - SUCCESS (0.10s)
2025-09-19 08:57:43,813 - artist_bio_gen.core.processor - INFO - [████████████░░░░░░░░░░░░░░░░░░] [402/1000] ( 40.2%) [W03] ✅ Integration Artist 294 - SUCCESS (0.10s)
2025-09-19 08:57:43,813 - artist_bio_gen.core.processor - INFO - [████████████░░░░░░░░░░░░░░░░░░] [403/1000] ( 40.3%) [W02] ✅ Integration Artist 89 - SUCCESS (0.10s)
2025-09-19 08:57:43,813 - artist_bio_gen.core.processor - INFO - [████████████░░░░░░░░░░░░░░░░░░] [404/1000] ( 40.4%) [W02] ✅ Integration Artist 445 - SUCCESS (0.10s)
2025-09-19 08:57:43,813 - artist_bio_gen.core.processor - INFO - [████████████░░░░░░░░░░░░░░░░░░] [405/1000] ( 40.5%) [W02] ✅ Integration Artist 277 - SUCCESS (0.10s)
2025-09-19 08:57:43,814 - artist_bio_gen.core.processor - INFO - [████████████░░░░░░░░░░░░░░░░░░] [406/1000] ( 40.6%) [W01] ✅ Integration Artist 428 - SUCCESS (0.10s)
2025-09-19 08:57:43,814 - artist_bio_gen.core.processor - INFO - [████████████░░░░░░░░░░░░░░░░░░] [407/1000] ( 40.7%) [W02] ✅ Integration Artist 629 - SUCCESS (0.10s)
2025-09-19 08:57:43,814 - artist_bio_gen.core.processor - INFO - [████████████░░░░░░░░░░░░░░░░░░] [408/1000] ( 40.8%) [W02] ✅ Integration Artist 461 - SUCCESS (0.10s)
2025-09-19 08:57:43,814 - artist_bio_gen.core.processor - INFO - [████████████░░░░░░░░░░░░░░░░░░] [409/1000] ( 40.9%) [W02] ✅ Integration Artist 293 - SUCCESS (0.10s)
2025-09-19 08:57:43,815 - artist_bio_gen.core.processor - INFO - [████████████░░░░░░░░░░░░░░░░░░] [410/1000] ( 41.0%) [W04] ✅ Integration Artist 83 - SUCCESS (0.10s)
2025-09-19 08:57:43,815 - artist_bio_gen.core.processor - INFO - [████████████░░░░░░░░░░░░░░░░░░] [411/1000] ( 41.1%) [W01] ✅ Integration Artist 444 - SUCCESS (0.10s)
2025-09-19 08:57:43,815 - artist_bio_gen.core.processor - INFO - [████████████░░░░░░░░░░░░░░░░░░] [412/1000] ( 41.2%) [W01] ✅ Integration Artist 276 - SUCCESS (0.10s)
2025-09-19 08:57:43,815 - artist_bio_gen.core.processor - INFO - [████████████░░░░░░░░░░░░░░░░░░] [413/1000] ( 41.3%) [W04] ✅ Integration Artist 427 - SUCCESS (0.10s)
2025-09-19 08:57:43,816 - artist_bio_gen.core.processor - INFO - [████████████░░░░░░░░░░░░░░░░░░] [414/1000] ( 41.4%) [W01] ✅ Integration Artist 628 - SUCCESS (0.10s)
2025-09-19 08:57:43,816 - artist_bio_gen.core.processor - INFO - [████████████░░░░░░░░░░░░░░░░░░] [415/1000] ( 41.5%) [W01] ✅ Integration Artist 460 - SUCCESS (0.10s)
2025-09-19 08:57:43,816 - artist_bio_gen.core.processor - INFO - [████████████░░░░░░░░░░░░░░░░░░] [416/1000] ( 41.6%) [W01] ✅ Integration Artist 292 - SUCCESS (0.10s)
2025-09-19 08:57:43,816 - artist_bio_gen.core.processor - INFO - [████████████░░░░░░░░░░░░░░░░░░] [417/1000] ( 41.7%) [W04] ✅ Integration Artist 443 - SUCCESS (0.10s)
2025-09-19 08:57:43,817 - artist_bio_gen.core.processor - INFO - [████████████░░░░░░░░░░░░░░░░░░] [418/1000] ( 41.8%) [W04] ✅ Integration Artist 275 - SUCCESS (0.10s)
2025-09-19 08:57:43,817 - artist_bio_gen.core.processor - INFO - [████████████░░░░░░░░░░░░░░░░░░] [419/1000] ( 41.9%) [W03] ✅ Integration Artist 426 - SUCCESS (0.10s)
2025-09-19 08:57:43,817 - artist_bio_gen.core.processor - INFO - [████████████░░░░░░░░░░░░░░░░░░] [420/1000] ( 42.0%) [W04] ✅ Integration Artist 627 - SUCCESS (0.10s)
2025-09-19 08:57:43,818 - artist_bio_gen.core.processor - INFO - [████████████░░░░░░░░░░░░░░░░░░] [421/1000] ( 42.1%) [W04] ✅ Integration Artist 459 - SUCCESS (0.10s)
2025-09-19 08:57:43,818 - artist_bio_gen.core.processor - INFO - [████████████░░░░░░░░░░░░░░░░░░] [422/1000] ( 42.2%) [W04] ✅ Integration Artist 291 - SUCCESS (0.10s)
2025-09-19 08:57:43,818 - artist_bio_gen.core.processor - INFO - [████████████░░░░░░░░░░░░░░░░░░] [423/1000] ( 42.3%) [W03] ✅ Integration Artist 442 - SUCCESS (0.10s)
2025-09-19 08:57:43,818 - artist_bio_gen.core.processor - INFO - [████████████░░░░░░░░░░░░░░░░░░] [424/1000] ( 42.4%) [W03] ✅ Integration Artist 274 - SUCCESS (0.10s)
2025-09-19 08:57:43,819 - artist_bio_gen.core.processor - INFO - [████████████░░░░░░░░░░░░░░░░░░] [425/1000] ( 42.5%) [W02] ✅ Integration Artist 425 - SUCCESS (0.10s)
2025-09-19 08:57:43,819 - artist_bio_gen.core.processor - INFO - [████████████░░░░░░░░░░░░░░░░░░] [426/1000] ( 42.6%) [W03] ✅ Integration Artist 626 - SUCCESS (0.10s)
2025-09-19 08:57:43,819 - artist_bio_gen.core.processor - INFO - [████████████░░░░░░░░░░░░░░░░░░] [427/1000] ( 42.7%) [W03] ✅ Integration Artist 458 - SUCCESS (0.10s)
2025-09-19 08:57:43,820 - artist_bio_gen.core.processor - INFO - [████████████░░░░░░░░░░░░░░░░░░] [428/1000] ( 42.8%) [W03] ✅ Integration Artist 290 - SUCCESS (0.10s)
2025-09-19 08:57:43,820 - artist_bio_gen.core.processor - INFO - [████████████░░░░░░░░░░░░░░░░░░] [429/1000] ( 42.9%) [W02] ✅ Integration Artist 441 - SUCCESS (0.10s)
2025-09-19 08:57:43,820 - artist_bio_gen.core.processor - INFO - [████████████░░░░░░░░░░░░░░░░░░] [430/1000] ( 43.0%) [W02] ✅ Integration Artist 273 - SUCCESS (0.10s)
2025-09-19 08:57:43,820 - artist_bio_gen.core.processor - INFO - [████████████░░░░░░░░░░░░░░░░░░] [431/1000] ( 43.1%) [W01] ✅ Integration Artist 424 - SUCCESS (0.10s)
2025-09-19 08:57:43,821 - artist_bio_gen.core.processor - INFO - [████████████░░░░░░░░░░░░░░░░░░] [432/1000] ( 43.2%) [W02] ✅ Integration Artist 85 - SUCCESS (0.10s)
2025-09-19 08:57:43,821 - artist_bio_gen.core.processor - INFO - [████████████░░░░░░░░░░░░░░░░░░] [433/1000] ( 43.3%) [W02] ✅ Integration Artist 625 - SUCCESS (0.10s)
2025-09-19 08:57:43,821 - artist_bio_gen.core.processor - INFO - [█████████████░░░░░░░░░░░░░░░░░] [434/1000] ( 43.4%) [W02] ✅ Integration Artist 457 - SUCCESS (0.10s)
2025-09-19 08:57:43,822 - artist_bio_gen.core.processor - INFO - [█████████████░░░░░░░░░░░░░░░░░] [435/1000] ( 43.5%) [W01] ✅ Integration Artist 440 - SUCCESS (0.10s)
2025-09-19 08:57:43,822 - artist_bio_gen.core.processor - INFO - [█████████████░░░░░░░░░░░░░░░░░] [436/1000] ( 43.6%) [W02] ✅ Integration Artist 289 - SUCCESS (0.10s)
2025-09-19 08:57:43,822 - artist_bio_gen.core.processor - INFO - [█████████████░░░░░░░░░░░░░░░░░] [437/1000] ( 43.7%) [W03] ✅ Integration Artist 158 - SUCCESS (0.10s)
2025-09-19 08:57:43,822 - artist_bio_gen.core.processor - INFO - [█████████████░░░░░░░░░░░░░░░░░] [438/1000] ( 43.8%) [W01] ✅ Integration Artist 272 - SUCCESS (0.10s)
2025-09-19 08:57:43,823 - artist_bio_gen.core.processor - INFO - [█████████████░░░░░░░░░░░░░░░░░] [439/1000] ( 43.9%) [W04] ✅ Integration Artist 159 - SUCCESS (0.10s)
2025-09-19 08:57:43,823 - artist_bio_gen.core.processor - INFO - [█████████████░░░░░░░░░░░░░░░░░] [440/1000] ( 44.0%) [W03] ✅ Integration Artist 86 - SUCCESS (0.10s)
2025-09-19 08:57:43,823 - artist_bio_gen.core.processor - INFO - [█████████████░░░░░░░░░░░░░░░░░] [441/1000] ( 44.1%) [W04] ✅ Integration Artist 423 - SUCCESS (0.10s)
2025-09-19 08:57:43,823 - artist_bio_gen.core.processor - INFO - [█████████████░░░░░░░░░░░░░░░░░] [442/1000] ( 44.2%) [W02] ✅ Integration Artist 81 - SUCCESS (0.10s)
2025-09-19 08:57:43,824 - artist_bio_gen.core.processor - INFO - [█████████████░░░░░░░░░░░░░░░░░] [443/1000] ( 44.3%) [W01] ✅ Integration Artist 624 - SUCCESS (0.10s)
2025-09-19 08:57:43,824 - artist_bio_gen.core.processor - INFO - [█████████████░░░░░░░░░░░░░░░░░] [444/1000] ( 44.4%) [W01] ✅ Integration Artist 456 - SUCCESS (0.10s)
2025-09-19 08:57:43,824 - artist_bio_gen.core.processor - INFO - [█████████████░░░░░░░░░░░░░░░░░] [445/1000] ( 44.5%) [W01] ✅ Integration Artist 288 - SUCCESS (0.10s)
2025-09-19 08:57:43,824 - artist_bio_gen.core.processor - INFO - [█████████████░░░░░░░░░░░░░░░░░] [446/1000] ( 44.6%) [W04] ✅ Integration Artist 439 - SUCCESS (0.10s)
2025-09-19 08:57:43,825 - artist_bio_gen.core.processor - INFO - [█████████████░░░░░░░░░░░░░░░░░] [447/1000] ( 44.7%) [W04] ✅ Integration Artist 271 - SUCCESS (0.10s)
2025-09-19 08:57:43,825 - artist_bio_gen.core.processor - INFO - [█████████████░░░░░░░░░░░░░░░░░] [448/1000] ( 44.8%) [W03] ✅ Integration Artist 422 - SUCCESS (0.10s)
2025-09-19 08:57:43,825 - artist_bio_gen.core.processor - INFO - [█████████████░░░░░░░░░░░░░░░░░] [449/1000] ( 44.9%) [W01] ✅ Integration Artist 80 - SUCCESS (0.10s)
2025-09-19 08:57:43,826 - artist_bio_gen.core.processor - INFO - [█████████████░░░░░░░░░░░░░░░░░] [450/1000] ( 45.0%) [W04] ✅ Integration Artist 623 - SUCCESS (0.10s)
2025-09-19 08:57:43,826 - artist_bio_gen.core.processor - INFO - [█████████████░░░░░░░░░░░░░░░░░] [451/1000] ( 45.1%) [W04] ✅ Integration Artist 455 - SUCCESS (0.10s)
2025-09-19 08:57:43,826 - artist_bio_gen.core.processor - INFO - [█████████████░░░░░░░░░░░░░░░░░] [452/1000] ( 45.2%) [W04] ✅ Integration Artist 287 - SUCCESS (0.10s)
2025-09-19 08:57:43,826 - artist_bio_gen.core.processor - INFO - [█████████████░░░░░░░░░░░░░░░░░] [453/1000] ( 45.3%) [W03] ✅ Integration Artist 438 - SUCCESS (0.10s)
2025-09-19 08:57:43,827 - artist_bio_gen.core.processor - INFO - [█████████████░░░░░░░░░░░░░░░░░] [454/1000] ( 45.4%) [W03] ✅ Integration Artist 270 - SUCCESS (0.10s)
2025-09-19 08:57:43,827 - artist_bio_gen.core.processor - INFO - [█████████████░░░░░░░░░░░░░░░░░] [455/1000] ( 45.5%) [W02] ✅ Integration Artist 421 - SUCCESS (0.10s)
2025-09-19 08:57:43,827 - artist_bio_gen.core.processor - INFO - [█████████████░░░░░░░░░░░░░░░░░] [456/1000] ( 45.6%) [W04] ✅ Integration Artist 79 - SUCCESS (0.10s)
2025-09-19 08:57:43,827 - artist_bio_gen.core.processor - INFO - [█████████████░░░░░░░░░░░░░░░░░] [457/1000] ( 45.7%) [W03] ✅ Integration Artist 622 - SUCCESS (0.10s)
2025-09-19 08:57:43,828 - artist_bio_gen.core.processor - INFO - [█████████████░░░░░░░░░░░░░░░░░] [458/1000] ( 45.8%) [W03] ✅ Integration Artist 454 - SUCCESS (0.10s)
2025-09-19 08:57:43,828 - artist_bio_gen.core.processor - INFO - [█████████████░░░░░░░░░░░░░░░░░] [459/1000] ( 45.9%) [W03] ✅ Integration Artist 286 - SUCCESS (0.10s)
2025-09-19 08:57:43,828 - artist_bio_gen.core.processor - INFO - [█████████████░░░░░░░░░░░░░░░░░] [460/1000] ( 46.0%) [W02] ✅ Integration Artist 437 - SUCCESS (0.10s)
2025-09-19 08:57:43,828 - artist_bio_gen.core.processor - INFO - [█████████████░░░░░░░░░░░░░░░░░] [461/1000] ( 46.1%) [W02] ✅ Integration Artist 269 - SUCCESS (0.10s)
2025-09-19 08:57:43,829 - artist_bio_gen.core.processor - INFO - [█████████████░░░░░░░░░░░░░░░░░] [462/1000] ( 46.2%) [W01] ✅ Integration Artist 420 - SUCCESS (0.10s)
2025-09-19 08:57:43,829 - artist_bio_gen.core.processor - INFO - [█████████████░░░░░░░░░░░░░░░░░] [463/1000] ( 46.3%) [W02] ✅ Integration Artist 157 - SUCCESS (0.10s)
2025-09-19 08:57:43,829 - artist_bio_gen.core.processor - INFO - [█████████████░░░░░░░░░░░░░░░░░] [464/1000] ( 46.4%) [W02] ✅ Integration Artist 621 - SUCCESS (0.10s)
2025-09-19 08:57:43,829 - artist_bio_gen.core.processor - INFO - [█████████████░░░░░░░░░░░░░░░░░] [465/1000] ( 46.5%) [W02] ✅ Integration Artist 453 - SUCCESS (0.10s)
2025-09-19 08:57:43,830 - artist_bio_gen.core.processor - INFO - [█████████████░░░░░░░░░░░░░░░░░] [466/1000] ( 46.6%) [W02] ✅ Integration Artist 285 - SUCCESS (0.10s)
2025-09-19 08:57:43,830 - artist_bio_gen.core.processor - INFO - [██████████████░░░░░░░░░░░░░░░░] [467/1000] ( 46.7%) [W01] ✅ Integration Artist 436 - SUCCESS (0.10s)
2025-09-19 08:57:43,830 - artist_bio_gen.core.processor - INFO - [██████████████░░░░░░░░░░░░░░░░] [468/1000] ( 46.8%) [W01] ✅ Integration Artist 268 - SUCCESS (0.10s)
2025-09-19 08:57:43,831 - artist_bio_gen.core.processor - INFO - [██████████████░░░░░░░░░░░░░░░░] [469/1000] ( 46.9%) [W04] ✅ Integration Artist 419 - SUCCESS (0.10s)
2025-09-19 08:57:43,831 - artist_bio_gen.core.processor - INFO - [██████████████░░░░░░░░░░░░░░░░] [470/1000] ( 47.0%) [W03] ✅ Integration Artist 82 - SUCCESS (0.10s)
2025-09-19 08:57:43,831 - artist_bio_gen.core.processor - INFO - [██████████████░░░░░░░░░░░░░░░░] [471/1000] ( 47.1%) [W01] ✅ Integration Artist 620 - SUCCESS (0.10s)
2025-09-19 08:57:43,831 - artist_bio_gen.core.processor - INFO - [██████████████░░░░░░░░░░░░░░░░] [472/1000] ( 47.2%) [W01] ✅ Integration Artist 452 - SUCCESS (0.10s)
2025-09-19 08:57:43,832 - artist_bio_gen.core.processor - INFO - [██████████████░░░░░░░░░░░░░░░░] [473/1000] ( 47.3%) [W01] ✅ Integration Artist 284 - SUCCESS (0.10s)
2025-09-19 08:57:43,832 - artist_bio_gen.core.processor - INFO - [██████████████░░░░░░░░░░░░░░░░] [474/1000] ( 47.4%) [W04] ✅ Integration Artist 435 - SUCCESS (0.10s)
2025-09-19 08:57:43,832 - artist_bio_gen.core.processor - INFO - [██████████████░░░░░░░░░░░░░░░░] [475/1000] ( 47.5%) [W04] ✅ Integration Artist 267 - SUCCESS (0.10s)
2025-09-19 08:57:43,832 - artist_bio_gen.core.processor - INFO - [██████████████░░░░░░░░░░░░░░░░] [476/1000] ( 47.6%) [W03] ✅ Integration Artist 418 - SUCCESS (0.10s)
2025-09-19 08:57:43,833 - artist_bio_gen.core.processor - INFO - [██████████████░░░░░░░░░░░░░░░░] [477/1000] ( 47.7%) [W01] ✅ Integration Artist 152 - SUCCESS (0.10s)
2025-09-19 08:57:43,833 - artist_bio_gen.core.processor - INFO - [██████████████░░░░░░░░░░░░░░░░] [478/1000] ( 47.8%) [W04] ✅ Integration Artist 87 - SUCCESS (0.10s)
2025-09-19 08:57:43,833 - artist_bio_gen.core.processor - INFO - [██████████████░░░░░░░░░░░░░░░░] [479/1000] ( 47.9%) [W04] ✅ Integration Artist 619 - SUCCESS (0.10s)
2025-09-19 08:57:43,833 - artist_bio_gen.core.processor - INFO - [██████████████░░░░░░░░░░░░░░░░] [480/1000] ( 48.0%) [W04] ✅ Integration Artist 451 - SUCCESS (0.10s)
2025-09-19 08:57:43,834 - artist_bio_gen.core.processor - INFO - [██████████████░░░░░░░░░░░░░░░░] [481/1000] ( 48.1%) [W04] ✅ Integration Artist 283 - SUCCESS (0.10s)
2025-09-19 08:57:43,834 - artist_bio_gen.core.processor - INFO - [██████████████░░░░░░░░░░░░░░░░] [482/1000] ( 48.2%) [W02] ✅ Integration Artist 153 - SUCCESS (0.10s)
2025-09-19 08:57:43,834 - artist_bio_gen.core.processor - INFO - [██████████████░░░░░░░░░░░░░░░░] [483/1000] ( 48.3%) [W03] ✅ Integration Artist 434 - SUCCESS (0.10s)
2025-09-19 08:57:43,834 - artist_bio_gen.core.processor - INFO - [██████████████░░░░░░░░░░░░░░░░] [484/1000] ( 48.4%) [W03] ✅ Integration Artist 266 - SUCCESS (0.10s)
2025-09-19 08:57:43,835 - artist_bio_gen.core.processor - INFO - [██████████████░░░░░░░░░░░░░░░░] [485/1000] ( 48.5%) [W01] ✅ Integration Artist 84 - SUCCESS (0.10s)
2025-09-19 08:57:43,835 - artist_bio_gen.core.processor - INFO - [██████████████░░░░░░░░░░░░░░░░] [486/1000] ( 48.6%) [W02] ✅ Integration Artist 417 - SUCCESS (0.10s)
2025-09-19 08:57:43,835 - artist_bio_gen.core.processor - INFO - [██████████████░░░░░░░░░░░░░░░░] [487/1000] ( 48.7%) [W03] ✅ Integration Artist 154 - SUCCESS (0.10s)
2025-09-19 08:57:43,835 - artist_bio_gen.core.processor - INFO - [██████████████░░░░░░░░░░░░░░░░] [488/1000] ( 48.8%) [W03] ✅ Integration Artist 618 - SUCCESS (0.10s)
2025-09-19 08:57:43,836 - artist_bio_gen.core.processor - INFO - [██████████████░░░░░░░░░░░░░░░░] [489/1000] ( 48.9%) [W03] ✅ Integration Artist 450 - SUCCESS (0.10s)
2025-09-19 08:57:43,836 - artist_bio_gen.core.processor - INFO - [██████████████░░░░░░░░░░░░░░░░] [490/1000] ( 49.0%) [W03] ✅ Integration Artist 282 - SUCCESS (0.10s)
2025-09-19 08:57:43,836 - artist_bio_gen.core.processor - INFO - [██████████████░░░░░░░░░░░░░░░░] [491/1000] ( 49.1%) [W02] ✅ Integration Artist 433 - SUCCESS (0.10s)
2025-09-19 08:57:43,836 - artist_bio_gen.core.processor - INFO - [██████████████░░░░░░░░░░░░░░░░] [492/1000] ( 49.2%) [W02] ✅ Integration Artist 265 - SUCCESS (0.10s)
2025-09-19 08:57:43,837 - artist_bio_gen.core.processor - INFO - [██████████████░░░░░░░░░░░░░░░░] [493/1000] ( 49.3%) [W01] ✅ Integration Artist 416 - SUCCESS (0.10s)
2025-09-19 08:57:43,837 - artist_bio_gen.core.processor - INFO - [██████████████░░░░░░░░░░░░░░░░] [494/1000] ( 49.4%) [W02] ✅ Integration Artist 617 - SUCCESS (0.10s)
2025-09-19 08:57:43,837 - artist_bio_gen.core.processor - INFO - [██████████████░░░░░░░░░░░░░░░░] [495/1000] ( 49.5%) [W02] ✅ Integration Artist 449 - SUCCESS (0.10s)
2025-09-19 08:57:43,838 - artist_bio_gen.core.processor - INFO - [██████████████░░░░░░░░░░░░░░░░] [496/1000] ( 49.6%) [W02] ✅ Integration Artist 281 - SUCCESS (0.10s)
2025-09-19 08:57:43,838 - artist_bio_gen.core.processor - INFO - [██████████████░░░░░░░░░░░░░░░░] [497/1000] ( 49.7%) [W01] ✅ Integration Artist 432 - SUCCESS (0.10s)
2025-09-19 08:57:43,838 - artist_bio_gen.core.processor - INFO - [██████████████░░░░░░░░░░░░░░░░] [498/1000] ( 49.8%) [W01] ✅ Integration Artist 264 - SUCCESS (0.10s)
2025-09-19 08:57:43,838 - artist_bio_gen.core.processor - INFO - [██████████████░░░░░░░░░░░░░░░░] [499/1000] ( 49.9%) [W04] ✅ Integration Artist 415 - SUCCESS (0.10s)
2025-09-19 08:57:43,839 - artist_bio_gen.core.processor - INFO - [███████████████░░░░░░░░░░░░░░░] [500/1000] ( 50.0%) [W04] ✅ Integration Artist 155 - SUCCESS (0.10s)
2025-09-19 08:57:43,839 - artist_bio_gen.core.processor - INFO - 📊 Concurrent Progress: 500/1000 artists processed (50.0%) - Rate: 18621.16 artists/sec - ETA: 0s remaining
2025-09-19 08:57:43,839 - artist_bio_gen.core.processor - INFO - [███████████████░░░░░░░░░░░░░░░] [501/1000] ( 50.1%) [W01] ✅ Integration Artist 616 - SUCCESS (0.10s)
2025-09-19 08:57:43,839 - artist_bio_gen.core.processor - INFO - [███████████████░░░░░░░░░░░░░░░] [502/1000] ( 50.2%) [W01] ✅ Integration Artist 448 - SUCCESS (0.10s)
2025-09-19 08:57:43,840 - artist_bio_gen.core.processor - INFO - [███████████████░░░░░░░░░░░░░░░] [503/1000] ( 50.3%) [W01] ✅ Integration Artist 280 - SUCCESS (0.10s)
2025-09-19 08:57:43,840 - artist_bio_gen.core.processor - INFO - [███████████████░░░░░░░░░░░░░░░] [504/1000] ( 50.4%) [W04] ✅ Integration Artist 431 - SUCCESS (0.10s)
2025-09-19 08:57:43,840 - artist_bio_gen.core.processor - INFO - [███████████████░░░░░░░░░░░░░░░] [505/1000] ( 50.5%) [W04] ✅ Integration Artist 263 - SUCCESS (0.10s)
2025-09-19 08:57:43,840 - artist_bio_gen.core.processor - INFO - [███████████████░░░░░░░░░░░░░░░] [506/1000] ( 50.6%) [W03] ✅ Integration Artist 414 - SUCCESS (0.10s)
2025-09-19 08:57:43,841 - artist_bio_gen.core.processor - INFO - [███████████████░░░░░░░░░░░░░░░] [507/1000] ( 50.7%) [W01] ✅ Integration Artist 156 - SUCCESS (0.10s)
2025-09-19 08:57:43,841 - artist_bio_gen.core.processor - INFO - [███████████████░░░░░░░░░░░░░░░] [508/1000] ( 50.8%) [W04] ✅ Integration Artist 615 - SUCCESS (0.10s)
2025-09-19 08:57:43,841 - artist_bio_gen.core.processor - INFO - [███████████████░░░░░░░░░░░░░░░] [509/1000] ( 50.9%) [W04] ✅ Integration Artist 447 - SUCCESS (0.10s)
2025-09-19 08:57:43,842 - artist_bio_gen.core.processor - INFO - [███████████████░░░░░░░░░░░░░░░] [510/1000] ( 51.0%) [W04] ✅ Integration Artist 279 - SUCCESS (0.10s)
2025-09-19 08:57:43,842 - artist_bio_gen.core.processor - INFO - [███████████████░░░░░░░░░░░░░░░] [511/1000] ( 51.1%) [W02] ✅ Integration Artist 181 - SUCCESS (0.10s)
2025-09-19 08:57:43,842 - artist_bio_gen.core.processor - INFO - [███████████████░░░░░░░░░░░░░░░] [512/1000] ( 51.2%) [W02] ✅ Integration Artist 209 - SUCCESS (0.10s)
2025-09-19 08:57:43,842 - artist_bio_gen.core.processor - INFO - [███████████████░░░░░░░░░░░░░░░] [513/1000] ( 51.3%) [W02] ✅ Integration Artist 61 - SUCCESS (0.10s)
2025-09-19 08:57:43,843 - artist_bio_gen.core.processor - INFO - [███████████████░░░░░░░░░░░░░░░] [514/1000] ( 51.4%) [W01] ✅ Integration Artist 480 - SUCCESS (0.10s)
2025-09-19 08:57:43,843 - artist_bio_gen.core.processor - INFO - [███████████████░░░░░░░░░░░░░░░] [515/1000] ( 51.5%) [W03] ✅ Integration Artist 210 - SUCCESS (0.10s)
2025-09-19 08:57:43,843 - artist_bio_gen.core.processor - INFO - [███████████████░░░░░░░░░░░░░░░] [516/1000] ( 51.6%) [W03] ✅ Integration Artist 614 - SUCCESS (0.10s)
2025-09-19 08:57:43,843 - artist_bio_gen.core.processor - INFO - [███████████████░░░░░░░░░░░░░░░] [517/1000] ( 51.7%) [W04] ✅ Integration Artist 479 - SUCCESS (0.10s)
2025-09-19 08:57:43,844 - artist_bio_gen.core.processor - INFO - [███████████████░░░░░░░░░░░░░░░] [518/1000] ( 51.8%) [W02] ✅ Integration Artist 613 - SUCCESS (0.10s)
2025-09-19 08:57:43,844 - artist_bio_gen.core.processor - INFO - [███████████████░░░░░░░░░░░░░░░] [519/1000] ( 51.9%) [W01] ✅ Integration Artist 60 - SUCCESS (0.10s)
2025-09-19 08:57:43,844 - artist_bio_gen.core.processor - INFO - [███████████████░░░░░░░░░░░░░░░] [520/1000] ( 52.0%) [W03] ✅ Integration Artist 478 - SUCCESS (0.10s)
2025-09-19 08:57:43,844 - artist_bio_gen.core.processor - INFO - [███████████████░░░░░░░░░░░░░░░] [521/1000] ( 52.1%) [W03] ✅ Integration Artist 198 - SUCCESS (0.10s)
2025-09-19 08:57:43,845 - artist_bio_gen.core.processor - INFO - [███████████████░░░░░░░░░░░░░░░] [522/1000] ( 52.2%) [W01] ✅ Integration Artist 176 - SUCCESS (0.10s)
2025-09-19 08:57:43,845 - artist_bio_gen.core.processor - INFO - [███████████████░░░░░░░░░░░░░░░] [523/1000] ( 52.3%) [W01] ✅ Integration Artist 612 - SUCCESS (0.10s)
2025-09-19 08:57:43,845 - artist_bio_gen.core.processor - INFO - [███████████████░░░░░░░░░░░░░░░] [524/1000] ( 52.4%) [W04] ✅ Integration Artist 211 - SUCCESS (0.10s)
2025-09-19 08:57:43,845 - artist_bio_gen.core.processor - INFO - [███████████████░░░░░░░░░░░░░░░] [525/1000] ( 52.5%) [W02] ✅ Integration Artist 477 - SUCCESS (0.10s)
2025-09-19 08:57:43,846 - artist_bio_gen.core.processor - INFO - [███████████████░░░░░░░░░░░░░░░] [526/1000] ( 52.6%) [W04] ✅ Integration Artist 175 - SUCCESS (0.10s)
2025-09-19 08:57:43,846 - artist_bio_gen.core.processor - INFO - [███████████████░░░░░░░░░░░░░░░] [527/1000] ( 52.7%) [W04] ✅ Integration Artist 7 - SUCCESS (0.10s)
2025-09-19 08:57:43,846 - artist_bio_gen.core.processor - INFO - [███████████████░░░░░░░░░░░░░░░] [528/1000] ( 52.8%) [W04] ✅ Integration Artist 611 - SUCCESS (0.10s)
2025-09-19 08:57:43,846 - artist_bio_gen.core.processor - INFO - [███████████████░░░░░░░░░░░░░░░] [529/1000] ( 52.9%) [W03] ✅ Integration Artist 178 - SUCCESS (0.10s)
2025-09-19 08:57:43,847 - artist_bio_gen.core.processor - INFO - [███████████████░░░░░░░░░░░░░░░] [530/1000] ( 53.0%) [W04] ✅ Integration Artist 59 - SUCCESS (0.10s)
2025-09-19 08:57:43,847 - artist_bio_gen.core.processor - INFO - [███████████████░░░░░░░░░░░░░░░] [531/1000] ( 53.1%) [W03] ✅ Integration Artist 58 - SUCCESS (0.10s)
2025-09-19 08:57:43,847 - artist_bio_gen.core.processor - INFO - [███████████████░░░░░░░░░░░░░░░] [532/1000] ( 53.2%) [W02] ✅ Integration Artist 201 - SUCCESS (0.10s)
2025-09-19 08:57:43,847 - artist_bio_gen.core.processor - INFO - [███████████████░░░░░░░░░░░░░░░] [533/1000] ( 53.3%) [W01] ✅ Integration Artist 476 - SUCCESS (0.10s)
2025-09-19 08:57:43,848 - artist_bio_gen.core.processor - INFO - [████████████████░░░░░░░░░░░░░░] [534/1000] ( 53.4%) [W02] ✅ Integration Artist 169 - SUCCESS (0.10s)
2025-09-19 08:57:43,848 - artist_bio_gen.core.processor - INFO - [████████████████░░░░░░░░░░░░░░] [535/1000] ( 53.5%) [W03] ✅ Integration Artist 610 - SUCCESS (0.10s)
2025-09-19 08:57:43,848 - artist_bio_gen.core.processor - INFO - [████████████████░░░░░░░░░░░░░░] [536/1000] ( 53.6%) [W01] ✅ Integration Artist 8 - SUCCESS (0.10s)
2025-09-19 08:57:43,848 - artist_bio_gen.core.processor - INFO - [████████████████░░░░░░░░░░░░░░] [537/1000] ( 53.7%) [W04] ✅ Integration Artist 475 - SUCCESS (0.10s)
2025-09-19 08:57:43,849 - artist_bio_gen.core.processor - INFO - [████████████████░░░░░░░░░░░░░░] [538/1000] ( 53.8%) [W02] ✅ Integration Artist 609 - SUCCESS (0.10s)
2025-09-19 08:57:43,849 - artist_bio_gen.core.processor - INFO - [████████████████░░░░░░░░░░░░░░] [539/1000] ( 53.9%) [W01] ✅ Integration Artist 204 - SUCCESS (0.10s)
2025-09-19 08:57:43,849 - artist_bio_gen.core.processor - INFO - [████████████████░░░░░░░░░░░░░░] [540/1000] ( 54.0%) [W02] ✅ Integration Artist 57 - SUCCESS (0.10s)
2025-09-19 08:57:43,849 - artist_bio_gen.core.processor - INFO - [████████████████░░░░░░░░░░░░░░] [541/1000] ( 54.1%) [W01] ✅ Integration Artist 56 - SUCCESS (0.10s)
2025-09-19 08:57:43,850 - artist_bio_gen.core.processor - INFO - [████████████████░░░░░░░░░░░░░░] [542/1000] ( 54.2%) [W01] ✅ Integration Artist 212 - SUCCESS (0.10s)
2025-09-19 08:57:43,850 - artist_bio_gen.core.processor - INFO - [████████████████░░░░░░░░░░░░░░] [543/1000] ( 54.3%) [W01] ✅ Integration Artist 172 - SUCCESS (0.10s)
2025-09-19 08:57:43,850 - artist_bio_gen.core.processor - INFO - [████████████████░░░░░░░░░░░░░░] [544/1000] ( 54.4%) [W02] ✅ Integration Artist 9 - SUCCESS (0.10s)
2025-09-19 08:57:43,850 - artist_bio_gen.core.processor - INFO - [████████████████░░░░░░░░░░░░░░] [545/1000] ( 54.5%) [W03] ✅ Integration Artist 474 - SUCCESS (0.10s)
2025-09-19 08:57:43,851 - artist_bio_gen.core.processor - INFO - [████████████████░░░░░░░░░░░░░░] [546/1000] ( 54.6%) [W01] ✅ Integration Artist 608 - SUCCESS (0.10s)
2025-09-19 08:57:43,851 - artist_bio_gen.core.processor - INFO - [████████████████░░░░░░░░░░░░░░] [547/1000] ( 54.7%) [W02] ✅ Integration Artist 213 - SUCCESS (0.10s)
Mock bio response for Integration Artist 586
Mock bio response for Integration Artist 569
Mock bio response for Integration Artist 68
Mock bio response for Integration Artist 67
Mock bio response for Integration Artist 111
Mock bio response for Integration Artist 30
Mock bio response for Integration Artist 585
Mock bio response for Integration Artist 568
Mock bio response for Integration Artist 115
Mock bio response for Integration Artist 98
Mock bio response for Integration Artist 113
Mock bio response for Integration Artist 584
Mock bio response for Integration Artist 567
Mock bio response for Integration Artist 66
Mock bio response for Integration Artist 65
Mock bio response for Integration Artist 28
Mock bio response for Integration Artist 112
Mock bio response for Integration Artist 583
Mock bio response for Integration Artist 566
Mock bio response for Integration Artist 96
Mock bio response for Integration Artist 582
Mock bio response for Integration Artist 114
Mock bio response for Integration Artist 565
Mock bio response for Integration Artist 97
Mock bio response for Integration Artist 64
Mock bio response for Integration Artist 63
Mock bio response for Integration Artist 430
Mock bio response for Integration Artist 88
Mock bio response for Integration Artist 631
Mock bio response for Integration Artist 463
Mock bio response for Integration Artist 295
Mock bio response for Integration Artist 446
Mock bio response for Integration Artist 278
Mock bio response for Integration Artist 160
Mock bio response for Integration Artist 429
Mock bio response for Integration Artist 630
Mock bio response for Integration Artist 462
Mock bio response for Integration Artist 294
Mock bio response for Integration Artist 89
Mock bio response for Integration Artist 445
Mock bio response for Integration Artist 277
Mock bio response for Integration Artist 428
Mock bio response for Integration Artist 629
Mock bio response for Integration Artist 461
Mock bio response for Integration Artist 293
Mock bio response for Integration Artist 83
Mock bio response for Integration Artist 444
Mock bio response for Integration Artist 276
Mock bio response for Integration Artist 427
Mock bio response for Integration Artist 628
Mock bio response for Integration Artist 460
Mock bio response for Integration Artist 292
Mock bio response for Integration Artist 443
Mock bio response for Integration Artist 275
Mock bio response for Integration Artist 426
Mock bio response for Integration Artist 627
Mock bio response for Integration Artist 459
Mock bio response for Integration Artist 291
Mock bio response for Integration Artist 442
Mock bio response for Integration Artist 274
Mock bio response for Integration Artist 425
Mock bio response for Integration Artist 626
Mock bio response for Integration Artist 458
Mock bio response for Integration Artist 290
Mock bio response for Integration Artist 441
Mock bio response for Integration Artist 273
Mock bio response for Integration Artist 424
Mock bio response for Integration Artist 85
Mock bio response for Integration Artist 625
Mock bio response for Integration Artist 457
Mock bio response for Integration Artist 440
Mock bio response for Integration Artist 289
Mock bio response for Integration Artist 158
Mock bio response for Integration Artist 272
Mock bio response for Integration Artist 159
Mock bio response for Integration Artist 86
Mock bio response for Integration Artist 423
Mock bio response for Integration Artist 81
Mock bio response for Integration Artist 624
Mock bio response for Integration Artist 456
Mock bio response for Integration Artist 288
Mock bio response for Integration Artist 439
Mock bio response for Integration Artist 271
Mock bio response for Integration Artist 422
Mock bio response for Integration Artist 80
Mock bio response for Integration Artist 623
Mock bio response for Integration Artist 455
Mock bio response for Integration Artist 287
Mock bio response for Integration Artist 438
Mock bio response for Integration Artist 270
Mock bio response for Integration Artist 421
Mock bio response for Integration Artist 79
Mock bio response for Integration Artist 622
Mock bio response for Integration Artist 454
Mock bio response for Integration Artist 286
Mock bio response for Integration Artist 437
Mock bio response for Integration Artist 269
Mock bio response for Integration Artist 420
Mock bio response for Integration Artist 157
Mock bio response for Integration Artist 621
Mock bio response for Integration Artist 453
Mock bio response for Integration Artist 285
Mock bio response for Integration Artist 436
Mock bio response for Integration Artist 268
Mock bio response for Integration Artist 419
Mock bio response for Integration Artist 82
Mock bio response for Integration Artist 620
Mock bio response for Integration Artist 452
Mock bio response for Integration Artist 284
Mock bio response for Integration Artist 435
Mock bio response for Integration Artist 267
Mock bio response for Integration Artist 418
Mock bio response for Integration Artist 152
Mock bio response for Integration Artist 87
Mock bio response for Integration Artist 619
Mock bio response for Integration Artist 451
Mock bio response for Integration Artist 283
Mock bio response for Integration Artist 153
Mock bio response for Integration Artist 434
Mock bio response for Integration Artist 266
Mock bio response for Integration Artist 84
Mock bio response for Integration Artist 417
Mock bio response for Integration Artist 154
Mock bio response for Integration Artist 618
Mock bio response for Integration Artist 450
Mock bio response for Integration Artist 282
Mock bio response for Integration Artist 433
Mock bio response for Integration Artist 265
Mock bio response for Integration Artist 416
Mock bio response for Integration Artist 617
Mock bio response for Integration Artist 449
Mock bio response for Integration Artist 281
Mock bio response for Integration Artist 432
Mock bio response for Integration Artist 264
Mock bio response for Integration Artist 415
Mock bio response for Integration Artist 155
Mock bio response for Integration Artist 616
Mock bio response for Integration Artist 448
Mock bio response for Integration Artist 280
Mock bio response for Integration Artist 431
Mock bio response for Integration Artist 263
Mock bio response for Integration Artist 414
Mock bio response for Integration Artist 156
Mock bio response for Integration Artist 615
Mock bio response for Integration Artist 447
Mock bio response for Integration Artist 279
Mock bio response for Integration Artist 181
Mock bio response for Integration Artist 209
Mock bio response for Integration Artist 61
Mock bio response for Integration Artist 480
Mock bio response for Integration Artist 210
Mock bio response for Integration Artist 614
Mock bio response for Integration Artist 479
Mock bio response for Integration Artist 613
Mock bio response for Integration Artist 60
Mock bio response for Integration Artist 478
Mock bio response for Integration Artist 198
Mock bio response for Integration Artist 176
Mock bio response for Integration Artist 612
Mock bio response for Integration Artist 211
Mock bio response for Integration Artist 477
Mock bio response for Integration Artist 175
Mock bio response for Integration Artist 7
Mock bio response for Integration Artist 611
Mock bio response for Integration Artist 178
Mock bio response for Integration Artist 59
Mock bio response for Integration Artist 58
Mock bio response for Integration Artist 201
Mock bio response for Integration Artist 476
Mock bio response for Integration Artist 169
Mock bio response for Integration Artist 610
Mock bio response for Integration Artist 8
Mock bio response for Integration Artist 475
Mock bio response for Integration Artist 609
Mock bio response for Integration Artist 204
Mock bio response for Integration Artist 57
Mock bio response for Integration Artist 56
Mock bio response for Integration Artist 212
Mock bio response for Integration Artist 172
Mock bio response for Integration Artist 9
Mock bio response for Integration Artist 474
Mock bio response for Integration Artist 608
2025-09-19 08:57:43,851 - artist_bio_gen.core.processor - INFO - [████████████████░░░░░░░░░░░░░░] [548/1000] ( 54.8%) [W03] ✅ Integration Artist 10 - SUCCESS (0.10s)
2025-09-19 08:57:43,852 - artist_bio_gen.core.processor - INFO - [████████████████░░░░░░░░░░░░░░] [549/1000] ( 54.9%) [W03] ✅ Integration Artist 206 - SUCCESS (0.10s)
2025-09-19 08:57:43,852 - artist_bio_gen.core.processor - INFO - [████████████████░░░░░░░░░░░░░░] [550/1000] ( 55.0%) [W02] ✅ Integration Artist 473 - SUCCESS (0.10s)
2025-09-19 08:57:43,852 - artist_bio_gen.core.processor - INFO - [████████████████░░░░░░░░░░░░░░] [551/1000] ( 55.1%) [W04] ✅ Integration Artist 607 - SUCCESS (0.10s)
2025-09-19 08:57:43,853 - artist_bio_gen.core.processor - INFO - [████████████████░░░░░░░░░░░░░░] [552/1000] ( 55.2%) [W04] ✅ Integration Artist 55 - SUCCESS (0.10s)
2025-09-19 08:57:43,853 - artist_bio_gen.core.processor - INFO - [████████████████░░░░░░░░░░░░░░] [553/1000] ( 55.3%) [W03] ✅ Integration Artist 54 - SUCCESS (0.10s)
2025-09-19 08:57:43,853 - artist_bio_gen.core.processor - INFO - [████████████████░░░░░░░░░░░░░░] [554/1000] ( 55.4%) [W01] ✅ Integration Artist 472 - SUCCESS (0.10s)
2025-09-19 08:57:43,854 - artist_bio_gen.core.processor - INFO - [████████████████░░░░░░░░░░░░░░] [555/1000] ( 55.5%) [W03] ✅ Integration Artist 606 - SUCCESS (0.10s)
2025-09-19 08:57:43,854 - artist_bio_gen.core.processor - INFO - [████████████████░░░░░░░░░░░░░░] [556/1000] ( 55.6%) [W02] ✅ Integration Artist 205 - SUCCESS (0.10s)
2025-09-19 08:57:43,854 - artist_bio_gen.core.processor - INFO - [████████████████░░░░░░░░░░░░░░] [557/1000] ( 55.7%) [W04] ✅ Integration Artist 199 - SUCCESS (0.10s)
2025-09-19 08:57:43,854 - artist_bio_gen.core.processor - INFO - [████████████████░░░░░░░░░░░░░░] [558/1000] ( 55.8%) [W04] ✅ Integration Artist 471 - SUCCESS (0.10s)
2025-09-19 08:57:43,855 - artist_bio_gen.core.processor - INFO - [████████████████░░░░░░░░░░░░░░] [559/1000] ( 55.9%) [W01] ✅ Integration Artist 180 - SUCCESS (0.10s)
2025-09-19 08:57:43,855 - artist_bio_gen.core.processor - INFO - [████████████████░░░░░░░░░░░░░░] [560/1000] ( 56.0%) [W02] ✅ Integration Artist 605 - SUCCESS (0.10s)
2025-09-19 08:57:43,855 - artist_bio_gen.core.processor - INFO - [████████████████░░░░░░░░░░░░░░] [561/1000] ( 56.1%) [W03] ✅ Integration Artist 174 - SUCCESS (0.10s)
2025-09-19 08:57:43,855 - artist_bio_gen.core.processor - INFO - [████████████████░░░░░░░░░░░░░░] [562/1000] ( 56.2%) [W02] ✅ Integration Artist 53 - SUCCESS (0.10s)
2025-09-19 08:57:43,856 - artist_bio_gen.core.processor - INFO - [████████████████░░░░░░░░░░░░░░] [563/1000] ( 56.3%) [W01] ✅ Integration Artist 52 - SUCCESS (0.10s)
2025-09-19 08:57:43,856 - artist_bio_gen.core.processor - INFO - [████████████████░░░░░░░░░░░░░░] [564/1000] ( 56.4%) [W03] ✅ Integration Artist 470 - SUCCESS (0.10s)
2025-09-19 08:57:43,856 - artist_bio_gen.core.processor - INFO - [████████████████░░░░░░░░░░░░░░] [565/1000] ( 56.5%) [W01] ✅ Integration Artist 604 - SUCCESS (0.10s)
2025-09-19 08:57:43,856 - artist_bio_gen.core.processor - INFO - [████████████████░░░░░░░░░░░░░░] [566/1000] ( 56.6%) [W04] ✅ Integration Artist 51 - SUCCESS (0.10s)
2025-09-19 08:57:43,857 - artist_bio_gen.core.processor - INFO - [█████████████████░░░░░░░░░░░░░] [567/1000] ( 56.7%) [W01] ✅ Integration Artist 168 - SUCCESS (0.10s)
2025-09-19 08:57:43,857 - artist_bio_gen.core.processor - INFO - [█████████████████░░░░░░░░░░░░░] [568/1000] ( 56.8%) [W02] ✅ Integration Artist 469 - SUCCESS (0.10s)
2025-09-19 08:57:43,857 - artist_bio_gen.core.processor - INFO - [█████████████████░░░░░░░░░░░░░] [569/1000] ( 56.9%) [W01] ✅ Integration Artist 208 - SUCCESS (0.10s)
2025-09-19 08:57:43,857 - artist_bio_gen.core.processor - INFO - [█████████████████░░░░░░░░░░░░░] [570/1000] ( 57.0%) [W04] ✅ Integration Artist 603 - SUCCESS (0.10s)
2025-09-19 08:57:43,858 - artist_bio_gen.core.processor - INFO - [█████████████████░░░░░░░░░░░░░] [571/1000] ( 57.1%) [W03] ✅ Integration Artist 202 - SUCCESS (0.10s)
2025-09-19 08:57:43,858 - artist_bio_gen.core.processor - INFO - [█████████████████░░░░░░░░░░░░░] [572/1000] ( 57.2%) [W04] ✅ Integration Artist 167 - SUCCESS (0.10s)
2025-09-19 08:57:43,858 - artist_bio_gen.core.processor - INFO - [█████████████████░░░░░░░░░░░░░] [573/1000] ( 57.3%) [W02] ✅ Integration Artist 177 - SUCCESS (0.10s)
2025-09-19 08:57:43,858 - artist_bio_gen.core.processor - INFO - [█████████████████░░░░░░░░░░░░░] [574/1000] ( 57.4%) [W01] ✅ Integration Artist 468 - SUCCESS (0.10s)
2025-09-19 08:57:43,859 - artist_bio_gen.core.processor - INFO - [█████████████████░░░░░░░░░░░░░] [575/1000] ( 57.5%) [W02] ✅ Integration Artist 173 - SUCCESS (0.10s)
2025-09-19 08:57:43,859 - artist_bio_gen.core.processor - INFO - [█████████████████░░░░░░░░░░░░░] [576/1000] ( 57.6%) [W03] ✅ Integration Artist 6 - SUCCESS (0.10s)
2025-09-19 08:57:43,859 - artist_bio_gen.core.processor - INFO - [█████████████████░░░░░░░░░░░░░] [577/1000] ( 57.7%) [W03] ✅ Integration Artist 602 - SUCCESS (0.10s)
2025-09-19 08:57:43,860 - artist_bio_gen.core.processor - INFO - [█████████████████░░░░░░░░░░░░░] [578/1000] ( 57.8%) [W04] ✅ Integration Artist 207 - SUCCESS (0.10s)
2025-09-19 08:57:43,860 - artist_bio_gen.core.processor - INFO - [█████████████████░░░░░░░░░░░░░] [579/1000] ( 57.9%) [W04] ✅ Integration Artist 467 - SUCCESS (0.10s)
2025-09-19 08:57:43,860 - artist_bio_gen.core.processor - INFO - [█████████████████░░░░░░░░░░░░░] [580/1000] ( 58.0%) [W04] ✅ Integration Artist 179 - SUCCESS (0.10s)
2025-09-19 08:57:43,860 - artist_bio_gen.core.processor - INFO - [█████████████████░░░░░░░░░░░░░] [581/1000] ( 58.1%) [W02] ✅ Integration Artist 601 - SUCCESS (0.10s)
2025-09-19 08:57:43,861 - artist_bio_gen.core.processor - INFO - [█████████████████░░░░░░░░░░░░░] [582/1000] ( 58.2%) [W03] ✅ Integration Artist 466 - SUCCESS (0.10s)
2025-09-19 08:57:43,861 - artist_bio_gen.core.processor - INFO - [█████████████████░░░░░░░░░░░░░] [583/1000] ( 58.3%) [W04] ✅ Integration Artist 203 - SUCCESS (0.10s)
2025-09-19 08:57:43,861 - artist_bio_gen.core.processor - INFO - [█████████████████░░░░░░░░░░░░░] [584/1000] ( 58.4%) [W04] ✅ Integration Artist 171 - SUCCESS (0.10s)
2025-09-19 08:57:43,862 - artist_bio_gen.core.processor - INFO - [█████████████████░░░░░░░░░░░░░] [585/1000] ( 58.5%) [W01] ✅ Integration Artist 600 - SUCCESS (0.10s)
2025-09-19 08:57:43,862 - artist_bio_gen.core.processor - INFO - [█████████████████░░░░░░░░░░░░░] [586/1000] ( 58.6%) [W03] ✅ Integration Artist 62 - SUCCESS (0.10s)
2025-09-19 08:57:43,862 - artist_bio_gen.core.processor - INFO - [█████████████████░░░░░░░░░░░░░] [587/1000] ( 58.7%) [W02] ✅ Integration Artist 465 - SUCCESS (0.10s)
2025-09-19 08:57:43,862 - artist_bio_gen.core.processor - INFO - [█████████████████░░░░░░░░░░░░░] [588/1000] ( 58.8%) [W01] ✅ Integration Artist 200 - SUCCESS (0.10s)
2025-09-19 08:57:43,863 - artist_bio_gen.core.processor - INFO - [█████████████████░░░░░░░░░░░░░] [589/1000] ( 58.9%) [W03] ✅ Integration Artist 166 - SUCCESS (0.10s)
2025-09-19 08:57:43,863 - artist_bio_gen.core.processor - INFO - [█████████████████░░░░░░░░░░░░░] [590/1000] ( 59.0%) [W04] ✅ Integration Artist 599 - SUCCESS (0.10s)
2025-09-19 08:57:43,863 - artist_bio_gen.core.processor - INFO - [█████████████████░░░░░░░░░░░░░] [591/1000] ( 59.1%) [W02] ✅ Integration Artist 5 - SUCCESS (0.10s)
2025-09-19 08:57:43,863 - artist_bio_gen.core.processor - INFO - [█████████████████░░░░░░░░░░░░░] [592/1000] ( 59.2%) [W01] ✅ Integration Artist 464 - SUCCESS (0.10s)
2025-09-19 08:57:43,864 - artist_bio_gen.core.processor - INFO - [█████████████████░░░░░░░░░░░░░] [593/1000] ( 59.3%) [W03] ✅ Integration Artist 170 - SUCCESS (0.10s)
2025-09-19 08:57:43,864 - artist_bio_gen.core.processor - INFO - [█████████████████░░░░░░░░░░░░░] [594/1000] ( 59.4%) [W03] ✅ Integration Artist 514 - SUCCESS (0.10s)
2025-09-19 08:57:43,864 - artist_bio_gen.core.processor - INFO - [█████████████████░░░░░░░░░░░░░] [595/1000] ( 59.5%) [W01] ✅ Integration Artist 312 - SUCCESS (0.10s)
2025-09-19 08:57:43,864 - artist_bio_gen.core.processor - INFO - [█████████████████░░░░░░░░░░░░░] [596/1000] ( 59.6%) [W02] ✅ Integration Artist 513 - SUCCESS (0.10s)
2025-09-19 08:57:43,865 - artist_bio_gen.core.processor - INFO - [█████████████████░░░░░░░░░░░░░] [597/1000] ( 59.7%) [W04] ✅ Integration Artist 311 - SUCCESS (0.10s)
2025-09-19 08:57:43,865 - artist_bio_gen.core.processor - INFO - [█████████████████░░░░░░░░░░░░░] [598/1000] ( 59.8%) [W01] ✅ Integration Artist 512 - SUCCESS (0.10s)
2025-09-19 08:57:43,865 - artist_bio_gen.core.processor - INFO - [█████████████████░░░░░░░░░░░░░] [599/1000] ( 59.9%) [W03] ✅ Integration Artist 310 - SUCCESS (0.10s)
2025-09-19 08:57:43,865 - artist_bio_gen.core.processor - INFO - [██████████████████░░░░░░░░░░░░] [600/1000] ( 60.0%) [W04] ✅ Integration Artist 35 - SUCCESS (0.10s)
2025-09-19 08:57:43,866 - artist_bio_gen.core.processor - INFO - 📊 Concurrent Progress: 600/1000 artists processed (60.0%) - Rate: 22578.55 artists/sec - ETA: 0s remaining
2025-09-19 08:57:43,866 - artist_bio_gen.core.processor - INFO - [██████████████████░░░░░░░░░░░░] [601/1000] ( 60.1%) [W04] ✅ Integration Artist 511 - SUCCESS (0.10s)
2025-09-19 08:57:43,866 - artist_bio_gen.core.processor - INFO - [██████████████████░░░░░░░░░░░░] [602/1000] ( 60.2%) [W02] ✅ Integration Artist 309 - SUCCESS (0.10s)
2025-09-19 08:57:43,866 - artist_bio_gen.core.processor - INFO - [██████████████████░░░░░░░░░░░░] [603/1000] ( 60.3%) [W03] ✅ Integration Artist 510 - SUCCESS (0.10s)
2025-09-19 08:57:43,866 - artist_bio_gen.core.processor - INFO - [██████████████████░░░░░░░░░░░░] [604/1000] ( 60.4%) [W02] ✅ Integration Artist 33 - SUCCESS (0.10s)
2025-09-19 08:57:43,867 - artist_bio_gen.core.processor - INFO - [██████████████████░░░░░░░░░░░░] [605/1000] ( 60.5%) [W01] ✅ Integration Artist 308 - SUCCESS (0.10s)
2025-09-19 08:57:43,867 - artist_bio_gen.core.processor - INFO - [██████████████████░░░░░░░░░░░░] [606/1000] ( 60.6%) [W02] ✅ Integration Artist 509 - SUCCESS (0.10s)
2025-09-19 08:57:43,867 - artist_bio_gen.core.processor - INFO - [██████████████████░░░░░░░░░░░░] [607/1000] ( 60.7%) [W04] ✅ Integration Artist 307 - SUCCESS (0.10s)
2025-09-19 08:57:43,867 - artist_bio_gen.core.processor - INFO - [██████████████████░░░░░░░░░░░░] [608/1000] ( 60.8%) [W03] ✅ Integration Artist 34 - SUCCESS (0.10s)
2025-09-19 08:57:43,868 - artist_bio_gen.core.processor - INFO - [██████████████████░░░░░░░░░░░░] [609/1000] ( 60.9%) [W01] ✅ Integration Artist 508 - SUCCESS (0.10s)
2025-09-19 08:57:43,868 - artist_bio_gen.core.processor - INFO - [██████████████████░░░░░░░░░░░░] [610/1000] ( 61.0%) [W03] ✅ Integration Artist 306 - SUCCESS (0.10s)
2025-09-19 08:57:43,868 - artist_bio_gen.core.processor - INFO - [██████████████████░░░░░░░░░░░░] [611/1000] ( 61.1%) [W04] ✅ Integration Artist 507 - SUCCESS (0.10s)
2025-09-19 08:57:43,868 - artist_bio_gen.core.processor - INFO - [██████████████████░░░░░░░░░░░░] [612/1000] ( 61.2%) [W02] ✅ Integration Artist 305 - SUCCESS (0.10s)
2025-09-19 08:57:43,869 - artist_bio_gen.core.processor - INFO - [██████████████████░░░░░░░░░░░░] [613/1000] ( 61.3%) [W03] ✅ Integration Artist 506 - SUCCESS (0.10s)
2025-09-19 08:57:43,869 - artist_bio_gen.core.processor - INFO - [██████████████████░░░░░░░░░░░░] [614/1000] ( 61.4%) [W01] ✅ Integration Artist 304 - SUCCESS (0.10s)
2025-09-19 08:57:43,869 - artist_bio_gen.core.processor - INFO - [██████████████████░░░░░░░░░░░░] [615/1000] ( 61.5%) [W02] ✅ Integration Artist 505 - SUCCESS (0.10s)
2025-09-19 08:57:43,870 - artist_bio_gen.core.processor - INFO - [██████████████████░░░░░░░░░░░░] [616/1000] ( 61.6%) [W04] ✅ Integration Artist 303 - SUCCESS (0.10s)
2025-09-19 08:57:43,870 - artist_bio_gen.core.processor - INFO - [██████████████████░░░░░░░░░░░░] [617/1000] ( 61.7%) [W01] ✅ Integration Artist 504 - SUCCESS (0.10s)
2025-09-19 08:57:43,870 - artist_bio_gen.core.processor - INFO - [██████████████████░░░░░░░░░░░░] [618/1000] ( 61.8%) [W03] ✅ Integration Artist 302 - SUCCESS (0.10s)
2025-09-19 08:57:43,871 - artist_bio_gen.core.processor - INFO - [██████████████████░░░░░░░░░░░░] [619/1000] ( 61.9%) [W01] ✅ Integration Artist 32 - SUCCESS (0.10s)
2025-09-19 08:57:43,871 - artist_bio_gen.core.processor - INFO - [██████████████████░░░░░░░░░░░░] [620/1000] ( 62.0%) [W04] ✅ Integration Artist 503 - SUCCESS (0.10s)
2025-09-19 08:57:43,871 - artist_bio_gen.core.processor - INFO - [██████████████████░░░░░░░░░░░░] [621/1000] ( 62.1%) [W02] ✅ Integration Artist 301 - SUCCESS (0.10s)
2025-09-19 08:57:43,871 - artist_bio_gen.core.processor - INFO - [██████████████████░░░░░░░░░░░░] [622/1000] ( 62.2%) [W01] ✅ Integration Artist 36 - SUCCESS (0.10s)
2025-09-19 08:57:43,872 - artist_bio_gen.core.processor - INFO - [██████████████████░░░░░░░░░░░░] [623/1000] ( 62.3%) [W03] ✅ Integration Artist 502 - SUCCESS (0.10s)
2025-09-19 08:57:43,872 - artist_bio_gen.core.processor - INFO - [██████████████████░░░░░░░░░░░░] [624/1000] ( 62.4%) [W01] ✅ Integration Artist 300 - SUCCESS (0.10s)
2025-09-19 08:57:43,872 - artist_bio_gen.core.processor - INFO - [██████████████████░░░░░░░░░░░░] [625/1000] ( 62.5%) [W02] ✅ Integration Artist 501 - SUCCESS (0.10s)
2025-09-19 08:57:43,872 - artist_bio_gen.core.processor - INFO - [██████████████████░░░░░░░░░░░░] [626/1000] ( 62.6%) [W04] ✅ Integration Artist 299 - SUCCESS (0.10s)
2025-09-19 08:57:43,873 - artist_bio_gen.core.processor - INFO - [██████████████████░░░░░░░░░░░░] [627/1000] ( 62.7%) [W01] ✅ Integration Artist 500 - SUCCESS (0.10s)
2025-09-19 08:57:43,873 - artist_bio_gen.core.processor - INFO - [██████████████████░░░░░░░░░░░░] [628/1000] ( 62.8%) [W03] ✅ Integration Artist 298 - SUCCESS (0.10s)
2025-09-19 08:57:43,873 - artist_bio_gen.core.processor - INFO - [██████████████████░░░░░░░░░░░░] [629/1000] ( 62.9%) [W02] ✅ Integration Artist 329 - SUCCESS (0.10s)
2025-09-19 08:57:43,873 - artist_bio_gen.core.processor - INFO - [██████████████████░░░░░░░░░░░░] [630/1000] ( 63.0%) [W04] ✅ Integration Artist 499 - SUCCESS (0.10s)
2025-09-19 08:57:43,874 - artist_bio_gen.core.processor - INFO - [██████████████████░░░░░░░░░░░░] [631/1000] ( 63.1%) [W02] ✅ Integration Artist 297 - SUCCESS (0.10s)
2025-09-19 08:57:43,874 - artist_bio_gen.core.processor - INFO - [██████████████████░░░░░░░░░░░░] [632/1000] ( 63.2%) [W03] ✅ Integration Artist 498 - SUCCESS (0.10s)
2025-09-19 08:57:43,874 - artist_bio_gen.core.processor - INFO - [██████████████████░░░░░░░░░░░░] [633/1000] ( 63.3%) [W01] ✅ Integration Artist 296 - SUCCESS (0.10s)
2025-09-19 08:57:43,874 - artist_bio_gen.core.processor - INFO - [███████████████████░░░░░░░░░░░] [634/1000] ( 63.4%) [W03] ✅ Integration Artist 634 - SUCCESS (0.10s)
2025-09-19 08:57:43,875 - artist_bio_gen.core.processor - INFO - [███████████████████░░░░░░░░░░░] [635/1000] ( 63.5%) [W04] ✅ Integration Artist 635 - SUCCESS (0.10s)
2025-09-19 08:57:43,875 - artist_bio_gen.core.processor - INFO - [███████████████████░░░░░░░░░░░] [636/1000] ( 63.6%) [W01] ✅ Integration Artist 636 - SUCCESS (0.10s)
2025-09-19 08:57:43,875 - artist_bio_gen.core.processor - INFO - [███████████████████░░░░░░░░░░░] [637/1000] ( 63.7%) [W02] ✅ Integration Artist 637 - SUCCESS (0.10s)
2025-09-19 08:57:43,875 - artist_bio_gen.core.processor - INFO - [███████████████████░░░░░░░░░░░] [638/1000] ( 63.8%) [W03] ✅ Integration Artist 638 - SUCCESS (0.10s)
2025-09-19 08:57:43,876 - artist_bio_gen.core.processor - INFO - [███████████████████░░░░░░░░░░░] [639/1000] ( 63.9%) [W04] ✅ Integration Artist 639 - SUCCESS (0.10s)
2025-09-19 08:57:43,876 - artist_bio_gen.core.processor - INFO - [███████████████████░░░░░░░░░░░] [640/1000] ( 64.0%) [W01] ✅ Integration Artist 640 - SUCCESS (0.10s)
2025-09-19 08:57:43,876 - artist_bio_gen.core.processor - INFO - [███████████████████░░░░░░░░░░░] [641/1000] ( 64.1%) [W02] ✅ Integration Artist 641 - SUCCESS (0.10s)
2025-09-19 08:57:43,876 - artist_bio_gen.core.processor - INFO - [███████████████████░░░░░░░░░░░] [642/1000] ( 64.2%) [W03] ✅ Integration Artist 642 - SUCCESS (0.10s)
2025-09-19 08:57:43,877 - artist_bio_gen.core.processor - INFO - [███████████████████░░░░░░░░░░░] [643/1000] ( 64.3%) [W04] ✅ Integration Artist 643 - SUCCESS (0.10s)
2025-09-19 08:57:43,877 - artist_bio_gen.core.processor - INFO - [███████████████████░░░░░░░░░░░] [644/1000] ( 64.4%) [W01] ✅ Integration Artist 644 - SUCCESS (0.10s)
2025-09-19 08:57:43,877 - artist_bio_gen.core.processor - INFO - [███████████████████░░░░░░░░░░░] [645/1000] ( 64.5%) [W02] ✅ Integration Artist 645 - SUCCESS (0.10s)
2025-09-19 08:57:43,877 - artist_bio_gen.core.processor - INFO - [███████████████████░░░░░░░░░░░] [646/1000] ( 64.6%) [W03] ✅ Integration Artist 646 - SUCCESS (0.10s)
2025-09-19 08:57:43,878 - artist_bio_gen.core.processor - INFO - [███████████████████░░░░░░░░░░░] [647/1000] ( 64.7%) [W04] ✅ Integration Artist 647 - SUCCESS (0.10s)
2025-09-19 08:57:43,878 - artist_bio_gen.core.processor - INFO - [███████████████████░░░░░░░░░░░] [648/1000] ( 64.8%) [W01] ✅ Integration Artist 648 - SUCCESS (0.10s)
2025-09-19 08:57:43,878 - artist_bio_gen.core.processor - INFO - [███████████████████░░░░░░░░░░░] [649/1000] ( 64.9%) [W02] ✅ Integration Artist 649 - SUCCESS (0.10s)
2025-09-19 08:57:43,879 - artist_bio_gen.core.processor - INFO - [███████████████████░░░░░░░░░░░] [650/1000] ( 65.0%) [W03] ✅ Integration Artist 650 - SUCCESS (0.10s)
2025-09-19 08:57:43,879 - artist_bio_gen.core.processor - INFO - [███████████████████░░░░░░░░░░░] [651/1000] ( 65.1%) [W04] ✅ Integration Artist 651 - SUCCESS (0.10s)
2025-09-19 08:57:43,879 - artist_bio_gen.core.processor - INFO - [███████████████████░░░░░░░░░░░] [652/1000] ( 65.2%) [W01] ✅ Integration Artist 652 - SUCCESS (0.10s)
2025-09-19 08:57:43,879 - artist_bio_gen.core.processor - INFO - [███████████████████░░░░░░░░░░░] [653/1000] ( 65.3%) [W02] ✅ Integration Artist 653 - SUCCESS (0.10s)
2025-09-19 08:57:43,880 - artist_bio_gen.core.processor - INFO - [███████████████████░░░░░░░░░░░] [654/1000] ( 65.4%) [W03] ✅ Integration Artist 654 - SUCCESS (0.10s)
2025-09-19 08:57:43,880 - artist_bio_gen.core.processor - INFO - [███████████████████░░░░░░░░░░░] [655/1000] ( 65.5%) [W04] ✅ Integration Artist 655 - SUCCESS (0.10s)
2025-09-19 08:57:43,880 - artist_bio_gen.core.processor - INFO - [███████████████████░░░░░░░░░░░] [656/1000] ( 65.6%) [W01] ✅ Integration Artist 656 - SUCCESS (0.10s)
2025-09-19 08:57:43,880 - artist_bio_gen.core.processor - INFO - [███████████████████░░░░░░░░░░░] [657/1000] ( 65.7%) [W02] ✅ Integration Artist 657 - SUCCESS (0.10s)
2025-09-19 08:57:43,881 - artist_bio_gen.core.processor - INFO - [███████████████████░░░░░░░░░░░] [658/1000] ( 65.8%) [W03] ✅ Integration Artist 658 - SUCCESS (0.10s)
2025-09-19 08:57:43,881 - artist_bio_gen.core.processor - INFO - [███████████████████░░░░░░░░░░░] [659/1000] ( 65.9%) [W04] ✅ Integration Artist 659 - SUCCESS (0.10s)
2025-09-19 08:57:43,881 - artist_bio_gen.core.processor - INFO - [███████████████████░░░░░░░░░░░] [660/1000] ( 66.0%) [W01] ✅ Integration Artist 660 - SUCCESS (0.10s)
2025-09-19 08:57:43,881 - artist_bio_gen.core.processor - INFO - [███████████████████░░░░░░░░░░░] [661/1000] ( 66.1%) [W02] ✅ Integration Artist 661 - SUCCESS (0.10s)
2025-09-19 08:57:43,882 - artist_bio_gen.core.processor - INFO - [███████████████████░░░░░░░░░░░] [662/1000] ( 66.2%) [W03] ✅ Integration Artist 662 - SUCCESS (0.10s)
2025-09-19 08:57:43,882 - artist_bio_gen.core.processor - INFO - [███████████████████░░░░░░░░░░░] [663/1000] ( 66.3%) [W04] ✅ Integration Artist 663 - SUCCESS (0.10s)
2025-09-19 08:57:43,882 - artist_bio_gen.core.processor - INFO - [███████████████████░░░░░░░░░░░] [664/1000] ( 66.4%) [W01] ✅ Integration Artist 664 - SUCCESS (0.10s)
2025-09-19 08:57:43,882 - artist_bio_gen.core.processor - INFO - [███████████████████░░░░░░░░░░░] [665/1000] ( 66.5%) [W02] ✅ Integration Artist 665 - SUCCESS (0.10s)
2025-09-19 08:57:43,883 - artist_bio_gen.core.processor - INFO - [███████████████████░░░░░░░░░░░] [666/1000] ( 66.6%) [W03] ✅ Integration Artist 666 - SUCCESS (0.10s)
2025-09-19 08:57:43,883 - artist_bio_gen.core.processor - INFO - [████████████████████░░░░░░░░░░] [667/1000] ( 66.7%) [W04] ✅ Integration Artist 667 - SUCCESS (0.10s)
2025-09-19 08:57:43,883 - artist_bio_gen.core.processor - INFO - [████████████████████░░░░░░░░░░] [668/1000] ( 66.8%) [W01] ✅ Integration Artist 668 - SUCCESS (0.10s)
2025-09-19 08:57:43,883 - artist_bio_gen.core.processor - INFO - [████████████████████░░░░░░░░░░] [669/1000] ( 66.9%) [W02] ✅ Integration Artist 669 - SUCCESS (0.10s)
2025-09-19 08:57:43,884 - artist_bio_gen.core.processor - INFO - [████████████████████░░░░░░░░░░] [670/1000] ( 67.0%) [W03] ✅ Integration Artist 670 - SUCCESS (0.10s)
2025-09-19 08:57:43,884 - artist_bio_gen.core.processor - INFO - [████████████████████░░░░░░░░░░] [671/1000] ( 67.1%) [W04] ✅ Integration Artist 671 - SUCCESS (0.10s)
2025-09-19 08:57:43,884 - artist_bio_gen.core.processor - INFO - [████████████████████░░░░░░░░░░] [672/1000] ( 67.2%) [W01] ✅ Integration Artist 672 - SUCCESS (0.10s)
2025-09-19 08:57:43,884 - artist_bio_gen.core.processor - INFO - [████████████████████░░░░░░░░░░] [673/1000] ( 67.3%) [W02] ✅ Integration Artist 673 - SUCCESS (0.10s)
2025-09-19 08:57:43,885 - artist_bio_gen.core.processor - INFO - [████████████████████░░░░░░░░░░] [674/1000] ( 67.4%) [W03] ✅ Integration Artist 674 - SUCCESS (0.10s)
2025-09-19 08:57:43,885 - artist_bio_gen.core.processor - INFO - [████████████████████░░░░░░░░░░] [675/1000] ( 67.5%) [W04] ✅ Integration Artist 675 - SUCCESS (0.10s)
2025-09-19 08:57:43,885 - artist_bio_gen.core.processor - INFO - [████████████████████░░░░░░░░░░] [676/1000] ( 67.6%) [W01] ✅ Integration Artist 676 - SUCCESS (0.10s)
2025-09-19 08:57:43,886 - artist_bio_gen.core.processor - INFO - [████████████████████░░░░░░░░░░] [677/1000] ( 67.7%) [W02] ✅ Integration Artist 677 - SUCCESS (0.10s)
2025-09-19 08:57:43,886 - artist_bio_gen.core.processor - INFO - [████████████████████░░░░░░░░░░] [678/1000] ( 67.8%) [W03] ✅ Integration Artist 678 - SUCCESS (0.10s)
2025-09-19 08:57:43,886 - artist_bio_gen.core.processor - INFO - [████████████████████░░░░░░░░░░] [679/1000] ( 67.9%) [W04] ✅ Integration Artist 679 - SUCCESS (0.10s)
2025-09-19 08:57:43,886 - artist_bio_gen.core.processor - INFO - [████████████████████░░░░░░░░░░] [680/1000] ( 68.0%) [W01] ✅ Integration Artist 680 - SUCCESS (0.10s)
2025-09-19 08:57:43,887 - artist_bio_gen.core.processor - INFO - [████████████████████░░░░░░░░░░] [681/1000] ( 68.1%) [W02] ✅ Integration Artist 681 - SUCCESS (0.10s)
2025-09-19 08:57:43,887 - artist_bio_gen.core.processor - INFO - [████████████████████░░░░░░░░░░] [682/1000] ( 68.2%) [W03] ✅ Integration Artist 682 - SUCCESS (0.10s)
2025-09-19 08:57:43,887 - artist_bio_gen.core.processor - INFO - [████████████████████░░░░░░░░░░] [683/1000] ( 68.3%) [W04] ✅ Integration Artist 683 - SUCCESS (0.10s)
2025-09-19 08:57:43,888 - artist_bio_gen.core.processor - INFO - [████████████████████░░░░░░░░░░] [684/1000] ( 68.4%) [W01] ✅ Integration Artist 684 - SUCCESS (0.10s)
2025-09-19 08:57:43,888 - artist_bio_gen.core.processor - INFO - [████████████████████░░░░░░░░░░] [685/1000] ( 68.5%) [W02] ✅ Integration Artist 685 - SUCCESS (0.10s)
2025-09-19 08:57:43,888 - artist_bio_gen.core.processor - INFO - [████████████████████░░░░░░░░░░] [686/1000] ( 68.6%) [W03] ✅ Integration Artist 686 - SUCCESS (0.10s)
2025-09-19 08:57:43,888 - artist_bio_gen.core.processor - INFO - [████████████████████░░░░░░░░░░] [687/1000] ( 68.7%) [W04] ✅ Integration Artist 687 - SUCCESS (0.10s)
2025-09-19 08:57:43,889 - artist_bio_gen.core.processor - INFO - [████████████████████░░░░░░░░░░] [688/1000] ( 68.8%) [W01] ✅ Integration Artist 688 - SUCCESS (0.10s)
2025-09-19 08:57:43,889 - artist_bio_gen.core.processor - INFO - [████████████████████░░░░░░░░░░] [689/1000] ( 68.9%) [W02] ✅ Integration Artist 689 - SUCCESS (0.10s)
2025-09-19 08:57:43,889 - artist_bio_gen.core.processor - INFO - [████████████████████░░░░░░░░░░] [690/1000] ( 69.0%) [W03] ✅ Integration Artist 690 - SUCCESS (0.10s)
2025-09-19 08:57:43,889 - artist_bio_gen.core.processor - INFO - [████████████████████░░░░░░░░░░] [691/1000] ( 69.1%) [W04] ✅ Integration Artist 691 - SUCCESS (0.10s)
2025-09-19 08:57:43,890 - artist_bio_gen.core.processor - INFO - [████████████████████░░░░░░░░░░] [692/1000] ( 69.2%) [W01] ✅ Integration Artist 692 - SUCCESS (0.10s)
2025-09-19 08:57:43,890 - artist_bio_gen.core.processor - INFO - [████████████████████░░░░░░░░░░] [693/1000] ( 69.3%) [W02] ✅ Integration Artist 693 - SUCCESS (0.10s)
2025-09-19 08:57:43,890 - artist_bio_gen.core.processor - INFO - [████████████████████░░░░░░░░░░] [694/1000] ( 69.4%) [W03] ✅ Integration Artist 694 - SUCCESS (0.10s)
2025-09-19 08:57:43,890 - artist_bio_gen.core.processor - INFO - [████████████████████░░░░░░░░░░] [695/1000] ( 69.5%) [W04] ✅ Integration Artist 695 - SUCCESS (0.10s)
2025-09-19 08:57:43,891 - artist_bio_gen.core.processor - INFO - [████████████████████░░░░░░░░░░] [696/1000] ( 69.6%) [W01] ✅ Integration Artist 696 - SUCCESS (0.10s)
2025-09-19 08:57:43,891 - artist_bio_gen.core.processor - INFO - [████████████████████░░░░░░░░░░] [697/1000] ( 69.7%) [W02] ✅ Integration Artist 697 - SUCCESS (0.10s)
2025-09-19 08:57:43,891 - artist_bio_gen.core.processor - INFO - [████████████████████░░░░░░░░░░] [698/1000] ( 69.8%) [W03] ✅ Integration Artist 698 - SUCCESS (0.10s)
2025-09-19 08:57:43,891 - artist_bio_gen.core.processor - INFO - [████████████████████░░░░░░░░░░] [699/1000] ( 69.9%) [W04] ✅ Integration Artist 699 - SUCCESS (0.10s)
2025-09-19 08:57:43,892 - artist_bio_gen.core.processor - INFO - [█████████████████████░░░░░░░░░] [700/1000] ( 70.0%) [W01] ✅ Integration Artist 700 - SUCCESS (0.10s)
2025-09-19 08:57:43,892 - artist_bio_gen.core.processor - INFO - 📊 Concurrent Progress: 700/1000 artists processed (70.0%) - Rate: 26484.92 artists/sec - ETA: 0s remaining
2025-09-19 08:57:43,892 - artist_bio_gen.core.processor - INFO - [█████████████████████░░░░░░░░░] [701/1000] ( 70.1%) [W02] ✅ Integration Artist 701 - SUCCESS (0.10s)
2025-09-19 08:57:43,892 - artist_bio_gen.core.processor - INFO - [█████████████████████░░░░░░░░░] [702/1000] ( 70.2%) [W03] ✅ Integration Artist 702 - SUCCESS (0.10s)
2025-09-19 08:57:43,893 - artist_bio_gen.core.processor - INFO - [█████████████████████░░░░░░░░░] [703/1000] ( 70.3%) [W04] ✅ Integration Artist 703 - SUCCESS (0.10s)
2025-09-19 08:57:43,893 - artist_bio_gen.core.processor - INFO - [█████████████████████░░░░░░░░░] [704/1000] ( 70.4%) [W01] ✅ Integration Artist 704 - SUCCESS (0.10s)
2025-09-19 08:57:43,893 - artist_bio_gen.core.processor - INFO - [█████████████████████░░░░░░░░░] [705/1000] ( 70.5%) [W02] ✅ Integration Artist 705 - SUCCESS (0.10s)
2025-09-19 08:57:43,893 - artist_bio_gen.core.processor - INFO - [█████████████████████░░░░░░░░░] [706/1000] ( 70.6%) [W03] ✅ Integration Artist 706 - SUCCESS (0.10s)
2025-09-19 08:57:43,894 - artist_bio_gen.core.processor - INFO - [█████████████████████░░░░░░░░░] [707/1000] ( 70.7%) [W04] ✅ Integration Artist 707 - SUCCESS (0.10s)
2025-09-19 08:57:43,894 - artist_bio_gen.core.processor - INFO - [█████████████████████░░░░░░░░░] [708/1000] ( 70.8%) [W01] ✅ Integration Artist 708 - SUCCESS (0.10s)
2025-09-19 08:57:43,894 - artist_bio_gen.core.processor - INFO - [█████████████████████░░░░░░░░░] [709/1000] ( 70.9%) [W02] ✅ Integration Artist 709 - SUCCESS (0.10s)
2025-09-19 08:57:43,894 - artist_bio_gen.core.processor - INFO - [█████████████████████░░░░░░░░░] [710/1000] ( 71.0%) [W03] ✅ Integration Artist 710 - SUCCESS (0.10s)
2025-09-19 08:57:43,895 - artist_bio_gen.core.processor - INFO - [█████████████████████░░░░░░░░░] [711/1000] ( 71.1%) [W04] ✅ Integration Artist 711 - SUCCESS (0.10s)
2025-09-19 08:57:43,895 - artist_bio_gen.core.processor - INFO - [█████████████████████░░░░░░░░░] [712/1000] ( 71.2%) [W01] ✅ Integration Artist 712 - SUCCESS (0.10s)
2025-09-19 08:57:43,895 - artist_bio_gen.core.processor - INFO - [█████████████████████░░░░░░░░░] [713/1000] ( 71.3%) [W02] ✅ Integration Artist 713 - SUCCESS (0.10s)
2025-09-19 08:57:43,895 - artist_bio_gen.core.processor - INFO - [█████████████████████░░░░░░░░░] [714/1000] ( 71.4%) [W03] ✅ Integration Artist 714 - SUCCESS (0.10s)
2025-09-19 08:57:43,896 - artist_bio_gen.core.processor - INFO - [█████████████████████░░░░░░░░░] [715/1000] ( 71.5%) [W04] ✅ Integration Artist 715 - SUCCESS (0.10s)
2025-09-19 08:57:43,896 - artist_bio_gen.core.processor - INFO - [█████████████████████░░░░░░░░░] [716/1000] ( 71.6%) [W01] ✅ Integration Artist 716 - SUCCESS (0.10s)
2025-09-19 08:57:43,896 - artist_bio_gen.core.processor - INFO - [█████████████████████░░░░░░░░░] [717/1000] ( 71.7%) [W02] ✅ Integration Artist 717 - SUCCESS (0.10s)
2025-09-19 08:57:43,896 - artist_bio_gen.core.processor - INFO - [█████████████████████░░░░░░░░░] [718/1000] ( 71.8%) [W03] ✅ Integration Artist 718 - SUCCESS (0.10s)
2025-09-19 08:57:43,897 - artist_bio_gen.core.processor - INFO - [█████████████████████░░░░░░░░░] [719/1000] ( 71.9%) [W04] ✅ Integration Artist 719 - SUCCESS (0.10s)
2025-09-19 08:57:43,897 - artist_bio_gen.core.processor - INFO - [█████████████████████░░░░░░░░░] [720/1000] ( 72.0%) [W01] ✅ Integration Artist 720 - SUCCESS (0.10s)
2025-09-19 08:57:43,897 - artist_bio_gen.core.processor - INFO - [█████████████████████░░░░░░░░░] [721/1000] ( 72.1%) [W02] ✅ Integration Artist 721 - SUCCESS (0.10s)
2025-09-19 08:57:43,897 - artist_bio_gen.core.processor - INFO - [█████████████████████░░░░░░░░░] [722/1000] ( 72.2%) [W03] ✅ Integration Artist 722 - SUCCESS (0.10s)
2025-09-19 08:57:43,898 - artist_bio_gen.core.processor - INFO - [█████████████████████░░░░░░░░░] [723/1000] ( 72.3%) [W04] ✅ Integration Artist 723 - SUCCESS (0.10s)
2025-09-19 08:57:43,898 - artist_bio_gen.core.processor - INFO - [█████████████████████░░░░░░░░░] [724/1000] ( 72.4%) [W01] ✅ Integration Artist 724 - SUCCESS (0.10s)
2025-09-19 08:57:43,898 - artist_bio_gen.core.processor - INFO - [█████████████████████░░░░░░░░░] [725/1000] ( 72.5%) [W02] ✅ Integration Artist 725 - SUCCESS (0.10s)
2025-09-19 08:57:43,898 - artist_bio_gen.core.processor - INFO - [█████████████████████░░░░░░░░░] [726/1000] ( 72.6%) [W03] ✅ Integration Artist 726 - SUCCESS (0.10s)
2025-09-19 08:57:43,899 - artist_bio_gen.core.processor - INFO - [█████████████████████░░░░░░░░░] [727/1000] ( 72.7%) [W04] ✅ Integration Artist 727 - SUCCESS (0.10s)
2025-09-19 08:57:43,899 - artist_bio_gen.core.processor - INFO - [█████████████████████░░░░░░░░░] [728/1000] ( 72.8%) [W01] ✅ Integration Artist 728 - SUCCESS (0.10s)
2025-09-19 08:57:43,899 - artist_bio_gen.core.processor - INFO - [█████████████████████░░░░░░░░░] [729/1000] ( 72.9%) [W02] ✅ Integration Artist 729 - SUCCESS (0.10s)
Mock bio response for Integration Artist 213
Mock bio response for Integration Artist 10
Mock bio response for Integration Artist 206
Mock bio response for Integration Artist 473
Mock bio response for Integration Artist 607
Mock bio response for Integration Artist 55
Mock bio response for Integration Artist 54
Mock bio response for Integration Artist 472
Mock bio response for Integration Artist 606
Mock bio response for Integration Artist 205
Mock bio response for Integration Artist 199
Mock bio response for Integration Artist 471
Mock bio response for Integration Artist 180
Mock bio response for Integration Artist 605
Mock bio response for Integration Artist 174
Mock bio response for Integration Artist 53
Mock bio response for Integration Artist 52
Mock bio response for Integration Artist 470
Mock bio response for Integration Artist 604
Mock bio response for Integration Artist 51
Mock bio response for Integration Artist 168
Mock bio response for Integration Artist 469
Mock bio response for Integration Artist 208
Mock bio response for Integration Artist 603
Mock bio response for Integration Artist 202
Mock bio response for Integration Artist 167
Mock bio response for Integration Artist 177
Mock bio response for Integration Artist 468
Mock bio response for Integration Artist 173
Mock bio response for Integration Artist 6
Mock bio response for Integration Artist 602
Mock bio response for Integration Artist 207
Mock bio response for Integration Artist 467
Mock bio response for Integration Artist 179
Mock bio response for Integration Artist 601
Mock bio response for Integration Artist 466
Mock bio response for Integration Artist 203
Mock bio response for Integration Artist 171
Mock bio response for Integration Artist 600
Mock bio response for Integration Artist 62
Mock bio response for Integration Artist 465
Mock bio response for Integration Artist 200
Mock bio response for Integration Artist 166
Mock bio response for Integration Artist 599
Mock bio response for Integration Artist 5
Mock bio response for Integration Artist 464
Mock bio response for Integration Artist 170
Mock bio response for Integration Artist 514
Mock bio response for Integration Artist 312
Mock bio response for Integration Artist 513
Mock bio response for Integration Artist 311
Mock bio response for Integration Artist 512
Mock bio response for Integration Artist 310
Mock bio response for Integration Artist 35
Mock bio response for Integration Artist 511
Mock bio response for Integration Artist 309
Mock bio response for Integration Artist 510
Mock bio response for Integration Artist 33
Mock bio response for Integration Artist 308
Mock bio response for Integration Artist 509
Mock bio response for Integration Artist 307
Mock bio response for Integration Artist 34
Mock bio response for Integration Artist 508
Mock bio response for Integration Artist 306
Mock bio response for Integration Artist 507
Mock bio response for Integration Artist 305
Mock bio response for Integration Artist 506
Mock bio response for Integration Artist 304
Mock bio response for Integration Artist 505
Mock bio response for Integration Artist 303
Mock bio response for Integration Artist 504
Mock bio response for Integration Artist 302
Mock bio response for Integration Artist 32
Mock bio response for Integration Artist 503
Mock bio response for Integration Artist 301
Mock bio response for Integration Artist 36
Mock bio response for Integration Artist 502
Mock bio response for Integration Artist 300
Mock bio response for Integration Artist 501
Mock bio response for Integration Artist 299
Mock bio response for Integration Artist 500
Mock bio response for Integration Artist 298
Mock bio response for Integration Artist 329
Mock bio response for Integration Artist 499
Mock bio response for Integration Artist 297
Mock bio response for Integration Artist 498
Mock bio response for Integration Artist 296
Mock bio response for Integration Artist 634
Mock bio response for Integration Artist 635
Mock bio response for Integration Artist 636
Mock bio response for Integration Artist 637
Mock bio response for Integration Artist 638
Mock bio response for Integration Artist 639
Mock bio response for Integration Artist 640
Mock bio response for Integration Artist 641
Mock bio response for Integration Artist 642
Mock bio response for Integration Artist 643
Mock bio response for Integration Artist 644
Mock bio response for Integration Artist 645
Mock bio response for Integration Artist 646
Mock bio response for Integration Artist 647
Mock bio response for Integration Artist 648
Mock bio response for Integration Artist 649
Mock bio response for Integration Artist 650
Mock bio response for Integration Artist 651
Mock bio response for Integration Artist 652
Mock bio response for Integration Artist 653
Mock bio response for Integration Artist 654
Mock bio response for Integration Artist 655
Mock bio response for Integration Artist 656
Mock bio response for Integration Artist 657
Mock bio response for Integration Artist 658
Mock bio response for Integration Artist 659
Mock bio response for Integration Artist 660
Mock bio response for Integration Artist 661
Mock bio response for Integration Artist 662
Mock bio response for Integration Artist 663
Mock bio response for Integration Artist 664
Mock bio response for Integration Artist 665
Mock bio response for Integration Artist 666
Mock bio response for Integration Artist 667
Mock bio response for Integration Artist 668
Mock bio response for Integration Artist 669
Mock bio response for Integration Artist 670
Mock bio response for Integration Artist 671
Mock bio response for Integration Artist 672
Mock bio response for Integration Artist 673
Mock bio response for Integration Artist 674
Mock bio response for Integration Artist 675
Mock bio response for Integration Artist 676
Mock bio response for Integration Artist 677
Mock bio response for Integration Artist 678
Mock bio response for Integration Artist 679
Mock bio response for Integration Artist 680
Mock bio response for Integration Artist 681
Mock bio response for Integration Artist 682
Mock bio response for Integration Artist 683
Mock bio response for Integration Artist 684
Mock bio response for Integration Artist 685
Mock bio response for Integration Artist 686
Mock bio response for Integration Artist 687
Mock bio response for Integration Artist 688
Mock bio response for Integration Artist 689
Mock bio response for Integration Artist 690
Mock bio response for Integration Artist 691
Mock bio response for Integration Artist 692
Mock bio response for Integration Artist 693
Mock bio response for Integration Artist 694
Mock bio response for Integration Artist 695
Mock bio response for Integration Artist 696
Mock bio response for Integration Artist 697
Mock bio response for Integration Artist 698
Mock bio response for Integration Artist 699
Mock bio response for Integration Artist 700
Mock bio response for Integration Artist 701
Mock bio response for Integration Artist 702
Mock bio response for Integration Artist 703
Mock bio response for Integration Artist 704
Mock bio response for Integration Artist 705
Mock bio response for Integration Artist 706
Mock bio response for Integration Artist 707
Mock bio response for Integration Artist 708
Mock bio response for Integration Artist 709
Mock bio response for Integration Artist 710
Mock bio response for Integration Artist 711
Mock bio response for Integration Artist 712
Mock bio response for Integration Artist 713
Mock bio response for Integration Artist 714
Mock bio response for Integration Artist 715
Mock bio response for Integration Artist 716
Mock bio response for Integration Artist 717
Mock bio response for Integration Artist 718
Mock bio response for Integration Artist 719
Mock bio response for Integration Artist 720
Mock bio response for Integration Artist 721
Mock bio response for Integration Artist 722
Mock bio response for Integration Artist 723
Mock bio response for Integration Artist 724
Mock bio response for Integration Artist 725
Mock bio response for Integration Artist 726
Mock bio response for Integration Artist 727
Mock bio response for Integration Artist 728
2025-09-19 08:57:43,899 - artist_bio_gen.core.processor - INFO - [█████████████████████░░░░░░░░░] [730/1000] ( 73.0%) [W03] ✅ Integration Artist 730 - SUCCESS (0.10s)
2025-09-19 08:57:43,900 - artist_bio_gen.core.processor - INFO - [█████████████████████░░░░░░░░░] [731/1000] ( 73.1%) [W04] ✅ Integration Artist 731 - SUCCESS (0.10s)
2025-09-19 08:57:43,900 - artist_bio_gen.core.processor - INFO - [█████████████████████░░░░░░░░░] [732/1000] ( 73.2%) [W01] ✅ Integration Artist 732 - SUCCESS (0.10s)
2025-09-19 08:57:43,900 - artist_bio_gen.core.processor - INFO - [█████████████████████░░░░░░░░░] [733/1000] ( 73.3%) [W02] ✅ Integration Artist 733 - SUCCESS (0.10s)
2025-09-19 08:57:43,900 - artist_bio_gen.core.processor - INFO - [██████████████████████░░░░░░░░] [734/1000] ( 73.4%) [W03] ✅ Integration Artist 734 - SUCCESS (0.10s)
2025-09-19 08:57:43,901 - artist_bio_gen.core.processor - INFO - [██████████████████████░░░░░░░░] [735/1000] ( 73.5%) [W04] ✅ Integration Artist 735 - SUCCESS (0.10s)
2025-09-19 08:57:43,901 - artist_bio_gen.core.processor - INFO - [██████████████████████░░░░░░░░] [736/1000] ( 73.6%) [W01] ✅ Integration Artist 736 - SUCCESS (0.10s)
2025-09-19 08:57:43,901 - artist_bio_gen.core.processor - INFO - [██████████████████████░░░░░░░░] [737/1000] ( 73.7%) [W02] ✅ Integration Artist 737 - SUCCESS (0.10s)
2025-09-19 08:57:43,902 - artist_bio_gen.core.processor - INFO - [██████████████████████░░░░░░░░] [738/1000] ( 73.8%) [W03] ✅ Integration Artist 738 - SUCCESS (0.10s)
2025-09-19 08:57:43,902 - artist_bio_gen.core.processor - INFO - [██████████████████████░░░░░░░░] [739/1000] ( 73.9%) [W04] ✅ Integration Artist 739 - SUCCESS (0.10s)
2025-09-19 08:57:43,902 - artist_bio_gen.core.processor - INFO - [██████████████████████░░░░░░░░] [740/1000] ( 74.0%) [W01] ✅ Integration Artist 740 - SUCCESS (0.10s)
2025-09-19 08:57:43,903 - artist_bio_gen.core.processor - INFO - [██████████████████████░░░░░░░░] [741/1000] ( 74.1%) [W02] ✅ Integration Artist 741 - SUCCESS (0.10s)
2025-09-19 08:57:43,903 - artist_bio_gen.core.processor - INFO - [██████████████████████░░░░░░░░] [742/1000] ( 74.2%) [W03] ✅ Integration Artist 742 - SUCCESS (0.10s)
2025-09-19 08:57:43,903 - artist_bio_gen.core.processor - INFO - [██████████████████████░░░░░░░░] [743/1000] ( 74.3%) [W04] ✅ Integration Artist 743 - SUCCESS (0.10s)
2025-09-19 08:57:43,903 - artist_bio_gen.core.processor - INFO - [██████████████████████░░░░░░░░] [744/1000] ( 74.4%) [W01] ✅ Integration Artist 744 - SUCCESS (0.10s)
2025-09-19 08:57:43,904 - artist_bio_gen.core.processor - INFO - [██████████████████████░░░░░░░░] [745/1000] ( 74.5%) [W02] ✅ Integration Artist 745 - SUCCESS (0.10s)
2025-09-19 08:57:43,904 - artist_bio_gen.core.processor - INFO - [██████████████████████░░░░░░░░] [746/1000] ( 74.6%) [W03] ✅ Integration Artist 746 - SUCCESS (0.10s)
2025-09-19 08:57:43,904 - artist_bio_gen.core.processor - INFO - [██████████████████████░░░░░░░░] [747/1000] ( 74.7%) [W04] ✅ Integration Artist 747 - SUCCESS (0.10s)
2025-09-19 08:57:43,904 - artist_bio_gen.core.processor - INFO - [██████████████████████░░░░░░░░] [748/1000] ( 74.8%) [W01] ✅ Integration Artist 748 - SUCCESS (0.10s)
2025-09-19 08:57:43,905 - artist_bio_gen.core.processor - INFO - [██████████████████████░░░░░░░░] [749/1000] ( 74.9%) [W02] ✅ Integration Artist 749 - SUCCESS (0.10s)
2025-09-19 08:57:43,905 - artist_bio_gen.core.processor - INFO - [██████████████████████░░░░░░░░] [750/1000] ( 75.0%) [W03] ✅ Integration Artist 750 - SUCCESS (0.10s)
2025-09-19 08:57:43,905 - artist_bio_gen.core.processor - INFO - [██████████████████████░░░░░░░░] [751/1000] ( 75.1%) [W04] ✅ Integration Artist 751 - SUCCESS (0.10s)
2025-09-19 08:57:43,905 - artist_bio_gen.core.processor - INFO - [██████████████████████░░░░░░░░] [752/1000] ( 75.2%) [W01] ✅ Integration Artist 752 - SUCCESS (0.10s)
2025-09-19 08:57:43,906 - artist_bio_gen.core.processor - INFO - [██████████████████████░░░░░░░░] [753/1000] ( 75.3%) [W02] ✅ Integration Artist 753 - SUCCESS (0.10s)
2025-09-19 08:57:43,906 - artist_bio_gen.core.processor - INFO - [██████████████████████░░░░░░░░] [754/1000] ( 75.4%) [W03] ✅ Integration Artist 754 - SUCCESS (0.10s)
2025-09-19 08:57:43,906 - artist_bio_gen.core.processor - INFO - [██████████████████████░░░░░░░░] [755/1000] ( 75.5%) [W04] ✅ Integration Artist 755 - SUCCESS (0.10s)
2025-09-19 08:57:43,906 - artist_bio_gen.core.processor - INFO - [██████████████████████░░░░░░░░] [756/1000] ( 75.6%) [W01] ✅ Integration Artist 756 - SUCCESS (0.10s)
2025-09-19 08:57:43,907 - artist_bio_gen.core.processor - INFO - [██████████████████████░░░░░░░░] [757/1000] ( 75.7%) [W02] ✅ Integration Artist 757 - SUCCESS (0.10s)
2025-09-19 08:57:43,907 - artist_bio_gen.core.processor - INFO - [██████████████████████░░░░░░░░] [758/1000] ( 75.8%) [W03] ✅ Integration Artist 758 - SUCCESS (0.10s)
2025-09-19 08:57:43,907 - artist_bio_gen.core.processor - INFO - [██████████████████████░░░░░░░░] [759/1000] ( 75.9%) [W04] ✅ Integration Artist 759 - SUCCESS (0.10s)
2025-09-19 08:57:43,907 - artist_bio_gen.core.processor - INFO - [██████████████████████░░░░░░░░] [760/1000] ( 76.0%) [W01] ✅ Integration Artist 760 - SUCCESS (0.10s)
2025-09-19 08:57:43,908 - artist_bio_gen.core.processor - INFO - [██████████████████████░░░░░░░░] [761/1000] ( 76.1%) [W02] ✅ Integration Artist 761 - SUCCESS (0.10s)
2025-09-19 08:57:43,908 - artist_bio_gen.core.processor - INFO - [██████████████████████░░░░░░░░] [762/1000] ( 76.2%) [W03] ✅ Integration Artist 762 - SUCCESS (0.10s)
2025-09-19 08:57:43,908 - artist_bio_gen.core.processor - INFO - [██████████████████████░░░░░░░░] [763/1000] ( 76.3%) [W04] ✅ Integration Artist 763 - SUCCESS (0.10s)
2025-09-19 08:57:43,909 - artist_bio_gen.core.processor - INFO - [██████████████████████░░░░░░░░] [764/1000] ( 76.4%) [W01] ✅ Integration Artist 764 - SUCCESS (0.10s)
2025-09-19 08:57:43,909 - artist_bio_gen.core.processor - INFO - [██████████████████████░░░░░░░░] [765/1000] ( 76.5%) [W02] ✅ Integration Artist 765 - SUCCESS (0.10s)
2025-09-19 08:57:43,909 - artist_bio_gen.core.processor - INFO - [██████████████████████░░░░░░░░] [766/1000] ( 76.6%) [W03] ✅ Integration Artist 766 - SUCCESS (0.10s)
2025-09-19 08:57:43,909 - artist_bio_gen.core.processor - INFO - [███████████████████████░░░░░░░] [767/1000] ( 76.7%) [W04] ✅ Integration Artist 767 - SUCCESS (0.10s)
2025-09-19 08:57:43,910 - artist_bio_gen.core.processor - INFO - [███████████████████████░░░░░░░] [768/1000] ( 76.8%) [W01] ✅ Integration Artist 768 - SUCCESS (0.10s)
2025-09-19 08:57:43,910 - artist_bio_gen.core.processor - INFO - [███████████████████████░░░░░░░] [769/1000] ( 76.9%) [W02] ✅ Integration Artist 769 - SUCCESS (0.10s)
2025-09-19 08:57:43,910 - artist_bio_gen.core.processor - INFO - [███████████████████████░░░░░░░] [770/1000] ( 77.0%) [W03] ✅ Integration Artist 770 - SUCCESS (0.10s)
2025-09-19 08:57:43,910 - artist_bio_gen.core.processor - INFO - [███████████████████████░░░░░░░] [771/1000] ( 77.1%) [W04] ✅ Integration Artist 771 - SUCCESS (0.10s)
2025-09-19 08:57:43,911 - artist_bio_gen.core.processor - INFO - [███████████████████████░░░░░░░] [772/1000] ( 77.2%) [W01] ✅ Integration Artist 772 - SUCCESS (0.10s)
2025-09-19 08:57:43,911 - artist_bio_gen.core.processor - INFO - [███████████████████████░░░░░░░] [773/1000] ( 77.3%) [W02] ✅ Integration Artist 773 - SUCCESS (0.10s)
2025-09-19 08:57:43,911 - artist_bio_gen.core.processor - INFO - [███████████████████████░░░░░░░] [774/1000] ( 77.4%) [W03] ✅ Integration Artist 774 - SUCCESS (0.10s)
2025-09-19 08:57:43,912 - artist_bio_gen.core.processor - INFO - [███████████████████████░░░░░░░] [775/1000] ( 77.5%) [W04] ✅ Integration Artist 775 - SUCCESS (0.10s)
2025-09-19 08:57:43,912 - artist_bio_gen.core.processor - INFO - [███████████████████████░░░░░░░] [776/1000] ( 77.6%) [W01] ✅ Integration Artist 776 - SUCCESS (0.10s)
2025-09-19 08:57:43,912 - artist_bio_gen.core.processor - INFO - [███████████████████████░░░░░░░] [777/1000] ( 77.7%) [W02] ✅ Integration Artist 777 - SUCCESS (0.10s)
2025-09-19 08:57:43,912 - artist_bio_gen.core.processor - INFO - [███████████████████████░░░░░░░] [778/1000] ( 77.8%) [W03] ✅ Integration Artist 778 - SUCCESS (0.10s)
2025-09-19 08:57:43,913 - artist_bio_gen.core.processor - INFO - [███████████████████████░░░░░░░] [779/1000] ( 77.9%) [W04] ✅ Integration Artist 779 - SUCCESS (0.10s)
2025-09-19 08:57:43,913 - artist_bio_gen.core.processor - INFO - [███████████████████████░░░░░░░] [780/1000] ( 78.0%) [W01] ✅ Integration Artist 780 - SUCCESS (0.10s)
2025-09-19 08:57:43,913 - artist_bio_gen.core.processor - INFO - [███████████████████████░░░░░░░] [781/1000] ( 78.1%) [W02] ✅ Integration Artist 781 - SUCCESS (0.10s)
2025-09-19 08:57:43,913 - artist_bio_gen.core.processor - INFO - [███████████████████████░░░░░░░] [782/1000] ( 78.2%) [W03] ✅ Integration Artist 782 - SUCCESS (0.10s)
2025-09-19 08:57:43,914 - artist_bio_gen.core.processor - INFO - [███████████████████████░░░░░░░] [783/1000] ( 78.3%) [W04] ✅ Integration Artist 783 - SUCCESS (0.10s)
2025-09-19 08:57:43,914 - artist_bio_gen.core.processor - INFO - [███████████████████████░░░░░░░] [784/1000] ( 78.4%) [W01] ✅ Integration Artist 784 - SUCCESS (0.10s)
2025-09-19 08:57:43,914 - artist_bio_gen.core.processor - INFO - [███████████████████████░░░░░░░] [785/1000] ( 78.5%) [W02] ✅ Integration Artist 785 - SUCCESS (0.10s)
2025-09-19 08:57:43,914 - artist_bio_gen.core.processor - INFO - [███████████████████████░░░░░░░] [786/1000] ( 78.6%) [W03] ✅ Integration Artist 786 - SUCCESS (0.10s)
2025-09-19 08:57:43,915 - artist_bio_gen.core.processor - INFO - [███████████████████████░░░░░░░] [787/1000] ( 78.7%) [W04] ✅ Integration Artist 787 - SUCCESS (0.10s)
2025-09-19 08:57:43,915 - artist_bio_gen.core.processor - INFO - [███████████████████████░░░░░░░] [788/1000] ( 78.8%) [W01] ✅ Integration Artist 788 - SUCCESS (0.10s)
2025-09-19 08:57:43,915 - artist_bio_gen.core.processor - INFO - [███████████████████████░░░░░░░] [789/1000] ( 78.9%) [W02] ✅ Integration Artist 789 - SUCCESS (0.10s)
2025-09-19 08:57:43,915 - artist_bio_gen.core.processor - INFO - [███████████████████████░░░░░░░] [790/1000] ( 79.0%) [W03] ✅ Integration Artist 790 - SUCCESS (0.10s)
2025-09-19 08:57:43,916 - artist_bio_gen.core.processor - INFO - [███████████████████████░░░░░░░] [791/1000] ( 79.1%) [W04] ✅ Integration Artist 791 - SUCCESS (0.10s)
2025-09-19 08:57:43,916 - artist_bio_gen.core.processor - INFO - [███████████████████████░░░░░░░] [792/1000] ( 79.2%) [W01] ✅ Integration Artist 792 - SUCCESS (0.10s)
2025-09-19 08:57:43,916 - artist_bio_gen.core.processor - INFO - [███████████████████████░░░░░░░] [793/1000] ( 79.3%) [W02] ✅ Integration Artist 793 - SUCCESS (0.10s)
2025-09-19 08:57:43,916 - artist_bio_gen.core.processor - INFO - [███████████████████████░░░░░░░] [794/1000] ( 79.4%) [W03] ✅ Integration Artist 794 - SUCCESS (0.10s)
2025-09-19 08:57:43,917 - artist_bio_gen.core.processor - INFO - [███████████████████████░░░░░░░] [795/1000] ( 79.5%) [W04] ✅ Integration Artist 795 - SUCCESS (0.10s)
2025-09-19 08:57:43,917 - artist_bio_gen.core.processor - INFO - [███████████████████████░░░░░░░] [796/1000] ( 79.6%) [W01] ✅ Integration Artist 796 - SUCCESS (0.10s)
2025-09-19 08:57:43,917 - artist_bio_gen.core.processor - INFO - [███████████████████████░░░░░░░] [797/1000] ( 79.7%) [W02] ✅ Integration Artist 797 - SUCCESS (0.10s)
2025-09-19 08:57:43,918 - artist_bio_gen.core.processor - INFO - [███████████████████████░░░░░░░] [798/1000] ( 79.8%) [W03] ✅ Integration Artist 798 - SUCCESS (0.10s)
2025-09-19 08:57:43,918 - artist_bio_gen.core.processor - INFO - [███████████████████████░░░░░░░] [799/1000] ( 79.9%) [W04] ✅ Integration Artist 799 - SUCCESS (0.10s)
2025-09-19 08:57:43,918 - artist_bio_gen.core.processor - INFO - [████████████████████████░░░░░░] [800/1000] ( 80.0%) [W01] ✅ Integration Artist 800 - SUCCESS (0.10s)
2025-09-19 08:57:43,918 - artist_bio_gen.core.processor - INFO - 📊 Concurrent Progress: 800/1000 artists processed (80.0%) - Rate: 30440.38 artists/sec - ETA: 0s remaining
2025-09-19 08:57:43,918 - artist_bio_gen.core.processor - INFO - [████████████████████████░░░░░░] [801/1000] ( 80.1%) [W02] ✅ Integration Artist 801 - SUCCESS (0.10s)
2025-09-19 08:57:43,919 - artist_bio_gen.core.processor - INFO - [████████████████████████░░░░░░] [802/1000] ( 80.2%) [W03] ✅ Integration Artist 802 - SUCCESS (0.10s)
2025-09-19 08:57:43,919 - artist_bio_gen.core.processor - INFO - [████████████████████████░░░░░░] [803/1000] ( 80.3%) [W04] ✅ Integration Artist 803 - SUCCESS (0.10s)
2025-09-19 08:57:43,919 - artist_bio_gen.core.processor - INFO - [████████████████████████░░░░░░] [804/1000] ( 80.4%) [W01] ✅ Integration Artist 804 - SUCCESS (0.10s)
2025-09-19 08:57:43,919 - artist_bio_gen.core.processor - INFO - [████████████████████████░░░░░░] [805/1000] ( 80.5%) [W02] ✅ Integration Artist 805 - SUCCESS (0.10s)
2025-09-19 08:57:43,920 - artist_bio_gen.core.processor - INFO - [████████████████████████░░░░░░] [806/1000] ( 80.6%) [W03] ✅ Integration Artist 806 - SUCCESS (0.10s)
2025-09-19 08:57:43,920 - artist_bio_gen.core.processor - INFO - [████████████████████████░░░░░░] [807/1000] ( 80.7%) [W04] ✅ Integration Artist 807 - SUCCESS (0.10s)
2025-09-19 08:57:43,920 - artist_bio_gen.core.processor - INFO - [████████████████████████░░░░░░] [808/1000] ( 80.8%) [W01] ✅ Integration Artist 808 - SUCCESS (0.10s)
2025-09-19 08:57:43,921 - artist_bio_gen.core.processor - INFO - [████████████████████████░░░░░░] [809/1000] ( 80.9%) [W02] ✅ Integration Artist 809 - SUCCESS (0.10s)
2025-09-19 08:57:43,921 - artist_bio_gen.core.processor - INFO - [████████████████████████░░░░░░] [810/1000] ( 81.0%) [W03] ✅ Integration Artist 810 - SUCCESS (0.10s)
2025-09-19 08:57:43,921 - artist_bio_gen.core.processor - INFO - [████████████████████████░░░░░░] [811/1000] ( 81.1%) [W04] ✅ Integration Artist 811 - SUCCESS (0.10s)
2025-09-19 08:57:43,921 - artist_bio_gen.core.processor - INFO - [████████████████████████░░░░░░] [812/1000] ( 81.2%) [W01] ✅ Integration Artist 812 - SUCCESS (0.10s)
2025-09-19 08:57:43,922 - artist_bio_gen.core.processor - INFO - [████████████████████████░░░░░░] [813/1000] ( 81.3%) [W02] ✅ Integration Artist 813 - SUCCESS (0.10s)
2025-09-19 08:57:43,922 - artist_bio_gen.core.processor - INFO - [████████████████████████░░░░░░] [814/1000] ( 81.4%) [W03] ✅ Integration Artist 814 - SUCCESS (0.10s)
2025-09-19 08:57:43,922 - artist_bio_gen.core.processor - INFO - [████████████████████████░░░░░░] [815/1000] ( 81.5%) [W04] ✅ Integration Artist 815 - SUCCESS (0.10s)
2025-09-19 08:57:43,922 - artist_bio_gen.core.processor - INFO - [████████████████████████░░░░░░] [816/1000] ( 81.6%) [W01] ✅ Integration Artist 816 - SUCCESS (0.10s)
2025-09-19 08:57:43,923 - artist_bio_gen.core.processor - INFO - [████████████████████████░░░░░░] [817/1000] ( 81.7%) [W02] ✅ Integration Artist 817 - SUCCESS (0.10s)
2025-09-19 08:57:43,923 - artist_bio_gen.core.processor - INFO - [████████████████████████░░░░░░] [818/1000] ( 81.8%) [W03] ✅ Integration Artist 818 - SUCCESS (0.10s)
2025-09-19 08:57:43,923 - artist_bio_gen.core.processor - INFO - [████████████████████████░░░░░░] [819/1000] ( 81.9%) [W04] ✅ Integration Artist 819 - SUCCESS (0.10s)
2025-09-19 08:57:43,923 - artist_bio_gen.core.processor - INFO - [████████████████████████░░░░░░] [820/1000] ( 82.0%) [W01] ✅ Integration Artist 820 - SUCCESS (0.10s)
2025-09-19 08:57:43,924 - artist_bio_gen.core.processor - INFO - [████████████████████████░░░░░░] [821/1000] ( 82.1%) [W02] ✅ Integration Artist 821 - SUCCESS (0.10s)
2025-09-19 08:57:43,924 - artist_bio_gen.core.processor - INFO - [████████████████████████░░░░░░] [822/1000] ( 82.2%) [W03] ✅ Integration Artist 822 - SUCCESS (0.10s)
2025-09-19 08:57:43,924 - artist_bio_gen.core.processor - INFO - [████████████████████████░░░░░░] [823/1000] ( 82.3%) [W04] ✅ Integration Artist 823 - SUCCESS (0.10s)
2025-09-19 08:57:43,924 - artist_bio_gen.core.processor - INFO - [████████████████████████░░░░░░] [824/1000] ( 82.4%) [W01] ✅ Integration Artist 824 - SUCCESS (0.10s)
2025-09-19 08:57:43,925 - artist_bio_gen.core.processor - INFO - [████████████████████████░░░░░░] [825/1000] ( 82.5%) [W02] ✅ Integration Artist 825 - SUCCESS (0.10s)
2025-09-19 08:57:43,925 - artist_bio_gen.core.processor - INFO - [████████████████████████░░░░░░] [826/1000] ( 82.6%) [W03] ✅ Integration Artist 826 - SUCCESS (0.10s)
2025-09-19 08:57:43,925 - artist_bio_gen.core.processor - INFO - [████████████████████████░░░░░░] [827/1000] ( 82.7%) [W04] ✅ Integration Artist 827 - SUCCESS (0.10s)
2025-09-19 08:57:43,925 - artist_bio_gen.core.processor - INFO - [████████████████████████░░░░░░] [828/1000] ( 82.8%) [W01] ✅ Integration Artist 828 - SUCCESS (0.10s)
2025-09-19 08:57:43,926 - artist_bio_gen.core.processor - INFO - [████████████████████████░░░░░░] [829/1000] ( 82.9%) [W02] ✅ Integration Artist 829 - SUCCESS (0.10s)
2025-09-19 08:57:43,926 - artist_bio_gen.core.processor - INFO - [████████████████████████░░░░░░] [830/1000] ( 83.0%) [W03] ✅ Integration Artist 830 - SUCCESS (0.10s)
2025-09-19 08:57:43,926 - artist_bio_gen.core.processor - INFO - [████████████████████████░░░░░░] [831/1000] ( 83.1%) [W04] ✅ Integration Artist 831 - SUCCESS (0.10s)
2025-09-19 08:57:43,926 - artist_bio_gen.core.processor - INFO - [████████████████████████░░░░░░] [832/1000] ( 83.2%) [W01] ✅ Integration Artist 832 - SUCCESS (0.10s)
2025-09-19 08:57:43,927 - artist_bio_gen.core.processor - INFO - [████████████████████████░░░░░░] [833/1000] ( 83.3%) [W02] ✅ Integration Artist 833 - SUCCESS (0.10s)
2025-09-19 08:57:43,927 - artist_bio_gen.core.processor - INFO - [█████████████████████████░░░░░] [834/1000] ( 83.4%) [W03] ✅ Integration Artist 834 - SUCCESS (0.10s)
2025-09-19 08:57:43,927 - artist_bio_gen.core.processor - INFO - [█████████████████████████░░░░░] [835/1000] ( 83.5%) [W04] ✅ Integration Artist 835 - SUCCESS (0.10s)
2025-09-19 08:57:43,927 - artist_bio_gen.core.processor - INFO - [█████████████████████████░░░░░] [836/1000] ( 83.6%) [W01] ✅ Integration Artist 836 - SUCCESS (0.10s)
2025-09-19 08:57:43,928 - artist_bio_gen.core.processor - INFO - [█████████████████████████░░░░░] [837/1000] ( 83.7%) [W02] ✅ Integration Artist 837 - SUCCESS (0.10s)
2025-09-19 08:57:43,928 - artist_bio_gen.core.processor - INFO - [█████████████████████████░░░░░] [838/1000] ( 83.8%) [W03] ✅ Integration Artist 838 - SUCCESS (0.10s)
2025-09-19 08:57:43,928 - artist_bio_gen.core.processor - INFO - [█████████████████████████░░░░░] [839/1000] ( 83.9%) [W04] ✅ Integration Artist 839 - SUCCESS (0.10s)
2025-09-19 08:57:43,928 - artist_bio_gen.core.processor - INFO - [█████████████████████████░░░░░] [840/1000] ( 84.0%) [W01] ✅ Integration Artist 840 - SUCCESS (0.10s)
2025-09-19 08:57:43,929 - artist_bio_gen.core.processor - INFO - [█████████████████████████░░░░░] [841/1000] ( 84.1%) [W02] ✅ Integration Artist 841 - SUCCESS (0.10s)
2025-09-19 08:57:43,929 - artist_bio_gen.core.processor - INFO - [█████████████████████████░░░░░] [842/1000] ( 84.2%) [W03] ✅ Integration Artist 842 - SUCCESS (0.10s)
2025-09-19 08:57:43,929 - artist_bio_gen.core.processor - INFO - [█████████████████████████░░░░░] [843/1000] ( 84.3%) [W04] ✅ Integration Artist 843 - SUCCESS (0.10s)
2025-09-19 08:57:43,929 - artist_bio_gen.core.processor - INFO - [█████████████████████████░░░░░] [844/1000] ( 84.4%) [W01] ✅ Integration Artist 844 - SUCCESS (0.10s)
2025-09-19 08:57:43,930 - artist_bio_gen.core.processor - INFO - [█████████████████████████░░░░░] [845/1000] ( 84.5%) [W02] ✅ Integration Artist 845 - SUCCESS (0.10s)
2025-09-19 08:57:43,930 - artist_bio_gen.core.processor - INFO - [█████████████████████████░░░░░] [846/1000] ( 84.6%) [W03] ✅ Integration Artist 846 - SUCCESS (0.10s)
2025-09-19 08:57:43,930 - artist_bio_gen.core.processor - INFO - [█████████████████████████░░░░░] [847/1000] ( 84.7%) [W04] ✅ Integration Artist 847 - SUCCESS (0.10s)
2025-09-19 08:57:43,930 - artist_bio_gen.core.processor - INFO - [█████████████████████████░░░░░] [848/1000] ( 84.8%) [W01] ✅ Integration Artist 848 - SUCCESS (0.10s)
2025-09-19 08:57:43,931 - artist_bio_gen.core.processor - INFO - [█████████████████████████░░░░░] [849/1000] ( 84.9%) [W02] ✅ Integration Artist 849 - SUCCESS (0.10s)
2025-09-19 08:57:43,931 - artist_bio_gen.core.processor - INFO - [█████████████████████████░░░░░] [850/1000] ( 85.0%) [W03] ✅ Integration Artist 850 - SUCCESS (0.10s)
2025-09-19 08:57:43,931 - artist_bio_gen.core.processor - INFO - [█████████████████████████░░░░░] [851/1000] ( 85.1%) [W04] ✅ Integration Artist 851 - SUCCESS (0.10s)
2025-09-19 08:57:43,932 - artist_bio_gen.core.processor - INFO - [█████████████████████████░░░░░] [852/1000] ( 85.2%) [W01] ✅ Integration Artist 852 - SUCCESS (0.10s)
2025-09-19 08:57:43,932 - artist_bio_gen.core.processor - INFO - [█████████████████████████░░░░░] [853/1000] ( 85.3%) [W02] ✅ Integration Artist 853 - SUCCESS (0.10s)
2025-09-19 08:57:43,932 - artist_bio_gen.core.processor - INFO - [█████████████████████████░░░░░] [854/1000] ( 85.4%) [W03] ✅ Integration Artist 854 - SUCCESS (0.10s)
2025-09-19 08:57:43,932 - artist_bio_gen.core.processor - INFO - [█████████████████████████░░░░░] [855/1000] ( 85.5%) [W04] ✅ Integration Artist 855 - SUCCESS (0.10s)
2025-09-19 08:57:43,933 - artist_bio_gen.core.processor - INFO - [█████████████████████████░░░░░] [856/1000] ( 85.6%) [W01] ✅ Integration Artist 856 - SUCCESS (0.10s)
2025-09-19 08:57:43,933 - artist_bio_gen.core.processor - INFO - [█████████████████████████░░░░░] [857/1000] ( 85.7%) [W02] ✅ Integration Artist 857 - SUCCESS (0.10s)
2025-09-19 08:57:43,933 - artist_bio_gen.core.processor - INFO - [█████████████████████████░░░░░] [858/1000] ( 85.8%) [W03] ✅ Integration Artist 858 - SUCCESS (0.10s)
2025-09-19 08:57:43,933 - artist_bio_gen.core.processor - INFO - [█████████████████████████░░░░░] [859/1000] ( 85.9%) [W04] ✅ Integration Artist 859 - SUCCESS (0.10s)
2025-09-19 08:57:43,934 - artist_bio_gen.core.processor - INFO - [█████████████████████████░░░░░] [860/1000] ( 86.0%) [W01] ✅ Integration Artist 860 - SUCCESS (0.10s)
2025-09-19 08:57:43,934 - artist_bio_gen.core.processor - INFO - [█████████████████████████░░░░░] [861/1000] ( 86.1%) [W02] ✅ Integration Artist 861 - SUCCESS (0.10s)
2025-09-19 08:57:43,934 - artist_bio_gen.core.processor - INFO - [█████████████████████████░░░░░] [862/1000] ( 86.2%) [W03] ✅ Integration Artist 862 - SUCCESS (0.10s)
2025-09-19 08:57:43,935 - artist_bio_gen.core.processor - INFO - [█████████████████████████░░░░░] [863/1000] ( 86.3%) [W04] ✅ Integration Artist 863 - SUCCESS (0.10s)
2025-09-19 08:57:43,935 - artist_bio_gen.core.processor - INFO - [█████████████████████████░░░░░] [864/1000] ( 86.4%) [W01] ✅ Integration Artist 864 - SUCCESS (0.10s)
2025-09-19 08:57:43,935 - artist_bio_gen.core.processor - INFO - [█████████████████████████░░░░░] [865/1000] ( 86.5%) [W02] ✅ Integration Artist 865 - SUCCESS (0.10s)
2025-09-19 08:57:43,935 - artist_bio_gen.core.processor - INFO - [█████████████████████████░░░░░] [866/1000] ( 86.6%) [W03] ✅ Integration Artist 866 - SUCCESS (0.10s)
2025-09-19 08:57:43,936 - artist_bio_gen.core.processor - INFO - [██████████████████████████░░░░] [867/1000] ( 86.7%) [W04] ✅ Integration Artist 867 - SUCCESS (0.10s)
2025-09-19 08:57:43,936 - artist_bio_gen.core.processor - INFO - [██████████████████████████░░░░] [868/1000] ( 86.8%) [W01] ✅ Integration Artist 868 - SUCCESS (0.10s)
2025-09-19 08:57:43,936 - artist_bio_gen.core.processor - INFO - [██████████████████████████░░░░] [869/1000] ( 86.9%) [W02] ✅ Integration Artist 869 - SUCCESS (0.10s)
2025-09-19 08:57:43,936 - artist_bio_gen.core.processor - INFO - [██████████████████████████░░░░] [870/1000] ( 87.0%) [W03] ✅ Integration Artist 870 - SUCCESS (0.10s)
2025-09-19 08:57:43,937 - artist_bio_gen.core.processor - INFO - [██████████████████████████░░░░] [871/1000] ( 87.1%) [W04] ✅ Integration Artist 871 - SUCCESS (0.10s)
2025-09-19 08:57:43,937 - artist_bio_gen.core.processor - INFO - [██████████████████████████░░░░] [872/1000] ( 87.2%) [W01] ✅ Integration Artist 872 - SUCCESS (0.10s)
2025-09-19 08:57:43,937 - artist_bio_gen.core.processor - INFO - [██████████████████████████░░░░] [873/1000] ( 87.3%) [W02] ✅ Integration Artist 873 - SUCCESS (0.10s)
2025-09-19 08:57:43,937 - artist_bio_gen.core.processor - INFO - [██████████████████████████░░░░] [874/1000] ( 87.4%) [W03] ✅ Integration Artist 874 - SUCCESS (0.10s)
2025-09-19 08:57:43,938 - artist_bio_gen.core.processor - INFO - [██████████████████████████░░░░] [875/1000] ( 87.5%) [W04] ✅ Integration Artist 875 - SUCCESS (0.10s)
2025-09-19 08:57:43,938 - artist_bio_gen.core.processor - INFO - [██████████████████████████░░░░] [876/1000] ( 87.6%) [W01] ✅ Integration Artist 876 - SUCCESS (0.10s)
2025-09-19 08:57:43,938 - artist_bio_gen.core.processor - INFO - [██████████████████████████░░░░] [877/1000] ( 87.7%) [W02] ✅ Integration Artist 877 - SUCCESS (0.10s)
2025-09-19 08:57:43,938 - artist_bio_gen.core.processor - INFO - [██████████████████████████░░░░] [878/1000] ( 87.8%) [W03] ✅ Integration Artist 878 - SUCCESS (0.10s)
2025-09-19 08:57:43,939 - artist_bio_gen.core.processor - INFO - [██████████████████████████░░░░] [879/1000] ( 87.9%) [W04] ✅ Integration Artist 879 - SUCCESS (0.10s)
2025-09-19 08:57:43,939 - artist_bio_gen.core.processor - INFO - [██████████████████████████░░░░] [880/1000] ( 88.0%) [W01] ✅ Integration Artist 880 - SUCCESS (0.10s)
2025-09-19 08:57:43,939 - artist_bio_gen.core.processor - INFO - [██████████████████████████░░░░] [881/1000] ( 88.1%) [W02] ✅ Integration Artist 881 - SUCCESS (0.10s)
2025-09-19 08:57:43,939 - artist_bio_gen.core.processor - INFO - [██████████████████████████░░░░] [882/1000] ( 88.2%) [W03] ✅ Integration Artist 882 - SUCCESS (0.10s)
2025-09-19 08:57:43,940 - artist_bio_gen.core.processor - INFO - [██████████████████████████░░░░] [883/1000] ( 88.3%) [W04] ✅ Integration Artist 883 - SUCCESS (0.10s)
2025-09-19 08:57:43,940 - artist_bio_gen.core.processor - INFO - [██████████████████████████░░░░] [884/1000] ( 88.4%) [W01] ✅ Integration Artist 884 - SUCCESS (0.10s)
2025-09-19 08:57:43,940 - artist_bio_gen.core.processor - INFO - [██████████████████████████░░░░] [885/1000] ( 88.5%) [W02] ✅ Integration Artist 885 - SUCCESS (0.10s)
2025-09-19 08:57:43,940 - artist_bio_gen.core.processor - INFO - [██████████████████████████░░░░] [886/1000] ( 88.6%) [W03] ✅ Integration Artist 886 - SUCCESS (0.10s)
2025-09-19 08:57:43,941 - artist_bio_gen.core.processor - INFO - [██████████████████████████░░░░] [887/1000] ( 88.7%) [W04] ✅ Integration Artist 887 - SUCCESS (0.10s)
2025-09-19 08:57:43,941 - artist_bio_gen.core.processor - INFO - [██████████████████████████░░░░] [888/1000] ( 88.8%) [W01] ✅ Integration Artist 888 - SUCCESS (0.10s)
2025-09-19 08:57:43,941 - artist_bio_gen.core.processor - INFO - [██████████████████████████░░░░] [889/1000] ( 88.9%) [W02] ✅ Integration Artist 889 - SUCCESS (0.10s)
2025-09-19 08:57:43,941 - artist_bio_gen.core.processor - INFO - [██████████████████████████░░░░] [890/1000] ( 89.0%) [W03] ✅ Integration Artist 890 - SUCCESS (0.10s)
2025-09-19 08:57:43,942 - artist_bio_gen.core.processor - INFO - [██████████████████████████░░░░] [891/1000] ( 89.1%) [W04] ✅ Integration Artist 891 - SUCCESS (0.10s)
2025-09-19 08:57:43,942 - artist_bio_gen.core.processor - INFO - [██████████████████████████░░░░] [892/1000] ( 89.2%) [W01] ✅ Integration Artist 892 - SUCCESS (0.10s)
2025-09-19 08:57:43,942 - artist_bio_gen.core.processor - INFO - [██████████████████████████░░░░] [893/1000] ( 89.3%) [W02] ✅ Integration Artist 893 - SUCCESS (0.10s)
2025-09-19 08:57:43,942 - artist_bio_gen.core.processor - INFO - [██████████████████████████░░░░] [894/1000] ( 89.4%) [W03] ✅ Integration Artist 894 - SUCCESS (0.10s)
2025-09-19 08:57:43,943 - artist_bio_gen.core.processor - INFO - [██████████████████████████░░░░] [895/1000] ( 89.5%) [W04] ✅ Integration Artist 895 - SUCCESS (0.10s)
2025-09-19 08:57:43,943 - artist_bio_gen.core.processor - INFO - [██████████████████████████░░░░] [896/1000] ( 89.6%) [W01] ✅ Integration Artist 896 - SUCCESS (0.10s)
2025-09-19 08:57:43,943 - artist_bio_gen.core.processor - INFO - [██████████████████████████░░░░] [897/1000] ( 89.7%) [W02] ✅ Integration Artist 897 - SUCCESS (0.10s)
2025-09-19 08:57:43,943 - artist_bio_gen.core.processor - INFO - [██████████████████████████░░░░] [898/1000] ( 89.8%) [W03] ✅ Integration Artist 898 - SUCCESS (0.10s)
2025-09-19 08:57:43,944 - artist_bio_gen.core.processor - INFO - [██████████████████████████░░░░] [899/1000] ( 89.9%) [W04] ✅ Integration Artist 899 - SUCCESS (0.10s)
2025-09-19 08:57:43,944 - artist_bio_gen.core.processor - INFO - [███████████████████████████░░░] [900/1000] ( 90.0%) [W01] ✅ Integration Artist 900 - SUCCESS (0.10s)
2025-09-19 08:57:43,944 - artist_bio_gen.core.processor - INFO - 📊 Concurrent Progress: 900/1000 artists processed (90.0%) - Rate: 34600.76 artists/sec - ETA: 0s remaining
2025-09-19 08:57:43,944 - artist_bio_gen.core.processor - INFO - [███████████████████████████░░░] [901/1000] ( 90.1%) [W02] ✅ Integration Artist 901 - SUCCESS (0.10s)
2025-09-19 08:57:43,945 - artist_bio_gen.core.processor - INFO - [███████████████████████████░░░] [902/1000] ( 90.2%) [W03] ✅ Integration Artist 902 - SUCCESS (0.10s)
2025-09-19 08:57:43,945 - artist_bio_gen.core.processor - INFO - [███████████████████████████░░░] [903/1000] ( 90.3%) [W04] ✅ Integration Artist 903 - SUCCESS (0.10s)
2025-09-19 08:57:43,945 - artist_bio_gen.core.processor - INFO - [███████████████████████████░░░] [904/1000] ( 90.4%) [W01] ✅ Integration Artist 904 - SUCCESS (0.10s)
2025-09-19 08:57:43,946 - artist_bio_gen.core.processor - INFO - [███████████████████████████░░░] [905/1000] ( 90.5%) [W02] ✅ Integration Artist 905 - SUCCESS (0.10s)
2025-09-19 08:57:43,946 - artist_bio_gen.core.processor - INFO - [███████████████████████████░░░] [906/1000] ( 90.6%) [W03] ✅ Integration Artist 906 - SUCCESS (0.10s)
2025-09-19 08:57:43,946 - artist_bio_gen.core.processor - INFO - [███████████████████████████░░░] [907/1000] ( 90.7%) [W04] ✅ Integration Artist 907 - SUCCESS (0.10s)
2025-09-19 08:57:43,946 - artist_bio_gen.core.processor - INFO - [███████████████████████████░░░] [908/1000] ( 90.8%) [W01] ✅ Integration Artist 908 - SUCCESS (0.10s)
2025-09-19 08:57:43,947 - artist_bio_gen.core.processor - INFO - [███████████████████████████░░░] [909/1000] ( 90.9%) [W02] ✅ Integration Artist 909 - SUCCESS (0.10s)
2025-09-19 08:57:43,947 - artist_bio_gen.core.processor - INFO - [███████████████████████████░░░] [910/1000] ( 91.0%) [W03] ✅ Integration Artist 910 - SUCCESS (0.10s)
2025-09-19 08:57:43,947 - artist_bio_gen.core.processor - INFO - [███████████████████████████░░░] [911/1000] ( 91.1%) [W04] ✅ Integration Artist 911 - SUCCESS (0.10s)
Mock bio response for Integration Artist 729
Mock bio response for Integration Artist 730
Mock bio response for Integration Artist 731
Mock bio response for Integration Artist 732
Mock bio response for Integration Artist 733
Mock bio response for Integration Artist 734
Mock bio response for Integration Artist 735
Mock bio response for Integration Artist 736
Mock bio response for Integration Artist 737
Mock bio response for Integration Artist 738
Mock bio response for Integration Artist 739
Mock bio response for Integration Artist 740
Mock bio response for Integration Artist 741
Mock bio response for Integration Artist 742
Mock bio response for Integration Artist 743
Mock bio response for Integration Artist 744
Mock bio response for Integration Artist 745
Mock bio response for Integration Artist 746
Mock bio response for Integration Artist 747
Mock bio response for Integration Artist 748
Mock bio response for Integration Artist 749
Mock bio response for Integration Artist 750
Mock bio response for Integration Artist 751
Mock bio response for Integration Artist 752
Mock bio response for Integration Artist 753
Mock bio response for Integration Artist 754
Mock bio response for Integration Artist 755
Mock bio response for Integration Artist 756
Mock bio response for Integration Artist 757
Mock bio response for Integration Artist 758
Mock bio response for Integration Artist 759
Mock bio response for Integration Artist 760
Mock bio response for Integration Artist 761
Mock bio response for Integration Artist 762
Mock bio response for Integration Artist 763
Mock bio response for Integration Artist 764
Mock bio response for Integration Artist 765
Mock bio response for Integration Artist 766
Mock bio response for Integration Artist 767
Mock bio response for Integration Artist 768
Mock bio response for Integration Artist 769
Mock bio response for Integration Artist 770
Mock bio response for Integration Artist 771
Mock bio response for Integration Artist 772
Mock bio response for Integration Artist 773
Mock bio response for Integration Artist 774
Mock bio response for Integration Artist 775
Mock bio response for Integration Artist 776
Mock bio response for Integration Artist 777
Mock bio response for Integration Artist 778
Mock bio response for Integration Artist 779
Mock bio response for Integration Artist 780
Mock bio response for Integration Artist 781
Mock bio response for Integration Artist 782
Mock bio response for Integration Artist 783
Mock bio response for Integration Artist 784
Mock bio response for Integration Artist 785
Mock bio response for Integration Artist 786
Mock bio response for Integration Artist 787
Mock bio response for Integration Artist 788
Mock bio response for Integration Artist 789
Mock bio response for Integration Artist 790
Mock bio response for Integration Artist 791
Mock bio response for Integration Artist 792
Mock bio response for Integration Artist 793
Mock bio response for Integration Artist 794
Mock bio response for Integration Artist 795
Mock bio response for Integration Artist 796
Mock bio response for Integration Artist 797
Mock bio response for Integration Artist 798
Mock bio response for Integration Artist 799
Mock bio response for Integration Artist 800
Mock bio response for Integration Artist 801
Mock bio response for Integration Artist 802
Mock bio response for Integration Artist 803
Mock bio response for Integration Artist 804
Mock bio response for Integration Artist 805
Mock bio response for Integration Artist 806
Mock bio response for Integration Artist 807
Mock bio response for Integration Artist 808
Mock bio response for Integration Artist 809
Mock bio response for Integration Artist 810
Mock bio response for Integration Artist 811
Mock bio response for Integration Artist 812
Mock bio response for Integration Artist 813
Mock bio response for Integration Artist 814
Mock bio response for Integration Artist 815
Mock bio response for Integration Artist 816
Mock bio response for Integration Artist 817
Mock bio response for Integration Artist 818
Mock bio response for Integration Artist 819
Mock bio response for Integration Artist 820
Mock bio response for Integration Artist 821
Mock bio response for Integration Artist 822
Mock bio response for Integration Artist 823
Mock bio response for Integration Artist 824
Mock bio response for Integration Artist 825
Mock bio response for Integration Artist 826
Mock bio response for Integration Artist 827
Mock bio response for Integration Artist 828
Mock bio response for Integration Artist 829
Mock bio response for Integration Artist 830
Mock bio response for Integration Artist 831
Mock bio response for Integration Artist 832
Mock bio response for Integration Artist 833
Mock bio response for Integration Artist 834
Mock bio response for Integration Artist 835
Mock bio response for Integration Artist 836
Mock bio response for Integration Artist 837
Mock bio response for Integration Artist 838
Mock bio response for Integration Artist 839
Mock bio response for Integration Artist 840
Mock bio response for Integration Artist 841
Mock bio response for Integration Artist 842
Mock bio response for Integration Artist 843
Mock bio response for Integration Artist 844
Mock bio response for Integration Artist 845
Mock bio response for Integration Artist 846
Mock bio response for Integration Artist 847
Mock bio response for Integration Artist 848
Mock bio response for Integration Artist 849
Mock bio response for Integration Artist 850
Mock bio response for Integration Artist 851
Mock bio response for Integration Artist 852
Mock bio response for Integration Artist 853
Mock bio response for Integration Artist 854
Mock bio response for Integration Artist 855
Mock bio response for Integration Artist 856
Mock bio response for Integration Artist 857
Mock bio response for Integration Artist 858
Mock bio response for Integration Artist 859
Mock bio response for Integration Artist 860
Mock bio response for Integration Artist 861
Mock bio response for Integration Artist 862
Mock bio response for Integration Artist 863
Mock bio response for Integration Artist 864
Mock bio response for Integration Artist 865
Mock bio response for Integration Artist 866
Mock bio response for Integration Artist 867
Mock bio response for Integration Artist 868
Mock bio response for Integration Artist 869
Mock bio response for Integration Artist 870
Mock bio response for Integration Artist 871
Mock bio response for Integration Artist 872
Mock bio response for Integration Artist 873
Mock bio response for Integration Artist 874
Mock bio response for Integration Artist 875
Mock bio response for Integration Artist 876
Mock bio response for Integration Artist 877
Mock bio response for Integration Artist 878
Mock bio response for Integration Artist 879
Mock bio response for Integration Artist 880
Mock bio response for Integration Artist 881
Mock bio response for Integration Artist 882
Mock bio response for Integration Artist 883
Mock bio response for Integration Artist 884
Mock bio response for Integration Artist 885
Mock bio response for Integration Artist 886
Mock bio response for Integration Artist 887
Mock bio response for Integration Artist 888
Mock bio response for Integration Artist 889
Mock bio response for Integration Artist 890
Mock bio response for Integration Artist 891
Mock bio response for Integration Artist 892
Mock bio response for Integration Artist 893
Mock bio response for Integration Artist 894
Mock bio response for Integration Artist 895
Mock bio response for Integration Artist 896
Mock bio response for Integration Artist 897
Mock bio response for Integration Artist 898
Mock bio response for Integration Artist 899
Mock bio response for Integration Artist 900
Mock bio response for Integration Artist 901
Mock bio response for Integration Artist 902
Mock bio response for Integration Artist 903
Mock bio response for Integration Artist 904
Mock bio response for Integration Artist 905
Mock bio response for Integration Artist 906
Mock bio response for Integration Artist 907
Mock bio response for Integration Artist 908
Mock bio response for Integration Artist 909
Mock bio response for Integration Artist 910
2025-09-19 08:57:43,947 - artist_bio_gen.core.processor - INFO - [███████████████████████████░░░] [912/1000] ( 91.2%) [W01] ✅ Integration Artist 912 - SUCCESS (0.10s)
2025-09-19 08:57:43,948 - artist_bio_gen.core.processor - INFO - [███████████████████████████░░░] [913/1000] ( 91.3%) [W02] ✅ Integration Artist 913 - SUCCESS (0.10s)
2025-09-19 08:57:43,948 - artist_bio_gen.core.processor - INFO - [███████████████████████████░░░] [914/1000] ( 91.4%) [W03] ✅ Integration Artist 914 - SUCCESS (0.10s)
2025-09-19 08:57:43,948 - artist_bio_gen.core.processor - INFO - [███████████████████████████░░░] [915/1000] ( 91.5%) [W04] ✅ Integration Artist 915 - SUCCESS (0.10s)
2025-09-19 08:57:43,948 - artist_bio_gen.core.processor - INFO - [███████████████████████████░░░] [916/1000] ( 91.6%) [W01] ✅ Integration Artist 916 - SUCCESS (0.10s)
2025-09-19 08:57:43,949 - artist_bio_gen.core.processor - INFO - [███████████████████████████░░░] [917/1000] ( 91.7%) [W02] ✅ Integration Artist 917 - SUCCESS (0.10s)
2025-09-19 08:57:43,949 - artist_bio_gen.core.processor - INFO - [███████████████████████████░░░] [918/1000] ( 91.8%) [W03] ✅ Integration Artist 918 - SUCCESS (0.10s)
2025-09-19 08:57:43,949 - artist_bio_gen.core.processor - INFO - [███████████████████████████░░░] [919/1000] ( 91.9%) [W04] ✅ Integration Artist 919 - SUCCESS (0.10s)
2025-09-19 08:57:43,950 - artist_bio_gen.core.processor - INFO - [███████████████████████████░░░] [920/1000] ( 92.0%) [W01] ✅ Integration Artist 920 - SUCCESS (0.10s)
2025-09-19 08:57:43,950 - artist_bio_gen.core.processor - INFO - [███████████████████████████░░░] [921/1000] ( 92.1%) [W02] ✅ Integration Artist 921 - SUCCESS (0.10s)
2025-09-19 08:57:43,950 - artist_bio_gen.core.processor - INFO - [███████████████████████████░░░] [922/1000] ( 92.2%) [W03] ✅ Integration Artist 922 - SUCCESS (0.10s)
2025-09-19 08:57:43,950 - artist_bio_gen.core.processor - INFO - [███████████████████████████░░░] [923/1000] ( 92.3%) [W04] ✅ Integration Artist 923 - SUCCESS (0.10s)
2025-09-19 08:57:43,951 - artist_bio_gen.core.processor - INFO - [███████████████████████████░░░] [924/1000] ( 92.4%) [W01] ✅ Integration Artist 924 - SUCCESS (0.10s)
2025-09-19 08:57:43,951 - artist_bio_gen.core.processor - INFO - [███████████████████████████░░░] [925/1000] ( 92.5%) [W02] ✅ Integration Artist 925 - SUCCESS (0.10s)
2025-09-19 08:57:43,951 - artist_bio_gen.core.processor - INFO - [███████████████████████████░░░] [926/1000] ( 92.6%) [W03] ✅ Integration Artist 926 - SUCCESS (0.10s)
2025-09-19 08:57:43,951 - artist_bio_gen.core.processor - INFO - [███████████████████████████░░░] [927/1000] ( 92.7%) [W04] ✅ Integration Artist 927 - SUCCESS (0.10s)
2025-09-19 08:57:43,952 - artist_bio_gen.core.processor - INFO - [███████████████████████████░░░] [928/1000] ( 92.8%) [W01] ✅ Integration Artist 928 - SUCCESS (0.10s)
2025-09-19 08:57:43,952 - artist_bio_gen.core.processor - INFO - [███████████████████████████░░░] [929/1000] ( 92.9%) [W02] ✅ Integration Artist 929 - SUCCESS (0.10s)
2025-09-19 08:57:43,952 - artist_bio_gen.core.processor - INFO - [███████████████████████████░░░] [930/1000] ( 93.0%) [W03] ✅ Integration Artist 930 - SUCCESS (0.10s)
2025-09-19 08:57:43,952 - artist_bio_gen.core.processor - INFO - [███████████████████████████░░░] [931/1000] ( 93.1%) [W04] ✅ Integration Artist 931 - SUCCESS (0.10s)
2025-09-19 08:57:43,953 - artist_bio_gen.core.processor - INFO - [███████████████████████████░░░] [932/1000] ( 93.2%) [W01] ✅ Integration Artist 932 - SUCCESS (0.10s)
2025-09-19 08:57:43,953 - artist_bio_gen.core.processor - INFO - [███████████████████████████░░░] [933/1000] ( 93.3%) [W02] ✅ Integration Artist 933 - SUCCESS (0.10s)
2025-09-19 08:57:43,953 - artist_bio_gen.core.processor - INFO - [████████████████████████████░░] [934/1000] ( 93.4%) [W03] ✅ Integration Artist 934 - SUCCESS (0.10s)
2025-09-19 08:57:43,953 - artist_bio_gen.core.processor - INFO - [████████████████████████████░░] [935/1000] ( 93.5%) [W04] ✅ Integration Artist 935 - SUCCESS (0.10s)
2025-09-19 08:57:43,954 - artist_bio_gen.core.processor - INFO - [████████████████████████████░░] [936/1000] ( 93.6%) [W01] ✅ Integration Artist 936 - SUCCESS (0.10s)
2025-09-19 08:57:43,954 - artist_bio_gen.core.processor - INFO - [████████████████████████████░░] [937/1000] ( 93.7%) [W02] ✅ Integration Artist 937 - SUCCESS (0.10s)
2025-09-19 08:57:43,954 - artist_bio_gen.core.processor - INFO - [████████████████████████████░░] [938/1000] ( 93.8%) [W03] ✅ Integration Artist 938 - SUCCESS (0.10s)
2025-09-19 08:57:43,955 - artist_bio_gen.core.processor - INFO - [████████████████████████████░░] [939/1000] ( 93.9%) [W04] ✅ Integration Artist 939 - SUCCESS (0.10s)
2025-09-19 08:57:43,955 - artist_bio_gen.core.processor - INFO - [████████████████████████████░░] [940/1000] ( 94.0%) [W01] ✅ Integration Artist 940 - SUCCESS (0.10s)
2025-09-19 08:57:43,955 - artist_bio_gen.core.processor - INFO - [████████████████████████████░░] [941/1000] ( 94.1%) [W02] ✅ Integration Artist 941 - SUCCESS (0.10s)
2025-09-19 08:57:43,955 - artist_bio_gen.core.processor - INFO - [████████████████████████████░░] [942/1000] ( 94.2%) [W03] ✅ Integration Artist 942 - SUCCESS (0.10s)
2025-09-19 08:57:43,956 - artist_bio_gen.core.processor - INFO - [████████████████████████████░░] [943/1000] ( 94.3%) [W04] ✅ Integration Artist 943 - SUCCESS (0.10s)
2025-09-19 08:57:43,956 - artist_bio_gen.core.processor - INFO - [████████████████████████████░░] [944/1000] ( 94.4%) [W01] ✅ Integration Artist 944 - SUCCESS (0.10s)
2025-09-19 08:57:43,956 - artist_bio_gen.core.processor - INFO - [████████████████████████████░░] [945/1000] ( 94.5%) [W02] ✅ Integration Artist 945 - SUCCESS (0.10s)
2025-09-19 08:57:43,956 - artist_bio_gen.core.processor - INFO - [████████████████████████████░░] [946/1000] ( 94.6%) [W03] ✅ Integration Artist 946 - SUCCESS (0.10s)
2025-09-19 08:57:43,957 - artist_bio_gen.core.processor - INFO - [████████████████████████████░░] [947/1000] ( 94.7%) [W04] ✅ Integration Artist 947 - SUCCESS (0.10s)
2025-09-19 08:57:43,957 - artist_bio_gen.core.processor - INFO - [████████████████████████████░░] [948/1000] ( 94.8%) [W01] ✅ Integration Artist 948 - SUCCESS (0.10s)
2025-09-19 08:57:43,957 - artist_bio_gen.core.processor - INFO - [████████████████████████████░░] [949/1000] ( 94.9%) [W02] ✅ Integration Artist 949 - SUCCESS (0.10s)
2025-09-19 08:57:43,957 - artist_bio_gen.core.processor - INFO - [████████████████████████████░░] [950/1000] ( 95.0%) [W03] ✅ Integration Artist 950 - SUCCESS (0.10s)
2025-09-19 08:57:43,958 - artist_bio_gen.core.processor - INFO - [████████████████████████████░░] [951/1000] ( 95.1%) [W04] ✅ Integration Artist 951 - SUCCESS (0.10s)
2025-09-19 08:57:43,958 - artist_bio_gen.core.processor - INFO - [████████████████████████████░░] [952/1000] ( 95.2%) [W01] ✅ Integration Artist 952 - SUCCESS (0.10s)
2025-09-19 08:57:43,958 - artist_bio_gen.core.processor - INFO - [████████████████████████████░░] [953/1000] ( 95.3%) [W02] ✅ Integration Artist 953 - SUCCESS (0.10s)
2025-09-19 08:57:43,958 - artist_bio_gen.core.processor - INFO - [████████████████████████████░░] [954/1000] ( 95.4%) [W03] ✅ Integration Artist 954 - SUCCESS (0.10s)
2025-09-19 08:57:43,959 - artist_bio_gen.core.processor - INFO - [████████████████████████████░░] [955/1000] ( 95.5%) [W04] ✅ Integration Artist 955 - SUCCESS (0.10s)
2025-09-19 08:57:43,959 - artist_bio_gen.core.processor - INFO - [████████████████████████████░░] [956/1000] ( 95.6%) [W01] ✅ Integration Artist 956 - SUCCESS (0.10s)
2025-09-19 08:57:43,959 - artist_bio_gen.core.processor - INFO - [████████████████████████████░░] [957/1000] ( 95.7%) [W02] ✅ Integration Artist 957 - SUCCESS (0.10s)
2025-09-19 08:57:43,959 - artist_bio_gen.core.processor - INFO - [████████████████████████████░░] [958/1000] ( 95.8%) [W03] ✅ Integration Artist 958 - SUCCESS (0.10s)
2025-09-19 08:57:43,960 - artist_bio_gen.core.processor - INFO - [████████████████████████████░░] [959/1000] ( 95.9%) [W04] ✅ Integration Artist 959 - SUCCESS (0.10s)
2025-09-19 08:57:43,960 - artist_bio_gen.core.processor - INFO - [████████████████████████████░░] [960/1000] ( 96.0%) [W01] ✅ Integration Artist 960 - SUCCESS (0.10s)
2025-09-19 08:57:43,960 - artist_bio_gen.core.processor - INFO - [████████████████████████████░░] [961/1000] ( 96.1%) [W02] ✅ Integration Artist 961 - SUCCESS (0.10s)
2025-09-19 08:57:43,960 - artist_bio_gen.core.processor - INFO - [████████████████████████████░░] [962/1000] ( 96.2%) [W03] ✅ Integration Artist 962 - SUCCESS (0.10s)
2025-09-19 08:57:43,961 - artist_bio_gen.core.processor - INFO - [████████████████████████████░░] [963/1000] ( 96.3%) [W04] ✅ Integration Artist 963 - SUCCESS (0.10s)
2025-09-19 08:57:43,961 - artist_bio_gen.core.processor - INFO - [████████████████████████████░░] [964/1000] ( 96.4%) [W01] ✅ Integration Artist 964 - SUCCESS (0.10s)
2025-09-19 08:57:43,961 - artist_bio_gen.core.processor - INFO - [████████████████████████████░░] [965/1000] ( 96.5%) [W02] ✅ Integration Artist 965 - SUCCESS (0.10s)
2025-09-19 08:57:43,961 - artist_bio_gen.core.processor - INFO - [████████████████████████████░░] [966/1000] ( 96.6%) [W03] ✅ Integration Artist 966 - SUCCESS (0.10s)
2025-09-19 08:57:43,962 - artist_bio_gen.core.processor - INFO - [█████████████████████████████░] [967/1000] ( 96.7%) [W04] ✅ Integration Artist 967 - SUCCESS (0.10s)
2025-09-19 08:57:43,962 - artist_bio_gen.core.processor - INFO - [█████████████████████████████░] [968/1000] ( 96.8%) [W01] ✅ Integration Artist 968 - SUCCESS (0.10s)
2025-09-19 08:57:43,962 - artist_bio_gen.core.processor - INFO - [█████████████████████████████░] [969/1000] ( 96.9%) [W02] ✅ Integration Artist 969 - SUCCESS (0.10s)
2025-09-19 08:57:43,962 - artist_bio_gen.core.processor - INFO - [█████████████████████████████░] [970/1000] ( 97.0%) [W03] ✅ Integration Artist 970 - SUCCESS (0.10s)
2025-09-19 08:57:43,963 - artist_bio_gen.core.processor - INFO - [█████████████████████████████░] [971/1000] ( 97.1%) [W04] ✅ Integration Artist 971 - SUCCESS (0.10s)
2025-09-19 08:57:43,963 - artist_bio_gen.core.processor - INFO - [█████████████████████████████░] [972/1000] ( 97.2%) [W01] ✅ Integration Artist 972 - SUCCESS (0.10s)
2025-09-19 08:57:43,963 - artist_bio_gen.core.processor - INFO - [█████████████████████████████░] [973/1000] ( 97.3%) [W02] ✅ Integration Artist 973 - SUCCESS (0.10s)
2025-09-19 08:57:43,963 - artist_bio_gen.core.processor - INFO - [█████████████████████████████░] [974/1000] ( 97.4%) [W03] ✅ Integration Artist 974 - SUCCESS (0.10s)
2025-09-19 08:57:43,964 - artist_bio_gen.core.processor - INFO - [█████████████████████████████░] [975/1000] ( 97.5%) [W04] ✅ Integration Artist 975 - SUCCESS (0.10s)
2025-09-19 08:57:43,964 - artist_bio_gen.core.processor - INFO - [█████████████████████████████░] [976/1000] ( 97.6%) [W01] ✅ Integration Artist 976 - SUCCESS (0.10s)
2025-09-19 08:57:43,965 - artist_bio_gen.core.processor - INFO - [█████████████████████████████░] [977/1000] ( 97.7%) [W02] ✅ Integration Artist 977 - SUCCESS (0.10s)
2025-09-19 08:57:43,965 - artist_bio_gen.core.processor - INFO - [█████████████████████████████░] [978/1000] ( 97.8%) [W03] ✅ Integration Artist 978 - SUCCESS (0.10s)
2025-09-19 08:57:43,965 - artist_bio_gen.core.processor - INFO - [█████████████████████████████░] [979/1000] ( 97.9%) [W04] ✅ Integration Artist 979 - SUCCESS (0.10s)
2025-09-19 08:57:43,965 - artist_bio_gen.core.processor - INFO - [█████████████████████████████░] [980/1000] ( 98.0%) [W01] ✅ Integration Artist 980 - SUCCESS (0.10s)
2025-09-19 08:57:43,966 - artist_bio_gen.core.processor - INFO - [█████████████████████████████░] [981/1000] ( 98.1%) [W02] ✅ Integration Artist 981 - SUCCESS (0.10s)
2025-09-19 08:57:43,966 - artist_bio_gen.core.processor - INFO - [█████████████████████████████░] [982/1000] ( 98.2%) [W03] ✅ Integration Artist 982 - SUCCESS (0.10s)
2025-09-19 08:57:43,966 - artist_bio_gen.core.processor - INFO - [█████████████████████████████░] [983/1000] ( 98.3%) [W04] ✅ Integration Artist 983 - SUCCESS (0.10s)
2025-09-19 08:57:43,967 - artist_bio_gen.core.processor - INFO - [█████████████████████████████░] [984/1000] ( 98.4%) [W01] ✅ Integration Artist 984 - SUCCESS (0.10s)
2025-09-19 08:57:43,967 - artist_bio_gen.core.processor - INFO - [█████████████████████████████░] [985/1000] ( 98.5%) [W02] ✅ Integration Artist 985 - SUCCESS (0.10s)
2025-09-19 08:57:43,967 - artist_bio_gen.core.processor - INFO - [█████████████████████████████░] [986/1000] ( 98.6%) [W03] ✅ Integration Artist 986 - SUCCESS (0.10s)
2025-09-19 08:57:43,967 - artist_bio_gen.core.processor - INFO - [█████████████████████████████░] [987/1000] ( 98.7%) [W04] ✅ Integration Artist 987 - SUCCESS (0.10s)
2025-09-19 08:57:43,968 - artist_bio_gen.core.processor - INFO - [█████████████████████████████░] [988/1000] ( 98.8%) [W01] ✅ Integration Artist 988 - SUCCESS (0.10s)
2025-09-19 08:57:43,968 - artist_bio_gen.core.processor - INFO - [█████████████████████████████░] [989/1000] ( 98.9%) [W02] ✅ Integration Artist 989 - SUCCESS (0.10s)
2025-09-19 08:57:43,968 - artist_bio_gen.core.processor - INFO - [█████████████████████████████░] [990/1000] ( 99.0%) [W03] ✅ Integration Artist 990 - SUCCESS (0.10s)
2025-09-19 08:57:43,968 - artist_bio_gen.core.processor - INFO - [█████████████████████████████░] [991/1000] ( 99.1%) [W04] ✅ Integration Artist 991 - SUCCESS (0.10s)
2025-09-19 08:57:43,969 - artist_bio_gen.core.processor - INFO - [█████████████████████████████░] [992/1000] ( 99.2%) [W01] ✅ Integration Artist 992 - SUCCESS (0.10s)
2025-09-19 08:57:43,969 - artist_bio_gen.core.processor - INFO - [█████████████████████████████░] [993/1000] ( 99.3%) [W02] ✅ Integration Artist 993 - SUCCESS (0.10s)
2025-09-19 08:57:43,969 - artist_bio_gen.core.processor - INFO - [█████████████████████████████░] [994/1000] ( 99.4%) [W03] ✅ Integration Artist 994 - SUCCESS (0.10s)
2025-09-19 08:57:43,969 - artist_bio_gen.core.processor - INFO - [█████████████████████████████░] [995/1000] ( 99.5%) [W04] ✅ Integration Artist 995 - SUCCESS (0.10s)
2025-09-19 08:57:43,970 - artist_bio_gen.core.processor - INFO - [█████████████████████████████░] [996/1000] ( 99.6%) [W01] ✅ Integration Artist 996 - SUCCESS (0.10s)
2025-09-19 08:57:43,970 - artist_bio_gen.core.processor - INFO - [█████████████████████████████░] [997/1000] ( 99.7%) [W02] ✅ Integration Artist 997 - SUCCESS (0.10s)
2025-09-19 08:57:43,970 - artist_bio_gen.core.processor - INFO - [█████████████████████████████░] [998/1000] ( 99.8%) [W03] ✅ Integration Artist 998 - SUCCESS (0.10s)
2025-09-19 08:57:43,970 - artist_bio_gen.core.processor - INFO - [█████████████████████████████░] [999/1000] ( 99.9%) [W04] ✅ Integration Artist 999 - SUCCESS (0.10s)
2025-09-19 08:57:43,971 - artist_bio_gen.core.processor - INFO - [██████████████████████████████] [1000/1000] (100.0%) [W02] ✅ Integration Artist 633 - SUCCESS (0.10s)
2025-09-19 08:57:43,971 - artist_bio_gen.core.processor - INFO - 📊 Concurrent Progress: 1000/1000 artists processed (100.0%) - Rate: 37459.85 artists/sec - ETA: 0s remaining
2025-09-19 08:57:43,971 - artist_bio_gen.core.processor - INFO - Concurrent processing completed: 1000 successful, 0 failed
2025-09-19 08:57:43,979 - artist_bio_gen.core.output - INFO - Found 1000 successfully processed artists in /var/folders/8h/pr431kds2h34yqt94fmlf58r0000gn/T/tmp_ovxc3w4.jsonl
Mock bio response for Integration Artist 911
Mock bio response for Integration Artist 912
Mock bio response for Integration Artist 913
Mock bio response for Integration Artist 914
Mock bio response for Integration Artist 915
Mock bio response for Integration Artist 916
Mock bio response for Integration Artist 917
Mock bio response for Integration Artist 918
Mock bio response for Integration Artist 919
Mock bio response for Integration Artist 920
Mock bio response for Integration Artist 921
Mock bio response for Integration Artist 922
Mock bio response for Integration Artist 923
Mock bio response for Integration Artist 924
Mock bio response for Integration Artist 925
Mock bio response for Integration Artist 926
Mock bio response for Integration Artist 927
Mock bio response for Integration Artist 928
Mock bio response for Integration Artist 929
Mock bio response for Integration Artist 930
Mock bio response for Integration Artist 931
Mock bio response for Integration Artist 932
Mock bio response for Integration Artist 933
Mock bio response for Integration Artist 934
Mock bio response for Integration Artist 935
Mock bio response for Integration Artist 936
Mock bio response for Integration Artist 937
Mock bio response for Integration Artist 938
Mock bio response for Integration Artist 939
Mock bio response for Integration Artist 940
Mock bio response for Integration Artist 941
Mock bio response for Integration Artist 942
Mock bio response for Integration Artist 943
Mock bio response for Integration Artist 944
Mock bio response for Integration Artist 945
Mock bio response for Integration Artist 946
Mock bio response for Integration Artist 947
Mock bio response for Integration Artist 948
Mock bio response for Integration Artist 949
Mock bio response for Integration Artist 950
Mock bio response for Integration Artist 951
Mock bio response for Integration Artist 952
Mock bio response for Integration Artist 953
Mock bio response for Integration Artist 954
Mock bio response for Integration Artist 955
Mock bio response for Integration Artist 956
Mock bio response for Integration Artist 957
Mock bio response for Integration Artist 958
Mock bio response for Integration Artist 959
Mock bio response for Integration Artist 960
Mock bio response for Integration Artist 961
Mock bio response for Integration Artist 962
Mock bio response for Integration Artist 963
Mock bio response for Integration Artist 964
Mock bio response for Integration Artist 965
Mock bio response for Integration Artist 966
Mock bio response for Integration Artist 967
Mock bio response for Integration Artist 968
Mock bio response for Integration Artist 969
Mock bio response for Integration Artist 970
Mock bio response for Integration Artist 971
Mock bio response for Integration Artist 972
Mock bio response for Integration Artist 973
Mock bio response for Integration Artist 974
Mock bio response for Integration Artist 975
Mock bio response for Integration Artist 976
Mock bio response for Integration Artist 977
Mock bio response for Integration Artist 978
Mock bio response for Integration Artist 979
Mock bio response for Integration Artist 980
Mock bio response for Integration Artist 981
Mock bio response for Integration Artist 982
Mock bio response for Integration Artist 983
Mock bio response for Integration Artist 984
Mock bio response for Integration Artist 985
Mock bio response for Integration Artist 986
Mock bio response for Integration Artist 987
Mock bio response for Integration Artist 988
Mock bio response for Integration Artist 989
Mock bio response for Integration Artist 990
Mock bio response for Integration Artist 991
Mock bio response for Integration Artist 992
Mock bio response for Integration Artist 993
Mock bio response for Integration Artist 994
Mock bio response for Integration Artist 995
Mock bio response for Integration Artist 996
Mock bio response for Integration Artist 997
Mock bio response for Integration Artist 998
Mock bio response for Integration Artist 999
Mock bio response for Integration Artist 633
ok
test_resume_integration_with_large_dataset (tests.integration.test_streaming_integration.TestStreamingIntegration)
Test resume functionality integration with large dataset. ... 2025-09-19 08:57:43,981 - artist_bio_gen.core.parser - INFO - Parsed 500 artists from /var/folders/8h/pr431kds2h34yqt94fmlf58r0000gn/T/tmpersjl_v3.csv
2025-09-19 08:57:43,982 - artist_bio_gen.core.parser - INFO - Skipped 2 comment/blank/header lines
2025-09-19 08:57:43,982 - artist_bio_gen.core.output - INFO - Initialized JSONL output file: /var/folders/8h/pr431kds2h34yqt94fmlf58r0000gn/T/tmprno0u8k3.jsonl
2025-09-19 08:57:43,982 - artist_bio_gen.core.processor - INFO - Initialized streaming JSONL output: /var/folders/8h/pr431kds2h34yqt94fmlf58r0000gn/T/tmprno0u8k3.jsonl
2025-09-19 08:57:43,983 - artist_bio_gen.api.quota - INFO - QuotaMonitor initialized: daily_limit=None, threshold=0.8
2025-09-19 08:57:43,983 - artist_bio_gen.core.processor - INFO - Quota monitoring enabled: daily_limit=None, threshold=0.8
2025-09-19 08:57:43,983 - artist_bio_gen.core.processor - INFO - Starting concurrent processing with 2 workers
2025-09-19 08:57:43,987 - artist_bio_gen.core.processor - INFO - [░░░░░░░░░░░░░░░░░░░░░░░░░░░░░░] [  1/200] (  0.5%) [W02] ✅ Integration Artist 1 - SUCCESS (0.10s)
2025-09-19 08:57:43,987 - artist_bio_gen.core.processor - INFO - [░░░░░░░░░░░░░░░░░░░░░░░░░░░░░░] [  2/200] (  1.0%) [W01] ✅ Integration Artist 0 - SUCCESS (0.10s)
2025-09-19 08:57:43,988 - artist_bio_gen.core.processor - INFO - [░░░░░░░░░░░░░░░░░░░░░░░░░░░░░░] [  3/200] (  1.5%) [W01] ✅ Integration Artist 2 - SUCCESS (0.10s)
2025-09-19 08:57:43,988 - artist_bio_gen.core.processor - INFO - [░░░░░░░░░░░░░░░░░░░░░░░░░░░░░░] [  4/200] (  2.0%) [W02] ✅ Integration Artist 3 - SUCCESS (0.10s)
2025-09-19 08:57:43,988 - artist_bio_gen.core.processor - INFO - [░░░░░░░░░░░░░░░░░░░░░░░░░░░░░░] [  5/200] (  2.5%) [W01] ✅ Integration Artist 4 - SUCCESS (0.10s)
2025-09-19 08:57:43,988 - artist_bio_gen.core.processor - INFO - [░░░░░░░░░░░░░░░░░░░░░░░░░░░░░░] [  6/200] (  3.0%) [W02] ✅ Integration Artist 5 - SUCCESS (0.10s)
2025-09-19 08:57:43,989 - artist_bio_gen.core.processor - INFO - [█░░░░░░░░░░░░░░░░░░░░░░░░░░░░░] [  7/200] (  3.5%) [W01] ✅ Integration Artist 6 - SUCCESS (0.10s)
2025-09-19 08:57:43,989 - artist_bio_gen.core.processor - INFO - [█░░░░░░░░░░░░░░░░░░░░░░░░░░░░░] [  8/200] (  4.0%) [W02] ✅ Integration Artist 7 - SUCCESS (0.10s)
2025-09-19 08:57:43,989 - artist_bio_gen.core.processor - INFO - [█░░░░░░░░░░░░░░░░░░░░░░░░░░░░░] [  9/200] (  4.5%) [W01] ✅ Integration Artist 8 - SUCCESS (0.10s)
2025-09-19 08:57:43,989 - artist_bio_gen.core.processor - INFO - [█░░░░░░░░░░░░░░░░░░░░░░░░░░░░░] [ 10/200] (  5.0%) [W02] ✅ Integration Artist 9 - SUCCESS (0.10s)
2025-09-19 08:57:43,990 - artist_bio_gen.core.processor - INFO - [█░░░░░░░░░░░░░░░░░░░░░░░░░░░░░] [ 11/200] (  5.5%) [W01] ✅ Integration Artist 10 - SUCCESS (0.10s)
2025-09-19 08:57:43,990 - artist_bio_gen.core.processor - INFO - [█░░░░░░░░░░░░░░░░░░░░░░░░░░░░░] [ 12/200] (  6.0%) [W02] ✅ Integration Artist 11 - SUCCESS (0.10s)
2025-09-19 08:57:43,990 - artist_bio_gen.core.processor - INFO - [█░░░░░░░░░░░░░░░░░░░░░░░░░░░░░] [ 13/200] (  6.5%) [W01] ✅ Integration Artist 12 - SUCCESS (0.10s)
2025-09-19 08:57:43,990 - artist_bio_gen.core.processor - INFO - [██░░░░░░░░░░░░░░░░░░░░░░░░░░░░] [ 14/200] (  7.0%) [W02] ✅ Integration Artist 13 - SUCCESS (0.10s)
2025-09-19 08:57:43,991 - artist_bio_gen.core.processor - INFO - [██░░░░░░░░░░░░░░░░░░░░░░░░░░░░] [ 15/200] (  7.5%) [W01] ✅ Integration Artist 14 - SUCCESS (0.10s)
2025-09-19 08:57:43,991 - artist_bio_gen.core.processor - INFO - [██░░░░░░░░░░░░░░░░░░░░░░░░░░░░] [ 16/200] (  8.0%) [W02] ✅ Integration Artist 15 - SUCCESS (0.10s)
2025-09-19 08:57:43,991 - artist_bio_gen.core.processor - INFO - [██░░░░░░░░░░░░░░░░░░░░░░░░░░░░] [ 17/200] (  8.5%) [W01] ✅ Integration Artist 16 - SUCCESS (0.10s)
2025-09-19 08:57:43,992 - artist_bio_gen.core.processor - INFO - [██░░░░░░░░░░░░░░░░░░░░░░░░░░░░] [ 18/200] (  9.0%) [W02] ✅ Integration Artist 17 - SUCCESS (0.10s)
2025-09-19 08:57:43,992 - artist_bio_gen.core.processor - INFO - [██░░░░░░░░░░░░░░░░░░░░░░░░░░░░] [ 19/200] (  9.5%) [W01] ✅ Integration Artist 18 - SUCCESS (0.10s)
2025-09-19 08:57:43,992 - artist_bio_gen.core.processor - INFO - [███░░░░░░░░░░░░░░░░░░░░░░░░░░░] [ 20/200] ( 10.0%) [W02] ✅ Integration Artist 19 - SUCCESS (0.10s)
2025-09-19 08:57:43,992 - artist_bio_gen.core.processor - INFO - 📊 Concurrent Progress: 20/200 artists processed (10.0%) - Rate: 2217.51 artists/sec - ETA: 0s remaining
2025-09-19 08:57:43,993 - artist_bio_gen.core.processor - INFO - [███░░░░░░░░░░░░░░░░░░░░░░░░░░░] [ 21/200] ( 10.5%) [W01] ✅ Integration Artist 20 - SUCCESS (0.10s)
2025-09-19 08:57:43,993 - artist_bio_gen.core.processor - INFO - [███░░░░░░░░░░░░░░░░░░░░░░░░░░░] [ 22/200] ( 11.0%) [W02] ✅ Integration Artist 21 - SUCCESS (0.10s)
2025-09-19 08:57:43,993 - artist_bio_gen.core.processor - INFO - [███░░░░░░░░░░░░░░░░░░░░░░░░░░░] [ 23/200] ( 11.5%) [W01] ✅ Integration Artist 22 - SUCCESS (0.10s)
2025-09-19 08:57:43,994 - artist_bio_gen.core.processor - INFO - [███░░░░░░░░░░░░░░░░░░░░░░░░░░░] [ 24/200] ( 12.0%) [W02] ✅ Integration Artist 23 - SUCCESS (0.10s)
2025-09-19 08:57:43,994 - artist_bio_gen.core.processor - INFO - [███░░░░░░░░░░░░░░░░░░░░░░░░░░░] [ 25/200] ( 12.5%) [W01] ✅ Integration Artist 24 - SUCCESS (0.10s)
2025-09-19 08:57:43,994 - artist_bio_gen.core.processor - INFO - [███░░░░░░░░░░░░░░░░░░░░░░░░░░░] [ 26/200] ( 13.0%) [W02] ✅ Integration Artist 25 - SUCCESS (0.10s)
2025-09-19 08:57:43,994 - artist_bio_gen.core.processor - INFO - [████░░░░░░░░░░░░░░░░░░░░░░░░░░] [ 27/200] ( 13.5%) [W01] ✅ Integration Artist 26 - SUCCESS (0.10s)
2025-09-19 08:57:43,995 - artist_bio_gen.core.processor - INFO - [████░░░░░░░░░░░░░░░░░░░░░░░░░░] [ 28/200] ( 14.0%) [W02] ✅ Integration Artist 27 - SUCCESS (0.10s)
2025-09-19 08:57:43,995 - artist_bio_gen.core.processor - INFO - [████░░░░░░░░░░░░░░░░░░░░░░░░░░] [ 29/200] ( 14.5%) [W01] ✅ Integration Artist 28 - SUCCESS (0.10s)
2025-09-19 08:57:43,995 - artist_bio_gen.core.processor - INFO - [████░░░░░░░░░░░░░░░░░░░░░░░░░░] [ 30/200] ( 15.0%) [W02] ✅ Integration Artist 29 - SUCCESS (0.10s)
2025-09-19 08:57:43,995 - artist_bio_gen.core.processor - INFO - [████░░░░░░░░░░░░░░░░░░░░░░░░░░] [ 31/200] ( 15.5%) [W01] ✅ Integration Artist 30 - SUCCESS (0.10s)
2025-09-19 08:57:43,996 - artist_bio_gen.core.processor - INFO - [████░░░░░░░░░░░░░░░░░░░░░░░░░░] [ 32/200] ( 16.0%) [W02] ✅ Integration Artist 31 - SUCCESS (0.10s)
2025-09-19 08:57:43,996 - artist_bio_gen.core.processor - INFO - [████░░░░░░░░░░░░░░░░░░░░░░░░░░] [ 33/200] ( 16.5%) [W01] ✅ Integration Artist 32 - SUCCESS (0.10s)
2025-09-19 08:57:43,996 - artist_bio_gen.core.processor - INFO - [█████░░░░░░░░░░░░░░░░░░░░░░░░░] [ 34/200] ( 17.0%) [W02] ✅ Integration Artist 33 - SUCCESS (0.10s)
2025-09-19 08:57:43,996 - artist_bio_gen.core.processor - INFO - [█████░░░░░░░░░░░░░░░░░░░░░░░░░] [ 35/200] ( 17.5%) [W01] ✅ Integration Artist 34 - SUCCESS (0.10s)
2025-09-19 08:57:43,997 - artist_bio_gen.core.processor - INFO - [█████░░░░░░░░░░░░░░░░░░░░░░░░░] [ 36/200] ( 18.0%) [W02] ✅ Integration Artist 35 - SUCCESS (0.10s)
2025-09-19 08:57:43,997 - artist_bio_gen.core.processor - INFO - [█████░░░░░░░░░░░░░░░░░░░░░░░░░] [ 37/200] ( 18.5%) [W01] ✅ Integration Artist 36 - SUCCESS (0.10s)
2025-09-19 08:57:43,997 - artist_bio_gen.core.processor - INFO - [█████░░░░░░░░░░░░░░░░░░░░░░░░░] [ 38/200] ( 19.0%) [W02] ✅ Integration Artist 37 - SUCCESS (0.10s)
2025-09-19 08:57:43,997 - artist_bio_gen.core.processor - INFO - [█████░░░░░░░░░░░░░░░░░░░░░░░░░] [ 39/200] ( 19.5%) [W01] ✅ Integration Artist 38 - SUCCESS (0.10s)
2025-09-19 08:57:43,998 - artist_bio_gen.core.processor - INFO - [██████░░░░░░░░░░░░░░░░░░░░░░░░] [ 40/200] ( 20.0%) [W02] ✅ Integration Artist 39 - SUCCESS (0.10s)
2025-09-19 08:57:43,998 - artist_bio_gen.core.processor - INFO - 📊 Concurrent Progress: 40/200 artists processed (20.0%) - Rate: 7239.98 artists/sec - ETA: 0s remaining
2025-09-19 08:57:43,998 - artist_bio_gen.core.processor - INFO - [██████░░░░░░░░░░░░░░░░░░░░░░░░] [ 41/200] ( 20.5%) [W01] ✅ Integration Artist 40 - SUCCESS (0.10s)
2025-09-19 08:57:43,999 - artist_bio_gen.core.processor - INFO - [██████░░░░░░░░░░░░░░░░░░░░░░░░] [ 42/200] ( 21.0%) [W02] ✅ Integration Artist 41 - SUCCESS (0.10s)
2025-09-19 08:57:43,999 - artist_bio_gen.core.processor - INFO - [██████░░░░░░░░░░░░░░░░░░░░░░░░] [ 43/200] ( 21.5%) [W01] ✅ Integration Artist 42 - SUCCESS (0.10s)
2025-09-19 08:57:43,999 - artist_bio_gen.core.processor - INFO - [██████░░░░░░░░░░░░░░░░░░░░░░░░] [ 44/200] ( 22.0%) [W02] ✅ Integration Artist 43 - SUCCESS (0.10s)
2025-09-19 08:57:43,999 - artist_bio_gen.core.processor - INFO - [██████░░░░░░░░░░░░░░░░░░░░░░░░] [ 45/200] ( 22.5%) [W01] ✅ Integration Artist 44 - SUCCESS (0.10s)
2025-09-19 08:57:44,000 - artist_bio_gen.core.processor - INFO - [██████░░░░░░░░░░░░░░░░░░░░░░░░] [ 46/200] ( 23.0%) [W02] ✅ Integration Artist 45 - SUCCESS (0.10s)
2025-09-19 08:57:44,000 - artist_bio_gen.core.processor - INFO - [███████░░░░░░░░░░░░░░░░░░░░░░░] [ 47/200] ( 23.5%) [W01] ✅ Integration Artist 46 - SUCCESS (0.10s)
2025-09-19 08:57:44,000 - artist_bio_gen.core.processor - INFO - [███████░░░░░░░░░░░░░░░░░░░░░░░] [ 48/200] ( 24.0%) [W02] ✅ Integration Artist 47 - SUCCESS (0.10s)
2025-09-19 08:57:44,000 - artist_bio_gen.core.processor - INFO - [███████░░░░░░░░░░░░░░░░░░░░░░░] [ 49/200] ( 24.5%) [W01] ✅ Integration Artist 48 - SUCCESS (0.10s)
2025-09-19 08:57:44,001 - artist_bio_gen.core.processor - INFO - [███████░░░░░░░░░░░░░░░░░░░░░░░] [ 50/200] ( 25.0%) [W02] ✅ Integration Artist 49 - SUCCESS (0.10s)
2025-09-19 08:57:44,001 - artist_bio_gen.core.processor - INFO - [███████░░░░░░░░░░░░░░░░░░░░░░░] [ 51/200] ( 25.5%) [W01] ✅ Integration Artist 50 - SUCCESS (0.10s)
2025-09-19 08:57:44,001 - artist_bio_gen.core.processor - INFO - [███████░░░░░░░░░░░░░░░░░░░░░░░] [ 52/200] ( 26.0%) [W02] ✅ Integration Artist 51 - SUCCESS (0.10s)
2025-09-19 08:57:44,001 - artist_bio_gen.core.processor - INFO - [███████░░░░░░░░░░░░░░░░░░░░░░░] [ 53/200] ( 26.5%) [W01] ✅ Integration Artist 52 - SUCCESS (0.10s)
2025-09-19 08:57:44,002 - artist_bio_gen.core.processor - INFO - [████████░░░░░░░░░░░░░░░░░░░░░░] [ 54/200] ( 27.0%) [W02] ✅ Integration Artist 53 - SUCCESS (0.10s)
2025-09-19 08:57:44,002 - artist_bio_gen.core.processor - INFO - [████████░░░░░░░░░░░░░░░░░░░░░░] [ 55/200] ( 27.5%) [W01] ✅ Integration Artist 54 - SUCCESS (0.10s)
2025-09-19 08:57:44,002 - artist_bio_gen.core.processor - INFO - [████████░░░░░░░░░░░░░░░░░░░░░░] [ 56/200] ( 28.0%) [W02] ✅ Integration Artist 55 - SUCCESS (0.10s)
2025-09-19 08:57:44,002 - artist_bio_gen.core.processor - INFO - [████████░░░░░░░░░░░░░░░░░░░░░░] [ 57/200] ( 28.5%) [W01] ✅ Integration Artist 56 - SUCCESS (0.10s)
2025-09-19 08:57:44,003 - artist_bio_gen.core.processor - INFO - [████████░░░░░░░░░░░░░░░░░░░░░░] [ 58/200] ( 29.0%) [W02] ✅ Integration Artist 57 - SUCCESS (0.10s)
2025-09-19 08:57:44,003 - artist_bio_gen.core.processor - INFO - [████████░░░░░░░░░░░░░░░░░░░░░░] [ 59/200] ( 29.5%) [W01] ✅ Integration Artist 58 - SUCCESS (0.10s)
2025-09-19 08:57:44,003 - artist_bio_gen.core.processor - INFO - [█████████░░░░░░░░░░░░░░░░░░░░░] [ 60/200] ( 30.0%) [W02] ✅ Integration Artist 59 - SUCCESS (0.10s)
2025-09-19 08:57:44,004 - artist_bio_gen.core.processor - INFO - 📊 Concurrent Progress: 60/200 artists processed (30.0%) - Rate: 10597.03 artists/sec - ETA: 0s remaining
2025-09-19 08:57:44,004 - artist_bio_gen.core.processor - INFO - [█████████░░░░░░░░░░░░░░░░░░░░░] [ 61/200] ( 30.5%) [W01] ✅ Integration Artist 60 - SUCCESS (0.10s)
2025-09-19 08:57:44,004 - artist_bio_gen.core.processor - INFO - [█████████░░░░░░░░░░░░░░░░░░░░░] [ 62/200] ( 31.0%) [W02] ✅ Integration Artist 61 - SUCCESS (0.10s)
2025-09-19 08:57:44,004 - artist_bio_gen.core.processor - INFO - [█████████░░░░░░░░░░░░░░░░░░░░░] [ 63/200] ( 31.5%) [W01] ✅ Integration Artist 62 - SUCCESS (0.10s)
2025-09-19 08:57:44,005 - artist_bio_gen.core.processor - INFO - [█████████░░░░░░░░░░░░░░░░░░░░░] [ 64/200] ( 32.0%) [W02] ✅ Integration Artist 63 - SUCCESS (0.10s)
2025-09-19 08:57:44,005 - artist_bio_gen.core.processor - INFO - [█████████░░░░░░░░░░░░░░░░░░░░░] [ 65/200] ( 32.5%) [W01] ✅ Integration Artist 64 - SUCCESS (0.10s)
2025-09-19 08:57:44,005 - artist_bio_gen.core.processor - INFO - [█████████░░░░░░░░░░░░░░░░░░░░░] [ 66/200] ( 33.0%) [W02] ✅ Integration Artist 65 - SUCCESS (0.10s)
2025-09-19 08:57:44,005 - artist_bio_gen.core.processor - INFO - [██████████░░░░░░░░░░░░░░░░░░░░] [ 67/200] ( 33.5%) [W01] ✅ Integration Artist 66 - SUCCESS (0.10s)
2025-09-19 08:57:44,006 - artist_bio_gen.core.processor - INFO - [██████████░░░░░░░░░░░░░░░░░░░░] [ 68/200] ( 34.0%) [W02] ✅ Integration Artist 67 - SUCCESS (0.10s)
2025-09-19 08:57:44,006 - artist_bio_gen.core.processor - INFO - [██████████░░░░░░░░░░░░░░░░░░░░] [ 69/200] ( 34.5%) [W01] ✅ Integration Artist 68 - SUCCESS (0.10s)
2025-09-19 08:57:44,006 - artist_bio_gen.core.processor - INFO - [██████████░░░░░░░░░░░░░░░░░░░░] [ 70/200] ( 35.0%) [W02] ✅ Integration Artist 69 - SUCCESS (0.10s)
2025-09-19 08:57:44,006 - artist_bio_gen.core.processor - INFO - [██████████░░░░░░░░░░░░░░░░░░░░] [ 71/200] ( 35.5%) [W01] ✅ Integration Artist 70 - SUCCESS (0.10s)
2025-09-19 08:57:44,007 - artist_bio_gen.core.processor - INFO - [██████████░░░░░░░░░░░░░░░░░░░░] [ 72/200] ( 36.0%) [W02] ✅ Integration Artist 71 - SUCCESS (0.10s)
2025-09-19 08:57:44,007 - artist_bio_gen.core.processor - INFO - [██████████░░░░░░░░░░░░░░░░░░░░] [ 73/200] ( 36.5%) [W01] ✅ Integration Artist 72 - SUCCESS (0.10s)
2025-09-19 08:57:44,007 - artist_bio_gen.core.processor - INFO - [███████████░░░░░░░░░░░░░░░░░░░] [ 74/200] ( 37.0%) [W02] ✅ Integration Artist 73 - SUCCESS (0.10s)
2025-09-19 08:57:44,007 - artist_bio_gen.core.processor - INFO - [███████████░░░░░░░░░░░░░░░░░░░] [ 75/200] ( 37.5%) [W01] ✅ Integration Artist 74 - SUCCESS (0.10s)
2025-09-19 08:57:44,008 - artist_bio_gen.core.processor - INFO - [███████████░░░░░░░░░░░░░░░░░░░] [ 76/200] ( 38.0%) [W02] ✅ Integration Artist 75 - SUCCESS (0.10s)
2025-09-19 08:57:44,008 - artist_bio_gen.core.processor - INFO - [███████████░░░░░░░░░░░░░░░░░░░] [ 77/200] ( 38.5%) [W01] ✅ Integration Artist 76 - SUCCESS (0.10s)
2025-09-19 08:57:44,008 - artist_bio_gen.core.processor - INFO - [███████████░░░░░░░░░░░░░░░░░░░] [ 78/200] ( 39.0%) [W02] ✅ Integration Artist 77 - SUCCESS (0.10s)
2025-09-19 08:57:44,009 - artist_bio_gen.core.processor - INFO - [███████████░░░░░░░░░░░░░░░░░░░] [ 79/200] ( 39.5%) [W01] ✅ Integration Artist 78 - SUCCESS (0.10s)
2025-09-19 08:57:44,009 - artist_bio_gen.core.processor - INFO - [████████████░░░░░░░░░░░░░░░░░░] [ 80/200] ( 40.0%) [W02] ✅ Integration Artist 79 - SUCCESS (0.10s)
2025-09-19 08:57:44,009 - artist_bio_gen.core.processor - INFO - 📊 Concurrent Progress: 80/200 artists processed (40.0%) - Rate: 14500.62 artists/sec - ETA: 0s remaining
2025-09-19 08:57:44,009 - artist_bio_gen.core.processor - INFO - [████████████░░░░░░░░░░░░░░░░░░] [ 81/200] ( 40.5%) [W01] ✅ Integration Artist 80 - SUCCESS (0.10s)
2025-09-19 08:57:44,010 - artist_bio_gen.core.processor - INFO - [████████████░░░░░░░░░░░░░░░░░░] [ 82/200] ( 41.0%) [W02] ✅ Integration Artist 81 - SUCCESS (0.10s)
2025-09-19 08:57:44,010 - artist_bio_gen.core.processor - INFO - [████████████░░░░░░░░░░░░░░░░░░] [ 83/200] ( 41.5%) [W01] ✅ Integration Artist 82 - SUCCESS (0.10s)
2025-09-19 08:57:44,010 - artist_bio_gen.core.processor - INFO - [████████████░░░░░░░░░░░░░░░░░░] [ 84/200] ( 42.0%) [W02] ✅ Integration Artist 83 - SUCCESS (0.10s)
2025-09-19 08:57:44,010 - artist_bio_gen.core.processor - INFO - [████████████░░░░░░░░░░░░░░░░░░] [ 85/200] ( 42.5%) [W01] ✅ Integration Artist 84 - SUCCESS (0.10s)
2025-09-19 08:57:44,011 - artist_bio_gen.core.processor - INFO - [████████████░░░░░░░░░░░░░░░░░░] [ 86/200] ( 43.0%) [W02] ✅ Integration Artist 85 - SUCCESS (0.10s)
2025-09-19 08:57:44,011 - artist_bio_gen.core.processor - INFO - [█████████████░░░░░░░░░░░░░░░░░] [ 87/200] ( 43.5%) [W01] ✅ Integration Artist 86 - SUCCESS (0.10s)
2025-09-19 08:57:44,011 - artist_bio_gen.core.processor - INFO - [█████████████░░░░░░░░░░░░░░░░░] [ 88/200] ( 44.0%) [W02] ✅ Integration Artist 87 - SUCCESS (0.10s)
2025-09-19 08:57:44,012 - artist_bio_gen.core.processor - INFO - [█████████████░░░░░░░░░░░░░░░░░] [ 89/200] ( 44.5%) [W01] ✅ Integration Artist 88 - SUCCESS (0.10s)
2025-09-19 08:57:44,012 - artist_bio_gen.core.processor - INFO - [█████████████░░░░░░░░░░░░░░░░░] [ 90/200] ( 45.0%) [W02] ✅ Integration Artist 89 - SUCCESS (0.10s)
2025-09-19 08:57:44,012 - artist_bio_gen.core.processor - INFO - [█████████████░░░░░░░░░░░░░░░░░] [ 91/200] ( 45.5%) [W01] ✅ Integration Artist 90 - SUCCESS (0.10s)
2025-09-19 08:57:44,012 - artist_bio_gen.core.processor - INFO - [█████████████░░░░░░░░░░░░░░░░░] [ 92/200] ( 46.0%) [W02] ✅ Integration Artist 91 - SUCCESS (0.10s)
2025-09-19 08:57:44,013 - artist_bio_gen.core.processor - INFO - [█████████████░░░░░░░░░░░░░░░░░] [ 93/200] ( 46.5%) [W01] ✅ Integration Artist 92 - SUCCESS (0.10s)
2025-09-19 08:57:44,013 - artist_bio_gen.core.processor - INFO - [██████████████░░░░░░░░░░░░░░░░] [ 94/200] ( 47.0%) [W02] ✅ Integration Artist 93 - SUCCESS (0.10s)
2025-09-19 08:57:44,013 - artist_bio_gen.core.processor - INFO - [██████████████░░░░░░░░░░░░░░░░] [ 95/200] ( 47.5%) [W01] ✅ Integration Artist 94 - SUCCESS (0.10s)
2025-09-19 08:57:44,013 - artist_bio_gen.core.processor - INFO - [██████████████░░░░░░░░░░░░░░░░] [ 96/200] ( 48.0%) [W02] ✅ Integration Artist 95 - SUCCESS (0.10s)
2025-09-19 08:57:44,014 - artist_bio_gen.core.processor - INFO - [██████████████░░░░░░░░░░░░░░░░] [ 97/200] ( 48.5%) [W01] ✅ Integration Artist 96 - SUCCESS (0.10s)
2025-09-19 08:57:44,014 - artist_bio_gen.core.processor - INFO - [██████████████░░░░░░░░░░░░░░░░] [ 98/200] ( 49.0%) [W02] ✅ Integration Artist 97 - SUCCESS (0.10s)
2025-09-19 08:57:44,014 - artist_bio_gen.core.processor - INFO - [██████████████░░░░░░░░░░░░░░░░] [ 99/200] ( 49.5%) [W01] ✅ Integration Artist 98 - SUCCESS (0.10s)
2025-09-19 08:57:44,014 - artist_bio_gen.core.processor - INFO - [███████████████░░░░░░░░░░░░░░░] [100/200] ( 50.0%) [W02] ✅ Integration Artist 99 - SUCCESS (0.10s)
2025-09-19 08:57:44,015 - artist_bio_gen.core.processor - INFO - 📊 Concurrent Progress: 100/200 artists processed (50.0%) - Rate: 18237.69 artists/sec - ETA: 0s remaining
2025-09-19 08:57:44,015 - artist_bio_gen.core.processor - INFO - [███████████████░░░░░░░░░░░░░░░] [101/200] ( 50.5%) [W01] ✅ Integration Artist 100 - SUCCESS (0.10s)
2025-09-19 08:57:44,015 - artist_bio_gen.core.processor - INFO - [███████████████░░░░░░░░░░░░░░░] [102/200] ( 51.0%) [W02] ✅ Integration Artist 101 - SUCCESS (0.10s)
2025-09-19 08:57:44,015 - artist_bio_gen.core.processor - INFO - [███████████████░░░░░░░░░░░░░░░] [103/200] ( 51.5%) [W01] ✅ Integration Artist 102 - SUCCESS (0.10s)
2025-09-19 08:57:44,016 - artist_bio_gen.core.processor - INFO - [███████████████░░░░░░░░░░░░░░░] [104/200] ( 52.0%) [W02] ✅ Integration Artist 103 - SUCCESS (0.10s)
2025-09-19 08:57:44,016 - artist_bio_gen.core.processor - INFO - [███████████████░░░░░░░░░░░░░░░] [105/200] ( 52.5%) [W01] ✅ Integration Artist 104 - SUCCESS (0.10s)
2025-09-19 08:57:44,016 - artist_bio_gen.core.processor - INFO - [███████████████░░░░░░░░░░░░░░░] [106/200] ( 53.0%) [W02] ✅ Integration Artist 105 - SUCCESS (0.10s)
2025-09-19 08:57:44,016 - artist_bio_gen.core.processor - INFO - [████████████████░░░░░░░░░░░░░░] [107/200] ( 53.5%) [W01] ✅ Integration Artist 106 - SUCCESS (0.10s)
2025-09-19 08:57:44,017 - artist_bio_gen.core.processor - INFO - [████████████████░░░░░░░░░░░░░░] [108/200] ( 54.0%) [W02] ✅ Integration Artist 107 - SUCCESS (0.10s)
2025-09-19 08:57:44,017 - artist_bio_gen.core.processor - INFO - [████████████████░░░░░░░░░░░░░░] [109/200] ( 54.5%) [W01] ✅ Integration Artist 108 - SUCCESS (0.10s)
2025-09-19 08:57:44,017 - artist_bio_gen.core.processor - INFO - [████████████████░░░░░░░░░░░░░░] [110/200] ( 55.0%) [W02] ✅ Integration Artist 109 - SUCCESS (0.10s)
2025-09-19 08:57:44,017 - artist_bio_gen.core.processor - INFO - [████████████████░░░░░░░░░░░░░░] [111/200] ( 55.5%) [W01] ✅ Integration Artist 110 - SUCCESS (0.10s)
2025-09-19 08:57:44,018 - artist_bio_gen.core.processor - INFO - [████████████████░░░░░░░░░░░░░░] [112/200] ( 56.0%) [W02] ✅ Integration Artist 111 - SUCCESS (0.10s)
2025-09-19 08:57:44,018 - artist_bio_gen.core.processor - INFO - [████████████████░░░░░░░░░░░░░░] [113/200] ( 56.5%) [W01] ✅ Integration Artist 112 - SUCCESS (0.10s)
2025-09-19 08:57:44,018 - artist_bio_gen.core.processor - INFO - [█████████████████░░░░░░░░░░░░░] [114/200] ( 57.0%) [W02] ✅ Integration Artist 113 - SUCCESS (0.10s)
2025-09-19 08:57:44,018 - artist_bio_gen.core.processor - INFO - [█████████████████░░░░░░░░░░░░░] [115/200] ( 57.5%) [W01] ✅ Integration Artist 114 - SUCCESS (0.10s)
2025-09-19 08:57:44,019 - artist_bio_gen.core.processor - INFO - [█████████████████░░░░░░░░░░░░░] [116/200] ( 58.0%) [W02] ✅ Integration Artist 115 - SUCCESS (0.10s)
2025-09-19 08:57:44,019 - artist_bio_gen.core.processor - INFO - [█████████████████░░░░░░░░░░░░░] [117/200] ( 58.5%) [W01] ✅ Integration Artist 116 - SUCCESS (0.10s)
2025-09-19 08:57:44,019 - artist_bio_gen.core.processor - INFO - [█████████████████░░░░░░░░░░░░░] [118/200] ( 59.0%) [W02] ✅ Integration Artist 117 - SUCCESS (0.10s)
2025-09-19 08:57:44,019 - artist_bio_gen.core.processor - INFO - [█████████████████░░░░░░░░░░░░░] [119/200] ( 59.5%) [W01] ✅ Integration Artist 118 - SUCCESS (0.10s)
2025-09-19 08:57:44,020 - artist_bio_gen.core.processor - INFO - [██████████████████░░░░░░░░░░░░] [120/200] ( 60.0%) [W02] ✅ Integration Artist 119 - SUCCESS (0.10s)
2025-09-19 08:57:44,020 - artist_bio_gen.core.processor - INFO - 📊 Concurrent Progress: 120/200 artists processed (60.0%) - Rate: 22732.33 artists/sec - ETA: 0s remaining
2025-09-19 08:57:44,020 - artist_bio_gen.core.processor - INFO - [██████████████████░░░░░░░░░░░░] [121/200] ( 60.5%) [W01] ✅ Integration Artist 120 - SUCCESS (0.10s)
2025-09-19 08:57:44,021 - artist_bio_gen.core.processor - INFO - [██████████████████░░░░░░░░░░░░] [122/200] ( 61.0%) [W02] ✅ Integration Artist 121 - SUCCESS (0.10s)
2025-09-19 08:57:44,021 - artist_bio_gen.core.processor - INFO - [██████████████████░░░░░░░░░░░░] [123/200] ( 61.5%) [W01] ✅ Integration Artist 122 - SUCCESS (0.10s)
2025-09-19 08:57:44,021 - artist_bio_gen.core.processor - INFO - [██████████████████░░░░░░░░░░░░] [124/200] ( 62.0%) [W02] ✅ Integration Artist 123 - SUCCESS (0.10s)
2025-09-19 08:57:44,021 - artist_bio_gen.core.processor - INFO - [██████████████████░░░░░░░░░░░░] [125/200] ( 62.5%) [W01] ✅ Integration Artist 124 - SUCCESS (0.10s)
2025-09-19 08:57:44,022 - artist_bio_gen.core.processor - INFO - [██████████████████░░░░░░░░░░░░] [126/200] ( 63.0%) [W02] ✅ Integration Artist 125 - SUCCESS (0.10s)
2025-09-19 08:57:44,022 - artist_bio_gen.core.processor - INFO - [███████████████████░░░░░░░░░░░] [127/200] ( 63.5%) [W01] ✅ Integration Artist 126 - SUCCESS (0.10s)
2025-09-19 08:57:44,022 - artist_bio_gen.core.processor - INFO - [███████████████████░░░░░░░░░░░] [128/200] ( 64.0%) [W02] ✅ Integration Artist 127 - SUCCESS (0.10s)
2025-09-19 08:57:44,022 - artist_bio_gen.core.processor - INFO - [███████████████████░░░░░░░░░░░] [129/200] ( 64.5%) [W01] ✅ Integration Artist 128 - SUCCESS (0.10s)
2025-09-19 08:57:44,023 - artist_bio_gen.core.processor - INFO - [███████████████████░░░░░░░░░░░] [130/200] ( 65.0%) [W02] ✅ Integration Artist 129 - SUCCESS (0.10s)
2025-09-19 08:57:44,023 - artist_bio_gen.core.processor - INFO - [███████████████████░░░░░░░░░░░] [131/200] ( 65.5%) [W01] ✅ Integration Artist 130 - SUCCESS (0.10s)
2025-09-19 08:57:44,023 - artist_bio_gen.core.processor - INFO - [███████████████████░░░░░░░░░░░] [132/200] ( 66.0%) [W02] ✅ Integration Artist 131 - SUCCESS (0.10s)
2025-09-19 08:57:44,023 - artist_bio_gen.core.processor - INFO - [███████████████████░░░░░░░░░░░] [133/200] ( 66.5%) [W01] ✅ Integration Artist 132 - SUCCESS (0.10s)
2025-09-19 08:57:44,024 - artist_bio_gen.core.processor - INFO - [████████████████████░░░░░░░░░░] [134/200] ( 67.0%) [W02] ✅ Integration Artist 133 - SUCCESS (0.10s)
2025-09-19 08:57:44,024 - artist_bio_gen.core.processor - INFO - [████████████████████░░░░░░░░░░] [135/200] ( 67.5%) [W01] ✅ Integration Artist 134 - SUCCESS (0.10s)
2025-09-19 08:57:44,024 - artist_bio_gen.core.processor - INFO - [████████████████████░░░░░░░░░░] [136/200] ( 68.0%) [W02] ✅ Integration Artist 135 - SUCCESS (0.10s)
2025-09-19 08:57:44,025 - artist_bio_gen.core.processor - INFO - [████████████████████░░░░░░░░░░] [137/200] ( 68.5%) [W01] ✅ Integration Artist 136 - SUCCESS (0.10s)
2025-09-19 08:57:44,025 - artist_bio_gen.core.processor - INFO - [████████████████████░░░░░░░░░░] [138/200] ( 69.0%) [W02] ✅ Integration Artist 137 - SUCCESS (0.10s)
2025-09-19 08:57:44,025 - artist_bio_gen.core.processor - INFO - [████████████████████░░░░░░░░░░] [139/200] ( 69.5%) [W01] ✅ Integration Artist 138 - SUCCESS (0.10s)
2025-09-19 08:57:44,025 - artist_bio_gen.core.processor - INFO - [█████████████████████░░░░░░░░░] [140/200] ( 70.0%) [W02] ✅ Integration Artist 139 - SUCCESS (0.10s)
2025-09-19 08:57:44,025 - artist_bio_gen.core.processor - INFO - 📊 Concurrent Progress: 140/200 artists processed (70.0%) - Rate: 24601.05 artists/sec - ETA: 0s remaining
2025-09-19 08:57:44,026 - artist_bio_gen.core.processor - INFO - [█████████████████████░░░░░░░░░] [141/200] ( 70.5%) [W01] ✅ Integration Artist 140 - SUCCESS (0.10s)
2025-09-19 08:57:44,026 - artist_bio_gen.core.processor - INFO - [█████████████████████░░░░░░░░░] [142/200] ( 71.0%) [W02] ✅ Integration Artist 141 - SUCCESS (0.10s)
2025-09-19 08:57:44,026 - artist_bio_gen.core.processor - INFO - [█████████████████████░░░░░░░░░] [143/200] ( 71.5%) [W01] ✅ Integration Artist 142 - SUCCESS (0.10s)
2025-09-19 08:57:44,027 - artist_bio_gen.core.processor - INFO - [█████████████████████░░░░░░░░░] [144/200] ( 72.0%) [W02] ✅ Integration Artist 143 - SUCCESS (0.10s)
2025-09-19 08:57:44,027 - artist_bio_gen.core.processor - INFO - [█████████████████████░░░░░░░░░] [145/200] ( 72.5%) [W01] ✅ Integration Artist 144 - SUCCESS (0.10s)
2025-09-19 08:57:44,027 - artist_bio_gen.core.processor - INFO - [█████████████████████░░░░░░░░░] [146/200] ( 73.0%) [W02] ✅ Integration Artist 145 - SUCCESS (0.10s)
2025-09-19 08:57:44,027 - artist_bio_gen.core.processor - INFO - [██████████████████████░░░░░░░░] [147/200] ( 73.5%) [W01] ✅ Integration Artist 146 - SUCCESS (0.10s)
2025-09-19 08:57:44,028 - artist_bio_gen.core.processor - INFO - [██████████████████████░░░░░░░░] [148/200] ( 74.0%) [W02] ✅ Integration Artist 147 - SUCCESS (0.10s)
2025-09-19 08:57:44,028 - artist_bio_gen.core.processor - INFO - [██████████████████████░░░░░░░░] [149/200] ( 74.5%) [W01] ✅ Integration Artist 148 - SUCCESS (0.10s)
2025-09-19 08:57:44,028 - artist_bio_gen.core.processor - INFO - [██████████████████████░░░░░░░░] [150/200] ( 75.0%) [W02] ✅ Integration Artist 149 - SUCCESS (0.10s)
2025-09-19 08:57:44,028 - artist_bio_gen.core.processor - INFO - [██████████████████████░░░░░░░░] [151/200] ( 75.5%) [W01] ✅ Integration Artist 150 - SUCCESS (0.10s)
2025-09-19 08:57:44,029 - artist_bio_gen.core.processor - INFO - [██████████████████████░░░░░░░░] [152/200] ( 76.0%) [W02] ✅ Integration Artist 151 - SUCCESS (0.10s)
2025-09-19 08:57:44,029 - artist_bio_gen.core.processor - INFO - [██████████████████████░░░░░░░░] [153/200] ( 76.5%) [W01] ✅ Integration Artist 152 - SUCCESS (0.10s)
2025-09-19 08:57:44,029 - artist_bio_gen.core.processor - INFO - [███████████████████████░░░░░░░] [154/200] ( 77.0%) [W02] ✅ Integration Artist 153 - SUCCESS (0.10s)
2025-09-19 08:57:44,030 - artist_bio_gen.core.processor - INFO - [███████████████████████░░░░░░░] [155/200] ( 77.5%) [W01] ✅ Integration Artist 154 - SUCCESS (0.10s)
2025-09-19 08:57:44,030 - artist_bio_gen.core.processor - INFO - [███████████████████████░░░░░░░] [156/200] ( 78.0%) [W02] ✅ Integration Artist 155 - SUCCESS (0.10s)
2025-09-19 08:57:44,030 - artist_bio_gen.core.processor - INFO - [███████████████████████░░░░░░░] [157/200] ( 78.5%) [W01] ✅ Integration Artist 156 - SUCCESS (0.10s)
2025-09-19 08:57:44,030 - artist_bio_gen.core.processor - INFO - [███████████████████████░░░░░░░] [158/200] ( 79.0%) [W02] ✅ Integration Artist 157 - SUCCESS (0.10s)
2025-09-19 08:57:44,031 - artist_bio_gen.core.processor - INFO - [███████████████████████░░░░░░░] [159/200] ( 79.5%) [W01] ✅ Integration Artist 158 - SUCCESS (0.10s)
2025-09-19 08:57:44,031 - artist_bio_gen.core.processor - INFO - [████████████████████████░░░░░░] [160/200] ( 80.0%) [W02] ✅ Integration Artist 159 - SUCCESS (0.10s)
2025-09-19 08:57:44,031 - artist_bio_gen.core.processor - INFO - 📊 Concurrent Progress: 160/200 artists processed (80.0%) - Rate: 29084.19 artists/sec - ETA: 0s remaining
2025-09-19 08:57:44,031 - artist_bio_gen.core.processor - INFO - [████████████████████████░░░░░░] [161/200] ( 80.5%) [W01] ✅ Integration Artist 160 - SUCCESS (0.10s)
2025-09-19 08:57:44,032 - artist_bio_gen.core.processor - INFO - [████████████████████████░░░░░░] [162/200] ( 81.0%) [W02] ✅ Integration Artist 161 - SUCCESS (0.10s)
2025-09-19 08:57:44,032 - artist_bio_gen.core.processor - INFO - [████████████████████████░░░░░░] [163/200] ( 81.5%) [W01] ✅ Integration Artist 162 - SUCCESS (0.10s)
2025-09-19 08:57:44,032 - artist_bio_gen.core.processor - INFO - [████████████████████████░░░░░░] [164/200] ( 82.0%) [W02] ✅ Integration Artist 163 - SUCCESS (0.10s)
2025-09-19 08:57:44,032 - artist_bio_gen.core.processor - INFO - [████████████████████████░░░░░░] [165/200] ( 82.5%) [W01] ✅ Integration Artist 164 - SUCCESS (0.10s)
2025-09-19 08:57:44,033 - artist_bio_gen.core.processor - INFO - [████████████████████████░░░░░░] [166/200] ( 83.0%) [W02] ✅ Integration Artist 165 - SUCCESS (0.10s)
2025-09-19 08:57:44,033 - artist_bio_gen.core.processor - INFO - [█████████████████████████░░░░░] [167/200] ( 83.5%) [W01] ✅ Integration Artist 166 - SUCCESS (0.10s)
2025-09-19 08:57:44,033 - artist_bio_gen.core.processor - INFO - [█████████████████████████░░░░░] [168/200] ( 84.0%) [W02] ✅ Integration Artist 167 - SUCCESS (0.10s)
2025-09-19 08:57:44,033 - artist_bio_gen.core.processor - INFO - [█████████████████████████░░░░░] [169/200] ( 84.5%) [W01] ✅ Integration Artist 168 - SUCCESS (0.10s)
2025-09-19 08:57:44,034 - artist_bio_gen.core.processor - INFO - [█████████████████████████░░░░░] [170/200] ( 85.0%) [W02] ✅ Integration Artist 169 - SUCCESS (0.10s)
2025-09-19 08:57:44,034 - artist_bio_gen.core.processor - INFO - [█████████████████████████░░░░░] [171/200] ( 85.5%) [W01] ✅ Integration Artist 170 - SUCCESS (0.10s)
2025-09-19 08:57:44,034 - artist_bio_gen.core.processor - INFO - [█████████████████████████░░░░░] [172/200] ( 86.0%) [W02] ✅ Integration Artist 171 - SUCCESS (0.10s)
2025-09-19 08:57:44,035 - artist_bio_gen.core.processor - INFO - [█████████████████████████░░░░░] [173/200] ( 86.5%) [W01] ✅ Integration Artist 172 - SUCCESS (0.10s)
2025-09-19 08:57:44,035 - artist_bio_gen.core.processor - INFO - [██████████████████████████░░░░] [174/200] ( 87.0%) [W02] ✅ Integration Artist 173 - SUCCESS (0.10s)
2025-09-19 08:57:44,035 - artist_bio_gen.core.processor - INFO - [██████████████████████████░░░░] [175/200] ( 87.5%) [W01] ✅ Integration Artist 174 - SUCCESS (0.10s)
2025-09-19 08:57:44,035 - artist_bio_gen.core.processor - INFO - [██████████████████████████░░░░] [176/200] ( 88.0%) [W02] ✅ Integration Artist 175 - SUCCESS (0.10s)
2025-09-19 08:57:44,035 - artist_bio_gen.core.processor - INFO - [██████████████████████████░░░░] [177/200] ( 88.5%) [W01] ✅ Integration Artist 176 - SUCCESS (0.10s)
2025-09-19 08:57:44,036 - artist_bio_gen.core.processor - INFO - [██████████████████████████░░░░] [178/200] ( 89.0%) [W02] ✅ Integration Artist 177 - SUCCESS (0.10s)
2025-09-19 08:57:44,036 - artist_bio_gen.core.processor - INFO - [██████████████████████████░░░░] [179/200] ( 89.5%) [W01] ✅ Integration Artist 178 - SUCCESS (0.10s)
2025-09-19 08:57:44,036 - artist_bio_gen.core.processor - INFO - [███████████████████████████░░░] [180/200] ( 90.0%) [W02] ✅ Integration Artist 179 - SUCCESS (0.10s)
2025-09-19 08:57:44,036 - artist_bio_gen.core.processor - INFO - 📊 Concurrent Progress: 180/200 artists processed (90.0%) - Rate: 33040.47 artists/sec - ETA: 0s remaining
2025-09-19 08:57:44,037 - artist_bio_gen.core.processor - INFO - [███████████████████████████░░░] [181/200] ( 90.5%) [W01] ✅ Integration Artist 180 - SUCCESS (0.10s)
2025-09-19 08:57:44,037 - artist_bio_gen.core.processor - INFO - [███████████████████████████░░░] [182/200] ( 91.0%) [W02] ✅ Integration Artist 181 - SUCCESS (0.10s)
2025-09-19 08:57:44,037 - artist_bio_gen.core.processor - INFO - [███████████████████████████░░░] [183/200] ( 91.5%) [W01] ✅ Integration Artist 182 - SUCCESS (0.10s)
2025-09-19 08:57:44,037 - artist_bio_gen.core.processor - INFO - [███████████████████████████░░░] [184/200] ( 92.0%) [W02] ✅ Integration Artist 183 - SUCCESS (0.10s)
2025-09-19 08:57:44,038 - artist_bio_gen.core.processor - INFO - [███████████████████████████░░░] [185/200] ( 92.5%) [W01] ✅ Integration Artist 184 - SUCCESS (0.10s)
Mock bio response for Integration Artist 1
Mock bio response for Integration Artist 0
Mock bio response for Integration Artist 2
Mock bio response for Integration Artist 3
Mock bio response for Integration Artist 4
Mock bio response for Integration Artist 5
Mock bio response for Integration Artist 6
Mock bio response for Integration Artist 7
Mock bio response for Integration Artist 8
Mock bio response for Integration Artist 9
Mock bio response for Integration Artist 10
Mock bio response for Integration Artist 11
Mock bio response for Integration Artist 12
Mock bio response for Integration Artist 13
Mock bio response for Integration Artist 14
Mock bio response for Integration Artist 15
Mock bio response for Integration Artist 16
Mock bio response for Integration Artist 17
Mock bio response for Integration Artist 18
Mock bio response for Integration Artist 19
Mock bio response for Integration Artist 20
Mock bio response for Integration Artist 21
Mock bio response for Integration Artist 22
Mock bio response for Integration Artist 23
Mock bio response for Integration Artist 24
Mock bio response for Integration Artist 25
Mock bio response for Integration Artist 26
Mock bio response for Integration Artist 27
Mock bio response for Integration Artist 28
Mock bio response for Integration Artist 29
Mock bio response for Integration Artist 30
Mock bio response for Integration Artist 31
Mock bio response for Integration Artist 32
Mock bio response for Integration Artist 33
Mock bio response for Integration Artist 34
Mock bio response for Integration Artist 35
Mock bio response for Integration Artist 36
Mock bio response for Integration Artist 37
Mock bio response for Integration Artist 38
Mock bio response for Integration Artist 39
Mock bio response for Integration Artist 40
Mock bio response for Integration Artist 41
Mock bio response for Integration Artist 42
Mock bio response for Integration Artist 43
Mock bio response for Integration Artist 44
Mock bio response for Integration Artist 45
Mock bio response for Integration Artist 46
Mock bio response for Integration Artist 47
Mock bio response for Integration Artist 48
Mock bio response for Integration Artist 49
Mock bio response for Integration Artist 50
Mock bio response for Integration Artist 51
Mock bio response for Integration Artist 52
Mock bio response for Integration Artist 53
Mock bio response for Integration Artist 54
Mock bio response for Integration Artist 55
Mock bio response for Integration Artist 56
Mock bio response for Integration Artist 57
Mock bio response for Integration Artist 58
Mock bio response for Integration Artist 59
Mock bio response for Integration Artist 60
Mock bio response for Integration Artist 61
Mock bio response for Integration Artist 62
Mock bio response for Integration Artist 63
Mock bio response for Integration Artist 64
Mock bio response for Integration Artist 65
Mock bio response for Integration Artist 66
Mock bio response for Integration Artist 67
Mock bio response for Integration Artist 68
Mock bio response for Integration Artist 69
Mock bio response for Integration Artist 70
Mock bio response for Integration Artist 71
Mock bio response for Integration Artist 72
Mock bio response for Integration Artist 73
Mock bio response for Integration Artist 74
Mock bio response for Integration Artist 75
Mock bio response for Integration Artist 76
Mock bio response for Integration Artist 77
Mock bio response for Integration Artist 78
Mock bio response for Integration Artist 79
Mock bio response for Integration Artist 80
Mock bio response for Integration Artist 81
Mock bio response for Integration Artist 82
Mock bio response for Integration Artist 83
Mock bio response for Integration Artist 84
Mock bio response for Integration Artist 85
Mock bio response for Integration Artist 86
Mock bio response for Integration Artist 87
Mock bio response for Integration Artist 88
Mock bio response for Integration Artist 89
Mock bio response for Integration Artist 90
Mock bio response for Integration Artist 91
Mock bio response for Integration Artist 92
Mock bio response for Integration Artist 93
Mock bio response for Integration Artist 94
Mock bio response for Integration Artist 95
Mock bio response for Integration Artist 96
Mock bio response for Integration Artist 97
Mock bio response for Integration Artist 98
Mock bio response for Integration Artist 99
Mock bio response for Integration Artist 100
Mock bio response for Integration Artist 101
Mock bio response for Integration Artist 102
Mock bio response for Integration Artist 103
Mock bio response for Integration Artist 104
Mock bio response for Integration Artist 105
Mock bio response for Integration Artist 106
Mock bio response for Integration Artist 107
Mock bio response for Integration Artist 108
Mock bio response for Integration Artist 109
Mock bio response for Integration Artist 110
Mock bio response for Integration Artist 111
Mock bio response for Integration Artist 112
Mock bio response for Integration Artist 113
Mock bio response for Integration Artist 114
Mock bio response for Integration Artist 115
Mock bio response for Integration Artist 116
Mock bio response for Integration Artist 117
Mock bio response for Integration Artist 118
Mock bio response for Integration Artist 119
Mock bio response for Integration Artist 120
Mock bio response for Integration Artist 121
Mock bio response for Integration Artist 122
Mock bio response for Integration Artist 123
Mock bio response for Integration Artist 124
Mock bio response for Integration Artist 125
Mock bio response for Integration Artist 126
Mock bio response for Integration Artist 127
Mock bio response for Integration Artist 128
Mock bio response for Integration Artist 129
Mock bio response for Integration Artist 130
Mock bio response for Integration Artist 131
Mock bio response for Integration Artist 132
Mock bio response for Integration Artist 133
Mock bio response for Integration Artist 134
Mock bio response for Integration Artist 135
Mock bio response for Integration Artist 136
Mock bio response for Integration Artist 137
Mock bio response for Integration Artist 138
Mock bio response for Integration Artist 139
Mock bio response for Integration Artist 140
Mock bio response for Integration Artist 141
Mock bio response for Integration Artist 142
Mock bio response for Integration Artist 143
Mock bio response for Integration Artist 144
Mock bio response for Integration Artist 145
Mock bio response for Integration Artist 146
Mock bio response for Integration Artist 147
Mock bio response for Integration Artist 148
Mock bio response for Integration Artist 149
Mock bio response for Integration Artist 150
Mock bio response for Integration Artist 151
Mock bio response for Integration Artist 152
Mock bio response for Integration Artist 153
Mock bio response for Integration Artist 154
Mock bio response for Integration Artist 155
Mock bio response for Integration Artist 156
Mock bio response for Integration Artist 157
Mock bio response for Integration Artist 158
Mock bio response for Integration Artist 159
Mock bio response for Integration Artist 160
Mock bio response for Integration Artist 161
Mock bio response for Integration Artist 162
Mock bio response for Integration Artist 163
Mock bio response for Integration Artist 164
Mock bio response for Integration Artist 165
Mock bio response for Integration Artist 166
Mock bio response for Integration Artist 167
Mock bio response for Integration Artist 168
Mock bio response for Integration Artist 169
Mock bio response for Integration Artist 170
Mock bio response for Integration Artist 171
Mock bio response for Integration Artist 172
Mock bio response for Integration Artist 173
Mock bio response for Integration Artist 174
Mock bio response for Integration Artist 175
Mock bio response for Integration Artist 176
Mock bio response for Integration Artist 177
Mock bio response for Integration Artist 178
Mock bio response for Integration Artist 179
Mock bio response for Integration Artist 180
Mock bio response for Integration Artist 181
Mock bio response for Integration Artist 182
Mock bio response for Integration Artist 183
2025-09-19 08:57:44,038 - artist_bio_gen.core.processor - INFO - [███████████████████████████░░░] [186/200] ( 93.0%) [W02] ✅ Integration Artist 185 - SUCCESS (0.10s)
2025-09-19 08:57:44,038 - artist_bio_gen.core.processor - INFO - [████████████████████████████░░] [187/200] ( 93.5%) [W01] ✅ Integration Artist 186 - SUCCESS (0.10s)
2025-09-19 08:57:44,038 - artist_bio_gen.core.processor - INFO - [████████████████████████████░░] [188/200] ( 94.0%) [W02] ✅ Integration Artist 187 - SUCCESS (0.10s)
2025-09-19 08:57:44,039 - artist_bio_gen.core.processor - INFO - [████████████████████████████░░] [189/200] ( 94.5%) [W01] ✅ Integration Artist 188 - SUCCESS (0.10s)
2025-09-19 08:57:44,039 - artist_bio_gen.core.processor - INFO - [████████████████████████████░░] [190/200] ( 95.0%) [W02] ✅ Integration Artist 189 - SUCCESS (0.10s)
2025-09-19 08:57:44,039 - artist_bio_gen.core.processor - INFO - [████████████████████████████░░] [191/200] ( 95.5%) [W01] ✅ Integration Artist 190 - SUCCESS (0.10s)
2025-09-19 08:57:44,039 - artist_bio_gen.core.processor - INFO - [████████████████████████████░░] [192/200] ( 96.0%) [W02] ✅ Integration Artist 191 - SUCCESS (0.10s)
2025-09-19 08:57:44,040 - artist_bio_gen.core.processor - INFO - [████████████████████████████░░] [193/200] ( 96.5%) [W01] ✅ Integration Artist 192 - SUCCESS (0.10s)
2025-09-19 08:57:44,040 - artist_bio_gen.core.processor - INFO - [█████████████████████████████░] [194/200] ( 97.0%) [W02] ✅ Integration Artist 193 - SUCCESS (0.10s)
2025-09-19 08:57:44,040 - artist_bio_gen.core.processor - INFO - [█████████████████████████████░] [195/200] ( 97.5%) [W01] ✅ Integration Artist 194 - SUCCESS (0.10s)
2025-09-19 08:57:44,040 - artist_bio_gen.core.processor - INFO - [█████████████████████████████░] [196/200] ( 98.0%) [W02] ✅ Integration Artist 195 - SUCCESS (0.10s)
2025-09-19 08:57:44,041 - artist_bio_gen.core.processor - INFO - [█████████████████████████████░] [197/200] ( 98.5%) [W01] ✅ Integration Artist 196 - SUCCESS (0.10s)
2025-09-19 08:57:44,041 - artist_bio_gen.core.processor - INFO - [█████████████████████████████░] [198/200] ( 99.0%) [W02] ✅ Integration Artist 197 - SUCCESS (0.10s)
2025-09-19 08:57:44,041 - artist_bio_gen.core.processor - INFO - [█████████████████████████████░] [199/200] ( 99.5%) [W01] ✅ Integration Artist 198 - SUCCESS (0.10s)
2025-09-19 08:57:44,041 - artist_bio_gen.core.processor - INFO - [██████████████████████████████] [200/200] (100.0%) [W02] ✅ Integration Artist 199 - SUCCESS (0.10s)
2025-09-19 08:57:44,042 - artist_bio_gen.core.processor - INFO - 📊 Concurrent Progress: 200/200 artists processed (100.0%) - Rate: 39062.20 artists/sec - ETA: 0s remaining
2025-09-19 08:57:44,042 - artist_bio_gen.core.processor - INFO - Concurrent processing completed: 200 successful, 0 failed
2025-09-19 08:57:44,043 - artist_bio_gen.core.output - INFO - Found 200 successfully processed artists in /var/folders/8h/pr431kds2h34yqt94fmlf58r0000gn/T/tmprno0u8k3.jsonl
2025-09-19 08:57:44,045 - artist_bio_gen.core.parser - INFO - Parsed 300 artists from /var/folders/8h/pr431kds2h34yqt94fmlf58r0000gn/T/tmpersjl_v3.csv
2025-09-19 08:57:44,045 - artist_bio_gen.core.parser - INFO - Skipped 2 comment/blank/header lines
2025-09-19 08:57:44,045 - artist_bio_gen.core.parser - INFO - Skipped 200 already-processed artists (resume mode)
2025-09-19 08:57:44,045 - artist_bio_gen.core.output - INFO - JSONL output file already exists: /var/folders/8h/pr431kds2h34yqt94fmlf58r0000gn/T/tmprno0u8k3.jsonl
2025-09-19 08:57:44,046 - artist_bio_gen.core.processor - INFO - Initialized streaming JSONL output for resume: /var/folders/8h/pr431kds2h34yqt94fmlf58r0000gn/T/tmprno0u8k3.jsonl
2025-09-19 08:57:44,046 - artist_bio_gen.api.quota - INFO - QuotaMonitor initialized: daily_limit=None, threshold=0.8
2025-09-19 08:57:44,046 - artist_bio_gen.core.processor - INFO - Quota monitoring enabled: daily_limit=None, threshold=0.8
2025-09-19 08:57:44,046 - artist_bio_gen.core.processor - INFO - Starting concurrent processing with 2 workers
2025-09-19 08:57:44,066 - artist_bio_gen.core.processor - INFO - [░░░░░░░░░░░░░░░░░░░░░░░░░░░░░░] [  1/300] (  0.3%) [W02] ✅ Integration Artist 209 - SUCCESS (0.10s)
2025-09-19 08:57:44,066 - artist_bio_gen.core.processor - INFO - [░░░░░░░░░░░░░░░░░░░░░░░░░░░░░░] [  2/300] (  0.7%) [W01] ✅ Integration Artist 210 - SUCCESS (0.10s)
2025-09-19 08:57:44,066 - artist_bio_gen.core.processor - INFO - [░░░░░░░░░░░░░░░░░░░░░░░░░░░░░░] [  3/300] (  1.0%) [W02] ✅ Integration Artist 211 - SUCCESS (0.10s)
2025-09-19 08:57:44,067 - artist_bio_gen.core.processor - INFO - [░░░░░░░░░░░░░░░░░░░░░░░░░░░░░░] [  4/300] (  1.3%) [W02] ✅ Integration Artist 203 - SUCCESS (0.10s)
2025-09-19 08:57:44,067 - artist_bio_gen.core.processor - INFO - [░░░░░░░░░░░░░░░░░░░░░░░░░░░░░░] [  5/300] (  1.7%) [W01] ✅ Integration Artist 204 - SUCCESS (0.10s)
2025-09-19 08:57:44,067 - artist_bio_gen.core.processor - INFO - [░░░░░░░░░░░░░░░░░░░░░░░░░░░░░░] [  6/300] (  2.0%) [W02] ✅ Integration Artist 205 - SUCCESS (0.10s)
2025-09-19 08:57:44,068 - artist_bio_gen.core.processor - INFO - [░░░░░░░░░░░░░░░░░░░░░░░░░░░░░░] [  7/300] (  2.3%) [W01] ✅ Integration Artist 214 - SUCCESS (0.10s)
2025-09-19 08:57:44,068 - artist_bio_gen.core.processor - INFO - [░░░░░░░░░░░░░░░░░░░░░░░░░░░░░░] [  8/300] (  2.7%) [W01] ✅ Integration Artist 202 - SUCCESS (0.10s)
2025-09-19 08:57:44,068 - artist_bio_gen.core.processor - INFO - [░░░░░░░░░░░░░░░░░░░░░░░░░░░░░░] [  9/300] (  3.0%) [W02] ✅ Integration Artist 213 - SUCCESS (0.10s)
2025-09-19 08:57:44,068 - artist_bio_gen.core.processor - INFO - [█░░░░░░░░░░░░░░░░░░░░░░░░░░░░░] [ 10/300] (  3.3%) [W02] ✅ Integration Artist 201 - SUCCESS (0.10s)
2025-09-19 08:57:44,069 - artist_bio_gen.core.processor - INFO - [█░░░░░░░░░░░░░░░░░░░░░░░░░░░░░] [ 11/300] (  3.7%) [W01] ✅ Integration Artist 208 - SUCCESS (0.10s)
2025-09-19 08:57:44,069 - artist_bio_gen.core.processor - INFO - [█░░░░░░░░░░░░░░░░░░░░░░░░░░░░░] [ 12/300] (  4.0%) [W01] ✅ Integration Artist 200 - SUCCESS (0.10s)
2025-09-19 08:57:44,069 - artist_bio_gen.core.processor - INFO - [█░░░░░░░░░░░░░░░░░░░░░░░░░░░░░] [ 13/300] (  4.3%) [W01] ✅ Integration Artist 212 - SUCCESS (0.10s)
2025-09-19 08:57:44,070 - artist_bio_gen.core.processor - INFO - [█░░░░░░░░░░░░░░░░░░░░░░░░░░░░░] [ 14/300] (  4.7%) [W01] ✅ Integration Artist 206 - SUCCESS (0.10s)
2025-09-19 08:57:44,070 - artist_bio_gen.core.processor - INFO - [█░░░░░░░░░░░░░░░░░░░░░░░░░░░░░] [ 15/300] (  5.0%) [W02] ✅ Integration Artist 207 - SUCCESS (0.10s)
2025-09-19 08:57:44,070 - artist_bio_gen.core.processor - INFO - [█░░░░░░░░░░░░░░░░░░░░░░░░░░░░░] [ 16/300] (  5.3%) [W02] ✅ Integration Artist 215 - SUCCESS (0.10s)
2025-09-19 08:57:44,070 - artist_bio_gen.core.processor - INFO - [█░░░░░░░░░░░░░░░░░░░░░░░░░░░░░] [ 17/300] (  5.7%) [W01] ✅ Integration Artist 216 - SUCCESS (0.10s)
2025-09-19 08:57:44,071 - artist_bio_gen.core.processor - INFO - [█░░░░░░░░░░░░░░░░░░░░░░░░░░░░░] [ 18/300] (  6.0%) [W02] ✅ Integration Artist 217 - SUCCESS (0.10s)
2025-09-19 08:57:44,072 - artist_bio_gen.core.processor - INFO - [█░░░░░░░░░░░░░░░░░░░░░░░░░░░░░] [ 19/300] (  6.3%) [W01] ✅ Integration Artist 218 - SUCCESS (0.10s)
2025-09-19 08:57:44,073 - artist_bio_gen.core.processor - INFO - [██░░░░░░░░░░░░░░░░░░░░░░░░░░░░] [ 20/300] (  6.7%) [W02] ✅ Integration Artist 219 - SUCCESS (0.10s)
2025-09-19 08:57:44,074 - artist_bio_gen.core.processor - INFO - [██░░░░░░░░░░░░░░░░░░░░░░░░░░░░] [ 21/300] (  7.0%) [W01] ✅ Integration Artist 220 - SUCCESS (0.10s)
2025-09-19 08:57:44,077 - artist_bio_gen.core.processor - INFO - [██░░░░░░░░░░░░░░░░░░░░░░░░░░░░] [ 22/300] (  7.3%) [W02] ✅ Integration Artist 221 - SUCCESS (0.10s)
2025-09-19 08:57:44,078 - artist_bio_gen.core.processor - INFO - [██░░░░░░░░░░░░░░░░░░░░░░░░░░░░] [ 23/300] (  7.7%) [W01] ✅ Integration Artist 222 - SUCCESS (0.10s)
2025-09-19 08:57:44,078 - artist_bio_gen.core.processor - INFO - [██░░░░░░░░░░░░░░░░░░░░░░░░░░░░] [ 24/300] (  8.0%) [W02] ✅ Integration Artist 223 - SUCCESS (0.10s)
2025-09-19 08:57:44,088 - artist_bio_gen.core.processor - INFO - [██░░░░░░░░░░░░░░░░░░░░░░░░░░░░] [ 25/300] (  8.3%) [W01] ✅ Integration Artist 224 - SUCCESS (0.10s)
2025-09-19 08:57:44,089 - artist_bio_gen.core.processor - INFO - [██░░░░░░░░░░░░░░░░░░░░░░░░░░░░] [ 26/300] (  8.7%) [W02] ✅ Integration Artist 225 - SUCCESS (0.10s)
2025-09-19 08:57:44,089 - artist_bio_gen.core.processor - INFO - [██░░░░░░░░░░░░░░░░░░░░░░░░░░░░] [ 27/300] (  9.0%) [W01] ✅ Integration Artist 226 - SUCCESS (0.10s)
2025-09-19 08:57:44,090 - artist_bio_gen.core.processor - INFO - [██░░░░░░░░░░░░░░░░░░░░░░░░░░░░] [ 28/300] (  9.3%) [W02] ✅ Integration Artist 227 - SUCCESS (0.10s)
2025-09-19 08:57:44,094 - artist_bio_gen.core.processor - INFO - [██░░░░░░░░░░░░░░░░░░░░░░░░░░░░] [ 29/300] (  9.7%) [W01] ✅ Integration Artist 228 - SUCCESS (0.10s)
2025-09-19 08:57:44,094 - artist_bio_gen.core.processor - INFO - [███░░░░░░░░░░░░░░░░░░░░░░░░░░░] [ 30/300] ( 10.0%) [W02] ✅ Integration Artist 229 - SUCCESS (0.10s)
2025-09-19 08:57:44,095 - artist_bio_gen.core.processor - INFO - 📊 Concurrent Progress: 30/300 artists processed (10.0%) - Rate: 626.54 artists/sec - ETA: 0s remaining
2025-09-19 08:57:44,095 - artist_bio_gen.core.processor - INFO - [███░░░░░░░░░░░░░░░░░░░░░░░░░░░] [ 31/300] ( 10.3%) [W01] ✅ Integration Artist 230 - SUCCESS (0.10s)
2025-09-19 08:57:44,095 - artist_bio_gen.core.processor - INFO - [███░░░░░░░░░░░░░░░░░░░░░░░░░░░] [ 32/300] ( 10.7%) [W02] ✅ Integration Artist 231 - SUCCESS (0.10s)
2025-09-19 08:57:44,095 - artist_bio_gen.core.processor - INFO - [███░░░░░░░░░░░░░░░░░░░░░░░░░░░] [ 33/300] ( 11.0%) [W01] ✅ Integration Artist 232 - SUCCESS (0.10s)
2025-09-19 08:57:44,096 - artist_bio_gen.core.processor - INFO - [███░░░░░░░░░░░░░░░░░░░░░░░░░░░] [ 34/300] ( 11.3%) [W02] ✅ Integration Artist 233 - SUCCESS (0.10s)
2025-09-19 08:57:44,096 - artist_bio_gen.core.processor - INFO - [███░░░░░░░░░░░░░░░░░░░░░░░░░░░] [ 35/300] ( 11.7%) [W01] ✅ Integration Artist 234 - SUCCESS (0.10s)
2025-09-19 08:57:44,096 - artist_bio_gen.core.processor - INFO - [███░░░░░░░░░░░░░░░░░░░░░░░░░░░] [ 36/300] ( 12.0%) [W02] ✅ Integration Artist 235 - SUCCESS (0.10s)
2025-09-19 08:57:44,096 - artist_bio_gen.core.processor - INFO - [███░░░░░░░░░░░░░░░░░░░░░░░░░░░] [ 37/300] ( 12.3%) [W01] ✅ Integration Artist 236 - SUCCESS (0.10s)
2025-09-19 08:57:44,097 - artist_bio_gen.core.processor - INFO - [███░░░░░░░░░░░░░░░░░░░░░░░░░░░] [ 38/300] ( 12.7%) [W02] ✅ Integration Artist 237 - SUCCESS (0.10s)
2025-09-19 08:57:44,097 - artist_bio_gen.core.processor - INFO - [███░░░░░░░░░░░░░░░░░░░░░░░░░░░] [ 39/300] ( 13.0%) [W01] ✅ Integration Artist 238 - SUCCESS (0.10s)
2025-09-19 08:57:44,097 - artist_bio_gen.core.processor - INFO - [████░░░░░░░░░░░░░░░░░░░░░░░░░░] [ 40/300] ( 13.3%) [W02] ✅ Integration Artist 239 - SUCCESS (0.10s)
2025-09-19 08:57:44,099 - artist_bio_gen.core.processor - INFO - [████░░░░░░░░░░░░░░░░░░░░░░░░░░] [ 41/300] ( 13.7%) [W01] ✅ Integration Artist 240 - SUCCESS (0.10s)
2025-09-19 08:57:44,102 - artist_bio_gen.core.processor - INFO - [████░░░░░░░░░░░░░░░░░░░░░░░░░░] [ 42/300] ( 14.0%) [W02] ✅ Integration Artist 241 - SUCCESS (0.10s)
2025-09-19 08:57:44,102 - artist_bio_gen.core.processor - INFO - [████░░░░░░░░░░░░░░░░░░░░░░░░░░] [ 43/300] ( 14.3%) [W01] ✅ Integration Artist 242 - SUCCESS (0.10s)
2025-09-19 08:57:44,102 - artist_bio_gen.core.processor - INFO - [████░░░░░░░░░░░░░░░░░░░░░░░░░░] [ 44/300] ( 14.7%) [W02] ✅ Integration Artist 243 - SUCCESS (0.10s)
2025-09-19 08:57:44,103 - artist_bio_gen.core.processor - INFO - [████░░░░░░░░░░░░░░░░░░░░░░░░░░] [ 45/300] ( 15.0%) [W01] ✅ Integration Artist 244 - SUCCESS (0.10s)
2025-09-19 08:57:44,103 - artist_bio_gen.core.processor - INFO - [████░░░░░░░░░░░░░░░░░░░░░░░░░░] [ 46/300] ( 15.3%) [W02] ✅ Integration Artist 245 - SUCCESS (0.10s)
2025-09-19 08:57:44,103 - artist_bio_gen.core.processor - INFO - [████░░░░░░░░░░░░░░░░░░░░░░░░░░] [ 47/300] ( 15.7%) [W01] ✅ Integration Artist 246 - SUCCESS (0.10s)
2025-09-19 08:57:44,103 - artist_bio_gen.core.processor - INFO - [████░░░░░░░░░░░░░░░░░░░░░░░░░░] [ 48/300] ( 16.0%) [W02] ✅ Integration Artist 247 - SUCCESS (0.10s)
2025-09-19 08:57:44,104 - artist_bio_gen.core.processor - INFO - [████░░░░░░░░░░░░░░░░░░░░░░░░░░] [ 49/300] ( 16.3%) [W01] ✅ Integration Artist 248 - SUCCESS (0.10s)
2025-09-19 08:57:44,104 - artist_bio_gen.core.processor - INFO - [█████░░░░░░░░░░░░░░░░░░░░░░░░░] [ 50/300] ( 16.7%) [W02] ✅ Integration Artist 249 - SUCCESS (0.10s)
2025-09-19 08:57:44,104 - artist_bio_gen.core.processor - INFO - [█████░░░░░░░░░░░░░░░░░░░░░░░░░] [ 51/300] ( 17.0%) [W01] ✅ Integration Artist 250 - SUCCESS (0.10s)
2025-09-19 08:57:44,104 - artist_bio_gen.core.processor - INFO - [█████░░░░░░░░░░░░░░░░░░░░░░░░░] [ 52/300] ( 17.3%) [W02] ✅ Integration Artist 251 - SUCCESS (0.10s)
2025-09-19 08:57:44,105 - artist_bio_gen.core.processor - INFO - [█████░░░░░░░░░░░░░░░░░░░░░░░░░] [ 53/300] ( 17.7%) [W01] ✅ Integration Artist 252 - SUCCESS (0.10s)
2025-09-19 08:57:44,105 - artist_bio_gen.core.processor - INFO - [█████░░░░░░░░░░░░░░░░░░░░░░░░░] [ 54/300] ( 18.0%) [W02] ✅ Integration Artist 253 - SUCCESS (0.10s)
2025-09-19 08:57:44,105 - artist_bio_gen.core.processor - INFO - [█████░░░░░░░░░░░░░░░░░░░░░░░░░] [ 55/300] ( 18.3%) [W01] ✅ Integration Artist 254 - SUCCESS (0.10s)
2025-09-19 08:57:44,106 - artist_bio_gen.core.processor - INFO - [█████░░░░░░░░░░░░░░░░░░░░░░░░░] [ 56/300] ( 18.7%) [W02] ✅ Integration Artist 255 - SUCCESS (0.10s)
2025-09-19 08:57:44,106 - artist_bio_gen.core.processor - INFO - [█████░░░░░░░░░░░░░░░░░░░░░░░░░] [ 57/300] ( 19.0%) [W01] ✅ Integration Artist 256 - SUCCESS (0.10s)
2025-09-19 08:57:44,106 - artist_bio_gen.core.processor - INFO - [█████░░░░░░░░░░░░░░░░░░░░░░░░░] [ 58/300] ( 19.3%) [W02] ✅ Integration Artist 257 - SUCCESS (0.10s)
2025-09-19 08:57:44,106 - artist_bio_gen.core.processor - INFO - [█████░░░░░░░░░░░░░░░░░░░░░░░░░] [ 59/300] ( 19.7%) [W01] ✅ Integration Artist 258 - SUCCESS (0.10s)
2025-09-19 08:57:44,107 - artist_bio_gen.core.processor - INFO - [██████░░░░░░░░░░░░░░░░░░░░░░░░] [ 60/300] ( 20.0%) [W02] ✅ Integration Artist 259 - SUCCESS (0.10s)
2025-09-19 08:57:44,107 - artist_bio_gen.core.processor - INFO - 📊 Concurrent Progress: 60/300 artists processed (20.0%) - Rate: 4789.66 artists/sec - ETA: 0s remaining
2025-09-19 08:57:44,107 - artist_bio_gen.core.processor - INFO - [██████░░░░░░░░░░░░░░░░░░░░░░░░] [ 61/300] ( 20.3%) [W01] ✅ Integration Artist 260 - SUCCESS (0.10s)
2025-09-19 08:57:44,108 - artist_bio_gen.core.processor - INFO - [██████░░░░░░░░░░░░░░░░░░░░░░░░] [ 62/300] ( 20.7%) [W02] ✅ Integration Artist 261 - SUCCESS (0.10s)
2025-09-19 08:57:44,108 - artist_bio_gen.core.processor - INFO - [██████░░░░░░░░░░░░░░░░░░░░░░░░] [ 63/300] ( 21.0%) [W01] ✅ Integration Artist 262 - SUCCESS (0.10s)
2025-09-19 08:57:44,108 - artist_bio_gen.core.processor - INFO - [██████░░░░░░░░░░░░░░░░░░░░░░░░] [ 64/300] ( 21.3%) [W02] ✅ Integration Artist 263 - SUCCESS (0.10s)
2025-09-19 08:57:44,108 - artist_bio_gen.core.processor - INFO - [██████░░░░░░░░░░░░░░░░░░░░░░░░] [ 65/300] ( 21.7%) [W01] ✅ Integration Artist 264 - SUCCESS (0.10s)
2025-09-19 08:57:44,109 - artist_bio_gen.core.processor - INFO - [██████░░░░░░░░░░░░░░░░░░░░░░░░] [ 66/300] ( 22.0%) [W02] ✅ Integration Artist 265 - SUCCESS (0.10s)
2025-09-19 08:57:44,109 - artist_bio_gen.core.processor - INFO - [██████░░░░░░░░░░░░░░░░░░░░░░░░] [ 67/300] ( 22.3%) [W01] ✅ Integration Artist 266 - SUCCESS (0.10s)
2025-09-19 08:57:44,109 - artist_bio_gen.core.processor - INFO - [██████░░░░░░░░░░░░░░░░░░░░░░░░] [ 68/300] ( 22.7%) [W02] ✅ Integration Artist 267 - SUCCESS (0.10s)
2025-09-19 08:57:44,110 - artist_bio_gen.core.processor - INFO - [██████░░░░░░░░░░░░░░░░░░░░░░░░] [ 69/300] ( 23.0%) [W01] ✅ Integration Artist 268 - SUCCESS (0.10s)
2025-09-19 08:57:44,110 - artist_bio_gen.core.processor - INFO - [███████░░░░░░░░░░░░░░░░░░░░░░░] [ 70/300] ( 23.3%) [W02] ✅ Integration Artist 269 - SUCCESS (0.10s)
2025-09-19 08:57:44,110 - artist_bio_gen.core.processor - INFO - [███████░░░░░░░░░░░░░░░░░░░░░░░] [ 71/300] ( 23.7%) [W01] ✅ Integration Artist 270 - SUCCESS (0.10s)
2025-09-19 08:57:44,110 - artist_bio_gen.core.processor - INFO - [███████░░░░░░░░░░░░░░░░░░░░░░░] [ 72/300] ( 24.0%) [W02] ✅ Integration Artist 271 - SUCCESS (0.10s)
2025-09-19 08:57:44,111 - artist_bio_gen.core.processor - INFO - [███████░░░░░░░░░░░░░░░░░░░░░░░] [ 73/300] ( 24.3%) [W01] ✅ Integration Artist 272 - SUCCESS (0.10s)
2025-09-19 08:57:44,111 - artist_bio_gen.core.processor - INFO - [███████░░░░░░░░░░░░░░░░░░░░░░░] [ 74/300] ( 24.7%) [W02] ✅ Integration Artist 273 - SUCCESS (0.10s)
2025-09-19 08:57:44,111 - artist_bio_gen.core.processor - INFO - [███████░░░░░░░░░░░░░░░░░░░░░░░] [ 75/300] ( 25.0%) [W01] ✅ Integration Artist 274 - SUCCESS (0.10s)
2025-09-19 08:57:44,111 - artist_bio_gen.core.processor - INFO - [███████░░░░░░░░░░░░░░░░░░░░░░░] [ 76/300] ( 25.3%) [W02] ✅ Integration Artist 275 - SUCCESS (0.10s)
2025-09-19 08:57:44,112 - artist_bio_gen.core.processor - INFO - [███████░░░░░░░░░░░░░░░░░░░░░░░] [ 77/300] ( 25.7%) [W01] ✅ Integration Artist 276 - SUCCESS (0.10s)
2025-09-19 08:57:44,112 - artist_bio_gen.core.processor - INFO - [███████░░░░░░░░░░░░░░░░░░░░░░░] [ 78/300] ( 26.0%) [W02] ✅ Integration Artist 277 - SUCCESS (0.10s)
2025-09-19 08:57:44,112 - artist_bio_gen.core.processor - INFO - [███████░░░░░░░░░░░░░░░░░░░░░░░] [ 79/300] ( 26.3%) [W01] ✅ Integration Artist 278 - SUCCESS (0.10s)
2025-09-19 08:57:44,112 - artist_bio_gen.core.processor - INFO - [████████░░░░░░░░░░░░░░░░░░░░░░] [ 80/300] ( 26.7%) [W02] ✅ Integration Artist 279 - SUCCESS (0.10s)
2025-09-19 08:57:44,113 - artist_bio_gen.core.processor - INFO - [████████░░░░░░░░░░░░░░░░░░░░░░] [ 81/300] ( 27.0%) [W01] ✅ Integration Artist 280 - SUCCESS (0.10s)
2025-09-19 08:57:44,113 - artist_bio_gen.core.processor - INFO - [████████░░░░░░░░░░░░░░░░░░░░░░] [ 82/300] ( 27.3%) [W02] ✅ Integration Artist 281 - SUCCESS (0.10s)
2025-09-19 08:57:44,113 - artist_bio_gen.core.processor - INFO - [████████░░░░░░░░░░░░░░░░░░░░░░] [ 83/300] ( 27.7%) [W01] ✅ Integration Artist 282 - SUCCESS (0.10s)
2025-09-19 08:57:44,113 - artist_bio_gen.core.processor - INFO - [████████░░░░░░░░░░░░░░░░░░░░░░] [ 84/300] ( 28.0%) [W02] ✅ Integration Artist 283 - SUCCESS (0.10s)
2025-09-19 08:57:44,114 - artist_bio_gen.core.processor - INFO - [████████░░░░░░░░░░░░░░░░░░░░░░] [ 85/300] ( 28.3%) [W01] ✅ Integration Artist 284 - SUCCESS (0.10s)
2025-09-19 08:57:44,114 - artist_bio_gen.core.processor - INFO - [████████░░░░░░░░░░░░░░░░░░░░░░] [ 86/300] ( 28.7%) [W02] ✅ Integration Artist 285 - SUCCESS (0.10s)
2025-09-19 08:57:44,114 - artist_bio_gen.core.processor - INFO - [████████░░░░░░░░░░░░░░░░░░░░░░] [ 87/300] ( 29.0%) [W01] ✅ Integration Artist 286 - SUCCESS (0.10s)
2025-09-19 08:57:44,114 - artist_bio_gen.core.processor - INFO - [████████░░░░░░░░░░░░░░░░░░░░░░] [ 88/300] ( 29.3%) [W02] ✅ Integration Artist 287 - SUCCESS (0.10s)
2025-09-19 08:57:44,115 - artist_bio_gen.core.processor - INFO - [████████░░░░░░░░░░░░░░░░░░░░░░] [ 89/300] ( 29.7%) [W01] ✅ Integration Artist 288 - SUCCESS (0.10s)
2025-09-19 08:57:44,115 - artist_bio_gen.core.processor - INFO - [█████████░░░░░░░░░░░░░░░░░░░░░] [ 90/300] ( 30.0%) [W02] ✅ Integration Artist 289 - SUCCESS (0.10s)
2025-09-19 08:57:44,115 - artist_bio_gen.core.processor - INFO - 📊 Concurrent Progress: 90/300 artists processed (30.0%) - Rate: 11096.04 artists/sec - ETA: 0s remaining
2025-09-19 08:57:44,115 - artist_bio_gen.core.processor - INFO - [█████████░░░░░░░░░░░░░░░░░░░░░] [ 91/300] ( 30.3%) [W01] ✅ Integration Artist 290 - SUCCESS (0.10s)
2025-09-19 08:57:44,116 - artist_bio_gen.core.processor - INFO - [█████████░░░░░░░░░░░░░░░░░░░░░] [ 92/300] ( 30.7%) [W02] ✅ Integration Artist 291 - SUCCESS (0.10s)
2025-09-19 08:57:44,116 - artist_bio_gen.core.processor - INFO - [█████████░░░░░░░░░░░░░░░░░░░░░] [ 93/300] ( 31.0%) [W01] ✅ Integration Artist 292 - SUCCESS (0.10s)
2025-09-19 08:57:44,116 - artist_bio_gen.core.processor - INFO - [█████████░░░░░░░░░░░░░░░░░░░░░] [ 94/300] ( 31.3%) [W02] ✅ Integration Artist 293 - SUCCESS (0.10s)
2025-09-19 08:57:44,116 - artist_bio_gen.core.processor - INFO - [█████████░░░░░░░░░░░░░░░░░░░░░] [ 95/300] ( 31.7%) [W01] ✅ Integration Artist 294 - SUCCESS (0.10s)
2025-09-19 08:57:44,117 - artist_bio_gen.core.processor - INFO - [█████████░░░░░░░░░░░░░░░░░░░░░] [ 96/300] ( 32.0%) [W02] ✅ Integration Artist 295 - SUCCESS (0.10s)
2025-09-19 08:57:44,117 - artist_bio_gen.core.processor - INFO - [█████████░░░░░░░░░░░░░░░░░░░░░] [ 97/300] ( 32.3%) [W01] ✅ Integration Artist 296 - SUCCESS (0.10s)
2025-09-19 08:57:44,117 - artist_bio_gen.core.processor - INFO - [█████████░░░░░░░░░░░░░░░░░░░░░] [ 98/300] ( 32.7%) [W02] ✅ Integration Artist 297 - SUCCESS (0.10s)
2025-09-19 08:57:44,117 - artist_bio_gen.core.processor - INFO - [█████████░░░░░░░░░░░░░░░░░░░░░] [ 99/300] ( 33.0%) [W01] ✅ Integration Artist 298 - SUCCESS (0.10s)
2025-09-19 08:57:44,118 - artist_bio_gen.core.processor - INFO - [██████████░░░░░░░░░░░░░░░░░░░░] [100/300] ( 33.3%) [W02] ✅ Integration Artist 299 - SUCCESS (0.10s)
2025-09-19 08:57:44,118 - artist_bio_gen.core.processor - INFO - [██████████░░░░░░░░░░░░░░░░░░░░] [101/300] ( 33.7%) [W01] ✅ Integration Artist 300 - SUCCESS (0.10s)
2025-09-19 08:57:44,118 - artist_bio_gen.core.processor - INFO - [██████████░░░░░░░░░░░░░░░░░░░░] [102/300] ( 34.0%) [W02] ✅ Integration Artist 301 - SUCCESS (0.10s)
2025-09-19 08:57:44,119 - artist_bio_gen.core.processor - INFO - [██████████░░░░░░░░░░░░░░░░░░░░] [103/300] ( 34.3%) [W01] ✅ Integration Artist 302 - SUCCESS (0.10s)
2025-09-19 08:57:44,119 - artist_bio_gen.core.processor - INFO - [██████████░░░░░░░░░░░░░░░░░░░░] [104/300] ( 34.7%) [W02] ✅ Integration Artist 303 - SUCCESS (0.10s)
2025-09-19 08:57:44,119 - artist_bio_gen.core.processor - INFO - [██████████░░░░░░░░░░░░░░░░░░░░] [105/300] ( 35.0%) [W01] ✅ Integration Artist 304 - SUCCESS (0.10s)
2025-09-19 08:57:44,120 - artist_bio_gen.core.processor - INFO - [██████████░░░░░░░░░░░░░░░░░░░░] [106/300] ( 35.3%) [W02] ✅ Integration Artist 305 - SUCCESS (0.10s)
2025-09-19 08:57:44,120 - artist_bio_gen.core.processor - INFO - [██████████░░░░░░░░░░░░░░░░░░░░] [107/300] ( 35.7%) [W01] ✅ Integration Artist 306 - SUCCESS (0.10s)
2025-09-19 08:57:44,120 - artist_bio_gen.core.processor - INFO - [██████████░░░░░░░░░░░░░░░░░░░░] [108/300] ( 36.0%) [W02] ✅ Integration Artist 307 - SUCCESS (0.10s)
2025-09-19 08:57:44,120 - artist_bio_gen.core.processor - INFO - [██████████░░░░░░░░░░░░░░░░░░░░] [109/300] ( 36.3%) [W01] ✅ Integration Artist 308 - SUCCESS (0.10s)
2025-09-19 08:57:44,121 - artist_bio_gen.core.processor - INFO - [███████████░░░░░░░░░░░░░░░░░░░] [110/300] ( 36.7%) [W02] ✅ Integration Artist 309 - SUCCESS (0.10s)
2025-09-19 08:57:44,121 - artist_bio_gen.core.processor - INFO - [███████████░░░░░░░░░░░░░░░░░░░] [111/300] ( 37.0%) [W01] ✅ Integration Artist 310 - SUCCESS (0.10s)
2025-09-19 08:57:44,121 - artist_bio_gen.core.processor - INFO - [███████████░░░░░░░░░░░░░░░░░░░] [112/300] ( 37.3%) [W02] ✅ Integration Artist 311 - SUCCESS (0.10s)
2025-09-19 08:57:44,121 - artist_bio_gen.core.processor - INFO - [███████████░░░░░░░░░░░░░░░░░░░] [113/300] ( 37.7%) [W01] ✅ Integration Artist 312 - SUCCESS (0.10s)
2025-09-19 08:57:44,122 - artist_bio_gen.core.processor - INFO - [███████████░░░░░░░░░░░░░░░░░░░] [114/300] ( 38.0%) [W02] ✅ Integration Artist 313 - SUCCESS (0.10s)
2025-09-19 08:57:44,122 - artist_bio_gen.core.processor - INFO - [███████████░░░░░░░░░░░░░░░░░░░] [115/300] ( 38.3%) [W01] ✅ Integration Artist 314 - SUCCESS (0.10s)
2025-09-19 08:57:44,122 - artist_bio_gen.core.processor - INFO - [███████████░░░░░░░░░░░░░░░░░░░] [116/300] ( 38.7%) [W02] ✅ Integration Artist 315 - SUCCESS (0.10s)
2025-09-19 08:57:44,123 - artist_bio_gen.core.processor - INFO - [███████████░░░░░░░░░░░░░░░░░░░] [117/300] ( 39.0%) [W01] ✅ Integration Artist 316 - SUCCESS (0.10s)
2025-09-19 08:57:44,123 - artist_bio_gen.core.processor - INFO - [███████████░░░░░░░░░░░░░░░░░░░] [118/300] ( 39.3%) [W02] ✅ Integration Artist 317 - SUCCESS (0.10s)
2025-09-19 08:57:44,123 - artist_bio_gen.core.processor - INFO - [███████████░░░░░░░░░░░░░░░░░░░] [119/300] ( 39.7%) [W01] ✅ Integration Artist 318 - SUCCESS (0.10s)
2025-09-19 08:57:44,123 - artist_bio_gen.core.processor - INFO - [████████████░░░░░░░░░░░░░░░░░░] [120/300] ( 40.0%) [W02] ✅ Integration Artist 319 - SUCCESS (0.10s)
2025-09-19 08:57:44,124 - artist_bio_gen.core.processor - INFO - 📊 Concurrent Progress: 120/300 artists processed (40.0%) - Rate: 14321.55 artists/sec - ETA: 0s remaining
2025-09-19 08:57:44,124 - artist_bio_gen.core.processor - INFO - [████████████░░░░░░░░░░░░░░░░░░] [121/300] ( 40.3%) [W01] ✅ Integration Artist 320 - SUCCESS (0.10s)
2025-09-19 08:57:44,124 - artist_bio_gen.core.processor - INFO - [████████████░░░░░░░░░░░░░░░░░░] [122/300] ( 40.7%) [W02] ✅ Integration Artist 321 - SUCCESS (0.10s)
2025-09-19 08:57:44,124 - artist_bio_gen.core.processor - INFO - [████████████░░░░░░░░░░░░░░░░░░] [123/300] ( 41.0%) [W01] ✅ Integration Artist 322 - SUCCESS (0.10s)
2025-09-19 08:57:44,125 - artist_bio_gen.core.processor - INFO - [████████████░░░░░░░░░░░░░░░░░░] [124/300] ( 41.3%) [W02] ✅ Integration Artist 323 - SUCCESS (0.10s)
2025-09-19 08:57:44,125 - artist_bio_gen.core.processor - INFO - [████████████░░░░░░░░░░░░░░░░░░] [125/300] ( 41.7%) [W01] ✅ Integration Artist 324 - SUCCESS (0.10s)
2025-09-19 08:57:44,125 - artist_bio_gen.core.processor - INFO - [████████████░░░░░░░░░░░░░░░░░░] [126/300] ( 42.0%) [W02] ✅ Integration Artist 325 - SUCCESS (0.10s)
2025-09-19 08:57:44,125 - artist_bio_gen.core.processor - INFO - [████████████░░░░░░░░░░░░░░░░░░] [127/300] ( 42.3%) [W01] ✅ Integration Artist 326 - SUCCESS (0.10s)
2025-09-19 08:57:44,126 - artist_bio_gen.core.processor - INFO - [████████████░░░░░░░░░░░░░░░░░░] [128/300] ( 42.7%) [W02] ✅ Integration Artist 327 - SUCCESS (0.10s)
2025-09-19 08:57:44,126 - artist_bio_gen.core.processor - INFO - [████████████░░░░░░░░░░░░░░░░░░] [129/300] ( 43.0%) [W01] ✅ Integration Artist 328 - SUCCESS (0.10s)
2025-09-19 08:57:44,126 - artist_bio_gen.core.processor - INFO - [█████████████░░░░░░░░░░░░░░░░░] [130/300] ( 43.3%) [W02] ✅ Integration Artist 329 - SUCCESS (0.10s)
2025-09-19 08:57:44,126 - artist_bio_gen.core.processor - INFO - [█████████████░░░░░░░░░░░░░░░░░] [131/300] ( 43.7%) [W01] ✅ Integration Artist 330 - SUCCESS (0.10s)
2025-09-19 08:57:44,127 - artist_bio_gen.core.processor - INFO - [█████████████░░░░░░░░░░░░░░░░░] [132/300] ( 44.0%) [W02] ✅ Integration Artist 331 - SUCCESS (0.10s)
2025-09-19 08:57:44,127 - artist_bio_gen.core.processor - INFO - [█████████████░░░░░░░░░░░░░░░░░] [133/300] ( 44.3%) [W01] ✅ Integration Artist 332 - SUCCESS (0.10s)
2025-09-19 08:57:44,127 - artist_bio_gen.core.processor - INFO - [█████████████░░░░░░░░░░░░░░░░░] [134/300] ( 44.7%) [W02] ✅ Integration Artist 333 - SUCCESS (0.10s)
2025-09-19 08:57:44,127 - artist_bio_gen.core.processor - INFO - [█████████████░░░░░░░░░░░░░░░░░] [135/300] ( 45.0%) [W01] ✅ Integration Artist 334 - SUCCESS (0.10s)
2025-09-19 08:57:44,128 - artist_bio_gen.core.processor - INFO - [█████████████░░░░░░░░░░░░░░░░░] [136/300] ( 45.3%) [W02] ✅ Integration Artist 335 - SUCCESS (0.10s)
2025-09-19 08:57:44,128 - artist_bio_gen.core.processor - INFO - [█████████████░░░░░░░░░░░░░░░░░] [137/300] ( 45.7%) [W01] ✅ Integration Artist 336 - SUCCESS (0.10s)
2025-09-19 08:57:44,128 - artist_bio_gen.core.processor - INFO - [█████████████░░░░░░░░░░░░░░░░░] [138/300] ( 46.0%) [W02] ✅ Integration Artist 337 - SUCCESS (0.10s)
2025-09-19 08:57:44,128 - artist_bio_gen.core.processor - INFO - [█████████████░░░░░░░░░░░░░░░░░] [139/300] ( 46.3%) [W01] ✅ Integration Artist 338 - SUCCESS (0.10s)
2025-09-19 08:57:44,129 - artist_bio_gen.core.processor - INFO - [██████████████░░░░░░░░░░░░░░░░] [140/300] ( 46.7%) [W02] ✅ Integration Artist 339 - SUCCESS (0.10s)
2025-09-19 08:57:44,129 - artist_bio_gen.core.processor - INFO - [██████████████░░░░░░░░░░░░░░░░] [141/300] ( 47.0%) [W01] ✅ Integration Artist 340 - SUCCESS (0.10s)
2025-09-19 08:57:44,129 - artist_bio_gen.core.processor - INFO - [██████████████░░░░░░░░░░░░░░░░] [142/300] ( 47.3%) [W02] ✅ Integration Artist 341 - SUCCESS (0.10s)
2025-09-19 08:57:44,129 - artist_bio_gen.core.processor - INFO - [██████████████░░░░░░░░░░░░░░░░] [143/300] ( 47.7%) [W01] ✅ Integration Artist 342 - SUCCESS (0.10s)
2025-09-19 08:57:44,130 - artist_bio_gen.core.processor - INFO - [██████████████░░░░░░░░░░░░░░░░] [144/300] ( 48.0%) [W02] ✅ Integration Artist 343 - SUCCESS (0.10s)
2025-09-19 08:57:44,130 - artist_bio_gen.core.processor - INFO - [██████████████░░░░░░░░░░░░░░░░] [145/300] ( 48.3%) [W01] ✅ Integration Artist 344 - SUCCESS (0.10s)
2025-09-19 08:57:44,130 - artist_bio_gen.core.processor - INFO - [██████████████░░░░░░░░░░░░░░░░] [146/300] ( 48.7%) [W02] ✅ Integration Artist 345 - SUCCESS (0.10s)
2025-09-19 08:57:44,130 - artist_bio_gen.core.processor - INFO - [██████████████░░░░░░░░░░░░░░░░] [147/300] ( 49.0%) [W01] ✅ Integration Artist 346 - SUCCESS (0.10s)
2025-09-19 08:57:44,131 - artist_bio_gen.core.processor - INFO - [██████████████░░░░░░░░░░░░░░░░] [148/300] ( 49.3%) [W02] ✅ Integration Artist 347 - SUCCESS (0.10s)
2025-09-19 08:57:44,131 - artist_bio_gen.core.processor - INFO - [██████████████░░░░░░░░░░░░░░░░] [149/300] ( 49.7%) [W01] ✅ Integration Artist 348 - SUCCESS (0.10s)
2025-09-19 08:57:44,131 - artist_bio_gen.core.processor - INFO - [███████████████░░░░░░░░░░░░░░░] [150/300] ( 50.0%) [W02] ✅ Integration Artist 349 - SUCCESS (0.10s)
2025-09-19 08:57:44,131 - artist_bio_gen.core.processor - INFO - 📊 Concurrent Progress: 150/300 artists processed (50.0%) - Rate: 19260.54 artists/sec - ETA: 0s remaining
2025-09-19 08:57:44,132 - artist_bio_gen.core.processor - INFO - [███████████████░░░░░░░░░░░░░░░] [151/300] ( 50.3%) [W01] ✅ Integration Artist 350 - SUCCESS (0.10s)
2025-09-19 08:57:44,132 - artist_bio_gen.core.processor - INFO - [███████████████░░░░░░░░░░░░░░░] [152/300] ( 50.7%) [W02] ✅ Integration Artist 351 - SUCCESS (0.10s)
2025-09-19 08:57:44,132 - artist_bio_gen.core.processor - INFO - [███████████████░░░░░░░░░░░░░░░] [153/300] ( 51.0%) [W01] ✅ Integration Artist 352 - SUCCESS (0.10s)
2025-09-19 08:57:44,133 - artist_bio_gen.core.processor - INFO - [███████████████░░░░░░░░░░░░░░░] [154/300] ( 51.3%) [W02] ✅ Integration Artist 353 - SUCCESS (0.10s)
2025-09-19 08:57:44,133 - artist_bio_gen.core.processor - INFO - [███████████████░░░░░░░░░░░░░░░] [155/300] ( 51.7%) [W01] ✅ Integration Artist 354 - SUCCESS (0.10s)
2025-09-19 08:57:44,133 - artist_bio_gen.core.processor - INFO - [███████████████░░░░░░░░░░░░░░░] [156/300] ( 52.0%) [W02] ✅ Integration Artist 355 - SUCCESS (0.10s)
2025-09-19 08:57:44,133 - artist_bio_gen.core.processor - INFO - [███████████████░░░░░░░░░░░░░░░] [157/300] ( 52.3%) [W01] ✅ Integration Artist 356 - SUCCESS (0.10s)
2025-09-19 08:57:44,134 - artist_bio_gen.core.processor - INFO - [███████████████░░░░░░░░░░░░░░░] [158/300] ( 52.7%) [W02] ✅ Integration Artist 357 - SUCCESS (0.10s)
2025-09-19 08:57:44,134 - artist_bio_gen.core.processor - INFO - [███████████████░░░░░░░░░░░░░░░] [159/300] ( 53.0%) [W01] ✅ Integration Artist 358 - SUCCESS (0.10s)
2025-09-19 08:57:44,134 - artist_bio_gen.core.processor - INFO - [████████████████░░░░░░░░░░░░░░] [160/300] ( 53.3%) [W02] ✅ Integration Artist 359 - SUCCESS (0.10s)
2025-09-19 08:57:44,135 - artist_bio_gen.core.processor - INFO - [████████████████░░░░░░░░░░░░░░] [161/300] ( 53.7%) [W01] ✅ Integration Artist 360 - SUCCESS (0.10s)
2025-09-19 08:57:44,135 - artist_bio_gen.core.processor - INFO - [████████████████░░░░░░░░░░░░░░] [162/300] ( 54.0%) [W02] ✅ Integration Artist 361 - SUCCESS (0.10s)
2025-09-19 08:57:44,135 - artist_bio_gen.core.processor - INFO - [████████████████░░░░░░░░░░░░░░] [163/300] ( 54.3%) [W01] ✅ Integration Artist 362 - SUCCESS (0.10s)
2025-09-19 08:57:44,135 - artist_bio_gen.core.processor - INFO - [████████████████░░░░░░░░░░░░░░] [164/300] ( 54.7%) [W02] ✅ Integration Artist 363 - SUCCESS (0.10s)
2025-09-19 08:57:44,136 - artist_bio_gen.core.processor - INFO - [████████████████░░░░░░░░░░░░░░] [165/300] ( 55.0%) [W01] ✅ Integration Artist 364 - SUCCESS (0.10s)
2025-09-19 08:57:44,136 - artist_bio_gen.core.processor - INFO - [████████████████░░░░░░░░░░░░░░] [166/300] ( 55.3%) [W02] ✅ Integration Artist 365 - SUCCESS (0.10s)
2025-09-19 08:57:44,136 - artist_bio_gen.core.processor - INFO - [████████████████░░░░░░░░░░░░░░] [167/300] ( 55.7%) [W01] ✅ Integration Artist 366 - SUCCESS (0.10s)
Mock bio response for Integration Artist 184
Mock bio response for Integration Artist 185
Mock bio response for Integration Artist 186
Mock bio response for Integration Artist 187
Mock bio response for Integration Artist 188
Mock bio response for Integration Artist 189
Mock bio response for Integration Artist 190
Mock bio response for Integration Artist 191
Mock bio response for Integration Artist 192
Mock bio response for Integration Artist 193
Mock bio response for Integration Artist 194
Mock bio response for Integration Artist 195
Mock bio response for Integration Artist 196
Mock bio response for Integration Artist 197
Mock bio response for Integration Artist 198
Mock bio response for Integration Artist 199
Mock bio response for Integration Artist 209
Mock bio response for Integration Artist 210
Mock bio response for Integration Artist 211
Mock bio response for Integration Artist 203
Mock bio response for Integration Artist 204
Mock bio response for Integration Artist 205
Mock bio response for Integration Artist 214
Mock bio response for Integration Artist 202
Mock bio response for Integration Artist 213
Mock bio response for Integration Artist 201
Mock bio response for Integration Artist 208
Mock bio response for Integration Artist 200
Mock bio response for Integration Artist 212
Mock bio response for Integration Artist 206
Mock bio response for Integration Artist 207
Mock bio response for Integration Artist 215
Mock bio response for Integration Artist 216
Mock bio response for Integration Artist 217
Mock bio response for Integration Artist 218
Mock bio response for Integration Artist 219
Mock bio response for Integration Artist 220
Mock bio response for Integration Artist 221
Mock bio response for Integration Artist 222
Mock bio response for Integration Artist 223
Mock bio response for Integration Artist 224
Mock bio response for Integration Artist 225
Mock bio response for Integration Artist 226
Mock bio response for Integration Artist 227
Mock bio response for Integration Artist 228
Mock bio response for Integration Artist 229
Mock bio response for Integration Artist 230
Mock bio response for Integration Artist 231
Mock bio response for Integration Artist 232
Mock bio response for Integration Artist 233
Mock bio response for Integration Artist 234
Mock bio response for Integration Artist 235
Mock bio response for Integration Artist 236
Mock bio response for Integration Artist 237
Mock bio response for Integration Artist 238
Mock bio response for Integration Artist 239
Mock bio response for Integration Artist 240
Mock bio response for Integration Artist 241
Mock bio response for Integration Artist 242
Mock bio response for Integration Artist 243
Mock bio response for Integration Artist 244
Mock bio response for Integration Artist 245
Mock bio response for Integration Artist 246
Mock bio response for Integration Artist 247
Mock bio response for Integration Artist 248
Mock bio response for Integration Artist 249
Mock bio response for Integration Artist 250
Mock bio response for Integration Artist 251
Mock bio response for Integration Artist 252
Mock bio response for Integration Artist 253
Mock bio response for Integration Artist 254
Mock bio response for Integration Artist 255
Mock bio response for Integration Artist 256
Mock bio response for Integration Artist 257
Mock bio response for Integration Artist 258
Mock bio response for Integration Artist 259
Mock bio response for Integration Artist 260
Mock bio response for Integration Artist 261
Mock bio response for Integration Artist 262
Mock bio response for Integration Artist 263
Mock bio response for Integration Artist 264
Mock bio response for Integration Artist 265
Mock bio response for Integration Artist 266
Mock bio response for Integration Artist 267
Mock bio response for Integration Artist 268
Mock bio response for Integration Artist 269
Mock bio response for Integration Artist 270
Mock bio response for Integration Artist 271
Mock bio response for Integration Artist 272
Mock bio response for Integration Artist 273
Mock bio response for Integration Artist 274
Mock bio response for Integration Artist 275
Mock bio response for Integration Artist 276
Mock bio response for Integration Artist 277
Mock bio response for Integration Artist 278
Mock bio response for Integration Artist 279
Mock bio response for Integration Artist 280
Mock bio response for Integration Artist 281
Mock bio response for Integration Artist 282
Mock bio response for Integration Artist 283
Mock bio response for Integration Artist 284
Mock bio response for Integration Artist 285
Mock bio response for Integration Artist 286
Mock bio response for Integration Artist 287
Mock bio response for Integration Artist 288
Mock bio response for Integration Artist 289
Mock bio response for Integration Artist 290
Mock bio response for Integration Artist 291
Mock bio response for Integration Artist 292
Mock bio response for Integration Artist 293
Mock bio response for Integration Artist 294
Mock bio response for Integration Artist 295
Mock bio response for Integration Artist 296
Mock bio response for Integration Artist 297
Mock bio response for Integration Artist 298
Mock bio response for Integration Artist 299
Mock bio response for Integration Artist 300
Mock bio response for Integration Artist 301
Mock bio response for Integration Artist 302
Mock bio response for Integration Artist 303
Mock bio response for Integration Artist 304
Mock bio response for Integration Artist 305
Mock bio response for Integration Artist 306
Mock bio response for Integration Artist 307
Mock bio response for Integration Artist 308
Mock bio response for Integration Artist 309
Mock bio response for Integration Artist 310
Mock bio response for Integration Artist 311
Mock bio response for Integration Artist 312
Mock bio response for Integration Artist 313
Mock bio response for Integration Artist 314
Mock bio response for Integration Artist 315
Mock bio response for Integration Artist 316
Mock bio response for Integration Artist 317
Mock bio response for Integration Artist 318
Mock bio response for Integration Artist 319
Mock bio response for Integration Artist 320
Mock bio response for Integration Artist 321
Mock bio response for Integration Artist 322
Mock bio response for Integration Artist 323
Mock bio response for Integration Artist 324
Mock bio response for Integration Artist 325
Mock bio response for Integration Artist 326
Mock bio response for Integration Artist 327
Mock bio response for Integration Artist 328
Mock bio response for Integration Artist 329
Mock bio response for Integration Artist 330
Mock bio response for Integration Artist 331
Mock bio response for Integration Artist 332
Mock bio response for Integration Artist 333
Mock bio response for Integration Artist 334
Mock bio response for Integration Artist 335
Mock bio response for Integration Artist 336
Mock bio response for Integration Artist 337
Mock bio response for Integration Artist 338
Mock bio response for Integration Artist 339
Mock bio response for Integration Artist 340
Mock bio response for Integration Artist 341
Mock bio response for Integration Artist 342
Mock bio response for Integration Artist 343
Mock bio response for Integration Artist 344
Mock bio response for Integration Artist 345
Mock bio response for Integration Artist 346
Mock bio response for Integration Artist 347
Mock bio response for Integration Artist 348
Mock bio response for Integration Artist 349
Mock bio response for Integration Artist 350
Mock bio response for Integration Artist 351
Mock bio response for Integration Artist 352
Mock bio response for Integration Artist 353
Mock bio response for Integration Artist 354
Mock bio response for Integration Artist 355
Mock bio response for Integration Artist 356
Mock bio response for Integration Artist 357
Mock bio response for Integration Artist 358
Mock bio response for Integration Artist 359
Mock bio response for Integration Artist 360
Mock bio response for Integration Artist 361
Mock bio response for Integration Artist 362
Mock bio response for Integration Artist 363
Mock bio response for Integration Artist 364
Mock bio response for Integration Artist 365
2025-09-19 08:57:44,136 - artist_bio_gen.core.processor - INFO - [████████████████░░░░░░░░░░░░░░] [168/300] ( 56.0%) [W02] ✅ Integration Artist 367 - SUCCESS (0.10s)
2025-09-19 08:57:44,137 - artist_bio_gen.core.processor - INFO - [████████████████░░░░░░░░░░░░░░] [169/300] ( 56.3%) [W01] ✅ Integration Artist 368 - SUCCESS (0.10s)
2025-09-19 08:57:44,137 - artist_bio_gen.core.processor - INFO - [█████████████████░░░░░░░░░░░░░] [170/300] ( 56.7%) [W02] ✅ Integration Artist 369 - SUCCESS (0.10s)
2025-09-19 08:57:44,137 - artist_bio_gen.core.processor - INFO - [█████████████████░░░░░░░░░░░░░] [171/300] ( 57.0%) [W01] ✅ Integration Artist 370 - SUCCESS (0.10s)
2025-09-19 08:57:44,137 - artist_bio_gen.core.processor - INFO - [█████████████████░░░░░░░░░░░░░] [172/300] ( 57.3%) [W02] ✅ Integration Artist 371 - SUCCESS (0.10s)
2025-09-19 08:57:44,138 - artist_bio_gen.core.processor - INFO - [█████████████████░░░░░░░░░░░░░] [173/300] ( 57.7%) [W01] ✅ Integration Artist 372 - SUCCESS (0.10s)
2025-09-19 08:57:44,138 - artist_bio_gen.core.processor - INFO - [█████████████████░░░░░░░░░░░░░] [174/300] ( 58.0%) [W02] ✅ Integration Artist 373 - SUCCESS (0.10s)
2025-09-19 08:57:44,138 - artist_bio_gen.core.processor - INFO - [█████████████████░░░░░░░░░░░░░] [175/300] ( 58.3%) [W01] ✅ Integration Artist 374 - SUCCESS (0.10s)
2025-09-19 08:57:44,138 - artist_bio_gen.core.processor - INFO - [█████████████████░░░░░░░░░░░░░] [176/300] ( 58.7%) [W02] ✅ Integration Artist 375 - SUCCESS (0.10s)
2025-09-19 08:57:44,139 - artist_bio_gen.core.processor - INFO - [█████████████████░░░░░░░░░░░░░] [177/300] ( 59.0%) [W01] ✅ Integration Artist 376 - SUCCESS (0.10s)
2025-09-19 08:57:44,139 - artist_bio_gen.core.processor - INFO - [█████████████████░░░░░░░░░░░░░] [178/300] ( 59.3%) [W02] ✅ Integration Artist 377 - SUCCESS (0.10s)
2025-09-19 08:57:44,139 - artist_bio_gen.core.processor - INFO - [█████████████████░░░░░░░░░░░░░] [179/300] ( 59.7%) [W01] ✅ Integration Artist 378 - SUCCESS (0.10s)
2025-09-19 08:57:44,139 - artist_bio_gen.core.processor - INFO - [██████████████████░░░░░░░░░░░░] [180/300] ( 60.0%) [W02] ✅ Integration Artist 379 - SUCCESS (0.10s)
2025-09-19 08:57:44,140 - artist_bio_gen.core.processor - INFO - 📊 Concurrent Progress: 180/300 artists processed (60.0%) - Rate: 21807.47 artists/sec - ETA: 0s remaining
2025-09-19 08:57:44,140 - artist_bio_gen.core.processor - INFO - [██████████████████░░░░░░░░░░░░] [181/300] ( 60.3%) [W01] ✅ Integration Artist 380 - SUCCESS (0.10s)
2025-09-19 08:57:44,140 - artist_bio_gen.core.processor - INFO - [██████████████████░░░░░░░░░░░░] [182/300] ( 60.7%) [W02] ✅ Integration Artist 381 - SUCCESS (0.10s)
2025-09-19 08:57:44,140 - artist_bio_gen.core.processor - INFO - [██████████████████░░░░░░░░░░░░] [183/300] ( 61.0%) [W01] ✅ Integration Artist 382 - SUCCESS (0.10s)
2025-09-19 08:57:44,141 - artist_bio_gen.core.processor - INFO - [██████████████████░░░░░░░░░░░░] [184/300] ( 61.3%) [W02] ✅ Integration Artist 383 - SUCCESS (0.10s)
2025-09-19 08:57:44,141 - artist_bio_gen.core.processor - INFO - [██████████████████░░░░░░░░░░░░] [185/300] ( 61.7%) [W01] ✅ Integration Artist 384 - SUCCESS (0.10s)
2025-09-19 08:57:44,141 - artist_bio_gen.core.processor - INFO - [██████████████████░░░░░░░░░░░░] [186/300] ( 62.0%) [W02] ✅ Integration Artist 385 - SUCCESS (0.10s)
2025-09-19 08:57:44,141 - artist_bio_gen.core.processor - INFO - [██████████████████░░░░░░░░░░░░] [187/300] ( 62.3%) [W01] ✅ Integration Artist 386 - SUCCESS (0.10s)
2025-09-19 08:57:44,142 - artist_bio_gen.core.processor - INFO - [██████████████████░░░░░░░░░░░░] [188/300] ( 62.7%) [W02] ✅ Integration Artist 387 - SUCCESS (0.10s)
2025-09-19 08:57:44,142 - artist_bio_gen.core.processor - INFO - [██████████████████░░░░░░░░░░░░] [189/300] ( 63.0%) [W01] ✅ Integration Artist 388 - SUCCESS (0.10s)
2025-09-19 08:57:44,142 - artist_bio_gen.core.processor - INFO - [███████████████████░░░░░░░░░░░] [190/300] ( 63.3%) [W02] ✅ Integration Artist 389 - SUCCESS (0.10s)
2025-09-19 08:57:44,142 - artist_bio_gen.core.processor - INFO - [███████████████████░░░░░░░░░░░] [191/300] ( 63.7%) [W01] ✅ Integration Artist 390 - SUCCESS (0.10s)
2025-09-19 08:57:44,143 - artist_bio_gen.core.processor - INFO - [███████████████████░░░░░░░░░░░] [192/300] ( 64.0%) [W02] ✅ Integration Artist 391 - SUCCESS (0.10s)
2025-09-19 08:57:44,143 - artist_bio_gen.core.processor - INFO - [███████████████████░░░░░░░░░░░] [193/300] ( 64.3%) [W01] ✅ Integration Artist 392 - SUCCESS (0.10s)
2025-09-19 08:57:44,143 - artist_bio_gen.core.processor - INFO - [███████████████████░░░░░░░░░░░] [194/300] ( 64.7%) [W02] ✅ Integration Artist 393 - SUCCESS (0.10s)
2025-09-19 08:57:44,143 - artist_bio_gen.core.processor - INFO - [███████████████████░░░░░░░░░░░] [195/300] ( 65.0%) [W01] ✅ Integration Artist 394 - SUCCESS (0.10s)
2025-09-19 08:57:44,144 - artist_bio_gen.core.processor - INFO - [███████████████████░░░░░░░░░░░] [196/300] ( 65.3%) [W02] ✅ Integration Artist 395 - SUCCESS (0.10s)
2025-09-19 08:57:44,144 - artist_bio_gen.core.processor - INFO - [███████████████████░░░░░░░░░░░] [197/300] ( 65.7%) [W01] ✅ Integration Artist 396 - SUCCESS (0.10s)
2025-09-19 08:57:44,144 - artist_bio_gen.core.processor - INFO - [███████████████████░░░░░░░░░░░] [198/300] ( 66.0%) [W02] ✅ Integration Artist 397 - SUCCESS (0.10s)
2025-09-19 08:57:44,145 - artist_bio_gen.core.processor - INFO - [███████████████████░░░░░░░░░░░] [199/300] ( 66.3%) [W01] ✅ Integration Artist 398 - SUCCESS (0.10s)
2025-09-19 08:57:44,145 - artist_bio_gen.core.processor - INFO - [████████████████████░░░░░░░░░░] [200/300] ( 66.7%) [W02] ✅ Integration Artist 399 - SUCCESS (0.10s)
2025-09-19 08:57:44,145 - artist_bio_gen.core.processor - INFO - [████████████████████░░░░░░░░░░] [201/300] ( 67.0%) [W01] ✅ Integration Artist 400 - SUCCESS (0.10s)
2025-09-19 08:57:44,145 - artist_bio_gen.core.processor - INFO - [████████████████████░░░░░░░░░░] [202/300] ( 67.3%) [W02] ✅ Integration Artist 401 - SUCCESS (0.10s)
2025-09-19 08:57:44,146 - artist_bio_gen.core.processor - INFO - [████████████████████░░░░░░░░░░] [203/300] ( 67.7%) [W01] ✅ Integration Artist 402 - SUCCESS (0.10s)
2025-09-19 08:57:44,146 - artist_bio_gen.core.processor - INFO - [████████████████████░░░░░░░░░░] [204/300] ( 68.0%) [W02] ✅ Integration Artist 403 - SUCCESS (0.10s)
2025-09-19 08:57:44,146 - artist_bio_gen.core.processor - INFO - [████████████████████░░░░░░░░░░] [205/300] ( 68.3%) [W01] ✅ Integration Artist 404 - SUCCESS (0.10s)
2025-09-19 08:57:44,146 - artist_bio_gen.core.processor - INFO - [████████████████████░░░░░░░░░░] [206/300] ( 68.7%) [W02] ✅ Integration Artist 405 - SUCCESS (0.10s)
2025-09-19 08:57:44,147 - artist_bio_gen.core.processor - INFO - [████████████████████░░░░░░░░░░] [207/300] ( 69.0%) [W01] ✅ Integration Artist 406 - SUCCESS (0.10s)
2025-09-19 08:57:44,147 - artist_bio_gen.core.processor - INFO - [████████████████████░░░░░░░░░░] [208/300] ( 69.3%) [W02] ✅ Integration Artist 407 - SUCCESS (0.10s)
2025-09-19 08:57:44,147 - artist_bio_gen.core.processor - INFO - [████████████████████░░░░░░░░░░] [209/300] ( 69.7%) [W01] ✅ Integration Artist 408 - SUCCESS (0.10s)
2025-09-19 08:57:44,148 - artist_bio_gen.core.processor - INFO - [█████████████████████░░░░░░░░░] [210/300] ( 70.0%) [W02] ✅ Integration Artist 409 - SUCCESS (0.10s)
2025-09-19 08:57:44,148 - artist_bio_gen.core.processor - INFO - 📊 Concurrent Progress: 210/300 artists processed (70.0%) - Rate: 25581.71 artists/sec - ETA: 0s remaining
2025-09-19 08:57:44,148 - artist_bio_gen.core.processor - INFO - [█████████████████████░░░░░░░░░] [211/300] ( 70.3%) [W01] ✅ Integration Artist 410 - SUCCESS (0.10s)
2025-09-19 08:57:44,148 - artist_bio_gen.core.processor - INFO - [█████████████████████░░░░░░░░░] [212/300] ( 70.7%) [W02] ✅ Integration Artist 411 - SUCCESS (0.10s)
2025-09-19 08:57:44,149 - artist_bio_gen.core.processor - INFO - [█████████████████████░░░░░░░░░] [213/300] ( 71.0%) [W01] ✅ Integration Artist 412 - SUCCESS (0.10s)
2025-09-19 08:57:44,149 - artist_bio_gen.core.processor - INFO - [█████████████████████░░░░░░░░░] [214/300] ( 71.3%) [W02] ✅ Integration Artist 413 - SUCCESS (0.10s)
2025-09-19 08:57:44,149 - artist_bio_gen.core.processor - INFO - [█████████████████████░░░░░░░░░] [215/300] ( 71.7%) [W01] ✅ Integration Artist 414 - SUCCESS (0.10s)
2025-09-19 08:57:44,149 - artist_bio_gen.core.processor - INFO - [█████████████████████░░░░░░░░░] [216/300] ( 72.0%) [W02] ✅ Integration Artist 415 - SUCCESS (0.10s)
2025-09-19 08:57:44,150 - artist_bio_gen.core.processor - INFO - [█████████████████████░░░░░░░░░] [217/300] ( 72.3%) [W01] ✅ Integration Artist 416 - SUCCESS (0.10s)
2025-09-19 08:57:44,150 - artist_bio_gen.core.processor - INFO - [█████████████████████░░░░░░░░░] [218/300] ( 72.7%) [W02] ✅ Integration Artist 417 - SUCCESS (0.10s)
2025-09-19 08:57:44,150 - artist_bio_gen.core.processor - INFO - [█████████████████████░░░░░░░░░] [219/300] ( 73.0%) [W01] ✅ Integration Artist 418 - SUCCESS (0.10s)
2025-09-19 08:57:44,150 - artist_bio_gen.core.processor - INFO - [██████████████████████░░░░░░░░] [220/300] ( 73.3%) [W02] ✅ Integration Artist 419 - SUCCESS (0.10s)
2025-09-19 08:57:44,151 - artist_bio_gen.core.processor - INFO - [██████████████████████░░░░░░░░] [221/300] ( 73.7%) [W01] ✅ Integration Artist 420 - SUCCESS (0.10s)
2025-09-19 08:57:44,151 - artist_bio_gen.core.processor - INFO - [██████████████████████░░░░░░░░] [222/300] ( 74.0%) [W02] ✅ Integration Artist 421 - SUCCESS (0.10s)
2025-09-19 08:57:44,151 - artist_bio_gen.core.processor - INFO - [██████████████████████░░░░░░░░] [223/300] ( 74.3%) [W01] ✅ Integration Artist 422 - SUCCESS (0.10s)
2025-09-19 08:57:44,151 - artist_bio_gen.core.processor - INFO - [██████████████████████░░░░░░░░] [224/300] ( 74.7%) [W02] ✅ Integration Artist 423 - SUCCESS (0.10s)
2025-09-19 08:57:44,152 - artist_bio_gen.core.processor - INFO - [██████████████████████░░░░░░░░] [225/300] ( 75.0%) [W01] ✅ Integration Artist 424 - SUCCESS (0.10s)
2025-09-19 08:57:44,152 - artist_bio_gen.core.processor - INFO - [██████████████████████░░░░░░░░] [226/300] ( 75.3%) [W02] ✅ Integration Artist 425 - SUCCESS (0.10s)
2025-09-19 08:57:44,152 - artist_bio_gen.core.processor - INFO - [██████████████████████░░░░░░░░] [227/300] ( 75.7%) [W01] ✅ Integration Artist 426 - SUCCESS (0.10s)
2025-09-19 08:57:44,152 - artist_bio_gen.core.processor - INFO - [██████████████████████░░░░░░░░] [228/300] ( 76.0%) [W02] ✅ Integration Artist 427 - SUCCESS (0.10s)
2025-09-19 08:57:44,153 - artist_bio_gen.core.processor - INFO - [██████████████████████░░░░░░░░] [229/300] ( 76.3%) [W01] ✅ Integration Artist 428 - SUCCESS (0.10s)
2025-09-19 08:57:44,153 - artist_bio_gen.core.processor - INFO - [███████████████████████░░░░░░░] [230/300] ( 76.7%) [W02] ✅ Integration Artist 429 - SUCCESS (0.10s)
2025-09-19 08:57:44,153 - artist_bio_gen.core.processor - INFO - [███████████████████████░░░░░░░] [231/300] ( 77.0%) [W01] ✅ Integration Artist 430 - SUCCESS (0.10s)
2025-09-19 08:57:44,153 - artist_bio_gen.core.processor - INFO - [███████████████████████░░░░░░░] [232/300] ( 77.3%) [W02] ✅ Integration Artist 431 - SUCCESS (0.10s)
2025-09-19 08:57:44,154 - artist_bio_gen.core.processor - INFO - [███████████████████████░░░░░░░] [233/300] ( 77.7%) [W01] ✅ Integration Artist 432 - SUCCESS (0.10s)
2025-09-19 08:57:44,154 - artist_bio_gen.core.processor - INFO - [███████████████████████░░░░░░░] [234/300] ( 78.0%) [W02] ✅ Integration Artist 433 - SUCCESS (0.10s)
2025-09-19 08:57:44,154 - artist_bio_gen.core.processor - INFO - [███████████████████████░░░░░░░] [235/300] ( 78.3%) [W01] ✅ Integration Artist 434 - SUCCESS (0.10s)
2025-09-19 08:57:44,154 - artist_bio_gen.core.processor - INFO - [███████████████████████░░░░░░░] [236/300] ( 78.7%) [W02] ✅ Integration Artist 435 - SUCCESS (0.10s)
2025-09-19 08:57:44,155 - artist_bio_gen.core.processor - INFO - [███████████████████████░░░░░░░] [237/300] ( 79.0%) [W01] ✅ Integration Artist 436 - SUCCESS (0.10s)
2025-09-19 08:57:44,155 - artist_bio_gen.core.processor - INFO - [███████████████████████░░░░░░░] [238/300] ( 79.3%) [W02] ✅ Integration Artist 437 - SUCCESS (0.10s)
2025-09-19 08:57:44,155 - artist_bio_gen.core.processor - INFO - [███████████████████████░░░░░░░] [239/300] ( 79.7%) [W01] ✅ Integration Artist 438 - SUCCESS (0.10s)
2025-09-19 08:57:44,155 - artist_bio_gen.core.processor - INFO - [████████████████████████░░░░░░] [240/300] ( 80.0%) [W02] ✅ Integration Artist 439 - SUCCESS (0.10s)
2025-09-19 08:57:44,156 - artist_bio_gen.core.processor - INFO - 📊 Concurrent Progress: 240/300 artists processed (80.0%) - Rate: 30158.58 artists/sec - ETA: 0s remaining
2025-09-19 08:57:44,156 - artist_bio_gen.core.processor - INFO - [████████████████████████░░░░░░] [241/300] ( 80.3%) [W01] ✅ Integration Artist 440 - SUCCESS (0.10s)
2025-09-19 08:57:44,156 - artist_bio_gen.core.processor - INFO - [████████████████████████░░░░░░] [242/300] ( 80.7%) [W02] ✅ Integration Artist 441 - SUCCESS (0.10s)
2025-09-19 08:57:44,157 - artist_bio_gen.core.processor - INFO - [████████████████████████░░░░░░] [243/300] ( 81.0%) [W01] ✅ Integration Artist 442 - SUCCESS (0.10s)
2025-09-19 08:57:44,157 - artist_bio_gen.core.processor - INFO - [████████████████████████░░░░░░] [244/300] ( 81.3%) [W02] ✅ Integration Artist 443 - SUCCESS (0.10s)
2025-09-19 08:57:44,157 - artist_bio_gen.core.processor - INFO - [████████████████████████░░░░░░] [245/300] ( 81.7%) [W01] ✅ Integration Artist 444 - SUCCESS (0.10s)
2025-09-19 08:57:44,157 - artist_bio_gen.core.processor - INFO - [████████████████████████░░░░░░] [246/300] ( 82.0%) [W02] ✅ Integration Artist 445 - SUCCESS (0.10s)
2025-09-19 08:57:44,158 - artist_bio_gen.core.processor - INFO - [████████████████████████░░░░░░] [247/300] ( 82.3%) [W01] ✅ Integration Artist 446 - SUCCESS (0.10s)
2025-09-19 08:57:44,158 - artist_bio_gen.core.processor - INFO - [████████████████████████░░░░░░] [248/300] ( 82.7%) [W02] ✅ Integration Artist 447 - SUCCESS (0.10s)
2025-09-19 08:57:44,158 - artist_bio_gen.core.processor - INFO - [████████████████████████░░░░░░] [249/300] ( 83.0%) [W01] ✅ Integration Artist 448 - SUCCESS (0.10s)
2025-09-19 08:57:44,158 - artist_bio_gen.core.processor - INFO - [█████████████████████████░░░░░] [250/300] ( 83.3%) [W02] ✅ Integration Artist 449 - SUCCESS (0.10s)
2025-09-19 08:57:44,159 - artist_bio_gen.core.processor - INFO - [█████████████████████████░░░░░] [251/300] ( 83.7%) [W01] ✅ Integration Artist 450 - SUCCESS (0.10s)
2025-09-19 08:57:44,159 - artist_bio_gen.core.processor - INFO - [█████████████████████████░░░░░] [252/300] ( 84.0%) [W02] ✅ Integration Artist 451 - SUCCESS (0.10s)
2025-09-19 08:57:44,159 - artist_bio_gen.core.processor - INFO - [█████████████████████████░░░░░] [253/300] ( 84.3%) [W01] ✅ Integration Artist 452 - SUCCESS (0.10s)
2025-09-19 08:57:44,159 - artist_bio_gen.core.processor - INFO - [█████████████████████████░░░░░] [254/300] ( 84.7%) [W02] ✅ Integration Artist 453 - SUCCESS (0.10s)
2025-09-19 08:57:44,160 - artist_bio_gen.core.processor - INFO - [█████████████████████████░░░░░] [255/300] ( 85.0%) [W01] ✅ Integration Artist 454 - SUCCESS (0.10s)
2025-09-19 08:57:44,160 - artist_bio_gen.core.processor - INFO - [█████████████████████████░░░░░] [256/300] ( 85.3%) [W02] ✅ Integration Artist 455 - SUCCESS (0.10s)
2025-09-19 08:57:44,160 - artist_bio_gen.core.processor - INFO - [█████████████████████████░░░░░] [257/300] ( 85.7%) [W01] ✅ Integration Artist 456 - SUCCESS (0.10s)
2025-09-19 08:57:44,160 - artist_bio_gen.core.processor - INFO - [█████████████████████████░░░░░] [258/300] ( 86.0%) [W02] ✅ Integration Artist 457 - SUCCESS (0.10s)
2025-09-19 08:57:44,161 - artist_bio_gen.core.processor - INFO - [█████████████████████████░░░░░] [259/300] ( 86.3%) [W01] ✅ Integration Artist 458 - SUCCESS (0.10s)
2025-09-19 08:57:44,161 - artist_bio_gen.core.processor - INFO - [██████████████████████████░░░░] [260/300] ( 86.7%) [W02] ✅ Integration Artist 459 - SUCCESS (0.10s)
2025-09-19 08:57:44,161 - artist_bio_gen.core.processor - INFO - [██████████████████████████░░░░] [261/300] ( 87.0%) [W01] ✅ Integration Artist 460 - SUCCESS (0.10s)
2025-09-19 08:57:44,162 - artist_bio_gen.core.processor - INFO - [██████████████████████████░░░░] [262/300] ( 87.3%) [W02] ✅ Integration Artist 461 - SUCCESS (0.10s)
2025-09-19 08:57:44,162 - artist_bio_gen.core.processor - INFO - [██████████████████████████░░░░] [263/300] ( 87.7%) [W01] ✅ Integration Artist 462 - SUCCESS (0.10s)
2025-09-19 08:57:44,162 - artist_bio_gen.core.processor - INFO - [██████████████████████████░░░░] [264/300] ( 88.0%) [W02] ✅ Integration Artist 463 - SUCCESS (0.10s)
2025-09-19 08:57:44,163 - artist_bio_gen.core.processor - INFO - [██████████████████████████░░░░] [265/300] ( 88.3%) [W01] ✅ Integration Artist 464 - SUCCESS (0.10s)
2025-09-19 08:57:44,163 - artist_bio_gen.core.processor - INFO - [██████████████████████████░░░░] [266/300] ( 88.7%) [W02] ✅ Integration Artist 465 - SUCCESS (0.10s)
2025-09-19 08:57:44,163 - artist_bio_gen.core.processor - INFO - [██████████████████████████░░░░] [267/300] ( 89.0%) [W01] ✅ Integration Artist 466 - SUCCESS (0.10s)
2025-09-19 08:57:44,163 - artist_bio_gen.core.processor - INFO - [██████████████████████████░░░░] [268/300] ( 89.3%) [W02] ✅ Integration Artist 467 - SUCCESS (0.10s)
2025-09-19 08:57:44,164 - artist_bio_gen.core.processor - INFO - [██████████████████████████░░░░] [269/300] ( 89.7%) [W01] ✅ Integration Artist 468 - SUCCESS (0.10s)
2025-09-19 08:57:44,164 - artist_bio_gen.core.processor - INFO - [███████████████████████████░░░] [270/300] ( 90.0%) [W02] ✅ Integration Artist 469 - SUCCESS (0.10s)
2025-09-19 08:57:44,164 - artist_bio_gen.core.processor - INFO - 📊 Concurrent Progress: 270/300 artists processed (90.0%) - Rate: 32112.01 artists/sec - ETA: 0s remaining
2025-09-19 08:57:44,164 - artist_bio_gen.core.processor - INFO - [███████████████████████████░░░] [271/300] ( 90.3%) [W01] ✅ Integration Artist 470 - SUCCESS (0.10s)
2025-09-19 08:57:44,165 - artist_bio_gen.core.processor - INFO - [███████████████████████████░░░] [272/300] ( 90.7%) [W02] ✅ Integration Artist 471 - SUCCESS (0.10s)
2025-09-19 08:57:44,165 - artist_bio_gen.core.processor - INFO - [███████████████████████████░░░] [273/300] ( 91.0%) [W01] ✅ Integration Artist 472 - SUCCESS (0.10s)
2025-09-19 08:57:44,165 - artist_bio_gen.core.processor - INFO - [███████████████████████████░░░] [274/300] ( 91.3%) [W02] ✅ Integration Artist 473 - SUCCESS (0.10s)
2025-09-19 08:57:44,165 - artist_bio_gen.core.processor - INFO - [███████████████████████████░░░] [275/300] ( 91.7%) [W01] ✅ Integration Artist 474 - SUCCESS (0.10s)
2025-09-19 08:57:44,166 - artist_bio_gen.core.processor - INFO - [███████████████████████████░░░] [276/300] ( 92.0%) [W02] ✅ Integration Artist 475 - SUCCESS (0.10s)
2025-09-19 08:57:44,166 - artist_bio_gen.core.processor - INFO - [███████████████████████████░░░] [277/300] ( 92.3%) [W01] ✅ Integration Artist 476 - SUCCESS (0.10s)
2025-09-19 08:57:44,166 - artist_bio_gen.core.processor - INFO - [███████████████████████████░░░] [278/300] ( 92.7%) [W02] ✅ Integration Artist 477 - SUCCESS (0.10s)
2025-09-19 08:57:44,166 - artist_bio_gen.core.processor - INFO - [███████████████████████████░░░] [279/300] ( 93.0%) [W01] ✅ Integration Artist 478 - SUCCESS (0.10s)
2025-09-19 08:57:44,167 - artist_bio_gen.core.processor - INFO - [████████████████████████████░░] [280/300] ( 93.3%) [W02] ✅ Integration Artist 479 - SUCCESS (0.10s)
2025-09-19 08:57:44,167 - artist_bio_gen.core.processor - INFO - [████████████████████████████░░] [281/300] ( 93.7%) [W01] ✅ Integration Artist 480 - SUCCESS (0.10s)
2025-09-19 08:57:44,167 - artist_bio_gen.core.processor - INFO - [████████████████████████████░░] [282/300] ( 94.0%) [W02] ✅ Integration Artist 481 - SUCCESS (0.10s)
2025-09-19 08:57:44,167 - artist_bio_gen.core.processor - INFO - [████████████████████████████░░] [283/300] ( 94.3%) [W01] ✅ Integration Artist 482 - SUCCESS (0.10s)
2025-09-19 08:57:44,168 - artist_bio_gen.core.processor - INFO - [████████████████████████████░░] [284/300] ( 94.7%) [W02] ✅ Integration Artist 483 - SUCCESS (0.10s)
2025-09-19 08:57:44,168 - artist_bio_gen.core.processor - INFO - [████████████████████████████░░] [285/300] ( 95.0%) [W01] ✅ Integration Artist 484 - SUCCESS (0.10s)
2025-09-19 08:57:44,168 - artist_bio_gen.core.processor - INFO - [████████████████████████████░░] [286/300] ( 95.3%) [W02] ✅ Integration Artist 485 - SUCCESS (0.10s)
2025-09-19 08:57:44,168 - artist_bio_gen.core.processor - INFO - [████████████████████████████░░] [287/300] ( 95.7%) [W01] ✅ Integration Artist 486 - SUCCESS (0.10s)
2025-09-19 08:57:44,169 - artist_bio_gen.core.processor - INFO - [████████████████████████████░░] [288/300] ( 96.0%) [W02] ✅ Integration Artist 487 - SUCCESS (0.10s)
2025-09-19 08:57:44,169 - artist_bio_gen.core.processor - INFO - [████████████████████████████░░] [289/300] ( 96.3%) [W01] ✅ Integration Artist 488 - SUCCESS (0.10s)
2025-09-19 08:57:44,169 - artist_bio_gen.core.processor - INFO - [█████████████████████████████░] [290/300] ( 96.7%) [W02] ✅ Integration Artist 489 - SUCCESS (0.10s)
2025-09-19 08:57:44,169 - artist_bio_gen.core.processor - INFO - [█████████████████████████████░] [291/300] ( 97.0%) [W01] ✅ Integration Artist 490 - SUCCESS (0.10s)
2025-09-19 08:57:44,170 - artist_bio_gen.core.processor - INFO - [█████████████████████████████░] [292/300] ( 97.3%) [W02] ✅ Integration Artist 491 - SUCCESS (0.10s)
2025-09-19 08:57:44,170 - artist_bio_gen.core.processor - INFO - [█████████████████████████████░] [293/300] ( 97.7%) [W01] ✅ Integration Artist 492 - SUCCESS (0.10s)
2025-09-19 08:57:44,170 - artist_bio_gen.core.processor - INFO - [█████████████████████████████░] [294/300] ( 98.0%) [W02] ✅ Integration Artist 493 - SUCCESS (0.10s)
2025-09-19 08:57:44,170 - artist_bio_gen.core.processor - INFO - [█████████████████████████████░] [295/300] ( 98.3%) [W01] ✅ Integration Artist 494 - SUCCESS (0.10s)
2025-09-19 08:57:44,171 - artist_bio_gen.core.processor - INFO - [█████████████████████████████░] [296/300] ( 98.7%) [W02] ✅ Integration Artist 495 - SUCCESS (0.10s)
2025-09-19 08:57:44,171 - artist_bio_gen.core.processor - INFO - [█████████████████████████████░] [297/300] ( 99.0%) [W01] ✅ Integration Artist 496 - SUCCESS (0.10s)
2025-09-19 08:57:44,171 - artist_bio_gen.core.processor - INFO - [█████████████████████████████░] [298/300] ( 99.3%) [W02] ✅ Integration Artist 497 - SUCCESS (0.10s)
2025-09-19 08:57:44,171 - artist_bio_gen.core.processor - INFO - [█████████████████████████████░] [299/300] ( 99.7%) [W01] ✅ Integration Artist 498 - SUCCESS (0.10s)
2025-09-19 08:57:44,172 - artist_bio_gen.core.processor - INFO - [██████████████████████████████] [300/300] (100.0%) [W02] ✅ Integration Artist 499 - SUCCESS (0.10s)
2025-09-19 08:57:44,172 - artist_bio_gen.core.processor - INFO - 📊 Concurrent Progress: 300/300 artists processed (100.0%) - Rate: 38744.07 artists/sec - ETA: 0s remaining
2025-09-19 08:57:44,172 - artist_bio_gen.core.processor - INFO - Concurrent processing completed: 300 successful, 0 failed
2025-09-19 08:57:44,175 - artist_bio_gen.core.output - INFO - Found 500 successfully processed artists in /var/folders/8h/pr431kds2h34yqt94fmlf58r0000gn/T/tmprno0u8k3.jsonl
Mock bio response for Integration Artist 366
Mock bio response for Integration Artist 367
Mock bio response for Integration Artist 368
Mock bio response for Integration Artist 369
Mock bio response for Integration Artist 370
Mock bio response for Integration Artist 371
Mock bio response for Integration Artist 372
Mock bio response for Integration Artist 373
Mock bio response for Integration Artist 374
Mock bio response for Integration Artist 375
Mock bio response for Integration Artist 376
Mock bio response for Integration Artist 377
Mock bio response for Integration Artist 378
Mock bio response for Integration Artist 379
Mock bio response for Integration Artist 380
Mock bio response for Integration Artist 381
Mock bio response for Integration Artist 382
Mock bio response for Integration Artist 383
Mock bio response for Integration Artist 384
Mock bio response for Integration Artist 385
Mock bio response for Integration Artist 386
Mock bio response for Integration Artist 387
Mock bio response for Integration Artist 388
Mock bio response for Integration Artist 389
Mock bio response for Integration Artist 390
Mock bio response for Integration Artist 391
Mock bio response for Integration Artist 392
Mock bio response for Integration Artist 393
Mock bio response for Integration Artist 394
Mock bio response for Integration Artist 395
Mock bio response for Integration Artist 396
Mock bio response for Integration Artist 397
Mock bio response for Integration Artist 398
Mock bio response for Integration Artist 399
Mock bio response for Integration Artist 400
Mock bio response for Integration Artist 401
Mock bio response for Integration Artist 402
Mock bio response for Integration Artist 403
Mock bio response for Integration Artist 404
Mock bio response for Integration Artist 405
Mock bio response for Integration Artist 406
Mock bio response for Integration Artist 407
Mock bio response for Integration Artist 408
Mock bio response for Integration Artist 409
Mock bio response for Integration Artist 410
Mock bio response for Integration Artist 411
Mock bio response for Integration Artist 412
Mock bio response for Integration Artist 413
Mock bio response for Integration Artist 414
Mock bio response for Integration Artist 415
Mock bio response for Integration Artist 416
Mock bio response for Integration Artist 417
Mock bio response for Integration Artist 418
Mock bio response for Integration Artist 419
Mock bio response for Integration Artist 420
Mock bio response for Integration Artist 421
Mock bio response for Integration Artist 422
Mock bio response for Integration Artist 423
Mock bio response for Integration Artist 424
Mock bio response for Integration Artist 425
Mock bio response for Integration Artist 426
Mock bio response for Integration Artist 427
Mock bio response for Integration Artist 428
Mock bio response for Integration Artist 429
Mock bio response for Integration Artist 430
Mock bio response for Integration Artist 431
Mock bio response for Integration Artist 432
Mock bio response for Integration Artist 433
Mock bio response for Integration Artist 434
Mock bio response for Integration Artist 435
Mock bio response for Integration Artist 436
Mock bio response for Integration Artist 437
Mock bio response for Integration Artist 438
Mock bio response for Integration Artist 439
Mock bio response for Integration Artist 440
Mock bio response for Integration Artist 441
Mock bio response for Integration Artist 442
Mock bio response for Integration Artist 443
Mock bio response for Integration Artist 444
Mock bio response for Integration Artist 445
Mock bio response for Integration Artist 446
Mock bio response for Integration Artist 447
Mock bio response for Integration Artist 448
Mock bio response for Integration Artist 449
Mock bio response for Integration Artist 450
Mock bio response for Integration Artist 451
Mock bio response for Integration Artist 452
Mock bio response for Integration Artist 453
Mock bio response for Integration Artist 454
Mock bio response for Integration Artist 455
Mock bio response for Integration Artist 456
Mock bio response for Integration Artist 457
Mock bio response for Integration Artist 458
Mock bio response for Integration Artist 459
Mock bio response for Integration Artist 460
Mock bio response for Integration Artist 461
Mock bio response for Integration Artist 462
Mock bio response for Integration Artist 463
Mock bio response for Integration Artist 464
Mock bio response for Integration Artist 465
Mock bio response for Integration Artist 466
Mock bio response for Integration Artist 467
Mock bio response for Integration Artist 468
Mock bio response for Integration Artist 469
Mock bio response for Integration Artist 470
Mock bio response for Integration Artist 471
Mock bio response for Integration Artist 472
Mock bio response for Integration Artist 473
Mock bio response for Integration Artist 474
Mock bio response for Integration Artist 475
Mock bio response for Integration Artist 476
Mock bio response for Integration Artist 477
Mock bio response for Integration Artist 478
Mock bio response for Integration Artist 479
Mock bio response for Integration Artist 480
Mock bio response for Integration Artist 481
Mock bio response for Integration Artist 482
Mock bio response for Integration Artist 483
Mock bio response for Integration Artist 484
Mock bio response for Integration Artist 485
Mock bio response for Integration Artist 486
Mock bio response for Integration Artist 487
Mock bio response for Integration Artist 488
Mock bio response for Integration Artist 489
Mock bio response for Integration Artist 490
Mock bio response for Integration Artist 491
Mock bio response for Integration Artist 492
Mock bio response for Integration Artist 493
Mock bio response for Integration Artist 494
Mock bio response for Integration Artist 495
Mock bio response for Integration Artist 496
Mock bio response for Integration Artist 497
Mock bio response for Integration Artist 498
Mock bio response for Integration Artist 499
ok
test_streaming_with_mixed_success_failure (tests.integration.test_streaming_integration.TestStreamingIntegration)
Test streaming integration with mixed success and failure responses. ... 2025-09-19 08:57:44,176 - artist_bio_gen.core.parser - INFO - Parsed 100 artists from /var/folders/8h/pr431kds2h34yqt94fmlf58r0000gn/T/tmp9msu_4wa.csv
2025-09-19 08:57:44,177 - artist_bio_gen.core.parser - INFO - Skipped 2 comment/blank/header lines
2025-09-19 08:57:44,177 - artist_bio_gen.core.output - INFO - Initialized JSONL output file: /var/folders/8h/pr431kds2h34yqt94fmlf58r0000gn/T/tmpfzq2d6wy.jsonl
2025-09-19 08:57:44,177 - artist_bio_gen.core.processor - INFO - Initialized streaming JSONL output: /var/folders/8h/pr431kds2h34yqt94fmlf58r0000gn/T/tmpfzq2d6wy.jsonl
2025-09-19 08:57:44,178 - artist_bio_gen.api.quota - INFO - QuotaMonitor initialized: daily_limit=None, threshold=0.8
2025-09-19 08:57:44,178 - artist_bio_gen.core.processor - INFO - Quota monitoring enabled: daily_limit=None, threshold=0.8
2025-09-19 08:57:44,178 - artist_bio_gen.core.processor - INFO - Starting concurrent processing with 2 workers
2025-09-19 08:57:44,180 - artist_bio_gen.core.processor - INFO - [░░░░░░░░░░░░░░░░░░░░░░░░░░░░░░] [  1/100] (  1.0%) [W01] ✅ Integration Artist 0 - SUCCESS (0.10s)
2025-09-19 08:57:44,181 - artist_bio_gen.core.processor - INFO - [░░░░░░░░░░░░░░░░░░░░░░░░░░░░░░] [  2/100] (  2.0%) [W02] ✅ Integration Artist 1 - SUCCESS (0.10s)
2025-09-19 08:57:44,181 - artist_bio_gen.core.processor - INFO - [░░░░░░░░░░░░░░░░░░░░░░░░░░░░░░] [  3/100] (  3.0%) [W01] ✅ Integration Artist 2 - SUCCESS (0.10s)
2025-09-19 08:57:44,181 - artist_bio_gen.core.processor - INFO - [█░░░░░░░░░░░░░░░░░░░░░░░░░░░░░] [  4/100] (  4.0%) [W02] ✅ Integration Artist 3 - SUCCESS (0.10s)
2025-09-19 08:57:44,182 - artist_bio_gen.core.processor - INFO - [█░░░░░░░░░░░░░░░░░░░░░░░░░░░░░] [  5/100] (  5.0%) [W01] ❌ Integration Artist 4 - FAILED (0.05s)
2025-09-19 08:57:44,182 - artist_bio_gen.core.processor - INFO - [█░░░░░░░░░░░░░░░░░░░░░░░░░░░░░] [  6/100] (  6.0%) [W02] ✅ Integration Artist 5 - SUCCESS (0.10s)
2025-09-19 08:57:44,182 - artist_bio_gen.core.processor - INFO - [██░░░░░░░░░░░░░░░░░░░░░░░░░░░░] [  7/100] (  7.0%) [W01] ✅ Integration Artist 6 - SUCCESS (0.10s)
2025-09-19 08:57:44,182 - artist_bio_gen.core.processor - INFO - [██░░░░░░░░░░░░░░░░░░░░░░░░░░░░] [  8/100] (  8.0%) [W02] ✅ Integration Artist 7 - SUCCESS (0.10s)
2025-09-19 08:57:44,183 - artist_bio_gen.core.processor - INFO - [██░░░░░░░░░░░░░░░░░░░░░░░░░░░░] [  9/100] (  9.0%) [W01] ✅ Integration Artist 8 - SUCCESS (0.10s)
2025-09-19 08:57:44,183 - artist_bio_gen.core.processor - INFO - [███░░░░░░░░░░░░░░░░░░░░░░░░░░░] [ 10/100] ( 10.0%) [W02] ❌ Integration Artist 9 - FAILED (0.05s)
2025-09-19 08:57:44,183 - artist_bio_gen.core.processor - INFO - 📊 Concurrent Progress: 10/100 artists processed (10.0%) - Rate: 2102.51 artists/sec - ETA: 0s remaining
2025-09-19 08:57:44,183 - artist_bio_gen.core.processor - INFO - [███░░░░░░░░░░░░░░░░░░░░░░░░░░░] [ 11/100] ( 11.0%) [W01] ✅ Integration Artist 10 - SUCCESS (0.10s)
2025-09-19 08:57:44,184 - artist_bio_gen.core.processor - INFO - [███░░░░░░░░░░░░░░░░░░░░░░░░░░░] [ 12/100] ( 12.0%) [W02] ✅ Integration Artist 11 - SUCCESS (0.10s)
2025-09-19 08:57:44,184 - artist_bio_gen.core.processor - INFO - [███░░░░░░░░░░░░░░░░░░░░░░░░░░░] [ 13/100] ( 13.0%) [W01] ✅ Integration Artist 12 - SUCCESS (0.10s)
2025-09-19 08:57:44,184 - artist_bio_gen.core.processor - INFO - [████░░░░░░░░░░░░░░░░░░░░░░░░░░] [ 14/100] ( 14.0%) [W02] ✅ Integration Artist 13 - SUCCESS (0.10s)
2025-09-19 08:57:44,184 - artist_bio_gen.core.processor - INFO - [████░░░░░░░░░░░░░░░░░░░░░░░░░░] [ 15/100] ( 15.0%) [W01] ❌ Integration Artist 14 - FAILED (0.05s)
2025-09-19 08:57:44,185 - artist_bio_gen.core.processor - INFO - [████░░░░░░░░░░░░░░░░░░░░░░░░░░] [ 16/100] ( 16.0%) [W02] ✅ Integration Artist 15 - SUCCESS (0.10s)
2025-09-19 08:57:44,185 - artist_bio_gen.core.processor - INFO - [█████░░░░░░░░░░░░░░░░░░░░░░░░░] [ 17/100] ( 17.0%) [W01] ✅ Integration Artist 16 - SUCCESS (0.10s)
2025-09-19 08:57:44,185 - artist_bio_gen.core.processor - INFO - [█████░░░░░░░░░░░░░░░░░░░░░░░░░] [ 18/100] ( 18.0%) [W02] ✅ Integration Artist 17 - SUCCESS (0.10s)
2025-09-19 08:57:44,185 - artist_bio_gen.core.processor - INFO - [█████░░░░░░░░░░░░░░░░░░░░░░░░░] [ 19/100] ( 19.0%) [W01] ✅ Integration Artist 18 - SUCCESS (0.10s)
2025-09-19 08:57:44,186 - artist_bio_gen.core.processor - INFO - [██████░░░░░░░░░░░░░░░░░░░░░░░░] [ 20/100] ( 20.0%) [W02] ❌ Integration Artist 19 - FAILED (0.05s)
2025-09-19 08:57:44,186 - artist_bio_gen.core.processor - INFO - 📊 Concurrent Progress: 20/100 artists processed (20.0%) - Rate: 7451.90 artists/sec - ETA: 0s remaining
2025-09-19 08:57:44,186 - artist_bio_gen.core.processor - INFO - [██████░░░░░░░░░░░░░░░░░░░░░░░░] [ 21/100] ( 21.0%) [W01] ✅ Integration Artist 20 - SUCCESS (0.10s)
2025-09-19 08:57:44,186 - artist_bio_gen.core.processor - INFO - [██████░░░░░░░░░░░░░░░░░░░░░░░░] [ 22/100] ( 22.0%) [W02] ✅ Integration Artist 21 - SUCCESS (0.10s)
2025-09-19 08:57:44,187 - artist_bio_gen.core.processor - INFO - [██████░░░░░░░░░░░░░░░░░░░░░░░░] [ 23/100] ( 23.0%) [W01] ✅ Integration Artist 22 - SUCCESS (0.10s)
2025-09-19 08:57:44,187 - artist_bio_gen.core.processor - INFO - [███████░░░░░░░░░░░░░░░░░░░░░░░] [ 24/100] ( 24.0%) [W02] ✅ Integration Artist 23 - SUCCESS (0.10s)
2025-09-19 08:57:44,187 - artist_bio_gen.core.processor - INFO - [███████░░░░░░░░░░░░░░░░░░░░░░░] [ 25/100] ( 25.0%) [W01] ❌ Integration Artist 24 - FAILED (0.05s)
2025-09-19 08:57:44,187 - artist_bio_gen.core.processor - INFO - [███████░░░░░░░░░░░░░░░░░░░░░░░] [ 26/100] ( 26.0%) [W02] ✅ Integration Artist 25 - SUCCESS (0.10s)
2025-09-19 08:57:44,188 - artist_bio_gen.core.processor - INFO - [████████░░░░░░░░░░░░░░░░░░░░░░] [ 27/100] ( 27.0%) [W01] ✅ Integration Artist 26 - SUCCESS (0.10s)
2025-09-19 08:57:44,188 - artist_bio_gen.core.processor - INFO - [████████░░░░░░░░░░░░░░░░░░░░░░] [ 28/100] ( 28.0%) [W02] ✅ Integration Artist 27 - SUCCESS (0.10s)
2025-09-19 08:57:44,188 - artist_bio_gen.core.processor - INFO - [████████░░░░░░░░░░░░░░░░░░░░░░] [ 29/100] ( 29.0%) [W01] ✅ Integration Artist 28 - SUCCESS (0.10s)
2025-09-19 08:57:44,188 - artist_bio_gen.core.processor - INFO - [█████████░░░░░░░░░░░░░░░░░░░░░] [ 30/100] ( 30.0%) [W02] ❌ Integration Artist 29 - FAILED (0.05s)
2025-09-19 08:57:44,188 - artist_bio_gen.core.processor - INFO - 📊 Concurrent Progress: 30/100 artists processed (30.0%) - Rate: 10953.09 artists/sec - ETA: 0s remaining
2025-09-19 08:57:44,189 - artist_bio_gen.core.processor - INFO - [█████████░░░░░░░░░░░░░░░░░░░░░] [ 31/100] ( 31.0%) [W01] ✅ Integration Artist 30 - SUCCESS (0.10s)
2025-09-19 08:57:44,189 - artist_bio_gen.core.processor - INFO - [█████████░░░░░░░░░░░░░░░░░░░░░] [ 32/100] ( 32.0%) [W02] ✅ Integration Artist 31 - SUCCESS (0.10s)
2025-09-19 08:57:44,189 - artist_bio_gen.core.processor - INFO - [█████████░░░░░░░░░░░░░░░░░░░░░] [ 33/100] ( 33.0%) [W01] ✅ Integration Artist 32 - SUCCESS (0.10s)
2025-09-19 08:57:44,189 - artist_bio_gen.core.processor - INFO - [██████████░░░░░░░░░░░░░░░░░░░░] [ 34/100] ( 34.0%) [W02] ✅ Integration Artist 33 - SUCCESS (0.10s)
2025-09-19 08:57:44,190 - artist_bio_gen.core.processor - INFO - [██████████░░░░░░░░░░░░░░░░░░░░] [ 35/100] ( 35.0%) [W01] ❌ Integration Artist 34 - FAILED (0.05s)
2025-09-19 08:57:44,190 - artist_bio_gen.core.processor - INFO - [██████████░░░░░░░░░░░░░░░░░░░░] [ 36/100] ( 36.0%) [W02] ✅ Integration Artist 35 - SUCCESS (0.10s)
2025-09-19 08:57:44,190 - artist_bio_gen.core.processor - INFO - [███████████░░░░░░░░░░░░░░░░░░░] [ 37/100] ( 37.0%) [W01] ✅ Integration Artist 36 - SUCCESS (0.10s)
2025-09-19 08:57:44,191 - artist_bio_gen.core.processor - INFO - [███████████░░░░░░░░░░░░░░░░░░░] [ 38/100] ( 38.0%) [W02] ✅ Integration Artist 37 - SUCCESS (0.10s)
2025-09-19 08:57:44,191 - artist_bio_gen.core.processor - INFO - [███████████░░░░░░░░░░░░░░░░░░░] [ 39/100] ( 39.0%) [W01] ✅ Integration Artist 38 - SUCCESS (0.10s)
2025-09-19 08:57:44,191 - artist_bio_gen.core.processor - INFO - [████████████░░░░░░░░░░░░░░░░░░] [ 40/100] ( 40.0%) [W02] ❌ Integration Artist 39 - FAILED (0.05s)
2025-09-19 08:57:44,191 - artist_bio_gen.core.processor - INFO - 📊 Concurrent Progress: 40/100 artists processed (40.0%) - Rate: 13678.94 artists/sec - ETA: 0s remaining
2025-09-19 08:57:44,192 - artist_bio_gen.core.processor - INFO - [████████████░░░░░░░░░░░░░░░░░░] [ 41/100] ( 41.0%) [W01] ✅ Integration Artist 40 - SUCCESS (0.10s)
2025-09-19 08:57:44,192 - artist_bio_gen.core.processor - INFO - [████████████░░░░░░░░░░░░░░░░░░] [ 42/100] ( 42.0%) [W02] ✅ Integration Artist 41 - SUCCESS (0.10s)
2025-09-19 08:57:44,192 - artist_bio_gen.core.processor - INFO - [████████████░░░░░░░░░░░░░░░░░░] [ 43/100] ( 43.0%) [W01] ✅ Integration Artist 42 - SUCCESS (0.10s)
2025-09-19 08:57:44,192 - artist_bio_gen.core.processor - INFO - [█████████████░░░░░░░░░░░░░░░░░] [ 44/100] ( 44.0%) [W02] ✅ Integration Artist 43 - SUCCESS (0.10s)
2025-09-19 08:57:44,193 - artist_bio_gen.core.processor - INFO - [█████████████░░░░░░░░░░░░░░░░░] [ 45/100] ( 45.0%) [W01] ❌ Integration Artist 44 - FAILED (0.05s)
2025-09-19 08:57:44,193 - artist_bio_gen.core.processor - INFO - [█████████████░░░░░░░░░░░░░░░░░] [ 46/100] ( 46.0%) [W02] ✅ Integration Artist 45 - SUCCESS (0.10s)
2025-09-19 08:57:44,193 - artist_bio_gen.core.processor - INFO - [██████████████░░░░░░░░░░░░░░░░] [ 47/100] ( 47.0%) [W01] ✅ Integration Artist 46 - SUCCESS (0.10s)
2025-09-19 08:57:44,193 - artist_bio_gen.core.processor - INFO - [██████████████░░░░░░░░░░░░░░░░] [ 48/100] ( 48.0%) [W02] ✅ Integration Artist 47 - SUCCESS (0.10s)
2025-09-19 08:57:44,194 - artist_bio_gen.core.processor - INFO - [██████████████░░░░░░░░░░░░░░░░] [ 49/100] ( 49.0%) [W01] ✅ Integration Artist 48 - SUCCESS (0.10s)
2025-09-19 08:57:44,194 - artist_bio_gen.core.processor - INFO - [███████████████░░░░░░░░░░░░░░░] [ 50/100] ( 50.0%) [W02] ❌ Integration Artist 49 - FAILED (0.05s)
2025-09-19 08:57:44,194 - artist_bio_gen.core.processor - INFO - 📊 Concurrent Progress: 50/100 artists processed (50.0%) - Rate: 18141.45 artists/sec - ETA: 0s remaining
2025-09-19 08:57:44,194 - artist_bio_gen.core.processor - INFO - [███████████████░░░░░░░░░░░░░░░] [ 51/100] ( 51.0%) [W01] ✅ Integration Artist 50 - SUCCESS (0.10s)
2025-09-19 08:57:44,195 - artist_bio_gen.core.processor - INFO - [███████████████░░░░░░░░░░░░░░░] [ 52/100] ( 52.0%) [W02] ✅ Integration Artist 51 - SUCCESS (0.10s)
2025-09-19 08:57:44,195 - artist_bio_gen.core.processor - INFO - [███████████████░░░░░░░░░░░░░░░] [ 53/100] ( 53.0%) [W01] ✅ Integration Artist 52 - SUCCESS (0.10s)
2025-09-19 08:57:44,195 - artist_bio_gen.core.processor - INFO - [████████████████░░░░░░░░░░░░░░] [ 54/100] ( 54.0%) [W02] ✅ Integration Artist 53 - SUCCESS (0.10s)
2025-09-19 08:57:44,195 - artist_bio_gen.core.processor - INFO - [████████████████░░░░░░░░░░░░░░] [ 55/100] ( 55.0%) [W01] ❌ Integration Artist 54 - FAILED (0.05s)
2025-09-19 08:57:44,196 - artist_bio_gen.core.processor - INFO - [████████████████░░░░░░░░░░░░░░] [ 56/100] ( 56.0%) [W02] ✅ Integration Artist 55 - SUCCESS (0.10s)
2025-09-19 08:57:44,196 - artist_bio_gen.core.processor - INFO - [█████████████████░░░░░░░░░░░░░] [ 57/100] ( 57.0%) [W01] ✅ Integration Artist 56 - SUCCESS (0.10s)
2025-09-19 08:57:44,196 - artist_bio_gen.core.processor - INFO - [█████████████████░░░░░░░░░░░░░] [ 58/100] ( 58.0%) [W02] ✅ Integration Artist 57 - SUCCESS (0.10s)
2025-09-19 08:57:44,196 - artist_bio_gen.core.processor - INFO - [█████████████████░░░░░░░░░░░░░] [ 59/100] ( 59.0%) [W01] ✅ Integration Artist 58 - SUCCESS (0.10s)
2025-09-19 08:57:44,197 - artist_bio_gen.core.processor - INFO - [██████████████████░░░░░░░░░░░░] [ 60/100] ( 60.0%) [W02] ❌ Integration Artist 59 - FAILED (0.05s)
2025-09-19 08:57:44,197 - artist_bio_gen.core.processor - INFO - 📊 Concurrent Progress: 60/100 artists processed (60.0%) - Rate: 21179.79 artists/sec - ETA: 0s remaining
2025-09-19 08:57:44,197 - artist_bio_gen.core.processor - INFO - [██████████████████░░░░░░░░░░░░] [ 61/100] ( 61.0%) [W01] ✅ Integration Artist 60 - SUCCESS (0.10s)
2025-09-19 08:57:44,198 - artist_bio_gen.core.processor - INFO - [██████████████████░░░░░░░░░░░░] [ 62/100] ( 62.0%) [W02] ✅ Integration Artist 61 - SUCCESS (0.10s)
2025-09-19 08:57:44,198 - artist_bio_gen.core.processor - INFO - [██████████████████░░░░░░░░░░░░] [ 63/100] ( 63.0%) [W01] ✅ Integration Artist 62 - SUCCESS (0.10s)
2025-09-19 08:57:44,198 - artist_bio_gen.core.processor - INFO - [███████████████████░░░░░░░░░░░] [ 64/100] ( 64.0%) [W02] ✅ Integration Artist 63 - SUCCESS (0.10s)
2025-09-19 08:57:44,198 - artist_bio_gen.core.processor - INFO - [███████████████████░░░░░░░░░░░] [ 65/100] ( 65.0%) [W01] ❌ Integration Artist 64 - FAILED (0.05s)
2025-09-19 08:57:44,199 - artist_bio_gen.core.processor - INFO - [███████████████████░░░░░░░░░░░] [ 66/100] ( 66.0%) [W02] ✅ Integration Artist 65 - SUCCESS (0.10s)
2025-09-19 08:57:44,199 - artist_bio_gen.core.processor - INFO - [████████████████████░░░░░░░░░░] [ 67/100] ( 67.0%) [W01] ✅ Integration Artist 66 - SUCCESS (0.10s)
2025-09-19 08:57:44,199 - artist_bio_gen.core.processor - INFO - [████████████████████░░░░░░░░░░] [ 68/100] ( 68.0%) [W02] ✅ Integration Artist 67 - SUCCESS (0.10s)
2025-09-19 08:57:44,199 - artist_bio_gen.core.processor - INFO - [████████████████████░░░░░░░░░░] [ 69/100] ( 69.0%) [W01] ✅ Integration Artist 68 - SUCCESS (0.10s)
2025-09-19 08:57:44,200 - artist_bio_gen.core.processor - INFO - [█████████████████████░░░░░░░░░] [ 70/100] ( 70.0%) [W02] ❌ Integration Artist 69 - FAILED (0.05s)
2025-09-19 08:57:44,200 - artist_bio_gen.core.processor - INFO - 📊 Concurrent Progress: 70/100 artists processed (70.0%) - Rate: 25686.90 artists/sec - ETA: 0s remaining
2025-09-19 08:57:44,200 - artist_bio_gen.core.processor - INFO - [█████████████████████░░░░░░░░░] [ 71/100] ( 71.0%) [W01] ✅ Integration Artist 70 - SUCCESS (0.10s)
2025-09-19 08:57:44,200 - artist_bio_gen.core.processor - INFO - [█████████████████████░░░░░░░░░] [ 72/100] ( 72.0%) [W02] ✅ Integration Artist 71 - SUCCESS (0.10s)
2025-09-19 08:57:44,201 - artist_bio_gen.core.processor - INFO - [█████████████████████░░░░░░░░░] [ 73/100] ( 73.0%) [W01] ✅ Integration Artist 72 - SUCCESS (0.10s)
2025-09-19 08:57:44,201 - artist_bio_gen.core.processor - INFO - [██████████████████████░░░░░░░░] [ 74/100] ( 74.0%) [W02] ✅ Integration Artist 73 - SUCCESS (0.10s)
2025-09-19 08:57:44,201 - artist_bio_gen.core.processor - INFO - [██████████████████████░░░░░░░░] [ 75/100] ( 75.0%) [W01] ❌ Integration Artist 74 - FAILED (0.05s)
2025-09-19 08:57:44,202 - artist_bio_gen.core.processor - INFO - [██████████████████████░░░░░░░░] [ 76/100] ( 76.0%) [W02] ✅ Integration Artist 75 - SUCCESS (0.10s)
2025-09-19 08:57:44,202 - artist_bio_gen.core.processor - INFO - [███████████████████████░░░░░░░] [ 77/100] ( 77.0%) [W01] ✅ Integration Artist 76 - SUCCESS (0.10s)
2025-09-19 08:57:44,202 - artist_bio_gen.core.processor - INFO - [███████████████████████░░░░░░░] [ 78/100] ( 78.0%) [W02] ✅ Integration Artist 77 - SUCCESS (0.10s)
2025-09-19 08:57:44,202 - artist_bio_gen.core.processor - INFO - [███████████████████████░░░░░░░] [ 79/100] ( 79.0%) [W01] ✅ Integration Artist 78 - SUCCESS (0.10s)
2025-09-19 08:57:44,203 - artist_bio_gen.core.processor - INFO - [████████████████████████░░░░░░] [ 80/100] ( 80.0%) [W02] ❌ Integration Artist 79 - FAILED (0.05s)
2025-09-19 08:57:44,203 - artist_bio_gen.core.processor - INFO - 📊 Concurrent Progress: 80/100 artists processed (80.0%) - Rate: 25454.74 artists/sec - ETA: 0s remaining
2025-09-19 08:57:44,203 - artist_bio_gen.core.processor - INFO - [████████████████████████░░░░░░] [ 81/100] ( 81.0%) [W01] ✅ Integration Artist 80 - SUCCESS (0.10s)
2025-09-19 08:57:44,203 - artist_bio_gen.core.processor - INFO - [████████████████████████░░░░░░] [ 82/100] ( 82.0%) [W02] ✅ Integration Artist 81 - SUCCESS (0.10s)
2025-09-19 08:57:44,204 - artist_bio_gen.core.processor - INFO - [████████████████████████░░░░░░] [ 83/100] ( 83.0%) [W01] ✅ Integration Artist 82 - SUCCESS (0.10s)
2025-09-19 08:57:44,204 - artist_bio_gen.core.processor - INFO - [█████████████████████████░░░░░] [ 84/100] ( 84.0%) [W02] ✅ Integration Artist 83 - SUCCESS (0.10s)
2025-09-19 08:57:44,204 - artist_bio_gen.core.processor - INFO - [█████████████████████████░░░░░] [ 85/100] ( 85.0%) [W01] ❌ Integration Artist 84 - FAILED (0.05s)
2025-09-19 08:57:44,204 - artist_bio_gen.core.processor - INFO - [█████████████████████████░░░░░] [ 86/100] ( 86.0%) [W02] ✅ Integration Artist 85 - SUCCESS (0.10s)
2025-09-19 08:57:44,205 - artist_bio_gen.core.processor - INFO - [██████████████████████████░░░░] [ 87/100] ( 87.0%) [W01] ✅ Integration Artist 86 - SUCCESS (0.10s)
2025-09-19 08:57:44,205 - artist_bio_gen.core.processor - INFO - [██████████████████████████░░░░] [ 88/100] ( 88.0%) [W02] ✅ Integration Artist 87 - SUCCESS (0.10s)
2025-09-19 08:57:44,205 - artist_bio_gen.core.processor - INFO - [██████████████████████████░░░░] [ 89/100] ( 89.0%) [W01] ✅ Integration Artist 88 - SUCCESS (0.10s)
2025-09-19 08:57:44,206 - artist_bio_gen.core.processor - INFO - [███████████████████████████░░░] [ 90/100] ( 90.0%) [W02] ❌ Integration Artist 89 - FAILED (0.05s)
2025-09-19 08:57:44,206 - artist_bio_gen.core.processor - INFO - 📊 Concurrent Progress: 90/100 artists processed (90.0%) - Rate: 30344.64 artists/sec - ETA: 0s remaining
2025-09-19 08:57:44,206 - artist_bio_gen.core.processor - INFO - [███████████████████████████░░░] [ 91/100] ( 91.0%) [W01] ✅ Integration Artist 90 - SUCCESS (0.10s)
2025-09-19 08:57:44,206 - artist_bio_gen.core.processor - INFO - [███████████████████████████░░░] [ 92/100] ( 92.0%) [W02] ✅ Integration Artist 91 - SUCCESS (0.10s)
2025-09-19 08:57:44,207 - artist_bio_gen.core.processor - INFO - [███████████████████████████░░░] [ 93/100] ( 93.0%) [W01] ✅ Integration Artist 92 - SUCCESS (0.10s)
2025-09-19 08:57:44,207 - artist_bio_gen.core.processor - INFO - [████████████████████████████░░] [ 94/100] ( 94.0%) [W02] ✅ Integration Artist 93 - SUCCESS (0.10s)
2025-09-19 08:57:44,207 - artist_bio_gen.core.processor - INFO - [████████████████████████████░░] [ 95/100] ( 95.0%) [W01] ❌ Integration Artist 94 - FAILED (0.05s)
2025-09-19 08:57:44,207 - artist_bio_gen.core.processor - INFO - [████████████████████████████░░] [ 96/100] ( 96.0%) [W02] ✅ Integration Artist 95 - SUCCESS (0.10s)
2025-09-19 08:57:44,208 - artist_bio_gen.core.processor - INFO - [█████████████████████████████░] [ 97/100] ( 97.0%) [W01] ✅ Integration Artist 96 - SUCCESS (0.10s)
2025-09-19 08:57:44,208 - artist_bio_gen.core.processor - INFO - [█████████████████████████████░] [ 98/100] ( 98.0%) [W02] ✅ Integration Artist 97 - SUCCESS (0.10s)
2025-09-19 08:57:44,208 - artist_bio_gen.core.processor - INFO - [█████████████████████████████░] [ 99/100] ( 99.0%) [W01] ✅ Integration Artist 98 - SUCCESS (0.10s)
2025-09-19 08:57:44,208 - artist_bio_gen.core.processor - INFO - [██████████████████████████████] [100/100] (100.0%) [W02] ❌ Integration Artist 99 - FAILED (0.05s)
2025-09-19 08:57:44,208 - artist_bio_gen.core.processor - INFO - 📊 Concurrent Progress: 100/100 artists processed (100.0%) - Rate: 37492.66 artists/sec - ETA: 0s remaining
2025-09-19 08:57:44,209 - artist_bio_gen.core.processor - INFO - Concurrent processing completed: 80 successful, 20 failed
2025-09-19 08:57:44,210 - artist_bio_gen.core.output - INFO - Found 80 successfully processed artists in /var/folders/8h/pr431kds2h34yqt94fmlf58r0000gn/T/tmpfzq2d6wy.jsonl
Mock bio response for Integration Artist 0
Mock bio response for Integration Artist 1
Mock bio response for Integration Artist 2
Mock bio response for Integration Artist 3
Mock bio response for Integration Artist 5
Mock bio response for Integration Artist 6
Mock bio response for Integration Artist 7
Mock bio response for Integration Artist 8
Mock bio response for Integration Artist 10
Mock bio response for Integration Artist 11
Mock bio response for Integration Artist 12
Mock bio response for Integration Artist 13
Mock bio response for Integration Artist 15
Mock bio response for Integration Artist 16
Mock bio response for Integration Artist 17
Mock bio response for Integration Artist 18
Mock bio response for Integration Artist 20
Mock bio response for Integration Artist 21
Mock bio response for Integration Artist 22
Mock bio response for Integration Artist 23
Mock bio response for Integration Artist 25
Mock bio response for Integration Artist 26
Mock bio response for Integration Artist 27
Mock bio response for Integration Artist 28
Mock bio response for Integration Artist 30
Mock bio response for Integration Artist 31
Mock bio response for Integration Artist 32
Mock bio response for Integration Artist 33
Mock bio response for Integration Artist 35
Mock bio response for Integration Artist 36
Mock bio response for Integration Artist 37
Mock bio response for Integration Artist 38
Mock bio response for Integration Artist 40
Mock bio response for Integration Artist 41
Mock bio response for Integration Artist 42
Mock bio response for Integration Artist 43
Mock bio response for Integration Artist 45
Mock bio response for Integration Artist 46
Mock bio response for Integration Artist 47
Mock bio response for Integration Artist 48
Mock bio response for Integration Artist 50
Mock bio response for Integration Artist 51
Mock bio response for Integration Artist 52
Mock bio response for Integration Artist 53
Mock bio response for Integration Artist 55
Mock bio response for Integration Artist 56
Mock bio response for Integration Artist 57
Mock bio response for Integration Artist 58
Mock bio response for Integration Artist 60
Mock bio response for Integration Artist 61
Mock bio response for Integration Artist 62
Mock bio response for Integration Artist 63
Mock bio response for Integration Artist 65
Mock bio response for Integration Artist 66
Mock bio response for Integration Artist 67
Mock bio response for Integration Artist 68
Mock bio response for Integration Artist 70
Mock bio response for Integration Artist 71
Mock bio response for Integration Artist 72
Mock bio response for Integration Artist 73
Mock bio response for Integration Artist 75
Mock bio response for Integration Artist 76
Mock bio response for Integration Artist 77
Mock bio response for Integration Artist 78
Mock bio response for Integration Artist 80
Mock bio response for Integration Artist 81
Mock bio response for Integration Artist 82
Mock bio response for Integration Artist 83
Mock bio response for Integration Artist 85
Mock bio response for Integration Artist 86
Mock bio response for Integration Artist 87
Mock bio response for Integration Artist 88
Mock bio response for Integration Artist 90
Mock bio response for Integration Artist 91
Mock bio response for Integration Artist 92
Mock bio response for Integration Artist 93
Mock bio response for Integration Artist 95
Mock bio response for Integration Artist 96
Mock bio response for Integration Artist 97
Mock bio response for Integration Artist 98
ok
test_main_function_verbose_flag (tests.utils.test_logging_monitoring.TestEnhancedMainFunction)
Test that verbose flag is handled correctly. ... 2025-09-19 08:57:44,212 - artist_bio_gen.core.parser - INFO - Parsed 1 artists from /var/folders/8h/pr431kds2h34yqt94fmlf58r0000gn/T/tmpwjy85gf3/test.csv
2025-09-19 08:57:44,212 - artist_bio_gen.cli.main - INFO - ======================================================================
2025-09-19 08:57:44,212 - artist_bio_gen.cli.main - INFO - DRY RUN MODE - SHOWING FIRST 5 ARTIST PAYLOADS
2025-09-19 08:57:44,212 - artist_bio_gen.cli.main - INFO - ======================================================================
2025-09-19 08:57:44,213 - artist_bio_gen.cli.main - INFO - ======================================================================
2025-09-19 08:57:44,213 - artist_bio_gen.cli.main - INFO - DRY RUN COMPLETED SUCCESSFULLY
2025-09-19 08:57:44,213 - artist_bio_gen.cli.main - INFO - ======================================================================
1. {
  "artist_name": "Taylor Swift",
  "artist_data": "Pop singer-songwriter"
}
ok
test_setup_logging_default (tests.utils.test_logging_monitoring.TestLoggingConfiguration)
Test default logging setup. ... ok
test_setup_logging_verbose (tests.utils.test_logging_monitoring.TestLoggingConfiguration)
Test verbose logging setup. ... ok
test_log_processing_start (tests.utils.test_logging_monitoring.TestLoggingFunctions)
Test logging processing start. ... ok
test_log_processing_summary (tests.utils.test_logging_monitoring.TestLoggingFunctions)
Test logging processing summary. ... ok
test_log_progress_update_failure (tests.utils.test_logging_monitoring.TestLoggingFunctions)
Test logging progress update for failed processing. ... ok
test_log_progress_update_success (tests.utils.test_logging_monitoring.TestLoggingFunctions)
Test logging progress update for successful processing. ... ok
test_processing_stats_creation (tests.utils.test_logging_monitoring.TestProcessingStats)
Test creating ProcessingStats with all fields. ... ok
test_processing_stats_immutable (tests.utils.test_logging_monitoring.TestProcessingStats)
Test that ProcessingStats is immutable. ... ok
test_progress_bar_empty (tests.utils.test_logging_monitoring.TestProgressBar)
Test progress bar with no progress. ... ok
test_progress_bar_full (tests.utils.test_logging_monitoring.TestProgressBar)
Test progress bar at 100%. ... ok
test_progress_bar_half (tests.utils.test_logging_monitoring.TestProgressBar)
Test progress bar at 50%. ... ok
test_progress_bar_partial (tests.utils.test_logging_monitoring.TestProgressBar)
Test progress bar at 33%. ... ok
test_progress_bar_zero_total (tests.utils.test_logging_monitoring.TestProgressBar)
Test progress bar with zero total. ... ok
test_log_pause_event_with_resume_time (tests.utils.test_logging_monitoring.TestQuotaMonitoringLogging)
Test logging pause event with scheduled resume time. ... ok
test_log_pause_event_without_resume_time (tests.utils.test_logging_monitoring.TestQuotaMonitoringLogging)
Test logging pause event without scheduled resume time. ... ok
test_log_quota_metrics_critical_level (tests.utils.test_logging_monitoring.TestQuotaMonitoringLogging)
Test logging quota metrics at critical level (80%+ usage). ... ok
test_log_quota_metrics_emergency_level (tests.utils.test_logging_monitoring.TestQuotaMonitoringLogging)
Test logging quota metrics at emergency level (95%+ usage). ... ok
test_log_quota_metrics_info_level (tests.utils.test_logging_monitoring.TestQuotaMonitoringLogging)
Test logging quota metrics at info level (below warning threshold). ... ok
test_log_quota_metrics_rate_limiting (tests.utils.test_logging_monitoring.TestQuotaMonitoringLogging)
Test rate limiting functionality prevents log spam. ... ok
test_log_quota_metrics_warning_level (tests.utils.test_logging_monitoring.TestQuotaMonitoringLogging)
Test logging quota metrics at warning level (60%+ usage). ... ok
test_log_rate_limit_event_429_error (tests.utils.test_logging_monitoring.TestQuotaMonitoringLogging)
Test logging rate limit event for 429 rate limiting. ... ok
test_log_rate_limit_event_no_retry_after (tests.utils.test_logging_monitoring.TestQuotaMonitoringLogging)
Test logging rate limit event without Retry-After header. ... ok
test_log_rate_limit_event_quota_error (tests.utils.test_logging_monitoring.TestQuotaMonitoringLogging)
Test logging rate limit event for quota errors. ... ok
test_log_resume_event_with_quota_status (tests.utils.test_logging_monitoring.TestQuotaMonitoringLogging)
Test logging resume event with quota status information. ... ok
test_log_resume_event_without_quota_status (tests.utils.test_logging_monitoring.TestQuotaMonitoringLogging)
Test logging resume event without quota status information. ... ok
test_set_quota_log_interval (tests.utils.test_logging_monitoring.TestQuotaMonitoringLogging)
Test setting quota log interval. ... ok
test_calculate_processing_stats_basic (tests.utils.test_logging_monitoring.TestStatisticsCalculation)
Test basic statistics calculation. ... ok
test_calculate_processing_stats_zero_artists (tests.utils.test_logging_monitoring.TestStatisticsCalculation)
Test statistics calculation with zero artists. ... ok
test_calculate_processing_stats_zero_duration (tests.utils.test_logging_monitoring.TestStatisticsCalculation)
Test statistics calculation with zero duration. ... ok
test_default_timestamp_and_logger (tests.utils.test_transaction_logging.TestTransactionLogging)
Test that functions work with default timestamp and logger. ... 2025-09-19 08:57:44,225 - artist_bio_gen.utils.logging - INFO - TRANSACTION: {"event_type": "database_transaction", "timestamp": 1758297464.225812, "artist_id": "default-test", "artist_name": "Default Test", "worker_id": "W99", "processing_duration_seconds": 0.1, "db_status": "updated", "response_id": "default-response", "success": true}
2025-09-19 08:57:44,226 - artist_bio_gen.utils.logging - WARNING - TRANSACTION_FAILURE: {"event_type": "transaction_failure", "timestamp": 1758297464.2260458, "artist_id": "default-fail", "artist_name": "Default Fail", "worker_id": "W99", "processing_duration_seconds": 0.1, "error_message": "Test error", "success": false}
ok
test_log_transaction_failure (tests.utils.test_transaction_logging.TestTransactionLogging)
Test that transaction failure logging creates structured records. ... ok
test_log_transaction_success (tests.utils.test_transaction_logging.TestTransactionLogging)
Test that transaction success logging creates structured records. ... ok
test_log_transaction_success_skipped (tests.utils.test_transaction_logging.TestTransactionLogging)
Test transaction success logging for skipped database operations. ... ok
test_idempotent (tests.utils.test_text.TestStripTrailingCitations) ... ok
test_keep_parentheses_without_links (tests.utils.test_text.TestStripTrailingCitations) ... ok
test_lower_dens_text_with_trailing_citation (tests.utils.test_text.TestStripTrailingCitations) ... ok
test_preserve_mid_text_links (tests.utils.test_text.TestStripTrailingCitations) ... ok
test_strip_parenthetical_links_block (tests.utils.test_text.TestStripTrailingCitations) ... ok
test_strip_sources_line (tests.utils.test_text.TestStripTrailingCitations) ... ok
test_error_classification_creation (tests.models.test_quota_models.TestErrorClassification)
Test basic ErrorClassification creation. ... ok
test_error_classification_validation (tests.models.test_quota_models.TestErrorClassification)
Test ErrorClassification validation. ... ok
test_serialization (tests.models.test_quota_models.TestErrorClassification)
Test ErrorClassification serialization. ... ok
test_get_remaining_requests (tests.models.test_quota_models.TestQuotaMetrics)
Test remaining requests calculation. ... ok
test_quota_metrics_creation (tests.models.test_quota_models.TestQuotaMetrics)
Test basic QuotaMetrics creation. ... ok
test_quota_metrics_validation (tests.models.test_quota_models.TestQuotaMetrics)
Test QuotaMetrics validation. ... ok
test_serialization (tests.models.test_quota_models.TestQuotaMetrics)
Test QuotaMetrics serialization. ... ok
test_quota_status_creation (tests.models.test_quota_models.TestQuotaStatus)
Test basic QuotaStatus creation. ... ok
test_quota_status_validation (tests.models.test_quota_models.TestQuotaStatus)
Test QuotaStatus validation. ... ok
test_requests_usage_percentage (tests.models.test_quota_models.TestQuotaStatus)
Test requests usage percentage calculation. ... ok
test_serialization (tests.models.test_quota_models.TestQuotaStatus)
Test QuotaStatus serialization and deserialization. ... ok
test_tokens_usage_percentage (tests.models.test_quota_models.TestQuotaStatus)
Test tokens usage percentage calculation. ... ok
test_deserialize_quota_state (tests.models.test_quota_models.TestStateSerialization)
Test quota state deserialization from JSON. ... ok
test_round_trip_serialization (tests.models.test_quota_models.TestStateSerialization)
Test complete round-trip serialization. ... ok
test_serialize_quota_state (tests.models.test_quota_models.TestStateSerialization)
Test quota state serialization to JSON. ... ok
test_defaults_when_not_provided (tests.cli.test_quota_cli_flags.TestQuotaCliFlags)
Test that defaults are used when CLI flags are not provided. ... ok
test_flags_present_and_override_environment (tests.cli.test_quota_cli_flags.TestQuotaCliFlags)
Test that CLI flags properly override environment variables. ... ok
test_parser_accepts_quota_flags (tests.cli.test_quota_cli_flags.TestQuotaCliFlags)
Test that the parser correctly accepts all quota-related flags. ... ok
test_all_arguments_together (tests.cli.test_run_artists.TestArgumentParser)
Test parsing all arguments together. ... ok
test_dry_run_default_false (tests.cli.test_run_artists.TestArgumentParser)
Test that dry-run defaults to False. ... ok
test_dry_run_flag (tests.cli.test_run_artists.TestArgumentParser)
Test that dry-run flag is parsed correctly. ... ok
test_help_text_contains_expected_content (tests.cli.test_run_artists.TestArgumentParser)
Test that help text contains expected information. ... ok
test_input_file_argument_parsing (tests.cli.test_run_artists.TestArgumentParser)
Test that --input-file argument is parsed correctly. ... ok
test_max_workers_default (tests.cli.test_run_artists.TestArgumentParser)
Test that max_workers defaults to 4. ... ok
test_max_workers_explicit (tests.cli.test_run_artists.TestArgumentParser)
Test that max_workers can be specified explicitly. ... ok
test_max_workers_type_conversion (tests.cli.test_run_artists.TestArgumentParser)
Test that max_workers is converted to integer. ... ok
test_output_default (tests.cli.test_run_artists.TestArgumentParser)
Test that output file defaults to out.jsonl. ... ok
test_output_explicit (tests.cli.test_run_artists.TestArgumentParser)
Test that output file can be specified explicitly. ... ok
test_prompt_id_default_from_env (tests.cli.test_run_artists.TestArgumentParser)
Test that prompt ID defaults to environment variable. ... ok
test_prompt_id_explicit_override (tests.cli.test_run_artists.TestArgumentParser)
Test that explicit prompt ID overrides environment variable. ... ok
test_required_input_file_argument (tests.cli.test_run_artists.TestArgumentParser)
Test that --input-file is required. ... usage: run_tests.py [-h] --input-file INPUT_FILE [--version VERSION]
                    [--output OUTPUT] [--max-workers MAX_WORKERS] [--dry-run]
                    [--verbose] [--enable-db] [--test-mode] [--resume]
                    [--openai-api-key OPENAI_API_KEY] [--prompt-id PROMPT_ID]
                    [--db-url DB_URL] [--quota-monitoring {true,false}]
                    [--quota-threshold QUOTA_THRESHOLD]
                    [--daily-limit DAILY_LIMIT]
                    [--pause-duration PAUSE_DURATION]
                    [--quota-log-interval QUOTA_LOG_INTERVAL]
run_tests.py: error: the following arguments are required: --input-file
ok
test_version_argument (tests.cli.test_run_artists.TestArgumentParser)
Test that version argument is optional and parsed correctly. ... ok
test_version_argument_optional (tests.cli.test_run_artists.TestArgumentParser)
Test that version argument is optional. ... ok
test_max_workers_negative_raises_error (tests.cli.test_run_artists.TestArgumentValidation)
Test that negative max_workers raises an error. ... ok
test_max_workers_positive_integer (tests.cli.test_run_artists.TestArgumentValidation)
Test that max_workers accepts positive integers. ... ok
test_max_workers_zero (tests.cli.test_run_artists.TestArgumentValidation)
Test that max_workers accepts zero. ... ok
test_all_environment_variables (tests.cli.test_run_artists.TestEnvironmentVariableHandling)
Test behavior when all environment variables are set. ... ok
test_no_environment_variables (tests.cli.test_run_artists.TestEnvironmentVariableHandling)
Test behavior when no environment variables are set. ... ok
test_partial_environment_variables (tests.cli.test_run_artists.TestEnvironmentVariableHandling)
Test behavior when only some environment variables are set. ... ok
test_logger_configuration (tests.cli.test_run_artists.TestFileStructure)
Test that logger is properly configured. ... ok
test_required_functions_exist (tests.cli.test_run_artists.TestFileStructure)
Test that required functions exist in the module. ... ok
test_run_artists_imports (tests.cli.test_run_artists.TestFileStructure)
Test that run_artists module can be imported successfully. ... ok
test_write_jsonl_output_no_version (tests.cli.test_run_artists.TestJsonlOutput)
Test writing JSONL output without version parameter. ... 2025-09-19 08:57:44,242 - artist_bio_gen.core.output - INFO - Successfully wrote 1 records to /var/folders/8h/pr431kds2h34yqt94fmlf58r0000gn/T/tmp293hjv7q/test_output.jsonl
ok
test_write_jsonl_output_success (tests.cli.test_run_artists.TestJsonlOutput)
Test writing successful API responses to JSONL file. ... 2025-09-19 08:57:44,243 - artist_bio_gen.core.output - INFO - Successfully wrote 2 records to /var/folders/8h/pr431kds2h34yqt94fmlf58r0000gn/T/tmp3apabi3w/test_output.jsonl
ok
test_write_jsonl_output_utf8_support (tests.cli.test_run_artists.TestJsonlOutput)
Test writing JSONL output with UTF-8 characters. ... 2025-09-19 08:57:44,244 - artist_bio_gen.core.output - INFO - Successfully wrote 1 records to /var/folders/8h/pr431kds2h34yqt94fmlf58r0000gn/T/tmpgbq4wb5b/test_output.jsonl
ok
test_write_jsonl_output_with_errors (tests.cli.test_run_artists.TestJsonlOutput)
Test writing API responses with errors to JSONL file. ... 2025-09-19 08:57:44,244 - artist_bio_gen.core.output - INFO - Successfully wrote 1 records to /var/folders/8h/pr431kds2h34yqt94fmlf58r0000gn/T/tmphur60lz6/test_output.jsonl
ok
test_main_function_basic_execution (tests.cli.test_run_artists.TestMainFunction)
Test that main function executes without errors. ... 2025-09-19 08:57:44,245 - artist_bio_gen.core.parser - ERROR - Input file not found: test.csv
2025-09-19 08:57:44,246 - artist_bio_gen.cli.main - ERROR - Failed to process input file: [Errno 2] No such file or directory: 'test.csv'
ok
test_main_function_logging (tests.cli.test_run_artists.TestMainFunction)
Test that main function can handle logging without errors. ... 2025-09-19 08:57:44,246 - artist_bio_gen.core.parser - ERROR - Input file not found: artists.csv
2025-09-19 08:57:44,247 - artist_bio_gen.cli.main - ERROR - Failed to process input file: [Errno 2] No such file or directory: 'artists.csv'
ok
test_call_openai_api_updates_quota_monitor (tests.api.test_operations_quota_integration.TestOperationsQuotaIntegration) ... 2025-09-19 08:57:44,247 - artist_bio_gen.api.quota - INFO - QuotaMonitor initialized: daily_limit=1000, threshold=0.8
2025-09-19 08:57:44,247 - artist_bio_gen.api.operations - INFO - [W01] 🚀 Starting processing: Test
2025-09-19 08:57:44,248 - artist_bio_gen.api.operations - INFO - [W01] ✅ Completed processing: Test (0.00s) [DB: null]
ok
test_classify_insufficient_quota (tests.api.test_enhanced_backoff.EnhancedBackoffTests) ... ok
test_classify_network_timeout (tests.api.test_enhanced_backoff.EnhancedBackoffTests) ... ok
test_classify_rate_limit_with_retry_after (tests.api.test_enhanced_backoff.EnhancedBackoffTests) ... ok
test_classify_server_error_503 (tests.api.test_enhanced_backoff.EnhancedBackoffTests) ... ok
test_compute_backoff_quota_caps (tests.api.test_enhanced_backoff.EnhancedBackoffTests) ... ok
test_compute_backoff_rate_limit_uses_retry_after_first_attempt (tests.api.test_enhanced_backoff.EnhancedBackoffTests) ... ok
test_compute_backoff_server_honors_retry_after (tests.api.test_enhanced_backoff.EnhancedBackoffTests) ... ok
test_retry_decorator_respects_rate_limit_backoff (tests.api.test_enhanced_backoff.EnhancedBackoffTests) ... 2025-09-19 08:57:44,248 - artist_bio_gen.api.utils - WARNING - [main] Attempt 1 failed (rate_limit: DummyHTTPError), retrying in 5.00s
2025-09-19 08:57:44,249 - artist_bio_gen.api.utils - WARNING - [main] Attempt 2 failed (rate_limit: DummyHTTPError), retrying in 7.00s
ok
test_parse_rate_limit_headers_complete (tests.api.test_quota_headers.TestHeaderParsing)
Test parsing with complete headers. ... ok
test_parse_rate_limit_headers_invalid_data (tests.api.test_quota_headers.TestHeaderParsing)
Test parsing with invalid header values. ... 2025-09-19 08:57:44,249 - artist_bio_gen.api.quota - WARNING - Invalid integer in header x-ratelimit-remaining-requests: invalid
2025-09-19 08:57:44,249 - artist_bio_gen.api.quota - WARNING - Invalid integer in header x-ratelimit-remaining-tokens: not_a_number
2025-09-19 08:57:44,249 - artist_bio_gen.api.quota - WARNING - Unknown reset time format in x-ratelimit-reset-requests: bad_format
2025-09-19 08:57:44,250 - artist_bio_gen.api.quota - WARNING - Unknown reset time format in x-ratelimit-reset-tokens: also_bad
2025-09-19 08:57:44,250 - artist_bio_gen.api.quota - WARNING - Failed to parse rate limit headers: requests_limit must be positive
ok
test_parse_rate_limit_headers_missing (tests.api.test_quota_headers.TestHeaderParsing)
Test parsing with missing headers (should use defaults). ... ok
test_parse_rate_limit_headers_with_usage_stats (tests.api.test_quota_headers.TestHeaderParsing)
Test parsing with usage statistics from response body. ... ok
test_parse_header_int_invalid (tests.api.test_quota_headers.TestHeaderParsingHelpers)
Test parsing invalid integer headers. ... 2025-09-19 08:57:44,251 - artist_bio_gen.api.quota - WARNING - Invalid integer in header test: not_a_number
ok
test_parse_header_int_missing (tests.api.test_quota_headers.TestHeaderParsingHelpers)
Test parsing missing headers. ... ok
test_parse_header_int_negative (tests.api.test_quota_headers.TestHeaderParsingHelpers)
Test parsing negative integers (should be clamped to 0). ... ok
test_parse_header_int_valid (tests.api.test_quota_headers.TestHeaderParsingHelpers)
Test parsing valid integer headers. ... ok
test_parse_reset_header_formats (tests.api.test_quota_headers.TestHeaderParsingHelpers)
Test parsing various reset header formats. ... 2025-09-19 08:57:44,251 - artist_bio_gen.api.quota - WARNING - Unknown reset time format in unknown: garbage
ok
test_pause_and_resume (tests.api.test_quota_headers.TestPauseController)
Test basic pause and resume functionality. ... 2025-09-19 08:57:44,251 - artist_bio_gen.api.quota - WARNING - PAUSED: Test pause - Manual resume required
2025-09-19 08:57:44,251 - artist_bio_gen.api.quota - INFO - RESUMED: Test resume
ok
test_pause_controller_initialization (tests.api.test_quota_headers.TestPauseController)
Test PauseController initialization. ... ok
test_pause_resume_state_management (tests.api.test_quota_headers.TestPauseController)
Test pause/resume state management without timing dependencies. ... 2025-09-19 08:57:44,252 - artist_bio_gen.api.quota - WARNING - PAUSED: Test pause - Will resume at 2025-09-19 09:57:44.252178
2025-09-19 08:57:44,252 - artist_bio_gen.api.quota - INFO - RESUMED: Manual resume
ok
test_thread_safety (tests.api.test_quota_headers.TestPauseController)
Test thread safety of PauseController. ... 2025-09-19 08:57:44,252 - artist_bio_gen.api.quota - WARNING - PAUSED: Worker pause - Manual resume required
2025-09-19 08:57:44,263 - artist_bio_gen.api.quota - INFO - RESUMED: Worker resume
2025-09-19 08:57:44,263 - artist_bio_gen.api.quota - INFO - RESUMED: Worker resume
2025-09-19 08:57:44,265 - artist_bio_gen.api.quota - INFO - RESUMED: Worker resume
2025-09-19 08:57:44,265 - artist_bio_gen.api.quota - INFO - RESUMED: Worker resume
2025-09-19 08:57:44,265 - artist_bio_gen.api.quota - INFO - RESUMED: Worker resume
ok
test_wait_if_paused_not_paused (tests.api.test_quota_headers.TestPauseController)
Test wait when not paused (should return immediately). ... ok
test_wait_if_paused_timeout (tests.api.test_quota_headers.TestPauseController)
Test wait with timeout when paused. ... 2025-09-19 08:57:44,266 - artist_bio_gen.api.quota - WARNING - PAUSED: Test pause - Manual resume required
2025-09-19 08:57:44,321 - artist_bio_gen.api.quota - WARNING - Pause wait timeout reached
ok
test_should_pause_processing_exceeds_threshold (tests.api.test_quota_headers.TestPauseProcessing)
Test pause decision when exceeding custom threshold. ... ok
test_should_pause_processing_metrics_say_pause (tests.api.test_quota_headers.TestPauseProcessing)
Test pause decision when metrics indicate pause. ... ok
test_should_pause_processing_within_limits (tests.api.test_quota_headers.TestPauseProcessing)
Test pause decision when within limits. ... ok
test_can_resume_no_data (tests.api.test_quota_headers.TestQuotaMonitor)
Test resume decision with no data. ... 2025-09-19 08:57:44,322 - artist_bio_gen.api.quota - INFO - QuotaMonitor initialized: daily_limit=1000, threshold=0.8
ok
test_daily_reset (tests.api.test_quota_headers.TestQuotaMonitor)
Test daily counter reset functionality. ... 2025-09-19 08:57:44,322 - artist_bio_gen.api.quota - INFO - QuotaMonitor initialized: daily_limit=1000, threshold=0.8
2025-09-19 08:57:44,323 - artist_bio_gen.api.quota - INFO - QuotaMonitor initialized: daily_limit=1000, threshold=0.8
2025-09-19 08:57:44,324 - artist_bio_gen.api.quota - INFO - Resetting daily request counter (was 2)
ok
test_quota_monitor_initialization (tests.api.test_quota_headers.TestQuotaMonitor)
Test QuotaMonitor initialization. ... 2025-09-19 08:57:44,324 - artist_bio_gen.api.quota - INFO - QuotaMonitor initialized: daily_limit=1000, threshold=0.8
ok
test_should_pause_no_data (tests.api.test_quota_headers.TestQuotaMonitor)
Test pause decision with no data. ... 2025-09-19 08:57:44,325 - artist_bio_gen.api.quota - INFO - QuotaMonitor initialized: daily_limit=1000, threshold=0.8
ok
test_thread_safety (tests.api.test_quota_headers.TestQuotaMonitor)
Test thread safety of QuotaMonitor. ... 2025-09-19 08:57:44,325 - artist_bio_gen.api.quota - INFO - QuotaMonitor initialized: daily_limit=1000, threshold=0.8
ok
test_update_from_response (tests.api.test_quota_headers.TestQuotaMonitor)
Test updating monitor from API response. ... 2025-09-19 08:57:44,344 - artist_bio_gen.api.quota - INFO - QuotaMonitor initialized: daily_limit=1000, threshold=0.8
ok
test_calculate_usage_metrics_no_daily_limit (tests.api.test_quota_headers.TestUsageCalculations)
Test usage calculation without daily limit. ... ok
test_calculate_usage_metrics_pause_daily_threshold (tests.api.test_quota_headers.TestUsageCalculations)
Test pause trigger based on daily limit. ... ok
test_calculate_usage_metrics_pause_rate_limit (tests.api.test_quota_headers.TestUsageCalculations)
Test pause trigger based on immediate rate limit. ... ok
test_calculate_usage_metrics_pause_token_limit (tests.api.test_quota_headers.TestUsageCalculations)
Test pause trigger based on token limit. ... ok
test_calculate_usage_metrics_with_daily_limit (tests.api.test_quota_headers.TestUsageCalculations)
Test usage calculation with daily limit. ... ok

----------------------------------------------------------------------
Ran 314 tests in 1.615s

OK

======================================================================
TEST SUMMARY
======================================================================
Tests run: 314
Failures: 0
Errors: 0
Skipped: 0

Overall result: PASSED
